npm warn Unknown env config "http-proxy". This will stop working in the next major version of npm.

> shot-studio@0.7.0 test
> node --test tests/*.test.js

✔ starter schema3 retains both original looping performances and camera settings (3.116692ms)
✔ genuine original-key version1 and version2 migrate detached without losing camera travel (1.248082ms)
✔ legacy schemas reject new performer fields and future versions instead of stripping them (1.717205ms)
✔ canonical actor modes admit only their exact keys and retain original field bounds (3.827401ms)
✔ cue times are exact globally ordered numbers with first0 and inclusive film end (1.821339ms)
✔ exact32-cue maximum survives and a33rd cue or sparse/accessor collection rejects (0.869644ms)
✔ mode conversions retain the loop base or first cue and detached identical conversion (0.679493ms)
✔ insert places one unique cue by time, reports its index and detaches caller fields (0.776136ms)
✔ update can reorder a later cue while pinning first0 and rejecting duplicates atomically (1.180222ms)
✔ remove picks following index or final previous index without deleting first0 (0.943583ms)
✔ invalid indices/modes/loop-cue edits and invalid source films are refused without mutation (5.66866ms)
✔ film shortening rejects orphaned cues and reordering preserves their global times (1.272559ms)
✔ performer adapter uses global time across exact cuts, clamps blocking and detaches output (1.34771ms)
✔ legacy actorPose retains original four-field formulas for original and canonical loop actors (0.661507ms)
✔ oracle publishes canonical camera APIs and preserves original static migration (3.566095ms)
✔ oracle strictly refuses motion-bearing or undocumented-key v1 films (2.198427ms)
✔ oracle evaluates exact linear endpoints and hand-worked interior positions with fixed lens (0.929482ms)
✔ oracle static and identical-endpoint travel ignore progress but detach every result (0.511996ms)
✔ oracle zero relative delta permits both eye and target to translate together (1.267331ms)
✔ oracle valid endpoints cannot hide an eye-target collision in the middle (0.594968ms)
✔ oracle horizontal midpoint singularity rejects even with safe full 3D distance (0.397437ms)
✔ oracle XYZ and XZ must be minimized at their own different times (0.383286ms)
✔ oracle an off-center horizontal minimum catches paths that endpoint/midpoint sampling misses (0.512898ms)
✔ oracle XYZ clearance can fail while horizontal clearance stays above its limit (2.737642ms)
✔ oracle direct inclusive thresholds reject represented values just below each bound (0.733743ms)
✔ oracle clamped endpoint minima and convex coordinate/floor limits remain enforced (0.612725ms)
✔ oracle standalone camera requires complete canonical v2 shape and validates the whole path (1.027297ms)
✔ oracle all public time APIs reject coercion and nonfinite time, even for static cameras (0.810436ms)
✔ oracle exact cuts select next Start, while exact final clamp returns authored End (1.141145ms)
✔ oracle cumulative fractional cut 1.1+1.2 belongs exactly to shot three (0.580017ms)
✔ oracle frame and camera objects detach caller input while shotAt keeps its reference contract (1.463371ms)
✔ oracle canonical travel honors 20-shot/60-second bounds and exact UTF8 backup admission (1.216786ms)
✔ headset camera uses world position and normalized negative Z forward (4.149437ms)
✔ missing, nonfinite, vertical and out-of-bounds tracking cannot make a camera (0.957894ms)
✔ a captured camera retains shot metadata, persists as a snapshot and is reversible (0.961981ms)
✔ an End pose preserves Start and lens metadata through complete candidate validation (0.915842ms)
✔ valid standalone headset poses can still be rejected for a singular intermediate travel path (0.581869ms)
✔ a disconnected download diagnostic preserves the original save failure (1.559042ms)
✔ successful download saving does not ask the browser for failure diagnostics (0.147417ms)
✔ invalid and empty drafts retain exact bytes through blocked automatic saves (2.529395ms)
✔ unavailable storage reads block overwrites even if later writes would succeed (0.869944ms)
✔ explicit replacement validates and changes protection only after an atomic successful write (0.668116ms)
✔ valid drafts reopen normalized snapshots and normal saves preserve failures (1.975457ms)
✔ genuine v1 draft migrates only in memory until a successful canonical v3 write (1.963078ms)
✔ motion-bearing v1 and unsupported drafts keep exact recovery bytes until successful replacement (1.337946ms)
✔ unchanged pinned Mediabunny mediabunny.min.mjs retains its independently recorded bytes (5.562143ms)
✔ unchanged pinned Mediabunny LICENSE retains its independently recorded bytes (3.428923ms)
✔ unchanged pinned Mediabunny source.tar.gz retains its independently recorded bytes (2.967753ms)
✔ an unresponsive renderer cannot hang first-failure diagnostics (16.868146ms)
✔ diagnostic rejection is retained without throwing over the original failure (0.733633ms)
✔ bounded snapshots keep the latest failure and stop retires pending observations (1.811966ms)
✔ a fractional film has a complete finite30Hz timestamp schedule with a shortened final frame (2.220569ms)
✔ the maximum minute has1800frames with no missing or duplicate timestamp and no wall-clock dependency (4.883361ms)
✔ an exact30Hz cut does not create a duplicate terminal frame (0.510184ms)
✔ invalid duration and frame indices refuse before producing an encoder sample (0.317008ms)
✔ stereo PCM preserves original signed channel values and gain in a bounded planar block (11.855716ms)
✔ source trim and sequence placement exclude neighboring original samples and retain silence (3.137452ms)
✔ the maximum stereo minute yields all2880000frames without losing the last original PCM sample (169.49886ms)
✔ microsecond rounding at a30Hz boundary cannot create a zero-duration encoder frame (13.494055ms)
✔ rounded-up frame boundaries end without an extra zero-duration sample (0.652743ms)
✔ cancellation during a genuine original-byte read prevents late PCM publication (10.154364ms)
✔ an original-byte read completing at its deadline refuses ahead of the delayed timer (1.565401ms)
✔ 44.1kHz source values are linearly resampled onto exact48kHz encoder frames (1.790193ms)
✔ a source beyond the sequence or zero gain produces a complete silent input timeline (4.619881ms)
✔ PCM preparation rejects forged assets/plans and preaborted work (1.401349ms)
✔ fractional sequence placement preserves the source phase without leaking pre-trim samples (1.892174ms)
✔ complete expected timestamps accept out-of-order native packet delivery (1.27325ms)
✔ a missing native output frame refuses publication (0.434752ms)
✔ a duplicate native output frame refuses even if every expected frame exists (0.244792ms)
✔ unexpected native timestamps refuse without throwing in the callback (0.282487ms)
✔ maximum accounting accepts all1800 unique authored times and rejects oversized plans (2.532089ms)
✔ retired accounting ignores late callbacks and cannot verify a retired export (1.331256ms)
✔ invalid authored plans refuse before native output observation (0.544374ms)
✔ scene history snapshots isolate input/output and undo/redo exact edits (2.53999ms)
✔ invalid and identical edits do not consume history or discard redo (0.818268ms)
✔ new edit after undo clears redo and history retains only 30 previous states (5.167039ms)
✔ shot moves preserve camera/content and are reversible with whole-scene history (1.682545ms)
✔ motion arrays survive history, reordering and portable snapshots without aliases (1.061377ms)
✔ invalid whole-path edits preserve the history cursor and no-op redo (0.976852ms)
✔ VR cancelled during support probing never requests a session (1.945592ms)
✔ a session accepted after cancellation is ended without setting up graphics (0.712041ms)
✔ cancelling async graphics setup ends VR immediately and schedules no views (0.952016ms)
✔ controller squeeze captures tracked headset camera and ignores ended sessions (2.214239ms)
✔ unavailable WebXR rejects before requesting any session (0.619675ms)
✔ XR setup failure ends the accepted session and restores desktop once (1.896911ms)
✔ an XR session ended during async setup never returns an active session (0.395384ms)
✔ tracked VR views animate performers and show controller floor placement (2.45872ms)
✔ starter film has two performers, a bounded shot list and isolated copies (2.784201ms)
✔ exact cuts and final frame choose the correct shot without overshoot (0.220055ms)
✔ invalid input is rejected without mutation or coercion (1.189286ms)
✔ imports reject oversized, malformed and unknown-schema backups (0.543743ms)
✔ pose is deterministic, bounded and changes for authored wave/walk (0.843455ms)
✔ camera view and perspective project the target to the image center (0.45357ms)
✔ ground selection rejects parallel, backwards and out-of-set rays (0.253514ms)
✔ independent blocking oracle: arrival, hold, wave and departure follow literal marks (3.614967ms)
✔ independent blocking oracle: actions and visibility step exactly, never interpolate (0.525626ms)
✔ independent blocking oracle: each cue resets limb phase while root motion stays purely linear (0.32528ms)
✔ independent blocking oracle: finite times clamp at film ends and detached outputs cannot alter cues (0.61685ms)
✔ independent loop oracle: original global sine motion continues outside authored film (0.303368ms)
✔ independent admission oracle: malformed full cues reject without coercion or mutation (2.167841ms)
✔ independent migration oracle: genuine original-key v1 and v2 preserve legacy loops and complete cameras (2.574201ms)
✔ independent migration oracle: motion-bearing legacy, future and mixed actor shapes fail closed (0.787172ms)
✔ independent global-time oracle: exact fractional camera cuts do not reset performer cues (0.912758ms)
✔ independent mode conversion oracle: base position retained, scheduled visibility/cues explicitly removed (2.801958ms)
✔ independent cue-operation oracle: insertion/retiming/removal return exact chronological selection (2.77691ms)
✔ independent cue-operation oracle: invalid operations leave the caller untouched (0.875352ms)
✔ independent bounds oracle:32 cues accepted,33 rejected and shorter film cannot silently clip (0.649229ms)
✔ independent history oracle: cue edits undo/redo as one state and failed duration leaves cursor intact (2.320616ms)
✔ canonical loop preserves the old root and limb formulas beyond film end (2.633939ms)
✔ blocking interpolates only root position and uses left-cue action/visibility (0.348765ms)
✔ exact cue boundaries reset limb phase, including stationary holds and visibility steps (0.229759ms)
✔ blocking negative and after-end times clamp; final action continues to film end (0.189901ms)
✔ one cue and a final cue exactly at duration are both valid (0.254926ms)
✔ evaluation validates all cues, even unused future cues, before returning (0.306884ms)
✔ film time and duration are finite strict numbers; duration is positive and at most60 (0.255988ms)
✔ canonical modes require exact shapes and retain existing performer bounds (0.57624ms)
✔ cue shape, strict increasing time, first zero and boolean visibility are admitted exactly (1.548677ms)
✔ 32 dense cues are admitted;33, sparse, accessor and extra array properties are rejected without getter calls (4.564099ms)
✔ output is detached and evaluation does not mutate frozen canonical actor data (0.511065ms)
✔ finite extreme loop time fails closed on arithmetic overflow, while blocking remains bounded (0.573597ms)
✔ renderer evaluates global blocking time, omits hidden actor boxes and preserves stage/control (5.131226ms)
✔ renderer does not reset performer phase at camera cuts and keeps XR loop motion after film end (1.310955ms)
✔ independently framed complete metadata imports literally without producer writer (3.459188ms)
✔ fatal UTF8 duplicate keys nonfinite depth and wrong schema refuse complete import (3.983603ms)
✔ header total and per-part admission rejects trailing/truncated/oversized before native reads (10.908447ms)
✔ raw metadata exact324KiB admitted and +1 refused without changing canonical result (19.756152ms)
✔ exact original stereo WAV bytes and independently hashed descriptor roundtrip (31.741678ms)
✔ pre-abort and cancel during real header read cannot publish partial bundles (4.660862ms)
✔ legacy JSON remains independently bounded and yields no invented soundtrack (2.076076ms)
✔ prepare is silent; same clock schedules source crop/gain and absolute preview time (25.698695ms)
✔ capture routes only the destination and closes idempotently through actual drain (21.208886ms)
✔ cancel while resume pending holds preparation until late native settlement and starts nothing (13.51468ms)
✔ wrong plan/preabort reject before context admission; invalid start never schedules (11.149783ms)
✔ context state failure retires audio instead of substituting another clock (11.300956ms)
✔ successful native resume delivered beyond setup deadline cannot publish a session (14.582662ms)
✔ capture keeps a zero signal connected from the shared origin through trailing silence without another PCM buffer (10.92431ms)
✔ capture retains its entire silent timeline for a source beyond the sequence (16.053885ms)
✔ capture retains its entire silent timeline for zero gain (6.031245ms)
✔ preview does not create or depend on a constant source (8.254478ms)
✔ active cancellation immediately stops the capture silence and waits for the owned context close (7.939834ms)
✔ native capture silence start failure retires the node, stream and context without publishing playback (5.59449ms)
✔ original mono/stereo PCM framing, fmt18 and padded ancillary chunks retain literal bytes (11.670893ms)
✔ RIFF framing/format/duplicate/padding/count failures are atomic (1.988045ms)
✔ integer frame duration and exact12MiB container cap inclusive, plus one refused (32.036634ms)
✔ admission captures native bytes, preserves subarray samples, and preabort refuses (0.827823ms)
✔ literal sample-frame crop maps once across sequence time without looping/stretching (4.998391ms)
✔ whole settings and matching asset admission rejects invalid crop/options atomically (1.844994ms)
✔ proven absence has no startup writes and only accepted load permits complete save (16.529507ms)
✔ present undefined refuses without legacy fallback or invented raw recovery (4.637538ms)
✔ legacy migration is memory-only and promotion preserves exact pretty original bytes (3.533938ms)
✔ save captures detached input and waits actual transaction complete (5.257308ms)
✔ full byte CAS refuses same revision foreign archive before put (6.391062ms)
✔ third writer invalidates freshly reviewed replacement with no blind replay (2.325625ms)
✔ changed legacy restores IDB memory protected; deliberate replacement updates baseline only (4.735472ms)
✔ abort promptly rejects but native slot and close wait for actual rollback (1.746018ms)
✔ withheld completion after actual commit is not rollback or accepted authority (1.879294ms)
✔ protection revokes old receipt and timeout retains late native open until close drains (1.615175ms)
✔ post-complete legacy race protects an already durable new row without deleting it (1.206461ms)
✔ semantically identical reordered archive still conflicts by exact saved bytes (1.376743ms)
✔ unknown or oversized opaque rows never authorize blind replacement or consult legacy (36.94378ms)
✔ bounded corrupt archive can be recovered exactly and replaced only after fresh review (1.609186ms)
✔ invalid candidate does not discard accepted authority or open a native transaction (1.041708ms)
✔ failed native put protects without advancing receipt and actual rollback retains old row (8.733055ms)
✔ forged and cloned receipts grant no authority; newer read retires older receipt (2.775208ms)
✔ cancelled read cannot mint accepted authority after actual transaction terminal (1.007308ms)
✔ document wraps unchanged original source clocks and detached literal UTF16 metadata (5.701789ms)
✔ legacy rich1/2 and original remote1 migrate only inside detached wrapper (2.592648ms)
✔ strict new metadata never invokes accessors or accepts malformed envelopes (3.031997ms)
✔ history no-op preserves Redo; valid replacement and removal keep old source graphs independent (1.918572ms)
✔ ordinary 30-prior history eviction and invalid edits preserve exact cursor (28.574041ms)
✔ complete silent archive preserves exact schema3 source values and deterministic bytes (3.727419ms)
✔ real admitted PCM is shared through trim/remove/Undo; caller-created assets cannot forge admission (15.10273ms)
✔ range/frame/gain/label admission refuses atomically and retains inaudible metadata (3.908422ms)
✔ history admits exact64MiB unique WAV reachability and refuses the next unique asset atomically without silent eviction (221.536783ms)
✔ same exact WAV deduplicates across independently admitted assets and normal eviction releases old assets (16.436128ms)
✔ moving an unchanged sixty-second fractional cut remains admitted and reversible (10.528776ms)
✔ duration admission is unchanged through every adjacent move and arbitrary clip order (31.265616ms)
✔ accurate fractional totals preserve smaller values and refuse an actual represented excess (2.176103ms)
✔ independent grouped 3.1/2.9 oracle: both orders have exact sixty and final authored endpoints (0.766001ms)
✔ sequence draft has a separate protected store (1.210908ms)
✔ valid startup reads do not write; absent draft permits first atomic save (1.556578ms)
✔ corrupt startup exact raw survives ordinary saves and failed explicit replacement (0.641908ms)
✔ failed read blocks automatic save without pretending raw recovery is available (0.531795ms)
✔ stale tab refuses to replace another tab’s sequence; explicit replacement requires current review (0.601709ms)
✔ successful explicit replacement enables later writes; invalid candidates never write (0.394032ms)
✔ current separate domain, prepared clock and store history APIs are callable (1.283525ms)
✔ empty canonical sequence is valid, detached and cannot be rendered (3.150072ms)
✔ captured source preserves the complete source film independent of all later edits (2.285705ms)
✔ later source shot starts at original 3s; camera and action phase use source time (4.319888ms)
✔ repeat resets original shot clock and exact hard cut selects the next source (3.366872ms)
✔ fractional cut and source clocks use independently accumulated durations (1.884802ms)
✔ prepared sequence frames freeze detached films and cameras without changing durable snapshots (2.468875ms)
✔ four sources admitted, fifth and duplicate id rejected atomically (3.496473ms)
✔ twenty clips and exact sixty seconds admitted; quotas refuse without mutation (8.080851ms)
✔ stable-ID move and remove preserve sources and reject referenced source removal (6.333692ms)
✔ current parser rejects films as sequences, future versions and extra keys (1.149558ms)
✔ source and clip shapes, complete schema3 snapshots, indices and references are strict (2.682231ms)
✔ bounded import and both prepared time APIs reject coercion and nonfinite values (1.78082ms)
✔ bounded separate history preserves redo after invalid or identical edits and detaches callers (6.439638ms)
✔ published v1 migrates complete films and deterministic clip identities with literal source clocks (1.184049ms)
✔ published v1 original byte ceiling and source name limit remain admitted without mutation (2.148823ms)
✔ published v1 disk text is retained across read-only migration then an explicit canonical3 save (1.872605ms)
✔ independent sequence oracle: exact limits and legal empty editable document (3.432168ms)
✔ independent prefix oracle: reordered/repeated clips retain original source starts and complete films (2.334577ms)
✔ independent camera oracle: selected local start/mid/end never takes the following source camera (2.380154ms)
✔ independent actor clock oracle: source-global cues and full source duration survive destination rearrangement (2.354827ms)
✔ independent looping oracle: different cast, light and original nonzero phase belong to selected source (0.68359ms)
✔ independent repeat oracle: same source frame repeats without accumulating destination phase (2.914834ms)
✔ independent fractional-cut oracle: exact represented prefixes select next local zero and final authored endpoint (8.048715ms)
✔ independent clamping oracle: finite times clamp, nonfinite times and bad indices refuse (1.019706ms)
✔ independent immutable snapshot oracle: subsequent live edits and returned cameras cannot alter preparation (0.741224ms)
✔ independent edit oracle: reorder/repeat/remove and labels preserve source snapshots and caller (5.812323ms)
✔ independent source removal oracle: unreferenced retained scenes need deliberate removal, referenced refuse (1.845495ms)
✔ independent quota oracle: four sources/twenty clips/exact sixty are legal and overage refuses atomically (3.20388ms)
✔ independent exact file bound oracle: legal UTF8 whitespace padding reaches 320 KiB, plus one refuses (2.137526ms)
✔ independent legacy migration oracle: original name-form v1 gains stable clip identities without changing complete sources (2.992679ms)
✔ independent legacy migration oracle: in-session rich v1 keeps identities/labels and migrates once to canonical v3 (2.425412ms)
✔ independent legacy label oracle: invalid derived Unicode uses deterministic display fallback, exact source stays intact (0.825919ms)
✔ independent strict origin oracle: embedded legacy films and recovery/future kinds never become sequences (0.530974ms)
✔ independent plain-data oracle: malformed references/shapes/Unicode reject with no getter execution (2.425721ms)
✔ independent operation atomicity oracle: invalid edits preserve exact input and every full source cue (3.735405ms)
✔ independent original stereo48k and mono44.1k PCM extents are exact with no decoder or resampling (30.284006ms)
✔ RIFF ancillary padding and fmt18zero extension retain exact offsets while malformed framing fails (27.641615ms)
✔ original byte SHA and private asset brand prevent descriptor forgery, retaining immutable Blob bytes (28.635082ms)
✔ literal soundtrack frame span and sequence clock crop use no clip retiming or normalization (27.683542ms)
✔ document operations detach complete films and preserve legacy film Unicode while bounding new labels (17.542463ms)
✔ strict complete bundle refuses mismatched descriptors, absent/extra assets and partial metadata atomically (13.790423ms)
✔ independently framed complete archive decodes literal metadata and byte-exact PCM and re-encodes no descriptor-only loss (16.471361ms)
✔ archive wrong length/trailing bytes/tampered audio/UTF8 and mismatched empty assets refuse before publication (20.365681ms)
✔ whole-bundle history preserves audio identity, exact undo/redo, no-op redo and explicit clear (12.893037ms)
✔ actual12MiB container cap and64MiB unique audio history budget reject atomically then reclaim truncated redo (297.752706ms)
✔ absent sequence is proven empty without creating or accessing any other draft (5.449326ms)
✔ valid pretty saved sequence loads complete detached sources without an implicit rewrite (2.510597ms)
✔ malformed, unsupported, overbound and invalid-source records stay byte-exact and protected (1.133594ms)
✔ failed or non-text storage reads cannot authorize an automatic overwrite or fake recovery (0.536272ms)
✔ explicit replacement admits before any write and clears protection only after successful setItem (6.187817ms)
✔ ordinary failed saves preserve actual prior data and the caller's in-memory work (2.042265ms)
✔ replacement after unreadable startup first observes storage and requires another deliberate action (2.447844ms)
✔ known recovery envelope retains literal raw Unicode, line endings and malformed text without reads or writes (0.299513ms)
✔ recovery caps actual UTF8 raw bytes at 1MiB and escaped envelope bytes at 2MiB (40.941973ms)
✔ history snapshots and every returned document isolate source films, camera paths, cues and ordering (5.008606ms)
✔ invalid and identical commits retain redo and a new admitted branch replaces it atomically (1.460146ms)
✔ history retains 30 prior snapshots and moves their exact existing states through undo/redo (5.953801ms)
✔ two stores refuse stale ordinary writes and expose exact foreign bytes for review (1.16496ms)
✔ explicit replacement refuses newer foreign bytes before accepting a reviewed replacement (0.680705ms)
✔ foreign deletion is protected proven absence without a fabricated recovery download (0.63703ms)
✔ invalid candidate cannot change observed foreign receipts or recovery authority (0.480019ms)
✔ failed replacement retains its receipt and checks foreign changes before retry (0.590472ms)
✔ new read failure protects memory and invalidates older receipts until fresh review (0.722386ms)
✔ remote name-form schema1 loads as detached schema3 without rewriting actual saved bytes (0.998084ms)
✔ ordinary save read failure protects the prior working document without touching disk (0.98847ms)
✔ failed ordinary write does not advance expected bytes and can be retried against untouched storage (0.858367ms)
✔ oracle trimmed camera uses original shot local time and preserves complete source bytes (6.864626ms)
✔ oracle original performer phase and visibility survive trimming and repetition (3.851147ms)
✔ oracle explicit endpoint preserves literal Out despite subtraction/addition ULP drift (1.337785ms)
✔ oracle fractional source prefixes and exact destination cuts keep clocks distinct (0.98809ms)
✔ oracle literal schema2 and both schema1 forms migrate full shots without source mutation (4.278898ms)
✔ oracle exact represented minimum and invalid ranges reject atomically without rounding (5.272645ms)
✔ oracle compensated60-second span quota is permutation invariant and refuses represented excess (3.536301ms)
✔ oracle range mutation reset repeat and no-op history preserve source and redo (4.756985ms)
✔ oracle strict canonical fields and getters are refused without running getters (5.559209ms)
✔ oracle old raw draft is untouched on load and foreign raw text remains recoverable (1.816733ms)
✔ oracle exact raw file budgets retain old300KiB and current320KiB boundaries (11.694638ms)
✔ existing schema2 whole clips migrate to detached canonical3 full ranges without changing source films (4.603047ms)
✔ both strict schema1 forms migrate ranges while preserving source text and deterministic display fallback (1.154535ms)
✔ old-version range fields and future or mixed shapes refuse rather than silently losing a trim (2.365142ms)
✔ trimmed camera follows the middle of original travel and performer time retains the original source prefix (2.25489ms)
✔ explicit endpoints preserve Out exactly when in plus represented span does not round back to Out (2.161262ms)
✔ fractional trimmed cuts use ordered prefixes and explicit selected End differs from the next clip In (2.887413ms)
✔ minimum and source bounds use represented numbers with no rounding epsilon or clamping (4.560404ms)
✔ range reset and repeat/reorder/rename preserve unrelated ranges, full sources and original inputs (1.373028ms)
✔ twenty trimmed clips fit exact sixty; one extra clip, actual excess and reset over quota refuse atomically (13.078346ms)
✔ range validation occurs before history changes; identical and refused edits retain the redo branch (1.017332ms)
✔ prepared trim snapshot is frozen and detached from later range/source edits (0.668917ms)
✔ legacy draft migrates in memory only, while raw input byte limits and protected writes remain exact (1.249015ms)
✔ new sequence is empty and detached; empty evaluation explains how to add a clip (3.231872ms)
✔ admission retains exact complete source films, labels, cues and unselected shots without aliases (2.012291ms)
✔ sequence records are exact data shapes with no sparse/inherited/accessor fields (2.889867ms)
✔ new text is literal well-formed Unicode with UTF16 limits and no controls (0.745652ms)
✔ IDs, references, indices, duplicate identity and schema3 embedded admission are strict (4.80148ms)
✔ source add/rename/remove are detached and referenced removal refuses atomically (4.003601ms)
✔ clip add/repeat/rename/move/remove preserve sources and unrelated ordering (4.218569ms)
✔ four sources and twenty clips at exactly60 seconds fit; plus-one count/time refuse (3.665232ms)
✔ sequence imports admit actual320KiB input and reject one extra byte without dropping values (1.949678ms)
✔ prepared original source clock repeats and clip endpoints keep the selected shot camera (0.988409ms)
✔ ordered fractional prefixes pick exact next cuts and exact final authored endpoint (0.96823ms)
✔ prepared snapshot, metadata and camera are frozen and input edits cannot change frames (0.670199ms)
✔ published remote schema1 migrates exact source names and repeated shot order to deterministic rich schema3 (1.254933ms)
✔ our historical schema1 richshape preserves every exact ID label and film while migrating full ranges (0.536742ms)
✔ mixed legacy shapes and remote v1-only fields in canonical3 cannot be silently guessed away (0.977042ms)
✔ source labels80 are exact but clip labels remain40 through edits and new canonical backups (1.918172ms)
✔ identifiable remote name-form v1 has its original300KiB rawfile limit and canonical3 keeps320KiB (3.802225ms)
✔ remote generated clip labels use bounded well-formed fallback without changing original shot names (1.390923ms)
✔ duration quota is order-independent at60 while chronological fractional cuts remain ordered (2.929095ms)
✔ stage observers preserve receiver, native promise identity and errors (2.504538ms)
✔ rejected native promises stay rejected, snapshots detach, and observation storage stays fixed (12.142519ms)
✔ actual framed backup preserves exact recording bytes/film while import forces unverified provenance and no local ID (9.728034ms)
✔ SHA256 is real and bounded, encoder never publishes a mismatched pair (27.058003ms)
✔ all truncations, exact EOF lengths, magic/version and size bounds fail closed (3.811318ms)
✔ strict UTF8/duplicate JSON/depth/unknown fields and Unicode must reject before installing media (3.840861ms)
✔ cancellation retires late genuine Blob reads without rewriting the source or publishing results (0.364698ms)
✔ exact80KiB manifest accepts legal whitespace;plus1 and excess depth reject (8.260878ms)
✔ genuine exact32MiB SHA/archive bytes roundtrip;synthetic payload is not claimed playable (353.451519ms)
✔ Abort rejects promptly while real completed Blob bytes are delayed, and late delivery stays retired (3.407622ms)
✔ only proven absence reads empty; present undefined is protected corruption (9.324187ms)
✔ save captures detached metadata and resolves only after transaction completion (6.74582ms)
✔ a stale read-modify-write refuses typed conflict without overwriting another tab (4.867317ms)
✔ corrupt existing state blocks save; explicit repaired read can retry without reset (1.175505ms)
✔ invalid revision or mismatched blob hash is rejected before write transaction (2.154732ms)
✔ read verifies stored media hash after commit and preserves mismatched raw bytes (2.674359ms)
✔ abort after put request succeeds keeps previous row and rejects publication (5.723891ms)
✔ close retires pending open and closes its late connection without creating a transaction (1.302033ms)
✔ open and transaction stalls time out and late callbacks cannot publish (1.913105ms)
✔ version change aborts the owning transaction and closes its connection (0.716208ms)
✔ a native upgrade delivered after cancellation is aborted, never creating a partial database (0.896874ms)
✔ CAS rereads current state after integrity preflight rather than overwriting a newer revision (0.811759ms)
✔ boundedWebM header and controlled firstframe admit exact shape even with Infinity duration (3.178443ms)
✔ invalidbytes MIME signature DocType and truncated or overdeep header reject before nativeURL (39.950148ms)
✔ unknown bounded headerleaf skips without searching its payload for a fake DocType (1.4428ms)
✔ actualdimensions and decodeerrors refuse and always releaseURL and native listeners (4.347239ms)
✔ preabort and abortduring nativeprobe reject without latepublication and reclaim every resource (1.15156ms)
✔ probe deadline owns the attempt, freesURL, and ignores all later decoded events (0.992696ms)
✔ exact4KiB header and64 elements admit, while each next boundary refuses (7.288332ms)
✔ aborted boundedheader read cannot create a late nativeURL (1.323284ms)
✔ metadata captures exact independent schema3 film and name without changing title (3.667996ms)
✔ metadata admits exact bounds but rejects invalid Unicode/types/extra keys before getter execution (5.681129ms)
✔ complete20-shot64-cue film is admitted without claiming an unreachable exact64KiB fixture (1.727862ms)
✔ four unique32MiB structural pairs charge128MiB even when native immutable Blob bytes are shared (20.9406ms)
✔ library requires exact dense bounded unique pairs and safe revisions; detached metadata and immutable Blob (1.566433ms)
✔ authored video times survive a scheduling stall with all native samples closed (22.337092ms)
✔ abort during backpressure drains the encoder before refusing all late publication (11.495063ms)
✔ exact byte limit admits and one more byte refuses before retaining output (1.427598ms)
✔ invalid durations and byte limits refuse before probing or drawing (0.437256ms)
✔ unsupported native format fails before drawing or constructing a muxer (0.37271ms)
✔ draw errors close owned encoders and preserve the original error (0.362455ms)
✔ an abort inside drawing creates no late video sample (0.632024ms)
✔ bounded sink patches earlier container metadata without changing file length (0.499959ms)
✔ absolute deadline crossing inside draw refuses native sample construction (1.353538ms)
✔ already aborted work performs no probe or muxer admission (0.420451ms)
✔ a write after retirement checks ownership before reading payload fields (0.214356ms)
✔ the driver interleaves original audio and video on the shared authored origin (19.886013ms)
✔ cancellation drains late native encoder initialization before releasing output ownership (9.765689ms)
✔ failed audiovisual finalization still drains the sibling native flush (49.575672ms)
✔ cancellation keeps ownership until the native finalization flush drains (42.028187ms)
✔ canonical starter uses explicit v3 performers and static shots without changing authored images (2.363139ms)
✔ genuine original-key v1 imports migrate detached static scenes without mutating source (0.491426ms)
✔ legacy migration rejects unknown fields and any disguised motion instead of stripping them (1.294792ms)
✔ v2 mode-specific keys and dense ordinary finite vectors are strict (0.964144ms)
✔ translation, pan, dolly and constant-relative paths remain valid without endpoint aliasing (0.508812ms)
✔ valid endpoints cannot conceal a coincident XYZ midpoint (1.268884ms)
✔ horizontal clearance has its own minimum even when the XYZ minimum is safe elsewhere (0.256579ms)
✔ analytic validation catches an off-center near-collision that endpoint/midpoint samples miss (0.230631ms)
✔ represented exact XYZ/XZ thresholds are inclusive without epsilon widening (0.50812ms)
✔ camera evaluation has exact detached authored endpoints, interior positions and fixed lens (4.132342ms)
✔ camera evaluation admits only canonical v2 shots and validates the whole path before sampling (0.357407ms)
✔ time APIs reject coercion and nonfinite values instead of selecting arbitrary frames (0.637041ms)
✔ cumulative fractional cuts select the next shot exactly, with exact final endpoint clamping (0.827202ms)
ℹ tests 357
ℹ suites 0
ℹ pass 357
ℹ fail 0
ℹ cancelled 0
ℹ skipped 0
ℹ todo 0
ℹ duration_ms 1143.402662
