2026-10-07T15:33:32.361Z pw:browser <launching> /home/runner/.cache/ms-playwright/chromium-1247/chrome-linux64/chrome --disable-field-trial-config --disable-background-networking --disable-background-timer-throttling --disable-backgrounding-occluded-windows --disable-back-forward-cache --disable-breakpad --disable-client-side-phishing-detection --disable-component-extensions-with-background-pages --disable-component-update --no-default-browser-check --disable-default-apps --disable-dev-shm-usage --disable-edgeupdater --disable-extensions --disable-features=AvoidUnnecessaryBeforeUnloadCheckSync,DestroyProfileOnBrowserClose,DialMediaRouteProvider,GlobalMediaControls,HttpsUpgrades,LensOverlay,MediaRouter,PaintHolding,ThirdPartyStoragePartitioning,BlockOriginHeaderModificationOnRedirect,Translate,AutoDeElevate,OptimizationHints,msForceBrowserSignIn,msEdgeUpdateLaunchServicesPreferredVersion --enable-features=CDPScreenshotNewSurface --allow-pre-commit-input --disable-hang-monitor --disable-ipc-flooding-protection --disable-popup-blocking --disable-prompt-on-repost --disable-renderer-backgrounding --disable-updater-scheduler --force-color-profile=srgb --metrics-recording-only --no-first-run --password-store=basic --use-mock-keychain --no-service-autorun --export-tagged-pdf --disable-search-engine-choice-screen --unsafely-disable-devtools-self-xss-warnings --edge-skip-compat-layer-relaunch --disable-infobars --disable-search-engine-choice-screen --disable-sync --enable-unsafe-swiftshader --headless --hide-scrollbars --mute-audio --blink-settings=primaryHoverType=2,availableHoverTypes=2,primaryPointerType=4,availablePointerTypes=4 --no-sandbox --use-gl=angle --use-angle=swiftshader --enable-unsafe-swiftshader --user-data-dir=/home/runner/work/projects-monorepo/projects-monorepo/apps/shot-studio/test-results/maximum-155/profile --remote-debugging-pipe about:blank
2026-10-07T15:33:32.365Z pw:browser <launched> pid=4288
2026-10-07T15:33:33.719Z pw:browser [pid=4288][err] [4288:4302:1007/153333.718541:ERROR:dbus/bus.cc:405] Failed to connect to the bus: Could not parse server address: Unknown address type (examples of valid types are "tcp" and on UNIX "unix")
2026-10-07T15:33:33.720Z pw:browser [pid=4288][err] [4288:4302:1007/153333.719568:ERROR:dbus/bus.cc:405] Failed to connect to the bus: Could not parse server address: Unknown address type (examples of valid types are "tcp" and on UNIX "unix")
2026-10-07T15:33:33.720Z pw:browser [pid=4288][err] [4288:4302:1007/153333.719601:ERROR:dbus/bus.cc:405] Failed to connect to the bus: Could not parse server address: Unknown address type (examples of valid types are "tcp" and on UNIX "unix")
2026-10-07T15:33:33.747Z pw:browser [pid=4288][err] [4288:4302:1007/153333.746786:ERROR:dbus/bus.cc:405] Failed to connect to the bus: Could not parse server address: Unknown address type (examples of valid types are "tcp" and on UNIX "unix")
2026-10-07T15:33:33.841Z pw:browser [pid=4288][err] [4288:4288:1007/153333.840376:ERROR:dbus/object_proxy.cc:572] Failed to call method: org.freedesktop.DBus.NameHasOwner: object_path= /org/freedesktop/DBus: unknown error type: 
2026-10-07T15:33:33.841Z pw:browser [pid=4288][err] [4288:4288:1007/153333.840489:ERROR:dbus/object_proxy.cc:572] Failed to call method: org.freedesktop.DBus.NameHasOwner: object_path= /org/freedesktop/DBus: unknown error type: 
2026-10-07T15:33:33.842Z pw:browser [pid=4288][err] [4288:4302:1007/153333.841156:ERROR:dbus/bus.cc:405] Failed to connect to the bus: Could not parse server address: Unknown address type (examples of valid types are "tcp" and on UNIX "unix")
2026-10-07T15:33:33.842Z pw:browser [pid=4288][err] [4288:4302:1007/153333.841206:ERROR:dbus/bus.cc:405] Failed to connect to the bus: Could not parse server address: Unknown address type (examples of valid types are "tcp" and on UNIX "unix")
2026-10-07T15:33:33.853Z pw:browser [pid=4288][err] [4288:4288:1007/153333.848397:ERROR:dbus/object_proxy.cc:572] Failed to call method: org.freedesktop.DBus.NameHasOwner: object_path= /org/freedesktop/DBus: unknown error type: 
2026-10-07T15:33:33.853Z pw:browser [pid=4288][err] [4288:4302:1007/153333.851848:ERROR:dbus/bus.cc:405] Failed to connect to the bus: Could not parse server address: Unknown address type (examples of valid types are "tcp" and on UNIX "unix")
2026-10-07T15:33:33.872Z pw:browser [pid=4288][err] [4288:4288:1007/153333.871315:ERROR:dbus/object_proxy.cc:572] Failed to call method: org.freedesktop.DBus.NameHasOwner: object_path= /org/freedesktop/DBus: unknown error type: 
2026-10-07T15:33:33.872Z pw:browser [pid=4288][err] [4288:4288:1007/153333.871338:ERROR:dbus/object_proxy.cc:572] Failed to call method: org.freedesktop.DBus.NameHasOwner: object_path= /org/freedesktop/DBus: unknown error type: 
2026-10-07T15:33:33.872Z pw:browser [pid=4288][err] [4288:4288:1007/153333.871822:ERROR:dbus/object_proxy.cc:572] Failed to call method: org.freedesktop.DBus.NameHasOwner: object_path= /org/freedesktop/DBus: unknown error type: 
2026-10-07T15:33:33.873Z pw:browser [pid=4288][err] [4288:4302:1007/153333.873018:ERROR:dbus/bus.cc:405] Failed to connect to the bus: Could not parse server address: Unknown address type (examples of valid types are "tcp" and on UNIX "unix")
2026-10-07T15:33:33.897Z pw:browser [pid=4288][err] [4288:4288:1007/153333.892282:ERROR:dbus/object_proxy.cc:572] Failed to call method: org.freedesktop.DBus.NameHasOwner: object_path= /org/freedesktop/DBus: unknown error type: 
2026-10-07T15:33:33.897Z pw:browser [pid=4288][err] [4288:4288:1007/153333.892332:ERROR:dbus/object_proxy.cc:572] Failed to call method: org.freedesktop.DBus.Properties.GetAll: object_path= /org/freedesktop/UPower/devices/DisplayDevice: org.freedesktop.DBus.Error.ServiceUnknown: The name org.freedesktop.UPower was not provided by any .service files
2026-10-07T15:33:33.897Z pw:browser [pid=4288][err] [4288:4302:1007/153333.892406:ERROR:dbus/bus.cc:405] Failed to connect to the bus: Could not parse server address: Unknown address type (examples of valid types are "tcp" and on UNIX "unix")
2026-10-07T15:33:33.898Z pw:browser [pid=4288][err] [4288:4288:1007/153333.897799:ERROR:dbus/object_proxy.cc:572] Failed to call method: org.freedesktop.DBus.NameHasOwner: object_path= /org/freedesktop/DBus: unknown error type: 
2026-10-07T15:33:33.898Z pw:browser [pid=4288][err] [4288:4302:1007/153333.898041:ERROR:dbus/bus.cc:405] Failed to connect to the bus: Could not parse server address: Unknown address type (examples of valid types are "tcp" and on UNIX "unix")
2026-10-07T15:33:33.922Z pw:browser [pid=4288][err] [4288:4288:1007/153333.914573:ERROR:dbus/object_proxy.cc:572] Failed to call method: org.freedesktop.DBus.NameHasOwner: object_path= /org/freedesktop/DBus: unknown error type: 
2026-10-07T15:33:38.149Z pw:browser [pid=4288][err] [4288:4303:1007/153338.149793:ERROR:google_apis/gcm/engine/registration_request.cc:291] Registration response error message: PHONE_REGISTRATION_ERROR
2026-10-07T15:33:38.150Z pw:browser [pid=4288][err] [4288:4303:1007/153338.150092:ERROR:google_apis/gcm/engine/registration_request.cc:291] Registration response error message: PHONE_REGISTRATION_ERROR
2026-10-07T15:33:38.164Z pw:browser [pid=4288][err] [4288:4303:1007/153338.164204:ERROR:google_apis/gcm/engine/mcs_client.cc:702]   Error code: 401  Error message: Authentication Failed: wrong_secret
2026-10-07T15:33:38.164Z pw:browser [pid=4288][err] [4288:4303:1007/153338.164220:ERROR:google_apis/gcm/engine/mcs_client.cc:704] Failed to log in to GCM, resetting connection.
2026-10-07T15:33:51.232Z pw:browser [pid=4288] <gracefully close start>
2026-10-07T15:33:51.321Z pw:browser [pid=4288] <process did exit: exitCode=0, signal=null>
2026-10-07T15:33:51.322Z pw:browser [pid=4288] starting temporary directories cleanup
2026-10-07T15:33:51.327Z pw:browser [pid=4288] finished temporary directories cleanup
2026-10-07T15:33:51.327Z pw:browser [pid=4288] <gracefully close end>
2026-10-07T15:33:51.329Z pw:browser <launching> /home/runner/.cache/ms-playwright/chromium-1247/chrome-linux64/chrome --disable-field-trial-config --disable-background-networking --disable-background-timer-throttling --disable-backgrounding-occluded-windows --disable-back-forward-cache --disable-breakpad --disable-client-side-phishing-detection --disable-component-extensions-with-background-pages --disable-component-update --no-default-browser-check --disable-default-apps --disable-dev-shm-usage --disable-edgeupdater --disable-extensions --disable-features=AvoidUnnecessaryBeforeUnloadCheckSync,DestroyProfileOnBrowserClose,DialMediaRouteProvider,GlobalMediaControls,HttpsUpgrades,LensOverlay,MediaRouter,PaintHolding,ThirdPartyStoragePartitioning,BlockOriginHeaderModificationOnRedirect,Translate,AutoDeElevate,OptimizationHints,msForceBrowserSignIn,msEdgeUpdateLaunchServicesPreferredVersion --enable-features=CDPScreenshotNewSurface --allow-pre-commit-input --disable-hang-monitor --disable-ipc-flooding-protection --disable-popup-blocking --disable-prompt-on-repost --disable-renderer-backgrounding --disable-updater-scheduler --force-color-profile=srgb --metrics-recording-only --no-first-run --password-store=basic --use-mock-keychain --no-service-autorun --export-tagged-pdf --disable-search-engine-choice-screen --unsafely-disable-devtools-self-xss-warnings --edge-skip-compat-layer-relaunch --disable-infobars --disable-search-engine-choice-screen --disable-sync --enable-unsafe-swiftshader --headless --hide-scrollbars --mute-audio --blink-settings=primaryHoverType=2,availableHoverTypes=2,primaryPointerType=4,availablePointerTypes=4 --no-sandbox --use-gl=angle --use-angle=swiftshader --enable-unsafe-swiftshader --user-data-dir=/home/runner/work/projects-monorepo/projects-monorepo/apps/shot-studio/test-results/maximum-155/profile --remote-debugging-pipe about:blank
2026-10-07T15:33:51.333Z pw:browser <launched> pid=4453
2026-10-07T15:33:51.374Z pw:browser [pid=4453][err] [4453:4467:1007/153351.373883:ERROR:dbus/bus.cc:405] Failed to connect to the bus: Could not parse server address: Unknown address type (examples of valid types are "tcp" and on UNIX "unix")
2026-10-07T15:33:51.375Z pw:browser [pid=4453][err] [4453:4467:1007/153351.375117:ERROR:dbus/bus.cc:405] Failed to connect to the bus: Could not parse server address: Unknown address type (examples of valid types are "tcp" and on UNIX "unix")
2026-10-07T15:33:51.375Z pw:browser [pid=4453][err] [4453:4467:1007/153351.375223:ERROR:dbus/bus.cc:405] Failed to connect to the bus: Could not parse server address: Unknown address type (examples of valid types are "tcp" and on UNIX "unix")
2026-10-07T15:33:51.420Z pw:browser [pid=4453][err] [4453:4467:1007/153351.418533:ERROR:dbus/bus.cc:405] Failed to connect to the bus: Could not parse server address: Unknown address type (examples of valid types are "tcp" and on UNIX "unix")
2026-10-07T15:33:51.495Z pw:browser [pid=4453][err] [4453:4453:1007/153351.495566:ERROR:dbus/object_proxy.cc:572] Failed to call method: org.freedesktop.DBus.NameHasOwner: object_path= /org/freedesktop/DBus: unknown error type: 
2026-10-07T15:33:51.496Z pw:browser [pid=4453][err] [4453:4467:1007/153351.496765:ERROR:dbus/bus.cc:405] Failed to connect to the bus: Could not parse server address: Unknown address type (examples of valid types are "tcp" and on UNIX "unix")
2026-10-07T15:33:51.499Z pw:browser [pid=4453][err] [4453:4453:1007/153351.497386:ERROR:dbus/object_proxy.cc:572] Failed to call method: org.freedesktop.DBus.NameHasOwner: object_path= /org/freedesktop/DBus: unknown error type: 
2026-10-07T15:33:51.499Z pw:browser [pid=4453][err] [4453:4467:1007/153351.498723:ERROR:dbus/bus.cc:405] Failed to connect to the bus: Could not parse server address: Unknown address type (examples of valid types are "tcp" and on UNIX "unix")
2026-10-07T15:33:51.507Z pw:browser [pid=4453][err] [4453:4453:1007/153351.507110:ERROR:dbus/object_proxy.cc:572] Failed to call method: org.freedesktop.DBus.NameHasOwner: object_path= /org/freedesktop/DBus: unknown error type: 
2026-10-07T15:33:51.507Z pw:browser [pid=4453][err] [4453:4467:1007/153351.507374:ERROR:dbus/bus.cc:405] Failed to connect to the bus: Could not parse server address: Unknown address type (examples of valid types are "tcp" and on UNIX "unix")
2026-10-07T15:33:51.520Z pw:browser [pid=4453][err] [4453:4453:1007/153351.520382:ERROR:dbus/object_proxy.cc:572] Failed to call method: org.freedesktop.DBus.NameHasOwner: object_path= /org/freedesktop/DBus: unknown error type: 
2026-10-07T15:33:51.520Z pw:browser [pid=4453][err] [4453:4453:1007/153351.520431:ERROR:dbus/object_proxy.cc:572] Failed to call method: org.freedesktop.DBus.NameHasOwner: object_path= /org/freedesktop/DBus: unknown error type: 
2026-10-07T15:33:51.521Z pw:browser [pid=4453][err] [4453:4467:1007/153351.520968:ERROR:dbus/bus.cc:405] Failed to connect to the bus: Could not parse server address: Unknown address type (examples of valid types are "tcp" and on UNIX "unix")
2026-10-07T15:33:51.522Z pw:browser [pid=4453][err] [4453:4453:1007/153351.521794:ERROR:dbus/object_proxy.cc:572] Failed to call method: org.freedesktop.DBus.NameHasOwner: object_path= /org/freedesktop/DBus: unknown error type: 
2026-10-07T15:33:51.536Z pw:browser [pid=4453][err] [4453:4453:1007/153351.535914:ERROR:dbus/object_proxy.cc:572] Failed to call method: org.freedesktop.DBus.NameHasOwner: object_path= /org/freedesktop/DBus: unknown error type: 
2026-10-07T15:33:51.536Z pw:browser [pid=4453][err] [4453:4453:1007/153351.536546:ERROR:dbus/object_proxy.cc:572] Failed to call method: org.freedesktop.DBus.Properties.GetAll: object_path= /org/freedesktop/UPower/devices/DisplayDevice: org.freedesktop.DBus.Error.ServiceUnknown: The name org.freedesktop.UPower was not provided by any .service files
2026-10-07T15:33:51.536Z pw:browser [pid=4453][err] [4453:4467:1007/153351.536746:ERROR:dbus/bus.cc:405] Failed to connect to the bus: Could not parse server address: Unknown address type (examples of valid types are "tcp" and on UNIX "unix")
2026-10-07T15:33:51.541Z pw:browser [pid=4453][err] [4453:4453:1007/153351.541053:ERROR:dbus/object_proxy.cc:572] Failed to call method: org.freedesktop.DBus.NameHasOwner: object_path= /org/freedesktop/DBus: unknown error type: 
2026-10-07T15:33:51.541Z pw:browser [pid=4453][err] [4453:4467:1007/153351.541467:ERROR:dbus/bus.cc:405] Failed to connect to the bus: Could not parse server address: Unknown address type (examples of valid types are "tcp" and on UNIX "unix")
2026-10-07T15:33:51.547Z pw:browser [pid=4453][err] [4453:4453:1007/153351.547232:ERROR:dbus/object_proxy.cc:572] Failed to call method: org.freedesktop.DBus.NameHasOwner: object_path= /org/freedesktop/DBus: unknown error type: 
2026-10-07T15:33:55.587Z pw:browser [pid=4453][err] [4453:4468:1007/153355.587572:ERROR:google_apis/gcm/engine/registration_request.cc:291] Registration response error message: DEPRECATED_ENDPOINT
2026-10-07T15:34:19.286Z pw:browser [pid=4453][err] [4453:4468:1007/153419.286676:ERROR:google_apis/gcm/engine/registration_request.cc:291] Registration response error message: QUOTA_EXCEEDED
2026-10-07T15:35:28.200Z pw:browser [pid=4453] <gracefully close start>
2026-10-07T15:35:29.370Z pw:browser [pid=4453] <process did exit: exitCode=0, signal=null>
2026-10-07T15:35:29.370Z pw:browser [pid=4453] starting temporary directories cleanup
2026-10-07T15:35:29.371Z pw:browser [pid=4453] finished temporary directories cleanup
2026-10-07T15:35:29.371Z pw:browser [pid=4453] <gracefully close end>
TimeoutError: page.waitForEvent: Timeout 95000ms exceeded while waiting for event "download"
=========================== logs ===========================
waiting for event "download"
============================================================
