2026-10-07T15:35:29.995Z pw:browser <launching> /home/runner/.cache/ms-playwright/chromium-1247/chrome-linux64/chrome --disable-field-trial-config --disable-background-networking --disable-background-timer-throttling --disable-backgrounding-occluded-windows --disable-back-forward-cache --disable-breakpad --disable-client-side-phishing-detection --disable-component-extensions-with-background-pages --disable-component-update --no-default-browser-check --disable-default-apps --disable-dev-shm-usage --disable-edgeupdater --disable-extensions --disable-features=AvoidUnnecessaryBeforeUnloadCheckSync,DestroyProfileOnBrowserClose,DialMediaRouteProvider,GlobalMediaControls,HttpsUpgrades,LensOverlay,MediaRouter,PaintHolding,ThirdPartyStoragePartitioning,BlockOriginHeaderModificationOnRedirect,Translate,AutoDeElevate,OptimizationHints,msForceBrowserSignIn,msEdgeUpdateLaunchServicesPreferredVersion --enable-features=CDPScreenshotNewSurface --allow-pre-commit-input --disable-hang-monitor --disable-ipc-flooding-protection --disable-popup-blocking --disable-prompt-on-repost --disable-renderer-backgrounding --disable-updater-scheduler --force-color-profile=srgb --metrics-recording-only --no-first-run --password-store=basic --use-mock-keychain --no-service-autorun --export-tagged-pdf --disable-search-engine-choice-screen --unsafely-disable-devtools-self-xss-warnings --edge-skip-compat-layer-relaunch --disable-infobars --disable-search-engine-choice-screen --disable-sync --enable-unsafe-swiftshader --headless --hide-scrollbars --mute-audio --blink-settings=primaryHoverType=2,availableHoverTypes=2,primaryPointerType=4,availablePointerTypes=4 --no-sandbox --use-gl=angle --use-angle=swiftshader --enable-unsafe-swiftshader --user-data-dir=/home/runner/work/projects-monorepo/projects-monorepo/apps/shot-studio/test-results/stage-timing-155/profile --remote-debugging-pipe about:blank
2026-10-07T15:35:29.999Z pw:browser <launched> pid=4646
2026-10-07T15:35:30.050Z pw:browser [pid=4646][err] [4646:4660:1007/153530.048660:ERROR:dbus/bus.cc:405] Failed to connect to the bus: Could not parse server address: Unknown address type (examples of valid types are "tcp" and on UNIX "unix")
2026-10-07T15:35:30.050Z pw:browser [pid=4646][err] [4646:4660:1007/153530.049125:ERROR:dbus/bus.cc:405] Failed to connect to the bus: Could not parse server address: Unknown address type (examples of valid types are "tcp" and on UNIX "unix")
2026-10-07T15:35:30.053Z pw:browser [pid=4646][err] [4646:4660:1007/153530.050553:ERROR:dbus/bus.cc:405] Failed to connect to the bus: Could not parse server address: Unknown address type (examples of valid types are "tcp" and on UNIX "unix")
2026-10-07T15:35:30.087Z pw:browser [pid=4646][err] [4646:4660:1007/153530.087324:ERROR:dbus/bus.cc:405] Failed to connect to the bus: Could not parse server address: Unknown address type (examples of valid types are "tcp" and on UNIX "unix")
2026-10-07T15:35:30.192Z pw:browser [pid=4646][err] [4646:4646:1007/153530.190289:ERROR:dbus/object_proxy.cc:572] Failed to call method: org.freedesktop.DBus.NameHasOwner: object_path= /org/freedesktop/DBus: unknown error type: 
2026-10-07T15:35:30.192Z pw:browser [pid=4646][err] [4646:4660:1007/153530.190381:ERROR:dbus/bus.cc:405] Failed to connect to the bus: Could not parse server address: Unknown address type (examples of valid types are "tcp" and on UNIX "unix")
2026-10-07T15:35:30.193Z pw:browser [pid=4646][err] [4646:4646:1007/153530.190445:ERROR:dbus/object_proxy.cc:572] Failed to call method: org.freedesktop.DBus.NameHasOwner: object_path= /org/freedesktop/DBus: unknown error type: 
2026-10-07T15:35:30.194Z pw:browser [pid=4646][err] [4646:4660:1007/153530.190535:ERROR:dbus/bus.cc:405] Failed to connect to the bus: Could not parse server address: Unknown address type (examples of valid types are "tcp" and on UNIX "unix")
2026-10-07T15:35:30.195Z pw:browser [pid=4646][err] [4646:4646:1007/153530.193496:ERROR:dbus/object_proxy.cc:572] Failed to call method: org.freedesktop.DBus.NameHasOwner: object_path= /org/freedesktop/DBus: unknown error type: 
2026-10-07T15:35:30.195Z pw:browser [pid=4646][err] [4646:4660:1007/153530.193557:ERROR:dbus/bus.cc:405] Failed to connect to the bus: Could not parse server address: Unknown address type (examples of valid types are "tcp" and on UNIX "unix")
2026-10-07T15:35:30.216Z pw:browser [pid=4646][err] [4646:4646:1007/153530.216452:ERROR:dbus/object_proxy.cc:572] Failed to call method: org.freedesktop.DBus.NameHasOwner: object_path= /org/freedesktop/DBus: unknown error type: 
2026-10-07T15:35:30.217Z pw:browser [pid=4646][err] [4646:4646:1007/153530.216514:ERROR:dbus/object_proxy.cc:572] Failed to call method: org.freedesktop.DBus.NameHasOwner: object_path= /org/freedesktop/DBus: unknown error type: 
2026-10-07T15:35:30.217Z pw:browser [pid=4646][err] [4646:4660:1007/153530.216695:ERROR:dbus/bus.cc:405] Failed to connect to the bus: Could not parse server address: Unknown address type (examples of valid types are "tcp" and on UNIX "unix")
2026-10-07T15:35:30.217Z pw:browser [pid=4646][err] [4646:4646:1007/153530.216765:ERROR:dbus/object_proxy.cc:572] Failed to call method: org.freedesktop.DBus.NameHasOwner: object_path= /org/freedesktop/DBus: unknown error type: 
2026-10-07T15:35:30.233Z pw:browser [pid=4646][err] [4646:4646:1007/153530.233237:ERROR:dbus/object_proxy.cc:572] Failed to call method: org.freedesktop.DBus.NameHasOwner: object_path= /org/freedesktop/DBus: unknown error type: 
2026-10-07T15:35:30.233Z pw:browser [pid=4646][err] [4646:4660:1007/153530.233630:ERROR:dbus/bus.cc:405] Failed to connect to the bus: Could not parse server address: Unknown address type (examples of valid types are "tcp" and on UNIX "unix")
2026-10-07T15:35:30.233Z pw:browser [pid=4646][err] [4646:4646:1007/153530.233856:ERROR:dbus/object_proxy.cc:572] Failed to call method: org.freedesktop.DBus.Properties.GetAll: object_path= /org/freedesktop/UPower/devices/DisplayDevice: org.freedesktop.DBus.Error.ServiceUnknown: The name org.freedesktop.UPower was not provided by any .service files
2026-10-07T15:35:30.247Z pw:browser [pid=4646][err] [4646:4646:1007/153530.241134:ERROR:dbus/object_proxy.cc:572] Failed to call method: org.freedesktop.DBus.NameHasOwner: object_path= /org/freedesktop/DBus: unknown error type: 
2026-10-07T15:35:30.247Z pw:browser [pid=4646][err] [4646:4660:1007/153530.242190:ERROR:dbus/bus.cc:405] Failed to connect to the bus: Could not parse server address: Unknown address type (examples of valid types are "tcp" and on UNIX "unix")
2026-10-07T15:35:30.263Z pw:browser [pid=4646][err] [4646:4646:1007/153530.263525:ERROR:dbus/object_proxy.cc:572] Failed to call method: org.freedesktop.DBus.NameHasOwner: object_path= /org/freedesktop/DBus: unknown error type: 
2026-10-07T15:35:45.950Z pw:browser [pid=4646] <gracefully close start>
2026-10-07T15:35:46.043Z pw:browser [pid=4646] <process did exit: exitCode=0, signal=null>
2026-10-07T15:35:46.043Z pw:browser [pid=4646] starting temporary directories cleanup
2026-10-07T15:35:46.048Z pw:browser [pid=4646] finished temporary directories cleanup
2026-10-07T15:35:46.048Z pw:browser [pid=4646] <gracefully close end>
2026-10-07T15:35:46.050Z pw:browser <launching> /home/runner/.cache/ms-playwright/chromium-1247/chrome-linux64/chrome --disable-field-trial-config --disable-background-networking --disable-background-timer-throttling --disable-backgrounding-occluded-windows --disable-back-forward-cache --disable-breakpad --disable-client-side-phishing-detection --disable-component-extensions-with-background-pages --disable-component-update --no-default-browser-check --disable-default-apps --disable-dev-shm-usage --disable-edgeupdater --disable-extensions --disable-features=AvoidUnnecessaryBeforeUnloadCheckSync,DestroyProfileOnBrowserClose,DialMediaRouteProvider,GlobalMediaControls,HttpsUpgrades,LensOverlay,MediaRouter,PaintHolding,ThirdPartyStoragePartitioning,BlockOriginHeaderModificationOnRedirect,Translate,AutoDeElevate,OptimizationHints,msForceBrowserSignIn,msEdgeUpdateLaunchServicesPreferredVersion --enable-features=CDPScreenshotNewSurface --allow-pre-commit-input --disable-hang-monitor --disable-ipc-flooding-protection --disable-popup-blocking --disable-prompt-on-repost --disable-renderer-backgrounding --disable-updater-scheduler --force-color-profile=srgb --metrics-recording-only --no-first-run --password-store=basic --use-mock-keychain --no-service-autorun --export-tagged-pdf --disable-search-engine-choice-screen --unsafely-disable-devtools-self-xss-warnings --edge-skip-compat-layer-relaunch --disable-infobars --disable-search-engine-choice-screen --disable-sync --enable-unsafe-swiftshader --headless --hide-scrollbars --mute-audio --blink-settings=primaryHoverType=2,availableHoverTypes=2,primaryPointerType=4,availablePointerTypes=4 --no-sandbox --use-gl=angle --use-angle=swiftshader --enable-unsafe-swiftshader --user-data-dir=/home/runner/work/projects-monorepo/projects-monorepo/apps/shot-studio/test-results/stage-timing-155/profile --remote-debugging-pipe about:blank
2026-10-07T15:35:46.054Z pw:browser <launched> pid=4812
2026-10-07T15:35:46.099Z pw:browser [pid=4812][err] [4812:4826:1007/153546.098675:ERROR:dbus/bus.cc:405] Failed to connect to the bus: Could not parse server address: Unknown address type (examples of valid types are "tcp" and on UNIX "unix")
2026-10-07T15:35:46.100Z pw:browser [pid=4812][err] [4812:4826:1007/153546.100334:ERROR:dbus/bus.cc:405] Failed to connect to the bus: Could not parse server address: Unknown address type (examples of valid types are "tcp" and on UNIX "unix")
2026-10-07T15:35:46.100Z pw:browser [pid=4812][err] [4812:4826:1007/153546.100368:ERROR:dbus/bus.cc:405] Failed to connect to the bus: Could not parse server address: Unknown address type (examples of valid types are "tcp" and on UNIX "unix")
2026-10-07T15:35:46.140Z pw:browser [pid=4812][err] [4812:4826:1007/153546.140570:ERROR:dbus/bus.cc:405] Failed to connect to the bus: Could not parse server address: Unknown address type (examples of valid types are "tcp" and on UNIX "unix")
2026-10-07T15:35:46.225Z pw:browser [pid=4812][err] [4812:4812:1007/153546.225134:ERROR:dbus/object_proxy.cc:572] Failed to call method: org.freedesktop.DBus.NameHasOwner: object_path= /org/freedesktop/DBus: unknown error type: 
2026-10-07T15:35:46.227Z pw:browser [pid=4812][err] [4812:4812:1007/153546.225576:ERROR:dbus/object_proxy.cc:572] Failed to call method: org.freedesktop.DBus.NameHasOwner: object_path= /org/freedesktop/DBus: unknown error type: 
2026-10-07T15:35:46.227Z pw:browser [pid=4812][err] [4812:4826:1007/153546.227647:ERROR:dbus/bus.cc:405] Failed to connect to the bus: Could not parse server address: Unknown address type (examples of valid types are "tcp" and on UNIX "unix")
2026-10-07T15:35:46.227Z pw:browser [pid=4812][err] [4812:4826:1007/153546.227699:ERROR:dbus/bus.cc:405] Failed to connect to the bus: Could not parse server address: Unknown address type (examples of valid types are "tcp" and on UNIX "unix")
2026-10-07T15:35:46.234Z pw:browser [pid=4812][err] [4812:4812:1007/153546.234592:ERROR:dbus/object_proxy.cc:572] Failed to call method: org.freedesktop.DBus.NameHasOwner: object_path= /org/freedesktop/DBus: unknown error type: 
2026-10-07T15:35:46.236Z pw:browser [pid=4812][err] [4812:4826:1007/153546.236113:ERROR:dbus/bus.cc:405] Failed to connect to the bus: Could not parse server address: Unknown address type (examples of valid types are "tcp" and on UNIX "unix")
2026-10-07T15:35:46.248Z pw:browser [pid=4812][err] [4812:4812:1007/153546.248694:ERROR:dbus/object_proxy.cc:572] Failed to call method: org.freedesktop.DBus.NameHasOwner: object_path= /org/freedesktop/DBus: unknown error type: 
2026-10-07T15:35:46.249Z pw:browser [pid=4812][err] [4812:4812:1007/153546.248891:ERROR:dbus/object_proxy.cc:572] Failed to call method: org.freedesktop.DBus.NameHasOwner: object_path= /org/freedesktop/DBus: unknown error type: 
2026-10-07T15:35:46.249Z pw:browser [pid=4812][err] [4812:4826:1007/153546.249018:ERROR:dbus/bus.cc:405] Failed to connect to the bus: Could not parse server address: Unknown address type (examples of valid types are "tcp" and on UNIX "unix")
2026-10-07T15:35:46.250Z pw:browser [pid=4812][err] [4812:4812:1007/153546.249869:ERROR:dbus/object_proxy.cc:572] Failed to call method: org.freedesktop.DBus.NameHasOwner: object_path= /org/freedesktop/DBus: unknown error type: 
2026-10-07T15:35:46.265Z pw:browser [pid=4812][err] [4812:4812:1007/153546.263509:ERROR:dbus/object_proxy.cc:572] Failed to call method: org.freedesktop.DBus.NameHasOwner: object_path= /org/freedesktop/DBus: unknown error type: 
2026-10-07T15:35:46.265Z pw:browser [pid=4812][err] [4812:4812:1007/153546.263563:ERROR:dbus/object_proxy.cc:572] Failed to call method: org.freedesktop.DBus.Properties.GetAll: object_path= /org/freedesktop/UPower/devices/DisplayDevice: org.freedesktop.DBus.Error.ServiceUnknown: The name org.freedesktop.UPower was not provided by any .service files
2026-10-07T15:35:46.265Z pw:browser [pid=4812][err] [4812:4826:1007/153546.263575:ERROR:dbus/bus.cc:405] Failed to connect to the bus: Could not parse server address: Unknown address type (examples of valid types are "tcp" and on UNIX "unix")
2026-10-07T15:35:46.270Z pw:browser [pid=4812][err] [4812:4812:1007/153546.270502:ERROR:dbus/object_proxy.cc:572] Failed to call method: org.freedesktop.DBus.NameHasOwner: object_path= /org/freedesktop/DBus: unknown error type: 
2026-10-07T15:35:46.273Z pw:browser [pid=4812][err] [4812:4826:1007/153546.273387:ERROR:dbus/bus.cc:405] Failed to connect to the bus: Could not parse server address: Unknown address type (examples of valid types are "tcp" and on UNIX "unix")
2026-10-07T15:35:46.293Z pw:browser [pid=4812][err] [4812:4812:1007/153546.293177:ERROR:dbus/object_proxy.cc:572] Failed to call method: org.freedesktop.DBus.NameHasOwner: object_path= /org/freedesktop/DBus: unknown error type: 
2026-10-07T15:35:50.484Z pw:browser [pid=4812][err] [4812:4827:1007/153550.483808:ERROR:google_apis/gcm/engine/registration_request.cc:291] Registration response error message: PHONE_REGISTRATION_ERROR
2026-10-07T15:35:50.503Z pw:browser [pid=4812][err] [4812:4827:1007/153550.503214:ERROR:google_apis/gcm/engine/mcs_client.cc:702]   Error code: 401  Error message: Authentication Failed: wrong_secret
2026-10-07T15:35:50.503Z pw:browser [pid=4812][err] [4812:4827:1007/153550.503568:ERROR:google_apis/gcm/engine/mcs_client.cc:704] Failed to log in to GCM, resetting connection.
2026-10-07T15:36:18.800Z pw:browser [pid=4812][err] [4812:4827:1007/153618.800213:ERROR:google_apis/gcm/engine/registration_request.cc:291] Registration response error message: DEPRECATED_ENDPOINT
2026-10-07T15:37:14.060Z pw:browser [pid=4812][err] [4812:4827:1007/153714.060083:ERROR:google_apis/gcm/engine/registration_request.cc:291] Registration response error message: DEPRECATED_ENDPOINT
2026-10-07T15:37:22.901Z pw:browser [pid=4812] <gracefully close start>
2026-10-07T15:37:24.107Z pw:browser [pid=4812] <process did exit: exitCode=0, signal=null>
2026-10-07T15:37:24.107Z pw:browser [pid=4812] starting temporary directories cleanup
2026-10-07T15:37:24.108Z pw:browser [pid=4812] finished temporary directories cleanup
2026-10-07T15:37:24.108Z pw:browser [pid=4812] <gracefully close end>
TimeoutError: page.waitForEvent: Timeout 95000ms exceeded while waiting for event "download"
=========================== logs ===========================
waiting for event "download"
============================================================
