2026-10-07T15:33:45.074Z pw:browser <launching> /home/runner/.cache/ms-playwright/chromium-1247/chrome-linux64/chrome --disable-field-trial-config --disable-background-networking --disable-background-timer-throttling --disable-backgrounding-occluded-windows --disable-back-forward-cache --disable-breakpad --disable-client-side-phishing-detection --disable-component-extensions-with-background-pages --disable-component-update --no-default-browser-check --disable-default-apps --disable-dev-shm-usage --disable-edgeupdater --disable-extensions --disable-features=AvoidUnnecessaryBeforeUnloadCheckSync,DestroyProfileOnBrowserClose,DialMediaRouteProvider,GlobalMediaControls,HttpsUpgrades,LensOverlay,MediaRouter,PaintHolding,ThirdPartyStoragePartitioning,BlockOriginHeaderModificationOnRedirect,Translate,AutoDeElevate,OptimizationHints,msForceBrowserSignIn,msEdgeUpdateLaunchServicesPreferredVersion --enable-features=CDPScreenshotNewSurface --allow-pre-commit-input --disable-hang-monitor --disable-ipc-flooding-protection --disable-popup-blocking --disable-prompt-on-repost --disable-renderer-backgrounding --disable-updater-scheduler --force-color-profile=srgb --metrics-recording-only --no-first-run --password-store=basic --use-mock-keychain --no-service-autorun --export-tagged-pdf --disable-search-engine-choice-screen --unsafely-disable-devtools-self-xss-warnings --edge-skip-compat-layer-relaunch --disable-infobars --disable-search-engine-choice-screen --disable-sync --enable-unsafe-swiftshader --headless --hide-scrollbars --mute-audio --blink-settings=primaryHoverType=2,availableHoverTypes=2,primaryPointerType=4,availablePointerTypes=4 --no-sandbox --use-gl=angle --use-angle=swiftshader --enable-unsafe-swiftshader --user-data-dir=/home/runner/work/projects-monorepo/projects-monorepo/apps/shot-studio/test-results/maximum-155/profile --remote-debugging-pipe about:blank
2026-10-07T15:33:45.078Z pw:browser <launched> pid=4414
2026-10-07T15:33:45.195Z pw:browser [pid=4414][err] [4414:4428:1007/153345.194618:ERROR:dbus/bus.cc:405] Failed to connect to the bus: Could not parse server address: Unknown address type (examples of valid types are "tcp" and on UNIX "unix")
2026-10-07T15:33:45.356Z pw:browser [pid=4414][err] [4414:4428:1007/153345.356682:ERROR:dbus/bus.cc:405] Failed to connect to the bus: Could not parse server address: Unknown address type (examples of valid types are "tcp" and on UNIX "unix")
2026-10-07T15:33:45.357Z pw:browser [pid=4414][err] [4414:4428:1007/153345.356731:ERROR:dbus/bus.cc:405] Failed to connect to the bus: Could not parse server address: Unknown address type (examples of valid types are "tcp" and on UNIX "unix")
2026-10-07T15:33:45.393Z pw:browser [pid=4414][err] [4414:4428:1007/153345.393213:ERROR:dbus/bus.cc:405] Failed to connect to the bus: Could not parse server address: Unknown address type (examples of valid types are "tcp" and on UNIX "unix")
2026-10-07T15:33:45.474Z pw:browser [pid=4414][err] [4414:4414:1007/153345.474328:ERROR:dbus/object_proxy.cc:572] Failed to call method: org.freedesktop.DBus.NameHasOwner: object_path= /org/freedesktop/DBus: unknown error type: 
2026-10-07T15:33:45.475Z pw:browser [pid=4414][err] [4414:4428:1007/153345.475213:ERROR:dbus/bus.cc:405] Failed to connect to the bus: Could not parse server address: Unknown address type (examples of valid types are "tcp" and on UNIX "unix")
2026-10-07T15:33:45.479Z pw:browser [pid=4414][err] [4414:4414:1007/153345.475703:ERROR:dbus/object_proxy.cc:572] Failed to call method: org.freedesktop.DBus.NameHasOwner: object_path= /org/freedesktop/DBus: unknown error type: 
2026-10-07T15:33:45.479Z pw:browser [pid=4414][err] [4414:4428:1007/153345.476260:ERROR:dbus/bus.cc:405] Failed to connect to the bus: Could not parse server address: Unknown address type (examples of valid types are "tcp" and on UNIX "unix")
2026-10-07T15:33:45.482Z pw:browser [pid=4414][err] [4414:4414:1007/153345.482702:ERROR:dbus/object_proxy.cc:572] Failed to call method: org.freedesktop.DBus.NameHasOwner: object_path= /org/freedesktop/DBus: unknown error type: 
2026-10-07T15:33:45.483Z pw:browser [pid=4414][err] [4414:4428:1007/153345.482955:ERROR:dbus/bus.cc:405] Failed to connect to the bus: Could not parse server address: Unknown address type (examples of valid types are "tcp" and on UNIX "unix")
2026-10-07T15:33:45.502Z pw:browser [pid=4414][err] [4414:4414:1007/153345.501914:ERROR:dbus/object_proxy.cc:572] Failed to call method: org.freedesktop.DBus.NameHasOwner: object_path= /org/freedesktop/DBus: unknown error type: 
2026-10-07T15:33:45.503Z pw:browser [pid=4414][err] [4414:4414:1007/153345.503317:ERROR:dbus/object_proxy.cc:572] Failed to call method: org.freedesktop.DBus.NameHasOwner: object_path= /org/freedesktop/DBus: unknown error type: 
2026-10-07T15:33:45.503Z pw:browser [pid=4414][err] [4414:4428:1007/153345.503655:ERROR:dbus/bus.cc:405] Failed to connect to the bus: Could not parse server address: Unknown address type (examples of valid types are "tcp" and on UNIX "unix")
2026-10-07T15:33:45.505Z pw:browser [pid=4414][err] [4414:4414:1007/153345.505781:ERROR:dbus/object_proxy.cc:572] Failed to call method: org.freedesktop.DBus.NameHasOwner: object_path= /org/freedesktop/DBus: unknown error type: 
2026-10-07T15:33:45.525Z pw:browser [pid=4414][err] [4414:4414:1007/153345.525654:ERROR:dbus/object_proxy.cc:572] Failed to call method: org.freedesktop.DBus.Properties.GetAll: object_path= /org/freedesktop/UPower/devices/DisplayDevice: org.freedesktop.DBus.Error.ServiceUnknown: The name org.freedesktop.UPower was not provided by any .service files
2026-10-07T15:33:45.526Z pw:browser [pid=4414][err] [4414:4414:1007/153345.526089:ERROR:dbus/object_proxy.cc:572] Failed to call method: org.freedesktop.DBus.NameHasOwner: object_path= /org/freedesktop/DBus: unknown error type: 
2026-10-07T15:33:45.526Z pw:browser [pid=4414][err] [4414:4428:1007/153345.526513:ERROR:dbus/bus.cc:405] Failed to connect to the bus: Could not parse server address: Unknown address type (examples of valid types are "tcp" and on UNIX "unix")
2026-10-07T15:33:45.539Z pw:browser [pid=4414][err] [4414:4414:1007/153345.539549:ERROR:dbus/object_proxy.cc:572] Failed to call method: org.freedesktop.DBus.NameHasOwner: object_path= /org/freedesktop/DBus: unknown error type: 
2026-10-07T15:33:45.539Z pw:browser [pid=4414][err] [4414:4428:1007/153345.539616:ERROR:dbus/bus.cc:405] Failed to connect to the bus: Could not parse server address: Unknown address type (examples of valid types are "tcp" and on UNIX "unix")
2026-10-07T15:33:45.556Z pw:browser [pid=4414][err] [4414:4414:1007/153345.556128:ERROR:dbus/object_proxy.cc:572] Failed to call method: org.freedesktop.DBus.NameHasOwner: object_path= /org/freedesktop/DBus: unknown error type: 
2026-10-07T15:33:49.736Z pw:browser [pid=4414][err] [4414:4431:1007/153349.736426:ERROR:google_apis/gcm/engine/registration_request.cc:291] Registration response error message: DEPRECATED_ENDPOINT
2026-10-07T15:33:49.825Z pw:browser [pid=4414][err] [4414:4431:1007/153349.825715:ERROR:google_apis/gcm/engine/mcs_client.cc:702]   Error code: 401  Error message: Authentication Failed: wrong_secret
2026-10-07T15:33:49.825Z pw:browser [pid=4414][err] [4414:4431:1007/153349.825732:ERROR:google_apis/gcm/engine/mcs_client.cc:704] Failed to log in to GCM, resetting connection.
2026-10-07T15:34:00.166Z pw:browser [pid=4414] <gracefully close start>
2026-10-07T15:34:00.303Z pw:browser [pid=4414] <process did exit: exitCode=0, signal=null>
2026-10-07T15:34:00.303Z pw:browser [pid=4414] starting temporary directories cleanup
2026-10-07T15:34:00.309Z pw:browser [pid=4414] finished temporary directories cleanup
2026-10-07T15:34:00.309Z pw:browser [pid=4414] <gracefully close end>
2026-10-07T15:34:00.312Z pw:browser <launching> /home/runner/.cache/ms-playwright/chromium-1247/chrome-linux64/chrome --disable-field-trial-config --disable-background-networking --disable-background-timer-throttling --disable-backgrounding-occluded-windows --disable-back-forward-cache --disable-breakpad --disable-client-side-phishing-detection --disable-component-extensions-with-background-pages --disable-component-update --no-default-browser-check --disable-default-apps --disable-dev-shm-usage --disable-edgeupdater --disable-extensions --disable-features=AvoidUnnecessaryBeforeUnloadCheckSync,DestroyProfileOnBrowserClose,DialMediaRouteProvider,GlobalMediaControls,HttpsUpgrades,LensOverlay,MediaRouter,PaintHolding,ThirdPartyStoragePartitioning,BlockOriginHeaderModificationOnRedirect,Translate,AutoDeElevate,OptimizationHints,msForceBrowserSignIn,msEdgeUpdateLaunchServicesPreferredVersion --enable-features=CDPScreenshotNewSurface --allow-pre-commit-input --disable-hang-monitor --disable-ipc-flooding-protection --disable-popup-blocking --disable-prompt-on-repost --disable-renderer-backgrounding --disable-updater-scheduler --force-color-profile=srgb --metrics-recording-only --no-first-run --password-store=basic --use-mock-keychain --no-service-autorun --export-tagged-pdf --disable-search-engine-choice-screen --unsafely-disable-devtools-self-xss-warnings --edge-skip-compat-layer-relaunch --disable-infobars --disable-search-engine-choice-screen --disable-sync --enable-unsafe-swiftshader --headless --hide-scrollbars --mute-audio --blink-settings=primaryHoverType=2,availableHoverTypes=2,primaryPointerType=4,availablePointerTypes=4 --no-sandbox --use-gl=angle --use-angle=swiftshader --enable-unsafe-swiftshader --user-data-dir=/home/runner/work/projects-monorepo/projects-monorepo/apps/shot-studio/test-results/maximum-155/profile --remote-debugging-pipe about:blank
2026-10-07T15:34:00.317Z pw:browser <launched> pid=4581
2026-10-07T15:34:00.364Z pw:browser [pid=4581][err] [4581:4595:1007/153400.363716:ERROR:dbus/bus.cc:405] Failed to connect to the bus: Could not parse server address: Unknown address type (examples of valid types are "tcp" and on UNIX "unix")
2026-10-07T15:34:00.364Z pw:browser [pid=4581][err] [4581:4595:1007/153400.364507:ERROR:dbus/bus.cc:405] Failed to connect to the bus: Could not parse server address: Unknown address type (examples of valid types are "tcp" and on UNIX "unix")
2026-10-07T15:34:00.364Z pw:browser [pid=4581][err] [4581:4595:1007/153400.364526:ERROR:dbus/bus.cc:405] Failed to connect to the bus: Could not parse server address: Unknown address type (examples of valid types are "tcp" and on UNIX "unix")
2026-10-07T15:34:00.423Z pw:browser [pid=4581][err] [4581:4595:1007/153400.423661:ERROR:dbus/bus.cc:405] Failed to connect to the bus: Could not parse server address: Unknown address type (examples of valid types are "tcp" and on UNIX "unix")
2026-10-07T15:34:00.507Z pw:browser [pid=4581][err] [4581:4581:1007/153400.507637:ERROR:dbus/object_proxy.cc:572] Failed to call method: org.freedesktop.DBus.NameHasOwner: object_path= /org/freedesktop/DBus: unknown error type: 
2026-10-07T15:34:00.508Z pw:browser [pid=4581][err] [4581:4595:1007/153400.508046:ERROR:dbus/bus.cc:405] Failed to connect to the bus: Could not parse server address: Unknown address type (examples of valid types are "tcp" and on UNIX "unix")
2026-10-07T15:34:00.508Z pw:browser [pid=4581][err] [4581:4581:1007/153400.508205:ERROR:dbus/object_proxy.cc:572] Failed to call method: org.freedesktop.DBus.NameHasOwner: object_path= /org/freedesktop/DBus: unknown error type: 
2026-10-07T15:34:00.508Z pw:browser [pid=4581][err] [4581:4595:1007/153400.508254:ERROR:dbus/bus.cc:405] Failed to connect to the bus: Could not parse server address: Unknown address type (examples of valid types are "tcp" and on UNIX "unix")
2026-10-07T15:34:00.518Z pw:browser [pid=4581][err] [4581:4581:1007/153400.518255:ERROR:dbus/object_proxy.cc:572] Failed to call method: org.freedesktop.DBus.NameHasOwner: object_path= /org/freedesktop/DBus: unknown error type: 
2026-10-07T15:34:00.518Z pw:browser [pid=4581][err] [4581:4595:1007/153400.518315:ERROR:dbus/bus.cc:405] Failed to connect to the bus: Could not parse server address: Unknown address type (examples of valid types are "tcp" and on UNIX "unix")
2026-10-07T15:34:00.539Z pw:browser [pid=4581][err] [4581:4581:1007/153400.538669:ERROR:dbus/object_proxy.cc:572] Failed to call method: org.freedesktop.DBus.NameHasOwner: object_path= /org/freedesktop/DBus: unknown error type: 
2026-10-07T15:34:00.539Z pw:browser [pid=4581][err] [4581:4581:1007/153400.538697:ERROR:dbus/object_proxy.cc:572] Failed to call method: org.freedesktop.DBus.NameHasOwner: object_path= /org/freedesktop/DBus: unknown error type: 
2026-10-07T15:34:00.539Z pw:browser [pid=4581][err] [4581:4595:1007/153400.538999:ERROR:dbus/bus.cc:405] Failed to connect to the bus: Could not parse server address: Unknown address type (examples of valid types are "tcp" and on UNIX "unix")
2026-10-07T15:34:00.542Z pw:browser [pid=4581][err] [4581:4581:1007/153400.541988:ERROR:dbus/object_proxy.cc:572] Failed to call method: org.freedesktop.DBus.NameHasOwner: object_path= /org/freedesktop/DBus: unknown error type: 
2026-10-07T15:34:00.560Z pw:browser [pid=4581][err] [4581:4581:1007/153400.560554:ERROR:dbus/object_proxy.cc:572] Failed to call method: org.freedesktop.DBus.NameHasOwner: object_path= /org/freedesktop/DBus: unknown error type: 
2026-10-07T15:34:00.562Z pw:browser [pid=4581][err] [4581:4595:1007/153400.562439:ERROR:dbus/bus.cc:405] Failed to connect to the bus: Could not parse server address: Unknown address type (examples of valid types are "tcp" and on UNIX "unix")
2026-10-07T15:34:00.562Z pw:browser [pid=4581][err] [4581:4581:1007/153400.562810:ERROR:dbus/object_proxy.cc:572] Failed to call method: org.freedesktop.DBus.Properties.GetAll: object_path= /org/freedesktop/UPower/devices/DisplayDevice: org.freedesktop.DBus.Error.ServiceUnknown: The name org.freedesktop.UPower was not provided by any .service files
2026-10-07T15:34:00.576Z pw:browser [pid=4581][err] [4581:4581:1007/153400.576326:ERROR:dbus/object_proxy.cc:572] Failed to call method: org.freedesktop.DBus.NameHasOwner: object_path= /org/freedesktop/DBus: unknown error type: 
2026-10-07T15:34:00.577Z pw:browser [pid=4581][err] [4581:4595:1007/153400.576669:ERROR:dbus/bus.cc:405] Failed to connect to the bus: Could not parse server address: Unknown address type (examples of valid types are "tcp" and on UNIX "unix")
2026-10-07T15:34:00.607Z pw:browser [pid=4581][err] [4581:4581:1007/153400.606982:ERROR:dbus/object_proxy.cc:572] Failed to call method: org.freedesktop.DBus.NameHasOwner: object_path= /org/freedesktop/DBus: unknown error type: 
2026-10-07T15:34:04.599Z pw:browser [pid=4581][err] [4581:4596:1007/153404.598922:ERROR:google_apis/gcm/engine/registration_request.cc:291] Registration response error message: DEPRECATED_ENDPOINT
2026-10-07T15:34:32.200Z pw:browser [pid=4581][err] [4581:4596:1007/153432.200451:ERROR:google_apis/gcm/engine/registration_request.cc:291] Registration response error message: DEPRECATED_ENDPOINT
2026-10-07T15:35:25.518Z pw:browser [pid=4581][err] [4581:4596:1007/153525.518373:ERROR:google_apis/gcm/engine/registration_request.cc:291] Registration response error message: QUOTA_EXCEEDED
2026-10-07T15:35:37.484Z pw:browser [pid=4581] <gracefully close start>
2026-10-07T15:35:38.235Z pw:browser [pid=4581] <process did exit: exitCode=0, signal=null>
2026-10-07T15:35:38.235Z pw:browser [pid=4581] starting temporary directories cleanup
2026-10-07T15:35:38.237Z pw:browser [pid=4581] finished temporary directories cleanup
2026-10-07T15:35:38.237Z pw:browser [pid=4581] <gracefully close end>
TimeoutError: page.waitForEvent: Timeout 95000ms exceeded while waiting for event "download"
=========================== logs ===========================
waiting for event "download"
============================================================
