2026-10-07T21:19:11.563Z pw:browser <launching> /home/runner/.cache/ms-playwright/chromium-1247/chrome-linux64/chrome --disable-field-trial-config --disable-background-networking --disable-background-timer-throttling --disable-backgrounding-occluded-windows --disable-back-forward-cache --disable-breakpad --disable-client-side-phishing-detection --disable-component-extensions-with-background-pages --disable-component-update --no-default-browser-check --disable-default-apps --disable-dev-shm-usage --disable-edgeupdater --disable-extensions --disable-features=AvoidUnnecessaryBeforeUnloadCheckSync,DestroyProfileOnBrowserClose,DialMediaRouteProvider,GlobalMediaControls,HttpsUpgrades,LensOverlay,MediaRouter,PaintHolding,ThirdPartyStoragePartitioning,BlockOriginHeaderModificationOnRedirect,Translate,AutoDeElevate,OptimizationHints,msForceBrowserSignIn,msEdgeUpdateLaunchServicesPreferredVersion --enable-features=CDPScreenshotNewSurface --allow-pre-commit-input --disable-hang-monitor --disable-ipc-flooding-protection --disable-popup-blocking --disable-prompt-on-repost --disable-renderer-backgrounding --disable-updater-scheduler --force-color-profile=srgb --metrics-recording-only --no-first-run --password-store=basic --use-mock-keychain --no-service-autorun --export-tagged-pdf --disable-search-engine-choice-screen --unsafely-disable-devtools-self-xss-warnings --edge-skip-compat-layer-relaunch --disable-infobars --disable-search-engine-choice-screen --disable-sync --enable-unsafe-swiftshader --headless --hide-scrollbars --mute-audio --blink-settings=primaryHoverType=2,availableHoverTypes=2,primaryPointerType=4,availablePointerTypes=4 --no-sandbox --use-gl=angle --use-angle=swiftshader --enable-unsafe-swiftshader --user-data-dir=/home/runner/work/projects-monorepo/projects-monorepo/apps/shot-studio/test-results/stage-timing-155/profile --remote-debugging-pipe about:blank
2026-10-07T21:19:11.567Z pw:browser <launched> pid=4887
2026-10-07T21:19:11.618Z pw:browser [pid=4887][err] [4887:4901:1007/211911.615804:ERROR:dbus/bus.cc:405] Failed to connect to the bus: Could not parse server address: Unknown address type (examples of valid types are "tcp" and on UNIX "unix")
2026-10-07T21:19:11.618Z pw:browser [pid=4887][err] [4887:4901:1007/211911.616400:ERROR:dbus/bus.cc:405] Failed to connect to the bus: Could not parse server address: Unknown address type (examples of valid types are "tcp" and on UNIX "unix")
2026-10-07T21:19:11.618Z pw:browser [pid=4887][err] [4887:4901:1007/211911.616419:ERROR:dbus/bus.cc:405] Failed to connect to the bus: Could not parse server address: Unknown address type (examples of valid types are "tcp" and on UNIX "unix")
2026-10-07T21:19:11.659Z pw:browser [pid=4887][err] [4887:4901:1007/211911.659592:ERROR:dbus/bus.cc:405] Failed to connect to the bus: Could not parse server address: Unknown address type (examples of valid types are "tcp" and on UNIX "unix")
2026-10-07T21:19:11.746Z pw:browser [pid=4887][err] [4887:4887:1007/211911.746012:ERROR:dbus/object_proxy.cc:572] Failed to call method: org.freedesktop.DBus.NameHasOwner: object_path= /org/freedesktop/DBus: unknown error type: 
2026-10-07T21:19:11.747Z pw:browser [pid=4887][err] [4887:4901:1007/211911.746087:ERROR:dbus/bus.cc:405] Failed to connect to the bus: Could not parse server address: Unknown address type (examples of valid types are "tcp" and on UNIX "unix")
2026-10-07T21:19:11.747Z pw:browser [pid=4887][err] [4887:4887:1007/211911.746104:ERROR:dbus/object_proxy.cc:572] Failed to call method: org.freedesktop.DBus.NameHasOwner: object_path= /org/freedesktop/DBus: unknown error type: 
2026-10-07T21:19:11.747Z pw:browser [pid=4887][err] [4887:4901:1007/211911.746140:ERROR:dbus/bus.cc:405] Failed to connect to the bus: Could not parse server address: Unknown address type (examples of valid types are "tcp" and on UNIX "unix")
2026-10-07T21:19:11.754Z pw:browser [pid=4887][err] [4887:4887:1007/211911.754464:ERROR:dbus/object_proxy.cc:572] Failed to call method: org.freedesktop.DBus.NameHasOwner: object_path= /org/freedesktop/DBus: unknown error type: 
2026-10-07T21:19:11.756Z pw:browser [pid=4887][err] [4887:4901:1007/211911.755280:ERROR:dbus/bus.cc:405] Failed to connect to the bus: Could not parse server address: Unknown address type (examples of valid types are "tcp" and on UNIX "unix")
2026-10-07T21:19:11.783Z pw:browser [pid=4887][err] [4887:4887:1007/211911.782383:ERROR:dbus/object_proxy.cc:572] Failed to call method: org.freedesktop.DBus.NameHasOwner: object_path= /org/freedesktop/DBus: unknown error type: 
2026-10-07T21:19:11.783Z pw:browser [pid=4887][err] [4887:4887:1007/211911.782412:ERROR:dbus/object_proxy.cc:572] Failed to call method: org.freedesktop.DBus.NameHasOwner: object_path= /org/freedesktop/DBus: unknown error type: 
2026-10-07T21:19:11.784Z pw:browser [pid=4887][err] [4887:4901:1007/211911.783951:ERROR:dbus/bus.cc:405] Failed to connect to the bus: Could not parse server address: Unknown address type (examples of valid types are "tcp" and on UNIX "unix")
2026-10-07T21:19:11.786Z pw:browser [pid=4887][err] [4887:4887:1007/211911.786104:ERROR:dbus/object_proxy.cc:572] Failed to call method: org.freedesktop.DBus.NameHasOwner: object_path= /org/freedesktop/DBus: unknown error type: 
2026-10-07T21:19:11.809Z pw:browser [pid=4887][err] [4887:4887:1007/211911.806157:ERROR:dbus/object_proxy.cc:572] Failed to call method: org.freedesktop.DBus.NameHasOwner: object_path= /org/freedesktop/DBus: unknown error type: 
2026-10-07T21:19:11.809Z pw:browser [pid=4887][err] [4887:4887:1007/211911.806242:ERROR:dbus/object_proxy.cc:572] Failed to call method: org.freedesktop.DBus.Properties.GetAll: object_path= /org/freedesktop/UPower/devices/DisplayDevice: org.freedesktop.DBus.Error.ServiceUnknown: The name org.freedesktop.UPower was not provided by any .service files
2026-10-07T21:19:11.809Z pw:browser [pid=4887][err] [4887:4901:1007/211911.808242:ERROR:dbus/bus.cc:405] Failed to connect to the bus: Could not parse server address: Unknown address type (examples of valid types are "tcp" and on UNIX "unix")
2026-10-07T21:19:11.822Z pw:browser [pid=4887][err] [4887:4887:1007/211911.819957:ERROR:dbus/object_proxy.cc:572] Failed to call method: org.freedesktop.DBus.NameHasOwner: object_path= /org/freedesktop/DBus: unknown error type: 
2026-10-07T21:19:11.822Z pw:browser [pid=4887][err] [4887:4901:1007/211911.820025:ERROR:dbus/bus.cc:405] Failed to connect to the bus: Could not parse server address: Unknown address type (examples of valid types are "tcp" and on UNIX "unix")
2026-10-07T21:19:11.844Z pw:browser [pid=4887][err] [4887:4887:1007/211911.844397:ERROR:dbus/object_proxy.cc:572] Failed to call method: org.freedesktop.DBus.NameHasOwner: object_path= /org/freedesktop/DBus: unknown error type: 
2026-10-07T21:19:15.944Z pw:browser [pid=4887][err] [4887:4902:1007/211915.944312:ERROR:google_apis/gcm/engine/registration_request.cc:291] Registration response error message: QUOTA_EXCEEDED
2026-10-07T21:19:26.521Z pw:browser [pid=4887] <gracefully close start>
2026-10-07T21:19:26.611Z pw:browser [pid=4887] <process did exit: exitCode=0, signal=null>
2026-10-07T21:19:26.611Z pw:browser [pid=4887] starting temporary directories cleanup
2026-10-07T21:19:26.616Z pw:browser [pid=4887] finished temporary directories cleanup
2026-10-07T21:19:26.616Z pw:browser [pid=4887] <gracefully close end>
2026-10-07T21:19:26.619Z pw:browser <launching> /home/runner/.cache/ms-playwright/chromium-1247/chrome-linux64/chrome --disable-field-trial-config --disable-background-networking --disable-background-timer-throttling --disable-backgrounding-occluded-windows --disable-back-forward-cache --disable-breakpad --disable-client-side-phishing-detection --disable-component-extensions-with-background-pages --disable-component-update --no-default-browser-check --disable-default-apps --disable-dev-shm-usage --disable-edgeupdater --disable-extensions --disable-features=AvoidUnnecessaryBeforeUnloadCheckSync,DestroyProfileOnBrowserClose,DialMediaRouteProvider,GlobalMediaControls,HttpsUpgrades,LensOverlay,MediaRouter,PaintHolding,ThirdPartyStoragePartitioning,BlockOriginHeaderModificationOnRedirect,Translate,AutoDeElevate,OptimizationHints,msForceBrowserSignIn,msEdgeUpdateLaunchServicesPreferredVersion --enable-features=CDPScreenshotNewSurface --allow-pre-commit-input --disable-hang-monitor --disable-ipc-flooding-protection --disable-popup-blocking --disable-prompt-on-repost --disable-renderer-backgrounding --disable-updater-scheduler --force-color-profile=srgb --metrics-recording-only --no-first-run --password-store=basic --use-mock-keychain --no-service-autorun --export-tagged-pdf --disable-search-engine-choice-screen --unsafely-disable-devtools-self-xss-warnings --edge-skip-compat-layer-relaunch --disable-infobars --disable-search-engine-choice-screen --disable-sync --enable-unsafe-swiftshader --headless --hide-scrollbars --mute-audio --blink-settings=primaryHoverType=2,availableHoverTypes=2,primaryPointerType=4,availablePointerTypes=4 --no-sandbox --use-gl=angle --use-angle=swiftshader --enable-unsafe-swiftshader --user-data-dir=/home/runner/work/projects-monorepo/projects-monorepo/apps/shot-studio/test-results/stage-timing-155/profile --remote-debugging-pipe about:blank
2026-10-07T21:19:26.623Z pw:browser <launched> pid=5068
2026-10-07T21:19:26.661Z pw:browser [pid=5068][err] [5068:5082:1007/211926.661296:ERROR:dbus/bus.cc:405] Failed to connect to the bus: Could not parse server address: Unknown address type (examples of valid types are "tcp" and on UNIX "unix")
2026-10-07T21:19:26.679Z pw:browser [pid=5068][err] [5068:5082:1007/211926.678730:ERROR:dbus/bus.cc:405] Failed to connect to the bus: Could not parse server address: Unknown address type (examples of valid types are "tcp" and on UNIX "unix")
2026-10-07T21:19:26.679Z pw:browser [pid=5068][err] [5068:5082:1007/211926.678762:ERROR:dbus/bus.cc:405] Failed to connect to the bus: Could not parse server address: Unknown address type (examples of valid types are "tcp" and on UNIX "unix")
2026-10-07T21:19:26.721Z pw:browser [pid=5068][err] [5068:5082:1007/211926.720928:ERROR:dbus/bus.cc:405] Failed to connect to the bus: Could not parse server address: Unknown address type (examples of valid types are "tcp" and on UNIX "unix")
2026-10-07T21:19:26.802Z pw:browser [pid=5068][err] [5068:5068:1007/211926.802230:ERROR:dbus/object_proxy.cc:572] Failed to call method: org.freedesktop.DBus.NameHasOwner: object_path= /org/freedesktop/DBus: unknown error type: 
2026-10-07T21:19:26.804Z pw:browser [pid=5068][err] [5068:5082:1007/211926.802649:ERROR:dbus/bus.cc:405] Failed to connect to the bus: Could not parse server address: Unknown address type (examples of valid types are "tcp" and on UNIX "unix")
2026-10-07T21:19:26.804Z pw:browser [pid=5068][err] [5068:5068:1007/211926.803229:ERROR:dbus/object_proxy.cc:572] Failed to call method: org.freedesktop.DBus.NameHasOwner: object_path= /org/freedesktop/DBus: unknown error type: 
2026-10-07T21:19:26.804Z pw:browser [pid=5068][err] [5068:5082:1007/211926.804669:ERROR:dbus/bus.cc:405] Failed to connect to the bus: Could not parse server address: Unknown address type (examples of valid types are "tcp" and on UNIX "unix")
2026-10-07T21:19:26.811Z pw:browser [pid=5068][err] [5068:5068:1007/211926.809243:ERROR:dbus/object_proxy.cc:572] Failed to call method: org.freedesktop.DBus.NameHasOwner: object_path= /org/freedesktop/DBus: unknown error type: 
2026-10-07T21:19:26.811Z pw:browser [pid=5068][err] [5068:5082:1007/211926.809959:ERROR:dbus/bus.cc:405] Failed to connect to the bus: Could not parse server address: Unknown address type (examples of valid types are "tcp" and on UNIX "unix")
2026-10-07T21:19:26.828Z pw:browser [pid=5068][err] [5068:5068:1007/211926.828554:ERROR:dbus/object_proxy.cc:572] Failed to call method: org.freedesktop.DBus.NameHasOwner: object_path= /org/freedesktop/DBus: unknown error type: 
2026-10-07T21:19:26.829Z pw:browser [pid=5068][err] [5068:5068:1007/211926.829103:ERROR:dbus/object_proxy.cc:572] Failed to call method: org.freedesktop.DBus.NameHasOwner: object_path= /org/freedesktop/DBus: unknown error type: 
2026-10-07T21:19:26.829Z pw:browser [pid=5068][err] [5068:5082:1007/211926.829558:ERROR:dbus/bus.cc:405] Failed to connect to the bus: Could not parse server address: Unknown address type (examples of valid types are "tcp" and on UNIX "unix")
2026-10-07T21:19:26.832Z pw:browser [pid=5068][err] [5068:5068:1007/211926.831377:ERROR:dbus/object_proxy.cc:572] Failed to call method: org.freedesktop.DBus.NameHasOwner: object_path= /org/freedesktop/DBus: unknown error type: 
2026-10-07T21:19:26.843Z pw:browser [pid=5068][err] [5068:5068:1007/211926.842912:ERROR:dbus/object_proxy.cc:572] Failed to call method: org.freedesktop.DBus.NameHasOwner: object_path= /org/freedesktop/DBus: unknown error type: 
2026-10-07T21:19:26.843Z pw:browser [pid=5068][err] [5068:5068:1007/211926.843195:ERROR:dbus/object_proxy.cc:572] Failed to call method: org.freedesktop.DBus.Properties.GetAll: object_path= /org/freedesktop/UPower/devices/DisplayDevice: org.freedesktop.DBus.Error.ServiceUnknown: The name org.freedesktop.UPower was not provided by any .service files
2026-10-07T21:19:26.844Z pw:browser [pid=5068][err] [5068:5082:1007/211926.844207:ERROR:dbus/bus.cc:405] Failed to connect to the bus: Could not parse server address: Unknown address type (examples of valid types are "tcp" and on UNIX "unix")
2026-10-07T21:19:26.859Z pw:browser [pid=5068][err] [5068:5068:1007/211926.858922:ERROR:dbus/object_proxy.cc:572] Failed to call method: org.freedesktop.DBus.NameHasOwner: object_path= /org/freedesktop/DBus: unknown error type: 
2026-10-07T21:19:26.862Z pw:browser [pid=5068][err] [5068:5082:1007/211926.859043:ERROR:dbus/bus.cc:405] Failed to connect to the bus: Could not parse server address: Unknown address type (examples of valid types are "tcp" and on UNIX "unix")
2026-10-07T21:19:26.877Z pw:browser [pid=5068][err] [5068:5068:1007/211926.877074:ERROR:dbus/object_proxy.cc:572] Failed to call method: org.freedesktop.DBus.NameHasOwner: object_path= /org/freedesktop/DBus: unknown error type: 
2026-10-07T21:19:30.909Z pw:browser [pid=5068][err] [5068:5084:1007/211930.909365:ERROR:google_apis/gcm/engine/registration_request.cc:291] Registration response error message: DEPRECATED_ENDPOINT
2026-10-07T21:19:52.834Z pw:browser [pid=5068][err] [5068:5084:1007/211952.834655:ERROR:google_apis/gcm/engine/registration_request.cc:291] Registration response error message: DEPRECATED_ENDPOINT
2026-10-07T21:20:39.212Z pw:browser [pid=5068] <gracefully close start>
2026-10-07T21:20:39.305Z pw:browser [pid=5068] <process did exit: exitCode=0, signal=null>
2026-10-07T21:20:39.305Z pw:browser [pid=5068] starting temporary directories cleanup
2026-10-07T21:20:39.307Z pw:browser [pid=5068] finished temporary directories cleanup
2026-10-07T21:20:39.307Z pw:browser [pid=5068] <gracefully close end>
