2026-10-08T02:27:53.273Z pw:browser <launching> /home/runner/.cache/ms-playwright/chromium-1247/chrome-linux64/chrome --disable-field-trial-config --disable-background-networking --disable-background-timer-throttling --disable-backgrounding-occluded-windows --disable-back-forward-cache --disable-breakpad --disable-client-side-phishing-detection --disable-component-extensions-with-background-pages --disable-component-update --no-default-browser-check --disable-default-apps --disable-dev-shm-usage --disable-edgeupdater --disable-extensions --disable-features=AvoidUnnecessaryBeforeUnloadCheckSync,DestroyProfileOnBrowserClose,DialMediaRouteProvider,GlobalMediaControls,HttpsUpgrades,LensOverlay,MediaRouter,PaintHolding,ThirdPartyStoragePartitioning,BlockOriginHeaderModificationOnRedirect,Translate,AutoDeElevate,OptimizationHints,msForceBrowserSignIn,msEdgeUpdateLaunchServicesPreferredVersion --enable-features=CDPScreenshotNewSurface --allow-pre-commit-input --disable-hang-monitor --disable-ipc-flooding-protection --disable-popup-blocking --disable-prompt-on-repost --disable-renderer-backgrounding --disable-updater-scheduler --force-color-profile=srgb --metrics-recording-only --no-first-run --password-store=basic --use-mock-keychain --no-service-autorun --export-tagged-pdf --disable-search-engine-choice-screen --unsafely-disable-devtools-self-xss-warnings --edge-skip-compat-layer-relaunch --disable-infobars --disable-search-engine-choice-screen --disable-sync --enable-unsafe-swiftshader --headless --hide-scrollbars --mute-audio --blink-settings=primaryHoverType=2,availableHoverTypes=2,primaryPointerType=4,availablePointerTypes=4 --no-sandbox --use-gl=angle --use-angle=swiftshader --enable-unsafe-swiftshader --user-data-dir=/home/runner/work/projects-monorepo/projects-monorepo/apps/shot-studio/test-results/stage-timing-155/profile --remote-debugging-pipe about:blank
2026-10-08T02:27:53.276Z pw:browser <launched> pid=4512
2026-10-08T02:27:53.315Z pw:browser [pid=4512][err] [4512:4526:1008/022753.313349:ERROR:dbus/bus.cc:405] Failed to connect to the bus: Could not parse server address: Unknown address type (examples of valid types are "tcp" and on UNIX "unix")
2026-10-08T02:27:53.315Z pw:browser [pid=4512][err] [4512:4526:1008/022753.314096:ERROR:dbus/bus.cc:405] Failed to connect to the bus: Could not parse server address: Unknown address type (examples of valid types are "tcp" and on UNIX "unix")
2026-10-08T02:27:53.315Z pw:browser [pid=4512][err] [4512:4526:1008/022753.314108:ERROR:dbus/bus.cc:405] Failed to connect to the bus: Could not parse server address: Unknown address type (examples of valid types are "tcp" and on UNIX "unix")
2026-10-08T02:27:53.343Z pw:browser [pid=4512][err] [4512:4526:1008/022753.343459:ERROR:dbus/bus.cc:405] Failed to connect to the bus: Could not parse server address: Unknown address type (examples of valid types are "tcp" and on UNIX "unix")
2026-10-08T02:27:53.443Z pw:browser [pid=4512][err] [4512:4512:1008/022753.441961:ERROR:dbus/object_proxy.cc:572] Failed to call method: org.freedesktop.DBus.NameHasOwner: object_path= /org/freedesktop/DBus: unknown error type: 
2026-10-08T02:27:53.444Z pw:browser [pid=4512][err] [4512:4512:1008/022753.442060:ERROR:dbus/object_proxy.cc:572] Failed to call method: org.freedesktop.DBus.NameHasOwner: object_path= /org/freedesktop/DBus: unknown error type: 
2026-10-08T02:27:53.445Z pw:browser [pid=4512][err] [4512:4526:1008/022753.442253:ERROR:dbus/bus.cc:405] Failed to connect to the bus: Could not parse server address: Unknown address type (examples of valid types are "tcp" and on UNIX "unix")
2026-10-08T02:27:53.445Z pw:browser [pid=4512][err] [4512:4526:1008/022753.442742:ERROR:dbus/bus.cc:405] Failed to connect to the bus: Could not parse server address: Unknown address type (examples of valid types are "tcp" and on UNIX "unix")
2026-10-08T02:27:53.462Z pw:browser [pid=4512][err] [4512:4512:1008/022753.462454:ERROR:dbus/object_proxy.cc:572] Failed to call method: org.freedesktop.DBus.NameHasOwner: object_path= /org/freedesktop/DBus: unknown error type: 
2026-10-08T02:27:53.463Z pw:browser [pid=4512][err] [4512:4526:1008/022753.463071:ERROR:dbus/bus.cc:405] Failed to connect to the bus: Could not parse server address: Unknown address type (examples of valid types are "tcp" and on UNIX "unix")
2026-10-08T02:27:53.475Z pw:browser [pid=4512][err] [4512:4512:1008/022753.474889:ERROR:dbus/object_proxy.cc:572] Failed to call method: org.freedesktop.DBus.NameHasOwner: object_path= /org/freedesktop/DBus: unknown error type: 
2026-10-08T02:27:53.475Z pw:browser [pid=4512][err] [4512:4512:1008/022753.474910:ERROR:dbus/object_proxy.cc:572] Failed to call method: org.freedesktop.DBus.NameHasOwner: object_path= /org/freedesktop/DBus: unknown error type: 
2026-10-08T02:27:53.476Z pw:browser [pid=4512][err] [4512:4526:1008/022753.475107:ERROR:dbus/bus.cc:405] Failed to connect to the bus: Could not parse server address: Unknown address type (examples of valid types are "tcp" and on UNIX "unix")
2026-10-08T02:27:53.477Z pw:browser [pid=4512][err] [4512:4512:1008/022753.477457:ERROR:dbus/object_proxy.cc:572] Failed to call method: org.freedesktop.DBus.NameHasOwner: object_path= /org/freedesktop/DBus: unknown error type: 
2026-10-08T02:27:53.490Z pw:browser [pid=4512][err] [4512:4512:1008/022753.489787:ERROR:dbus/object_proxy.cc:572] Failed to call method: org.freedesktop.DBus.NameHasOwner: object_path= /org/freedesktop/DBus: unknown error type: 
2026-10-08T02:27:53.490Z pw:browser [pid=4512][err] [4512:4526:1008/022753.490094:ERROR:dbus/bus.cc:405] Failed to connect to the bus: Could not parse server address: Unknown address type (examples of valid types are "tcp" and on UNIX "unix")
2026-10-08T02:27:53.491Z pw:browser [pid=4512][err] [4512:4512:1008/022753.490114:ERROR:dbus/object_proxy.cc:572] Failed to call method: org.freedesktop.DBus.Properties.GetAll: object_path= /org/freedesktop/UPower/devices/DisplayDevice: org.freedesktop.DBus.Error.ServiceUnknown: The name org.freedesktop.UPower was not provided by any .service files
2026-10-08T02:27:53.500Z pw:browser [pid=4512][err] [4512:4512:1008/022753.497872:ERROR:dbus/object_proxy.cc:572] Failed to call method: org.freedesktop.DBus.NameHasOwner: object_path= /org/freedesktop/DBus: unknown error type: 
2026-10-08T02:27:53.500Z pw:browser [pid=4512][err] [4512:4526:1008/022753.497935:ERROR:dbus/bus.cc:405] Failed to connect to the bus: Could not parse server address: Unknown address type (examples of valid types are "tcp" and on UNIX "unix")
2026-10-08T02:27:53.507Z pw:browser [pid=4512][err] [4512:4512:1008/022753.506930:ERROR:dbus/object_proxy.cc:572] Failed to call method: org.freedesktop.DBus.NameHasOwner: object_path= /org/freedesktop/DBus: unknown error type: 
2026-10-08T02:27:56.650Z pw:browser [pid=4512][err] [4512:4527:1008/022756.649919:ERROR:google_apis/gcm/engine/registration_request.cc:291] Registration response error message: PHONE_REGISTRATION_ERROR
2026-10-08T02:27:56.662Z pw:browser [pid=4512][err] [4512:4527:1008/022756.661953:ERROR:google_apis/gcm/engine/registration_request.cc:291] Registration response error message: PHONE_REGISTRATION_ERROR
2026-10-08T02:27:56.667Z pw:browser [pid=4512][err] [4512:4527:1008/022756.667498:ERROR:google_apis/gcm/engine/registration_request.cc:291] Registration response error message: PHONE_REGISTRATION_ERROR
2026-10-08T02:27:56.709Z pw:browser [pid=4512][err] [4512:4527:1008/022756.708815:ERROR:google_apis/gcm/engine/mcs_client.cc:702]   Error code: 401  Error message: Authentication Failed: wrong_secret
2026-10-08T02:27:56.709Z pw:browser [pid=4512][err] [4512:4527:1008/022756.709200:ERROR:google_apis/gcm/engine/mcs_client.cc:704] Failed to log in to GCM, resetting connection.
2026-10-08T02:28:02.750Z pw:browser [pid=4512] <gracefully close start>
2026-10-08T02:28:02.834Z pw:browser [pid=4512] <process did exit: exitCode=0, signal=null>
2026-10-08T02:28:02.835Z pw:browser [pid=4512] starting temporary directories cleanup
2026-10-08T02:28:02.838Z pw:browser [pid=4512] finished temporary directories cleanup
2026-10-08T02:28:02.839Z pw:browser [pid=4512] <gracefully close end>
2026-10-08T02:28:02.840Z pw:browser <launching> /home/runner/.cache/ms-playwright/chromium-1247/chrome-linux64/chrome --disable-field-trial-config --disable-background-networking --disable-background-timer-throttling --disable-backgrounding-occluded-windows --disable-back-forward-cache --disable-breakpad --disable-client-side-phishing-detection --disable-component-extensions-with-background-pages --disable-component-update --no-default-browser-check --disable-default-apps --disable-dev-shm-usage --disable-edgeupdater --disable-extensions --disable-features=AvoidUnnecessaryBeforeUnloadCheckSync,DestroyProfileOnBrowserClose,DialMediaRouteProvider,GlobalMediaControls,HttpsUpgrades,LensOverlay,MediaRouter,PaintHolding,ThirdPartyStoragePartitioning,BlockOriginHeaderModificationOnRedirect,Translate,AutoDeElevate,OptimizationHints,msForceBrowserSignIn,msEdgeUpdateLaunchServicesPreferredVersion --enable-features=CDPScreenshotNewSurface --allow-pre-commit-input --disable-hang-monitor --disable-ipc-flooding-protection --disable-popup-blocking --disable-prompt-on-repost --disable-renderer-backgrounding --disable-updater-scheduler --force-color-profile=srgb --metrics-recording-only --no-first-run --password-store=basic --use-mock-keychain --no-service-autorun --export-tagged-pdf --disable-search-engine-choice-screen --unsafely-disable-devtools-self-xss-warnings --edge-skip-compat-layer-relaunch --disable-infobars --disable-search-engine-choice-screen --disable-sync --enable-unsafe-swiftshader --headless --hide-scrollbars --mute-audio --blink-settings=primaryHoverType=2,availableHoverTypes=2,primaryPointerType=4,availablePointerTypes=4 --no-sandbox --use-gl=angle --use-angle=swiftshader --enable-unsafe-swiftshader --user-data-dir=/home/runner/work/projects-monorepo/projects-monorepo/apps/shot-studio/test-results/stage-timing-155/profile --remote-debugging-pipe about:blank
2026-10-08T02:28:02.843Z pw:browser <launched> pid=4673
2026-10-08T02:28:02.878Z pw:browser [pid=4673][err] [4673:4687:1008/022802.877953:ERROR:dbus/bus.cc:405] Failed to connect to the bus: Could not parse server address: Unknown address type (examples of valid types are "tcp" and on UNIX "unix")
2026-10-08T02:28:02.878Z pw:browser [pid=4673][err] [4673:4687:1008/022802.878339:ERROR:dbus/bus.cc:405] Failed to connect to the bus: Could not parse server address: Unknown address type (examples of valid types are "tcp" and on UNIX "unix")
2026-10-08T02:28:02.878Z pw:browser [pid=4673][err] [4673:4687:1008/022802.878352:ERROR:dbus/bus.cc:405] Failed to connect to the bus: Could not parse server address: Unknown address type (examples of valid types are "tcp" and on UNIX "unix")
2026-10-08T02:28:02.908Z pw:browser [pid=4673][err] [4673:4687:1008/022802.908729:ERROR:dbus/bus.cc:405] Failed to connect to the bus: Could not parse server address: Unknown address type (examples of valid types are "tcp" and on UNIX "unix")
2026-10-08T02:28:02.957Z pw:browser [pid=4673][err] [4673:4673:1008/022802.957229:ERROR:dbus/object_proxy.cc:572] Failed to call method: org.freedesktop.DBus.NameHasOwner: object_path= /org/freedesktop/DBus: unknown error type: 
2026-10-08T02:28:02.957Z pw:browser [pid=4673][err] [4673:4687:1008/022802.957295:ERROR:dbus/bus.cc:405] Failed to connect to the bus: Could not parse server address: Unknown address type (examples of valid types are "tcp" and on UNIX "unix")
2026-10-08T02:28:02.957Z pw:browser [pid=4673][err] [4673:4673:1008/022802.957302:ERROR:dbus/object_proxy.cc:572] Failed to call method: org.freedesktop.DBus.NameHasOwner: object_path= /org/freedesktop/DBus: unknown error type: 
2026-10-08T02:28:02.957Z pw:browser [pid=4673][err] [4673:4687:1008/022802.957330:ERROR:dbus/bus.cc:405] Failed to connect to the bus: Could not parse server address: Unknown address type (examples of valid types are "tcp" and on UNIX "unix")
2026-10-08T02:28:02.960Z pw:browser [pid=4673][err] [4673:4673:1008/022802.960415:ERROR:dbus/object_proxy.cc:572] Failed to call method: org.freedesktop.DBus.NameHasOwner: object_path= /org/freedesktop/DBus: unknown error type: 
2026-10-08T02:28:02.961Z pw:browser [pid=4673][err] [4673:4687:1008/022802.961073:ERROR:dbus/bus.cc:405] Failed to connect to the bus: Could not parse server address: Unknown address type (examples of valid types are "tcp" and on UNIX "unix")
2026-10-08T02:28:02.971Z pw:browser [pid=4673][err] [4673:4673:1008/022802.971536:ERROR:dbus/object_proxy.cc:572] Failed to call method: org.freedesktop.DBus.NameHasOwner: object_path= /org/freedesktop/DBus: unknown error type: 
2026-10-08T02:28:02.972Z pw:browser [pid=4673][err] [4673:4673:1008/022802.971563:ERROR:dbus/object_proxy.cc:572] Failed to call method: org.freedesktop.DBus.NameHasOwner: object_path= /org/freedesktop/DBus: unknown error type: 
2026-10-08T02:28:02.972Z pw:browser [pid=4673][err] [4673:4687:1008/022802.971748:ERROR:dbus/bus.cc:405] Failed to connect to the bus: Could not parse server address: Unknown address type (examples of valid types are "tcp" and on UNIX "unix")
2026-10-08T02:28:02.975Z pw:browser [pid=4673][err] [4673:4673:1008/022802.974180:ERROR:dbus/object_proxy.cc:572] Failed to call method: org.freedesktop.DBus.NameHasOwner: object_path= /org/freedesktop/DBus: unknown error type: 
2026-10-08T02:28:02.986Z pw:browser [pid=4673][err] [4673:4673:1008/022802.985850:ERROR:dbus/object_proxy.cc:572] Failed to call method: org.freedesktop.DBus.NameHasOwner: object_path= /org/freedesktop/DBus: unknown error type: 
2026-10-08T02:28:02.986Z pw:browser [pid=4673][err] [4673:4673:1008/022802.985910:ERROR:dbus/object_proxy.cc:572] Failed to call method: org.freedesktop.DBus.Properties.GetAll: object_path= /org/freedesktop/UPower/devices/DisplayDevice: org.freedesktop.DBus.Error.ServiceUnknown: The name org.freedesktop.UPower was not provided by any .service files
2026-10-08T02:28:02.986Z pw:browser [pid=4673][err] [4673:4687:1008/022802.986396:ERROR:dbus/bus.cc:405] Failed to connect to the bus: Could not parse server address: Unknown address type (examples of valid types are "tcp" and on UNIX "unix")
2026-10-08T02:28:02.994Z pw:browser [pid=4673][err] [4673:4673:1008/022802.992592:ERROR:dbus/object_proxy.cc:572] Failed to call method: org.freedesktop.DBus.NameHasOwner: object_path= /org/freedesktop/DBus: unknown error type: 
2026-10-08T02:28:02.994Z pw:browser [pid=4673][err] [4673:4687:1008/022802.993828:ERROR:dbus/bus.cc:405] Failed to connect to the bus: Could not parse server address: Unknown address type (examples of valid types are "tcp" and on UNIX "unix")
2026-10-08T02:28:03.008Z pw:browser [pid=4673][err] [4673:4673:1008/022803.007857:ERROR:dbus/object_proxy.cc:572] Failed to call method: org.freedesktop.DBus.NameHasOwner: object_path= /org/freedesktop/DBus: unknown error type: 
2026-10-08T02:28:07.068Z pw:browser [pid=4673][err] [4673:4690:1008/022807.068581:ERROR:google_apis/gcm/engine/registration_request.cc:291] Registration response error message: QUOTA_EXCEEDED
2026-10-08T02:28:48.636Z pw:browser [pid=4673] <gracefully close start>
2026-10-08T02:28:48.706Z pw:browser [pid=4673] <process did exit: exitCode=0, signal=null>
2026-10-08T02:28:48.706Z pw:browser [pid=4673] starting temporary directories cleanup
2026-10-08T02:28:48.709Z pw:browser [pid=4673] finished temporary directories cleanup
2026-10-08T02:28:48.709Z pw:browser [pid=4673] <gracefully close end>
