2026-10-07T09:17:35.845Z pw:browser <launching> /home/runner/.cache/ms-playwright/chromium-1247/chrome-linux64/chrome --disable-field-trial-config --disable-background-networking --disable-background-timer-throttling --disable-backgrounding-occluded-windows --disable-back-forward-cache --disable-breakpad --disable-client-side-phishing-detection --disable-component-extensions-with-background-pages --disable-component-update --no-default-browser-check --disable-default-apps --disable-dev-shm-usage --disable-edgeupdater --disable-extensions --disable-features=AvoidUnnecessaryBeforeUnloadCheckSync,DestroyProfileOnBrowserClose,DialMediaRouteProvider,GlobalMediaControls,HttpsUpgrades,LensOverlay,MediaRouter,PaintHolding,ThirdPartyStoragePartitioning,BlockOriginHeaderModificationOnRedirect,Translate,AutoDeElevate,OptimizationHints,msForceBrowserSignIn,msEdgeUpdateLaunchServicesPreferredVersion --enable-features=CDPScreenshotNewSurface --allow-pre-commit-input --disable-hang-monitor --disable-ipc-flooding-protection --disable-popup-blocking --disable-prompt-on-repost --disable-renderer-backgrounding --disable-updater-scheduler --force-color-profile=srgb --metrics-recording-only --no-first-run --password-store=basic --use-mock-keychain --no-service-autorun --export-tagged-pdf --disable-search-engine-choice-screen --unsafely-disable-devtools-self-xss-warnings --edge-skip-compat-layer-relaunch --disable-infobars --disable-search-engine-choice-screen --disable-sync --enable-unsafe-swiftshader --headless --hide-scrollbars --mute-audio --blink-settings=primaryHoverType=2,availableHoverTypes=2,primaryPointerType=4,availablePointerTypes=4 --no-sandbox --use-gl=angle --use-angle=swiftshader --enable-unsafe-swiftshader --user-data-dir=/home/runner/work/projects-monorepo/projects-monorepo/apps/shot-studio/test-results/stage-timing-155/profile --remote-debugging-pipe about:blank
2026-10-07T09:17:35.850Z pw:browser <launched> pid=4898
2026-10-07T09:17:35.909Z pw:browser [pid=4898][err] [4898:4912:1007/091735.908232:ERROR:dbus/bus.cc:405] Failed to connect to the bus: Could not parse server address: Unknown address type (examples of valid types are "tcp" and on UNIX "unix")
2026-10-07T09:17:35.911Z pw:browser [pid=4898][err] [4898:4912:1007/091735.911040:ERROR:dbus/bus.cc:405] Failed to connect to the bus: Could not parse server address: Unknown address type (examples of valid types are "tcp" and on UNIX "unix")
2026-10-07T09:17:35.911Z pw:browser [pid=4898][err] [4898:4912:1007/091735.911065:ERROR:dbus/bus.cc:405] Failed to connect to the bus: Could not parse server address: Unknown address type (examples of valid types are "tcp" and on UNIX "unix")
2026-10-07T09:17:35.953Z pw:browser [pid=4898][err] [4898:4912:1007/091735.953583:ERROR:dbus/bus.cc:405] Failed to connect to the bus: Could not parse server address: Unknown address type (examples of valid types are "tcp" and on UNIX "unix")
2026-10-07T09:17:36.039Z pw:browser [pid=4898][err] [4898:4898:1007/091736.038882:ERROR:dbus/object_proxy.cc:572] Failed to call method: org.freedesktop.DBus.NameHasOwner: object_path= /org/freedesktop/DBus: unknown error type: 
2026-10-07T09:17:36.041Z pw:browser [pid=4898][err] [4898:4898:1007/091736.039792:ERROR:dbus/object_proxy.cc:572] Failed to call method: org.freedesktop.DBus.NameHasOwner: object_path= /org/freedesktop/DBus: unknown error type: 
2026-10-07T09:17:36.042Z pw:browser [pid=4898][err] [4898:4912:1007/091736.040319:ERROR:dbus/bus.cc:405] Failed to connect to the bus: Could not parse server address: Unknown address type (examples of valid types are "tcp" and on UNIX "unix")
2026-10-07T09:17:36.042Z pw:browser [pid=4898][err] [4898:4912:1007/091736.041685:ERROR:dbus/bus.cc:405] Failed to connect to the bus: Could not parse server address: Unknown address type (examples of valid types are "tcp" and on UNIX "unix")
2026-10-07T09:17:36.051Z pw:browser [pid=4898][err] [4898:4898:1007/091736.051056:ERROR:dbus/object_proxy.cc:572] Failed to call method: org.freedesktop.DBus.NameHasOwner: object_path= /org/freedesktop/DBus: unknown error type: 
2026-10-07T09:17:36.052Z pw:browser [pid=4898][err] [4898:4912:1007/091736.051774:ERROR:dbus/bus.cc:405] Failed to connect to the bus: Could not parse server address: Unknown address type (examples of valid types are "tcp" and on UNIX "unix")
2026-10-07T09:17:36.075Z pw:browser [pid=4898][err] [4898:4898:1007/091736.075389:ERROR:dbus/object_proxy.cc:572] Failed to call method: org.freedesktop.DBus.NameHasOwner: object_path= /org/freedesktop/DBus: unknown error type: 
2026-10-07T09:17:36.076Z pw:browser [pid=4898][err] [4898:4898:1007/091736.075413:ERROR:dbus/object_proxy.cc:572] Failed to call method: org.freedesktop.DBus.NameHasOwner: object_path= /org/freedesktop/DBus: unknown error type: 
2026-10-07T09:17:36.076Z pw:browser [pid=4898][err] [4898:4912:1007/091736.075493:ERROR:dbus/bus.cc:405] Failed to connect to the bus: Could not parse server address: Unknown address type (examples of valid types are "tcp" and on UNIX "unix")
2026-10-07T09:17:36.076Z pw:browser [pid=4898][err] [4898:4898:1007/091736.076921:ERROR:dbus/object_proxy.cc:572] Failed to call method: org.freedesktop.DBus.NameHasOwner: object_path= /org/freedesktop/DBus: unknown error type: 
2026-10-07T09:17:36.092Z pw:browser [pid=4898][err] [4898:4898:1007/091736.089850:ERROR:dbus/object_proxy.cc:572] Failed to call method: org.freedesktop.DBus.NameHasOwner: object_path= /org/freedesktop/DBus: unknown error type: 
2026-10-07T09:17:36.092Z pw:browser [pid=4898][err] [4898:4898:1007/091736.089900:ERROR:dbus/object_proxy.cc:572] Failed to call method: org.freedesktop.DBus.Properties.GetAll: object_path= /org/freedesktop/UPower/devices/DisplayDevice: org.freedesktop.DBus.Error.ServiceUnknown: The name org.freedesktop.UPower was not provided by any .service files
2026-10-07T09:17:36.092Z pw:browser [pid=4898][err] [4898:4912:1007/091736.091784:ERROR:dbus/bus.cc:405] Failed to connect to the bus: Could not parse server address: Unknown address type (examples of valid types are "tcp" and on UNIX "unix")
2026-10-07T09:17:36.098Z pw:browser [pid=4898][err] [4898:4898:1007/091736.096587:ERROR:dbus/object_proxy.cc:572] Failed to call method: org.freedesktop.DBus.NameHasOwner: object_path= /org/freedesktop/DBus: unknown error type: 
2026-10-07T09:17:36.098Z pw:browser [pid=4898][err] [4898:4912:1007/091736.096672:ERROR:dbus/bus.cc:405] Failed to connect to the bus: Could not parse server address: Unknown address type (examples of valid types are "tcp" and on UNIX "unix")
2026-10-07T09:17:36.112Z pw:browser [pid=4898][err] [4898:4898:1007/091736.112419:ERROR:dbus/object_proxy.cc:572] Failed to call method: org.freedesktop.DBus.NameHasOwner: object_path= /org/freedesktop/DBus: unknown error type: 
2026-10-07T09:17:40.223Z pw:browser [pid=4898][err] [4898:4913:1007/091740.223782:ERROR:google_apis/gcm/engine/registration_request.cc:291] Registration response error message: DEPRECATED_ENDPOINT
2026-10-07T09:17:40.267Z pw:browser [pid=4898][err] [4898:4913:1007/091740.267336:ERROR:google_apis/gcm/engine/registration_request.cc:291] Registration response error message: PHONE_REGISTRATION_ERROR
2026-10-07T09:17:40.413Z pw:browser [pid=4898][err] [4898:4913:1007/091740.412923:ERROR:google_apis/gcm/engine/mcs_client.cc:702]   Error code: 401  Error message: Authentication Failed: wrong_secret
2026-10-07T09:17:40.413Z pw:browser [pid=4898][err] [4898:4913:1007/091740.412943:ERROR:google_apis/gcm/engine/mcs_client.cc:704] Failed to log in to GCM, resetting connection.
2026-10-07T09:17:51.076Z pw:browser [pid=4898] <gracefully close start>
2026-10-07T09:17:51.177Z pw:browser [pid=4898] <process did exit: exitCode=0, signal=null>
2026-10-07T09:17:51.177Z pw:browser [pid=4898] starting temporary directories cleanup
2026-10-07T09:17:51.182Z pw:browser [pid=4898] finished temporary directories cleanup
2026-10-07T09:17:51.182Z pw:browser [pid=4898] <gracefully close end>
2026-10-07T09:17:51.184Z pw:browser <launching> /home/runner/.cache/ms-playwright/chromium-1247/chrome-linux64/chrome --disable-field-trial-config --disable-background-networking --disable-background-timer-throttling --disable-backgrounding-occluded-windows --disable-back-forward-cache --disable-breakpad --disable-client-side-phishing-detection --disable-component-extensions-with-background-pages --disable-component-update --no-default-browser-check --disable-default-apps --disable-dev-shm-usage --disable-edgeupdater --disable-extensions --disable-features=AvoidUnnecessaryBeforeUnloadCheckSync,DestroyProfileOnBrowserClose,DialMediaRouteProvider,GlobalMediaControls,HttpsUpgrades,LensOverlay,MediaRouter,PaintHolding,ThirdPartyStoragePartitioning,BlockOriginHeaderModificationOnRedirect,Translate,AutoDeElevate,OptimizationHints,msForceBrowserSignIn,msEdgeUpdateLaunchServicesPreferredVersion --enable-features=CDPScreenshotNewSurface --allow-pre-commit-input --disable-hang-monitor --disable-ipc-flooding-protection --disable-popup-blocking --disable-prompt-on-repost --disable-renderer-backgrounding --disable-updater-scheduler --force-color-profile=srgb --metrics-recording-only --no-first-run --password-store=basic --use-mock-keychain --no-service-autorun --export-tagged-pdf --disable-search-engine-choice-screen --unsafely-disable-devtools-self-xss-warnings --edge-skip-compat-layer-relaunch --disable-infobars --disable-search-engine-choice-screen --disable-sync --enable-unsafe-swiftshader --headless --hide-scrollbars --mute-audio --blink-settings=primaryHoverType=2,availableHoverTypes=2,primaryPointerType=4,availablePointerTypes=4 --no-sandbox --use-gl=angle --use-angle=swiftshader --enable-unsafe-swiftshader --user-data-dir=/home/runner/work/projects-monorepo/projects-monorepo/apps/shot-studio/test-results/stage-timing-155/profile --remote-debugging-pipe about:blank
2026-10-07T09:17:51.189Z pw:browser <launched> pid=5067
2026-10-07T09:17:51.236Z pw:browser [pid=5067][err] [5067:5082:1007/091751.234896:ERROR:dbus/bus.cc:405] Failed to connect to the bus: Could not parse server address: Unknown address type (examples of valid types are "tcp" and on UNIX "unix")
2026-10-07T09:17:51.236Z pw:browser [pid=5067][err] [5067:5082:1007/091751.236538:ERROR:dbus/bus.cc:405] Failed to connect to the bus: Could not parse server address: Unknown address type (examples of valid types are "tcp" and on UNIX "unix")
2026-10-07T09:17:51.236Z pw:browser [pid=5067][err] [5067:5082:1007/091751.236552:ERROR:dbus/bus.cc:405] Failed to connect to the bus: Could not parse server address: Unknown address type (examples of valid types are "tcp" and on UNIX "unix")
2026-10-07T09:17:51.278Z pw:browser [pid=5067][err] [5067:5082:1007/091751.277994:ERROR:dbus/bus.cc:405] Failed to connect to the bus: Could not parse server address: Unknown address type (examples of valid types are "tcp" and on UNIX "unix")
2026-10-07T09:17:51.357Z pw:browser [pid=5067][err] [5067:5067:1007/091751.356874:ERROR:dbus/object_proxy.cc:572] Failed to call method: org.freedesktop.DBus.NameHasOwner: object_path= /org/freedesktop/DBus: unknown error type: 
2026-10-07T09:17:51.357Z pw:browser [pid=5067][err] [5067:5082:1007/091751.357298:ERROR:dbus/bus.cc:405] Failed to connect to the bus: Could not parse server address: Unknown address type (examples of valid types are "tcp" and on UNIX "unix")
2026-10-07T09:17:51.357Z pw:browser [pid=5067][err] [5067:5067:1007/091751.357653:ERROR:dbus/object_proxy.cc:572] Failed to call method: org.freedesktop.DBus.NameHasOwner: object_path= /org/freedesktop/DBus: unknown error type: 
2026-10-07T09:17:51.358Z pw:browser [pid=5067][err] [5067:5082:1007/091751.358122:ERROR:dbus/bus.cc:405] Failed to connect to the bus: Could not parse server address: Unknown address type (examples of valid types are "tcp" and on UNIX "unix")
2026-10-07T09:17:51.366Z pw:browser [pid=5067][err] [5067:5067:1007/091751.366429:ERROR:dbus/object_proxy.cc:572] Failed to call method: org.freedesktop.DBus.NameHasOwner: object_path= /org/freedesktop/DBus: unknown error type: 
2026-10-07T09:17:51.369Z pw:browser [pid=5067][err] [5067:5082:1007/091751.366694:ERROR:dbus/bus.cc:405] Failed to connect to the bus: Could not parse server address: Unknown address type (examples of valid types are "tcp" and on UNIX "unix")
2026-10-07T09:17:51.382Z pw:browser [pid=5067][err] [5067:5067:1007/091751.382651:ERROR:dbus/object_proxy.cc:572] Failed to call method: org.freedesktop.DBus.NameHasOwner: object_path= /org/freedesktop/DBus: unknown error type: 
2026-10-07T09:17:51.384Z pw:browser [pid=5067][err] [5067:5067:1007/091751.383537:ERROR:dbus/object_proxy.cc:572] Failed to call method: org.freedesktop.DBus.NameHasOwner: object_path= /org/freedesktop/DBus: unknown error type: 
2026-10-07T09:17:51.384Z pw:browser [pid=5067][err] [5067:5082:1007/091751.384325:ERROR:dbus/bus.cc:405] Failed to connect to the bus: Could not parse server address: Unknown address type (examples of valid types are "tcp" and on UNIX "unix")
2026-10-07T09:17:51.384Z pw:browser [pid=5067][err] [5067:5067:1007/091751.384549:ERROR:dbus/object_proxy.cc:572] Failed to call method: org.freedesktop.DBus.NameHasOwner: object_path= /org/freedesktop/DBus: unknown error type: 
2026-10-07T09:17:51.398Z pw:browser [pid=5067][err] [5067:5067:1007/091751.398218:ERROR:dbus/object_proxy.cc:572] Failed to call method: org.freedesktop.DBus.Properties.GetAll: object_path= /org/freedesktop/UPower/devices/DisplayDevice: org.freedesktop.DBus.Error.ServiceUnknown: The name org.freedesktop.UPower was not provided by any .service files
2026-10-07T09:17:51.401Z pw:browser [pid=5067][err] [5067:5067:1007/091751.400646:ERROR:dbus/object_proxy.cc:572] Failed to call method: org.freedesktop.DBus.NameHasOwner: object_path= /org/freedesktop/DBus: unknown error type: 
2026-10-07T09:17:51.401Z pw:browser [pid=5067][err] [5067:5082:1007/091751.400726:ERROR:dbus/bus.cc:405] Failed to connect to the bus: Could not parse server address: Unknown address type (examples of valid types are "tcp" and on UNIX "unix")
2026-10-07T09:17:51.410Z pw:browser [pid=5067][err] [5067:5067:1007/091751.408039:ERROR:dbus/object_proxy.cc:572] Failed to call method: org.freedesktop.DBus.NameHasOwner: object_path= /org/freedesktop/DBus: unknown error type: 
2026-10-07T09:17:51.410Z pw:browser [pid=5067][err] [5067:5082:1007/091751.409425:ERROR:dbus/bus.cc:405] Failed to connect to the bus: Could not parse server address: Unknown address type (examples of valid types are "tcp" and on UNIX "unix")
2026-10-07T09:17:51.419Z pw:browser [pid=5067][err] [5067:5067:1007/091751.418039:ERROR:dbus/object_proxy.cc:572] Failed to call method: org.freedesktop.DBus.NameHasOwner: object_path= /org/freedesktop/DBus: unknown error type: 
2026-10-07T09:17:55.433Z pw:browser [pid=5067][err] [5067:5083:1007/091755.433048:ERROR:google_apis/gcm/engine/registration_request.cc:291] Registration response error message: DEPRECATED_ENDPOINT
2026-10-07T09:18:21.112Z pw:browser [pid=5067][err] [5067:5083:1007/091821.112272:ERROR:google_apis/gcm/engine/registration_request.cc:291] Registration response error message: DEPRECATED_ENDPOINT
2026-10-07T09:19:04.206Z pw:browser [pid=5067] <gracefully close start>
2026-10-07T09:19:04.303Z pw:browser [pid=5067] <process did exit: exitCode=0, signal=null>
2026-10-07T09:19:04.303Z pw:browser [pid=5067] starting temporary directories cleanup
2026-10-07T09:19:04.305Z pw:browser [pid=5067] finished temporary directories cleanup
2026-10-07T09:19:04.305Z pw:browser [pid=5067] <gracefully close end>
