{
  "scope": "One real-photo runtime/ordinal smoke check, not a held-out product quality evaluation",
  "frozenManifestSha256": "4b366d65d270f348e478504560793735d456d52fc292ca5362983de7ae65ea45",
  "modelSha256": "fcf51f1b230362b28690bb9d1809bf0431f29cad20534e3f589bd7285547f20d",
  "photoSha256": "159a97446c8744093ead5306c69df7dae7e77f613782cb0365f7b420b8293eae",
  "runtime": {
    "python": "3.12.14",
    "onnxruntime": "1.23.2",
    "numpy": "2.3.5",
    "pillow": "12.3.0",
    "architecture": "x86_64",
    "providers": [
      "CPUExecutionProvider"
    ],
    "intraOpThreads": 4,
    "interOpThreads": 1
  },
  "normalizedPhoto": [
    1280,
    960
  ],
  "inputShape": [
    1,
    3,
    518,
    686
  ],
  "outputShape": [
    1,
    518,
    686
  ],
  "sessionLoadMs": 489.75232499969934,
  "inferenceMs": [
    1090.2405000001636,
    1057.9617909997978,
    989.7861319996082
  ],
  "rawOutputSha256": [
    "3db9ca76d02f0b7f6126a18f852e98499481db09a0e59827bfabc854af0fa4a4",
    "3db9ca76d02f0b7f6126a18f852e98499481db09a0e59827bfabc854af0fa4a4",
    "3db9ca76d02f0b7f6126a18f852e98499481db09a0e59827bfabc854af0fa4a4"
  ],
  "sameProcessRepeatExactlyEqual": true,
  "rawRange": [
    0.0,
    6.1346588134765625
  ],
  "pairs": [
    {
      "name": "foreground shelf versus back window",
      "near": [
        0.12,
        0.45
      ],
      "far": [
        0.7,
        0.5
      ],
      "nearRaw": 4.780489921569824,
      "farRaw": 0.9717821478843689,
      "correct": true
    },
    {
      "name": "foreground cat versus back window",
      "near": [
        0.58,
        0.98
      ],
      "far": [
        0.7,
        0.5
      ],
      "nearRaw": 3.8296170234680176,
      "farRaw": 0.9717821478843689,
      "correct": true
    },
    {
      "name": "front chair versus climbing pole",
      "near": [
        0.52,
        0.72
      ],
      "far": [
        0.35,
        0.38
      ],
      "nearRaw": 2.153855085372925,
      "farRaw": 0.5545799732208252,
      "correct": true
    },
    {
      "name": "table versus back window",
      "near": [
        0.42,
        0.67
      ],
      "far": [
        0.7,
        0.45
      ],
      "nearRaw": 1.9904507398605347,
      "farRaw": 0.9404919743537903,
      "correct": true
    },
    {
      "name": "front floor versus back floor",
      "near": [
        0.5,
        0.94
      ],
      "far": [
        0.62,
        0.78
      ],
      "nearRaw": 2.631899118423462,
      "farRaw": 0.9022484421730042,
      "correct": true
    }
  ],
  "strictCorrect": 5,
  "pairsTotal": 5,
  "unpaintedBaselineStrictCorrect": 0,
  "processPeakRssKiB": 604948,
  "previewPngSha256": "ac3d95b09fba35b9d9c1c144a84ba66c9227453c65e0a6beb1973e12b112dd00",
  "limitations": [
    "One previously published real photo may have training overlap; no generalization or calibrated distance claim",
    "Visual ordinal labels from one implementer, not independently measured ground truth",
    "No subject-boundary/correction-effort or browser/WebGPU evaluation",
    "Pillow normalization differs from product browser normalization",
    "Measured latency and Linux process peak RSS are observations, not resource guarantees"
  ]
}
