{
  "scope": "Actual worker WASM runtime probe on the frozen portrait tensor, not product end-to-end inference or quality acceptance",
  "createdUtc": "2026-10-10T14:32:53.823Z",
  "browser": "153.0.8010.12",
  "userAgent": "Mozilla/5.0 (X11; Linux x86_64) AppleWebKit/537.36 (KHTML, like Gecko) HeadlessChrome/153.0.8010.12 Safari/537.36",
  "runtimeVersion": "1.23.2",
  "tensorProvenance": {
    "harnessSha256": "5893f9fe17b520175beaf8abb5aa8f73cac474f8e4b1cde9548731fc4f3019ba",
    "capture": {
      "input": {
        "shape": [
          1,
          3,
          518,
          784
        ],
        "bytes": 4873344,
        "sha256": "13d78cf181c4a8fe971484da1b660c12735315fcabc804096a5116c1322fb233",
        "dtype": "little-endian float32"
      },
      "cpu": {
        "shape": [
          1,
          518,
          784
        ],
        "bytes": 1624448,
        "sha256": "0ca318bb7b95922a5eb0a6c7aa9ed5e0ea8da5cacc639a1a050dd762626c4f70",
        "dtype": "little-endian float32"
      }
    }
  },
  "modelSha256": "fcf51f1b230362b28690bb9d1809bf0431f29cad20534e3f589bd7285547f20d",
  "servedFileSha256": {
    "/": "f01c93f719ec19dd002e00064ad02699b6b2018053313bfa0418081346e08721",
    "/worker.js": "c7f870a136cbbbab2b3bfceed5d437c6802c92c5be9eeed56da011bcc7408218",
    "/model": "fcf51f1b230362b28690bb9d1809bf0431f29cad20534e3f589bd7285547f20d",
    "/input": "13d78cf181c4a8fe971484da1b660c12735315fcabc804096a5116c1322fb233",
    "/cpu": "0ca318bb7b95922a5eb0a6c7aa9ed5e0ea8da5cacc639a1a050dd762626c4f70",
    "/ort/ort.wasm.min.js": "c6bc9f8e1d0ecc3983a57910e6a30b2230a512bcd2e0207cd64306459c3de7b4",
    "/ort/ort-wasm-simd-threaded.mjs": "90a557d15c02bac4504d95b67f431d8594635ed2a0a62a7f2cd83d090ff91d3e",
    "/ort/ort-wasm-simd-threaded.wasm": "45eaee27761ad883742a8d4b8fce1538d60ce43b51adf1726fafccc59b8c1a15"
  },
  "normal": {
    "done": true,
    "sessionLoadMs": 2662.1999999997206,
    "runs": [
      {
        "inferenceMs": 26167.600000000093,
        "startedEpochMs": 1791642719505.8,
        "finishedEpochMs": 1791642745673.4001,
        "shape": [
          1,
          518,
          784
        ],
        "type": "float32",
        "rawSha256": "e17d34f1722c5f57d9ac6f12dbb1f7c3c85f8eff683d8fac94761bf97d1b19d0",
        "rawRange": [
          0,
          5.393619537353516
        ],
        "maxAbsCpuDifference": 1.0949007272720337,
        "meanAbsCpuDifference": 0.028607750653704103,
        "pairs": [
          {
            "name": "subject_torso_vs_distant_town",
            "near": [
              0.5,
              0.46
            ],
            "far": [
              0.64,
              0.43
            ],
            "rationale": "The centrally occluding subject is much nearer than town buildings visible beyond the balcony.",
            "evaluationCategory": "clear",
            "nearRaw": 2.697115659713745,
            "farRaw": 0,
            "correct": true
          },
          {
            "name": "left_door_panel_vs_town",
            "near": [
              0.18,
              0.46
            ],
            "far": [
              0.61,
              0.61
            ],
            "rationale": "The doorway surrounds the camera-side balcony; buildings beyond the railing are distant.",
            "evaluationCategory": "clear",
            "nearRaw": 4.050739288330078,
            "farRaw": 0,
            "correct": true
          },
          {
            "name": "right_door_panel_vs_roof",
            "near": [
              0.84,
              0.47
            ],
            "far": [
              0.6,
              0.68
            ],
            "rationale": "Door panel is foreground architecture; roof is down and beyond the balcony.",
            "evaluationCategory": "clear",
            "nearRaw": 4.325760841369629,
            "farRaw": 0,
            "correct": true
          },
          {
            "name": "balcony_floor_vs_building",
            "near": [
              0.5,
              0.95
            ],
            "far": [
              0.38,
              0.66
            ],
            "rationale": "Walkable floor beneath the subject is foreground; the visible building lies beyond the balcony.",
            "evaluationCategory": "clear",
            "nearRaw": 3.2836856842041016,
            "farRaw": 0.007057107985019684,
            "correct": true
          },
          {
            "name": "subject_skirt_vs_background_field",
            "near": [
              0.51,
              0.72
            ],
            "far": [
              0.375,
              0.545
            ],
            "rationale": "Subject skirt occupies the balcony; green field is beyond its railing.",
            "evaluationCategory": "clear",
            "nearRaw": 2.641251802444458,
            "farRaw": 0,
            "correct": true
          },
          {
            "name": "hair_top_vs_sky",
            "near": [
              0.5,
              0.211
            ],
            "far": [
              0.5,
              0.194
            ],
            "rationale": "Top hair contour against sky; sparse hairs, antialiasing, and the absence of finite sky depth make this diagnostic only.",
            "evaluationCategory": "diagnostic",
            "nearRaw": 2.720750331878662,
            "farRaw": 0,
            "correct": true
          },
          {
            "name": "left_forearm_vs_sky",
            "near": [
              0.4,
              0.3125
            ],
            "far": [
              0.4,
              0.28
            ],
            "rationale": "Narrow arm region above the town; contour precision and arm orientation affect interpretation.",
            "evaluationCategory": "diagnostic",
            "nearRaw": 2.4951462745666504,
            "farRaw": 0,
            "correct": true
          },
          {
            "name": "railing_top_vs_background",
            "near": [
              0.375,
              0.49
            ],
            "far": [
              0.375,
              0.4775
            ],
            "rationale": "Thin horizontal railing against distant landscape; subpixel placement and mixed pixels can dominate.",
            "evaluationCategory": "diagnostic",
            "nearRaw": 0.028543192893266678,
            "farRaw": 0,
            "correct": true
          }
        ]
      },
      {
        "inferenceMs": 22020.200000000186,
        "startedEpochMs": 1791642745704.5,
        "finishedEpochMs": 1791642767724.7,
        "shape": [
          1,
          518,
          784
        ],
        "type": "float32",
        "rawSha256": "e17d34f1722c5f57d9ac6f12dbb1f7c3c85f8eff683d8fac94761bf97d1b19d0",
        "rawRange": [
          0,
          5.393619537353516
        ],
        "maxAbsCpuDifference": 1.0949007272720337,
        "meanAbsCpuDifference": 0.028607750653704103,
        "pairs": [
          {
            "name": "subject_torso_vs_distant_town",
            "near": [
              0.5,
              0.46
            ],
            "far": [
              0.64,
              0.43
            ],
            "rationale": "The centrally occluding subject is much nearer than town buildings visible beyond the balcony.",
            "evaluationCategory": "clear",
            "nearRaw": 2.697115659713745,
            "farRaw": 0,
            "correct": true
          },
          {
            "name": "left_door_panel_vs_town",
            "near": [
              0.18,
              0.46
            ],
            "far": [
              0.61,
              0.61
            ],
            "rationale": "The doorway surrounds the camera-side balcony; buildings beyond the railing are distant.",
            "evaluationCategory": "clear",
            "nearRaw": 4.050739288330078,
            "farRaw": 0,
            "correct": true
          },
          {
            "name": "right_door_panel_vs_roof",
            "near": [
              0.84,
              0.47
            ],
            "far": [
              0.6,
              0.68
            ],
            "rationale": "Door panel is foreground architecture; roof is down and beyond the balcony.",
            "evaluationCategory": "clear",
            "nearRaw": 4.325760841369629,
            "farRaw": 0,
            "correct": true
          },
          {
            "name": "balcony_floor_vs_building",
            "near": [
              0.5,
              0.95
            ],
            "far": [
              0.38,
              0.66
            ],
            "rationale": "Walkable floor beneath the subject is foreground; the visible building lies beyond the balcony.",
            "evaluationCategory": "clear",
            "nearRaw": 3.2836856842041016,
            "farRaw": 0.007057107985019684,
            "correct": true
          },
          {
            "name": "subject_skirt_vs_background_field",
            "near": [
              0.51,
              0.72
            ],
            "far": [
              0.375,
              0.545
            ],
            "rationale": "Subject skirt occupies the balcony; green field is beyond its railing.",
            "evaluationCategory": "clear",
            "nearRaw": 2.641251802444458,
            "farRaw": 0,
            "correct": true
          },
          {
            "name": "hair_top_vs_sky",
            "near": [
              0.5,
              0.211
            ],
            "far": [
              0.5,
              0.194
            ],
            "rationale": "Top hair contour against sky; sparse hairs, antialiasing, and the absence of finite sky depth make this diagnostic only.",
            "evaluationCategory": "diagnostic",
            "nearRaw": 2.720750331878662,
            "farRaw": 0,
            "correct": true
          },
          {
            "name": "left_forearm_vs_sky",
            "near": [
              0.4,
              0.3125
            ],
            "far": [
              0.4,
              0.28
            ],
            "rationale": "Narrow arm region above the town; contour precision and arm orientation affect interpretation.",
            "evaluationCategory": "diagnostic",
            "nearRaw": 2.4951462745666504,
            "farRaw": 0,
            "correct": true
          },
          {
            "name": "railing_top_vs_background",
            "near": [
              0.375,
              0.49
            ],
            "far": [
              0.375,
              0.4775
            ],
            "rationale": "Thin horizontal railing against distant landscape; subpixel placement and mixed pixels can dominate.",
            "evaluationCategory": "diagnostic",
            "nearRaw": 0.028543192893266678,
            "farRaw": 0,
            "correct": true
          }
        ]
      }
    ],
    "ortVersions": {
      "common": "1.23.2",
      "web": "1.23.2"
    },
    "configuredThreads": 1,
    "crossOriginIsolated": false
  },
  "nativeClickDuringInferenceMs": 236.08403800000087,
  "nativeClickEpochMs": 1791642719732.5,
  "nativeClickInsideSessionRun": true,
  "nativeClicks": 1,
  "cancel": {
    "cancelled": true,
    "afterRunningStage": true,
    "terminateRequestAfterStageMs": 102.20000000018626
  },
  "postCancelObservationMs": 500,
  "postCancelLateMessages": 0,
  "mismatchedInputHashRefused": true,
  "remainingNativeWorkerTargets": 1,
  "remainingWorkerTargets": [
    {
      "targetId": "30AA0E8089466BE8DCD137C573DDAAE0",
      "type": "worker",
      "title": "http://127.0.0.1:37057/worker.js",
      "url": "http://127.0.0.1:37057/worker.js",
      "attached": true,
      "parentId": "633D267EF1D16DA72A7B6840F4888419",
      "canAccessOpener": false,
      "parentFrameId": "633D267EF1D16DA72A7B6840F4888419",
      "browserContextId": "E57A00BCC3A67BE0E62D9517B3CFFF86"
    }
  ],
  "lifecycleRetirementPassed": false,
  "unexpectedNetworkRequests": 0,
  "requests": [
    "/",
    "/worker.js",
    "/ort/ort.wasm.min.js",
    "/model",
    "/input",
    "/worker.js",
    "/ort/ort.wasm.min.js",
    "/model",
    "/input",
    "/cpu",
    "/ort/ort-wasm-simd-threaded.mjs",
    "/ort/ort-wasm-simd-threaded.wasm",
    "/worker.js",
    "/ort/ort.wasm.min.js",
    "/model",
    "/input",
    "/cpu",
    "/ort/ort-wasm-simd-threaded.mjs",
    "/ort/ort-wasm-simd-threaded.wasm"
  ],
  "consoleMessages": [
    {
      "type": "error",
      "text": "\u001b[0;93m2026-10-10 23:31:57.911199 [W:onnxruntime:Default, cpuid_info.cc:91 LogEarlyWarning] Unknown CPU vendor. cpuinfo_vendor value: 0\u001b[m"
    },
    {
      "type": "error",
      "text": "\u001b[0;93m2026-10-10 23:32:49.376899 [W:onnxruntime:Default, cpuid_info.cc:91 LogEarlyWarning] Unknown CPU vendor. cpuinfo_vendor value: 0\u001b[m"
    }
  ],
  "limitations": [
    "Pillow-prepared fixed tensor; browser photo preprocessing and product ownership are not evaluated",
    "Single-thread CPU WASM only; WebGPU, multithreading, mobile and physical devices unrun",
    "Native worker target retirement does not measure full memory reclamation",
    "No total browser/WASM memory measurement or resource guarantee",
    "Numeric differences from CPU are measured without a post-hoc tolerance acceptance gate",
    "Cancellation is research-worker termination, not product cancellation/stale-result integration"
  ]
}
node:internal/modules/run_main:107
    triggerUncaughtException(
    ^

AssertionError [ERR_ASSERTION]: Worker targets must retire; inspect retained browser-result.json for actual observations

1 !== 0

    at file:///workspace/scratch/dea0b0842cca/projects-monorepo/docs/research/lens-depth-baseline/browser-2026-10-10/probe.mjs:80:10 {
  generatedMessage: false,
  code: 'ERR_ASSERTION',
  actual: 1,
  expected: 0,
  operator: 'strictEqual',
  diff: 'simple'
}

Node.js v24.19.0
