TARGET_EVENT {"kind":"targetCreated","epochMs":1791642826351,"value":{"targetInfo":{"targetId":"8BDE309570E339C26713C9E5356899E1","type":"page","title":"","url":"","attached":true,"canAccessOpener":false,"browserContextId":"CC30736CCC85CBC6A80CA20E30CCD4F9"}}}
TARGET_EVENT {"kind":"targetInfoChanged","epochMs":1791642826753,"value":{"targetInfo":{"targetId":"8BDE309570E339C26713C9E5356899E1","type":"page","title":"about:blank","url":"about:blank","attached":true,"canAccessOpener":false,"browserContextId":"CC30736CCC85CBC6A80CA20E30CCD4F9"}}}
TARGET_EVENT {"kind":"targetInfoChanged","epochMs":1791642827275,"value":{"targetInfo":{"targetId":"8BDE309570E339C26713C9E5356899E1","type":"page","title":"127.0.0.1:40143","url":"http://127.0.0.1:40143/","attached":true,"canAccessOpener":false,"browserContextId":"CC30736CCC85CBC6A80CA20E30CCD4F9"}}}
TARGET_EVENT {"kind":"targetCreated","epochMs":1791642828997,"value":{"targetInfo":{"targetId":"1E86B95C2E3BB04F7FEB6DB472D98B8C","type":"worker","title":"","url":"","attached":false,"parentId":"8BDE309570E339C26713C9E5356899E1","canAccessOpener":false,"parentFrameId":"8BDE309570E339C26713C9E5356899E1","browserContextId":"CC30736CCC85CBC6A80CA20E30CCD4F9"}}}
TARGET_EVENT {"kind":"targetInfoChanged","epochMs":1791642829103,"value":{"targetInfo":{"targetId":"1E86B95C2E3BB04F7FEB6DB472D98B8C","type":"worker","title":"http://127.0.0.1:40143/worker.js","url":"http://127.0.0.1:40143/worker.js","attached":true,"parentId":"8BDE309570E339C26713C9E5356899E1","canAccessOpener":false,"parentFrameId":"8BDE309570E339C26713C9E5356899E1","browserContextId":"CC30736CCC85CBC6A80CA20E30CCD4F9"}}}
TARGET_EVENT {"kind":"targetInfoChanged","epochMs":1791642834319,"value":{"targetInfo":{"targetId":"1E86B95C2E3BB04F7FEB6DB472D98B8C","type":"worker","title":"http://127.0.0.1:40143/worker.js","url":"http://127.0.0.1:40143/worker.js","attached":false,"parentId":"8BDE309570E339C26713C9E5356899E1","canAccessOpener":false,"parentFrameId":"8BDE309570E339C26713C9E5356899E1","browserContextId":"CC30736CCC85CBC6A80CA20E30CCD4F9"}}}
TARGET_EVENT {"kind":"targetDestroyed","epochMs":1791642834343,"value":{"targetId":"1E86B95C2E3BB04F7FEB6DB472D98B8C"}}
TARGET_EVENT {"kind":"targetCreated","epochMs":1791642835155,"value":{"targetInfo":{"targetId":"EAE23732A3C6B73BAD27702215121661","type":"worker","title":"","url":"","attached":false,"parentId":"8BDE309570E339C26713C9E5356899E1","canAccessOpener":false,"parentFrameId":"8BDE309570E339C26713C9E5356899E1","browserContextId":"CC30736CCC85CBC6A80CA20E30CCD4F9"}}}
TARGET_EVENT {"kind":"targetInfoChanged","epochMs":1791642835243,"value":{"targetInfo":{"targetId":"EAE23732A3C6B73BAD27702215121661","type":"worker","title":"http://127.0.0.1:40143/worker.js","url":"http://127.0.0.1:40143/worker.js","attached":true,"parentId":"8BDE309570E339C26713C9E5356899E1","canAccessOpener":false,"parentFrameId":"8BDE309570E339C26713C9E5356899E1","browserContextId":"CC30736CCC85CBC6A80CA20E30CCD4F9"}}}
TARGET_SNAPSHOT {"label":"immediately-after-cancel","epochMs":1791642844010,"info":[{"targetId":"EAE23732A3C6B73BAD27702215121661","type":"worker","title":"http://127.0.0.1:40143/worker.js","url":"http://127.0.0.1:40143/worker.js","attached":true,"parentId":"8BDE309570E339C26713C9E5356899E1","canAccessOpener":false,"parentFrameId":"8BDE309570E339C26713C9E5356899E1","browserContextId":"CC30736CCC85CBC6A80CA20E30CCD4F9"}]}
{
  "scope": "Actual worker WASM runtime probe on the frozen portrait tensor, not product end-to-end inference or quality acceptance",
  "createdUtc": "2026-10-10T14:34:04.626Z",
  "browser": "153.0.8010.12",
  "userAgent": "Mozilla/5.0 (X11; Linux x86_64) AppleWebKit/537.36 (KHTML, like Gecko) HeadlessChrome/153.0.8010.12 Safari/537.36",
  "runtimeVersion": "1.23.2",
  "tensorProvenance": {
    "harnessSha256": "5893f9fe17b520175beaf8abb5aa8f73cac474f8e4b1cde9548731fc4f3019ba",
    "capture": {
      "input": {
        "shape": [
          1,
          3,
          518,
          784
        ],
        "bytes": 4873344,
        "sha256": "13d78cf181c4a8fe971484da1b660c12735315fcabc804096a5116c1322fb233",
        "dtype": "little-endian float32"
      },
      "cpu": {
        "shape": [
          1,
          518,
          784
        ],
        "bytes": 1624448,
        "sha256": "0ca318bb7b95922a5eb0a6c7aa9ed5e0ea8da5cacc639a1a050dd762626c4f70",
        "dtype": "little-endian float32"
      }
    }
  },
  "modelSha256": "fcf51f1b230362b28690bb9d1809bf0431f29cad20534e3f589bd7285547f20d",
  "servedFileSha256": {
    "/": "f01c93f719ec19dd002e00064ad02699b6b2018053313bfa0418081346e08721",
    "/worker.js": "c7f870a136cbbbab2b3bfceed5d437c6802c92c5be9eeed56da011bcc7408218",
    "/model": "fcf51f1b230362b28690bb9d1809bf0431f29cad20534e3f589bd7285547f20d",
    "/input": "13d78cf181c4a8fe971484da1b660c12735315fcabc804096a5116c1322fb233",
    "/cpu": "0ca318bb7b95922a5eb0a6c7aa9ed5e0ea8da5cacc639a1a050dd762626c4f70",
    "/ort/ort.wasm.min.js": "c6bc9f8e1d0ecc3983a57910e6a30b2230a512bcd2e0207cd64306459c3de7b4",
    "/ort/ort-wasm-simd-threaded.mjs": "90a557d15c02bac4504d95b67f431d8594635ed2a0a62a7f2cd83d090ff91d3e",
    "/ort/ort-wasm-simd-threaded.wasm": "45eaee27761ad883742a8d4b8fce1538d60ce43b51adf1726fafccc59b8c1a15"
  },
  "normal": {
    "diagnosticOnly": true,
    "runs": []
  },
  "nativeClickDuringInferenceMs": null,
  "nativeClickEpochMs": null,
  "nativeClickInsideSessionRun": null,
  "nativeClicks": 1,
  "cancel": {
    "cancelled": true,
    "afterRunningStage": true,
    "terminateRequestAfterStageMs": 101.40000000037253
  },
  "postCancelObservationMs": 500,
  "postCancelLateMessages": 0,
  "mismatchedInputHashRefused": true,
  "remainingNativeWorkerTargets": 1,
  "remainingWorkerTargets": [
    {
      "targetId": "EAE23732A3C6B73BAD27702215121661",
      "type": "worker",
      "title": "http://127.0.0.1:40143/worker.js",
      "url": "http://127.0.0.1:40143/worker.js",
      "attached": true,
      "parentId": "8BDE309570E339C26713C9E5356899E1",
      "canAccessOpener": false,
      "parentFrameId": "8BDE309570E339C26713C9E5356899E1",
      "browserContextId": "CC30736CCC85CBC6A80CA20E30CCD4F9"
    }
  ],
  "lifecycleRetirementPassed": false,
  "unexpectedNetworkRequests": 0,
  "requests": [
    "/",
    "/worker.js",
    "/ort/ort.wasm.min.js",
    "/model",
    "/input",
    "/worker.js",
    "/ort/ort.wasm.min.js",
    "/model",
    "/input",
    "/cpu",
    "/ort/ort-wasm-simd-threaded.mjs",
    "/ort/ort-wasm-simd-threaded.wasm"
  ],
  "consoleMessages": [
    {
      "type": "error",
      "text": "\u001b[0;93m2026-10-10 23:33:59.784900 [W:onnxruntime:Default, cpuid_info.cc:91 LogEarlyWarning] Unknown CPU vendor. cpuinfo_vendor value: 0\u001b[m"
    }
  ],
  "limitations": [
    "Pillow-prepared fixed tensor; browser photo preprocessing and product ownership are not evaluated",
    "Single-thread CPU WASM only; WebGPU, multithreading, mobile and physical devices unrun",
    "Native worker target retirement does not measure full memory reclamation",
    "No total browser/WASM memory measurement or resource guarantee",
    "Numeric differences from CPU are measured without a post-hoc tolerance acceptance gate",
    "Cancellation is research-worker termination, not product cancellation/stale-result integration"
  ]
}
TARGET_SNAPSHOT {"label":"original-500ms","epochMs":1791642844984,"info":[{"targetId":"EAE23732A3C6B73BAD27702215121661","type":"worker","title":"http://127.0.0.1:40143/worker.js","url":"http://127.0.0.1:40143/worker.js","attached":true,"parentId":"8BDE309570E339C26713C9E5356899E1","canAccessOpener":false,"parentFrameId":"8BDE309570E339C26713C9E5356899E1","browserContextId":"CC30736CCC85CBC6A80CA20E30CCD4F9"}]}
TARGET_EVENT {"kind":"targetInfoChanged","epochMs":1791642845987,"value":{"targetInfo":{"targetId":"EAE23732A3C6B73BAD27702215121661","type":"worker","title":"http://127.0.0.1:40143/worker.js","url":"http://127.0.0.1:40143/worker.js","attached":false,"parentId":"8BDE309570E339C26713C9E5356899E1","canAccessOpener":false,"parentFrameId":"8BDE309570E339C26713C9E5356899E1","browserContextId":"CC30736CCC85CBC6A80CA20E30CCD4F9"}}}
TARGET_SNAPSHOT {"label":"followup-1s","epochMs":1791642846008,"info":[{"targetId":"EAE23732A3C6B73BAD27702215121661","type":"worker","title":"http://127.0.0.1:40143/worker.js","url":"http://127.0.0.1:40143/worker.js","attached":false,"parentId":"8BDE309570E339C26713C9E5356899E1","canAccessOpener":false,"parentFrameId":"8BDE309570E339C26713C9E5356899E1","browserContextId":"CC30736CCC85CBC6A80CA20E30CCD4F9"}]}
TARGET_EVENT {"kind":"targetDestroyed","epochMs":1791642846009,"value":{"targetId":"EAE23732A3C6B73BAD27702215121661"}}
TARGET_SNAPSHOT {"label":"followup-2s","epochMs":1791642847031,"info":[]}
TARGET_EVENT {"kind":"targetInfoChanged","epochMs":1791642847043,"value":{"targetInfo":{"targetId":"8BDE309570E339C26713C9E5356899E1","type":"page","title":"Local depth runtime research probe","url":"http://127.0.0.1:40143/","attached":false,"canAccessOpener":false,"browserContextId":"CC30736CCC85CBC6A80CA20E30CCD4F9"}}}
TARGET_EVENT {"kind":"targetDestroyed","epochMs":1791642847047,"value":{"targetId":"8BDE309570E339C26713C9E5356899E1"}}
node:internal/modules/run_main:107
    triggerUncaughtException(
    ^

AssertionError [ERR_ASSERTION]: Worker targets must retire; inspect retained browser-result.json for actual observations

1 !== 0

    at file:///tmp/lens-depth-browser-review/cancel-diagnostic.mjs:78:10 {
  generatedMessage: false,
  code: 'ERR_ASSERTION',
  actual: 1,
  expected: 0,
  operator: 'strictEqual',
  diff: 'simple'
}

Node.js v24.19.0
