2026-10-07T21:35:43.5225002Z Current runner version: '2.337.0'
2026-10-07T21:35:43.5260289Z ##[group]Runner Image Provisioner
2026-10-07T21:35:43.5261729Z Hosted Compute Agent
2026-10-07T21:35:43.5262841Z Version: 20261002.596
2026-10-07T21:35:43.5263855Z Commit: c3d12f3313a95f25162a1503be624f3b0617f8c0
2026-10-07T21:35:43.5265144Z Build Date: 2026-10-02T22:28:27Z
2026-10-07T21:35:43.5266299Z Worker ID: {e3dd6850-f964-4974-8c13-01f0b1e3adb5}
2026-10-07T21:35:43.5267516Z Region: eastus
2026-10-07T21:35:43.5268534Z Cloud: Azure
2026-10-07T21:35:43.5269689Z ##[endgroup]
2026-10-07T21:35:43.5272060Z ##[group]Operating System
2026-10-07T21:35:43.5273211Z Ubuntu
2026-10-07T21:35:43.5274082Z 24.04.5
2026-10-07T21:35:43.5274977Z LTS
2026-10-07T21:35:43.5275800Z ##[endgroup]
2026-10-07T21:35:43.5276811Z ##[group]Runner Image
2026-10-07T21:35:43.5277783Z Image: ubuntu-24.04
2026-10-07T21:35:43.5278714Z Version: 20261004.327.1
2026-10-07T21:35:43.5281189Z Included Software: https://github.com/actions/runner-images/blob/ubuntu24/20261004.327/images/ubuntu/Ubuntu2404-Readme.md
2026-10-07T21:35:43.5284036Z Image Release: https://github.com/actions/runner-images/releases/tag/ubuntu24%2F20261004.327
2026-10-07T21:35:43.5285684Z ##[endgroup]
2026-10-07T21:35:43.5287672Z ##[group]GITHUB_TOKEN Permissions
2026-10-07T21:35:43.5290540Z Contents: read
2026-10-07T21:35:43.5291554Z Metadata: read
2026-10-07T21:35:43.5292446Z ##[endgroup]
2026-10-07T21:35:43.5295557Z Secret source: Actions
2026-10-07T21:35:43.5297113Z Cache mode: write
2026-10-07T21:35:43.5298209Z Prepare workflow directory
2026-10-07T21:35:43.5886616Z Prepare all required actions
2026-10-07T21:35:43.5959503Z Getting action download info
2026-10-07T21:35:43.8183552Z Download action repository 'actions/checkout@v4' (SHA:11d5960a326750d5838078e36cf38b85af677262)
2026-10-07T21:35:43.9213733Z Download action repository 'actions/setup-node@v4' (SHA:49933ea5288caeca8642d1e84afbd3f7d6820020)
2026-10-07T21:35:44.0174938Z Download action repository 'actions/upload-artifact@v4' (SHA:ea165f8d65b6e75b540449e92b4886f43607fa02)
2026-10-07T21:35:44.2209641Z Complete job name: verify
2026-10-07T21:35:44.2993051Z ##[group]Run actions/checkout@v4
2026-10-07T21:35:44.2993957Z with:
2026-10-07T21:35:44.2994442Z   repository: twangyal/projects-monorepo
2026-10-07T21:35:44.2998441Z   token: ***
2026-10-07T21:35:44.2998889Z   ssh-strict: true
2026-10-07T21:35:44.2999797Z   ssh-user: git
2026-10-07T21:35:44.3000274Z   persist-credentials: true
2026-10-07T21:35:44.3000771Z   clean: true
2026-10-07T21:35:44.3001222Z   sparse-checkout-cone-mode: true
2026-10-07T21:35:44.3001737Z   fetch-depth: 1
2026-10-07T21:35:44.3002164Z   fetch-tags: false
2026-10-07T21:35:44.3002616Z   show-progress: true
2026-10-07T21:35:44.3003076Z   lfs: false
2026-10-07T21:35:44.3003502Z   submodules: false
2026-10-07T21:35:44.3003967Z   set-safe-directory: true
2026-10-07T21:35:44.3004487Z   allow-unsafe-pr-checkout: false
2026-10-07T21:35:44.3005344Z ##[endgroup]
2026-10-07T21:35:44.4041032Z Syncing repository: twangyal/projects-monorepo
2026-10-07T21:35:44.4044160Z ##[group]Getting Git version info
2026-10-07T21:35:44.4045562Z Working directory is '/home/runner/work/projects-monorepo/projects-monorepo'
2026-10-07T21:35:44.4047665Z [command]/usr/bin/git version
2026-10-07T21:35:44.4138686Z git version 2.55.0
2026-10-07T21:35:44.4162893Z ##[endgroup]
2026-10-07T21:35:44.4180099Z Temporarily overriding HOME='/home/runner/work/_temp/56093495-31da-4128-8819-9da8083de048' before making global git config changes
2026-10-07T21:35:44.4183315Z Adding repository directory to the temporary git global config as a safe directory
2026-10-07T21:35:44.4186796Z [command]/usr/bin/git config --global --add safe.directory /home/runner/work/projects-monorepo/projects-monorepo
2026-10-07T21:35:44.4245559Z Deleting the contents of '/home/runner/work/projects-monorepo/projects-monorepo'
2026-10-07T21:35:44.4255116Z ##[group]Initializing the repository
2026-10-07T21:35:44.4256502Z [command]/usr/bin/git init /home/runner/work/projects-monorepo/projects-monorepo
2026-10-07T21:35:44.4396009Z hint: Using 'master' as the name for the initial branch. This default branch name
2026-10-07T21:35:44.4397781Z hint: will change to "main" in Git 3.0. To configure the initial branch name
2026-10-07T21:35:44.4400569Z hint: to use in all of your new repositories, which will suppress this warning,
2026-10-07T21:35:44.4401900Z hint: call:
2026-10-07T21:35:44.4402852Z hint:
2026-10-07T21:35:44.4403653Z hint: 	git config --global init.defaultBranch <name>
2026-10-07T21:35:44.4404678Z hint:
2026-10-07T21:35:44.4405639Z hint: Names commonly chosen instead of 'master' are 'main', 'trunk' and
2026-10-07T21:35:44.4407176Z hint: 'development'. The just-created branch can be renamed via this command:
2026-10-07T21:35:44.4408371Z hint:
2026-10-07T21:35:44.4409041Z hint: 	git branch -m <name>
2026-10-07T21:35:44.4410123Z hint:
2026-10-07T21:35:44.4411233Z hint: Disable this message with "git config set advice.defaultBranchName false"
2026-10-07T21:35:44.4413276Z Initialized empty Git repository in /home/runner/work/projects-monorepo/projects-monorepo/.git/
2026-10-07T21:35:44.4417274Z [command]/usr/bin/git remote add origin https://github.com/twangyal/projects-monorepo
2026-10-07T21:35:44.4468420Z ##[endgroup]
2026-10-07T21:35:44.4469379Z ##[group]Disabling automatic garbage collection
2026-10-07T21:35:44.4473860Z [command]/usr/bin/git config --local gc.auto 0
2026-10-07T21:35:44.4507569Z ##[endgroup]
2026-10-07T21:35:44.4508403Z ##[group]Setting up auth
2026-10-07T21:35:44.4516400Z [command]/usr/bin/git config --local --name-only --get-regexp core\.sshCommand
2026-10-07T21:35:44.4554424Z [command]/usr/bin/git submodule foreach --recursive sh -c "git config --local --name-only --get-regexp 'core\.sshCommand' && git config --local --unset-all 'core.sshCommand' || :"
2026-10-07T21:35:44.5000304Z [command]/usr/bin/git config --local --name-only --get-regexp http\.https\:\/\/github\.com\/\.extraheader
2026-10-07T21:35:44.5055725Z [command]/usr/bin/git submodule foreach --recursive sh -c "git config --local --name-only --get-regexp 'http\.https\:\/\/github\.com\/\.extraheader' && git config --local --unset-all 'http.https://github.com/.extraheader' || :"
2026-10-07T21:35:44.5316884Z [command]/usr/bin/git config --local --name-only --get-regexp ^includeIf\.gitdir:
2026-10-07T21:35:44.5364026Z [command]/usr/bin/git submodule foreach --recursive git config --local --show-origin --name-only --get-regexp remote.origin.url
2026-10-07T21:35:44.5621815Z [command]/usr/bin/git config --local http.https://github.com/.extraheader AUTHORIZATION: basic ***
2026-10-07T21:35:44.5673187Z ##[endgroup]
2026-10-07T21:35:44.5674926Z ##[group]Fetching the repository
2026-10-07T21:35:44.5697956Z [command]/usr/bin/git -c protocol.version=2 fetch --no-tags --prune --no-recurse-submodules --depth=1 origin +7846d41dc89d836f57752db8061ef774ea50f260:refs/remotes/pull/12/merge
2026-10-07T21:35:45.2469725Z From https://github.com/twangyal/projects-monorepo
2026-10-07T21:35:45.2471732Z  * [new ref]         7846d41dc89d836f57752db8061ef774ea50f260 -> pull/12/merge
2026-10-07T21:35:45.2491098Z ##[endgroup]
2026-10-07T21:35:45.2492909Z ##[group]Determining the checkout info
2026-10-07T21:35:45.2494839Z ##[endgroup]
2026-10-07T21:35:45.2496045Z [command]/usr/bin/git sparse-checkout disable
2026-10-07T21:35:45.2535410Z [command]/usr/bin/git config --local --unset-all extensions.worktreeConfig
2026-10-07T21:35:45.2570917Z ##[group]Checking out the ref
2026-10-07T21:35:45.2573813Z [command]/usr/bin/git checkout --progress --force refs/remotes/pull/12/merge
2026-10-07T21:35:45.3924685Z Note: switching to 'refs/remotes/pull/12/merge'.
2026-10-07T21:35:45.3925815Z 
2026-10-07T21:35:45.3926667Z You are in 'detached HEAD' state. You can look around, make experimental
2026-10-07T21:35:45.3928353Z changes and commit them, and you can discard any commits you make in this
2026-10-07T21:35:45.3930073Z state without impacting any branches by switching back to a branch.
2026-10-07T21:35:45.3930881Z 
2026-10-07T21:35:45.3931399Z If you want to create a new branch to retain commits you create, you may
2026-10-07T21:35:45.3933022Z do so (now or later) by using -c with the switch command. Example:
2026-10-07T21:35:45.3933805Z 
2026-10-07T21:35:45.3934087Z   git switch -c <new-branch-name>
2026-10-07T21:35:45.3934587Z 
2026-10-07T21:35:45.3934862Z Or undo this operation with:
2026-10-07T21:35:45.3935315Z 
2026-10-07T21:35:45.3935552Z   git switch -
2026-10-07T21:35:45.3935888Z 
2026-10-07T21:35:45.3936530Z Turn off this advice by setting config variable advice.detachedHead to false
2026-10-07T21:35:45.3937975Z 
2026-10-07T21:35:45.3939692Z HEAD is now at 7846d41 Merge 71dc8abecff949b35e8ca18d05b84a480b9ddca5 into 73b04fb6160a696bfbf69860496e4eaa39f0340d
2026-10-07T21:35:45.3942896Z ##[endgroup]
2026-10-07T21:35:45.3986072Z [command]/usr/bin/git log -1 --format=%H
2026-10-07T21:35:45.4014789Z 7846d41dc89d836f57752db8061ef774ea50f260
2026-10-07T21:35:45.4439714Z ##[group]Run actions/setup-node@v4
2026-10-07T21:35:45.4440620Z with:
2026-10-07T21:35:45.4441182Z   node-version: 24
2026-10-07T21:35:45.4441808Z   cache: npm
2026-10-07T21:35:45.4442657Z   cache-dependency-path: apps/composure/package-lock.json
2026-10-07T21:35:45.4443782Z   always-auth: false
2026-10-07T21:35:45.4444441Z   check-latest: false
2026-10-07T21:35:45.4454385Z   token: ***
2026-10-07T21:35:45.4454962Z ##[endgroup]
2026-10-07T21:35:45.5950748Z Found in cache @ /opt/hostedtoolcache/node/24.21.0/x64
2026-10-07T21:35:45.5955451Z (node:2273) [DEP0040] DeprecationWarning: The `punycode` module is deprecated. Please use a userland alternative instead.
2026-10-07T21:35:45.5958825Z (Use `node --trace-deprecation ...` to show where the warning was created)
2026-10-07T21:35:45.5962036Z ##[group]Environment details
2026-10-07T21:35:46.0370300Z node: v24.21.0
2026-10-07T21:35:46.0372286Z npm: 11.19.0
2026-10-07T21:35:46.0373484Z yarn: 1.22.22
2026-10-07T21:35:46.0376121Z ##[endgroup]
2026-10-07T21:35:46.0395296Z [command]/opt/hostedtoolcache/node/24.21.0/x64/bin/npm config get cache
2026-10-07T21:35:46.1563474Z /home/runner/.npm
2026-10-07T21:35:46.2404891Z Cache hit for: node-cache-Linux-x64-npm-ffea1d1aac26a82e62d1114d2b189ff737c68730a12f03338075afff6990decc
2026-10-07T21:35:46.2512768Z (node:2273) [DEP0169] DeprecationWarning: `url.parse()` behavior is not standardized and prone to errors that have security implications. Use the WHATWG URL API instead. CVEs are not issued for `url.parse()` vulnerabilities.
2026-10-07T21:35:46.4644007Z Received 20890600 of 20890600 (100.0%), 106.5 MBs/sec
2026-10-07T21:35:46.4676478Z Cache Size: ~20 MB (20890600 B)
2026-10-07T21:35:46.4679597Z [command]/usr/bin/tar -xf /home/runner/work/_temp/7fc9a50d-bf09-498a-b1a5-9f1edca200d5/cache.tzst -P -C /home/runner/work/projects-monorepo/projects-monorepo --use-compress-program unzstd
2026-10-07T21:35:46.5425321Z Cache restored successfully
2026-10-07T21:35:46.5443680Z Cache restored from key: node-cache-Linux-x64-npm-ffea1d1aac26a82e62d1114d2b189ff737c68730a12f03338075afff6990decc
2026-10-07T21:35:46.5703538Z ##[group]Run npm ci
2026-10-07T21:35:46.5703924Z [36;1mnpm ci[0m
2026-10-07T21:35:46.6020939Z shell: /usr/bin/bash -e {0}
2026-10-07T21:35:46.6021416Z ##[endgroup]
2026-10-07T21:35:48.7315671Z npm warn deprecated eslint@9.39.5: This version is no longer supported. Please see https://eslint.org/version-support for other options.
2026-10-07T21:35:48.8472711Z 
2026-10-07T21:35:48.8473808Z added 124 packages, and audited 125 packages in 2s
2026-10-07T21:35:48.8474438Z 
2026-10-07T21:35:48.8474828Z 41 packages are looking for funding
2026-10-07T21:35:48.8475467Z   run `npm fund` for details
2026-10-07T21:35:48.8486183Z 
2026-10-07T21:35:48.8486534Z found 0 vulnerabilities
2026-10-07T21:35:48.8497714Z npm warn install-scripts 1 package has install scripts not yet covered by allowScripts:
2026-10-07T21:35:48.8499517Z npm warn install-scripts   esbuild@0.28.2 (postinstall: node install.js)
2026-10-07T21:35:48.8500656Z npm warn install-scripts
2026-10-07T21:35:48.8502143Z npm warn install-scripts Run `npm install-scripts ls` to review, or `npm install-scripts approve <pkg>` to allow.
2026-10-07T21:35:48.9031915Z ##[group]Run npm run check
2026-10-07T21:35:48.9032234Z [36;1mnpm run check[0m
2026-10-07T21:35:48.9097936Z shell: /usr/bin/bash -e {0}
2026-10-07T21:35:48.9098212Z ##[endgroup]
2026-10-07T21:35:49.0251998Z 
2026-10-07T21:35:49.0252525Z > composure@0.2.0 check
2026-10-07T21:35:49.0253080Z > npm run test && npm run lint && npm run build
2026-10-07T21:35:49.0253382Z 
2026-10-07T21:35:49.1278818Z 
2026-10-07T21:35:49.1279759Z > composure@0.2.0 test
2026-10-07T21:35:49.1280697Z > node --experimental-strip-types --test tests/*.test.ts
2026-10-07T21:35:49.1281218Z 
2026-10-07T21:35:49.3951387Z ✔ Bluetooth origin is detached and runtime immutable without freezing gameplay (5.694425ms)
2026-10-07T21:35:49.3967715Z ✔ Bluetooth construction revalidates calibration shape, bounds, spacing, mean and age (1.749418ms)
2026-10-07T21:35:49.3983198Z ✔ simulator source and schema1 report remain compatible and refuse Bluetooth injection (1.860394ms)
2026-10-07T21:35:49.4040729Z ✔ Bluetooth has no initial game reading and refuses simulator injection (0.559876ms)
2026-10-07T21:35:49.4060572Z ✔ source connection, final calibration sequence and strict run-start receipt are pinned (0.341668ms)
2026-10-07T21:35:49.4063236Z ✔ bursts and ineligible BPM consume sequence without changing the usable sample (0.334264ms)
2026-10-07T21:35:49.4081062Z ✔ contact loss bypasses burst and BPM admission and immediately clears only usable state (0.649444ms)
2026-10-07T21:35:49.4083236Z ✔ receipt clock freshness is exact even when active time is stalled or capped (0.37489ms)
2026-10-07T21:35:49.4085153Z ✔ a zero-elapsed frame still exposes exact receipt-time staleness (0.620559ms)
2026-10-07T21:35:49.4087106Z ✔ a maximum legal RR tail remains ignored metadata rather than rejecting the game input (0.976795ms)
2026-10-07T21:35:49.4089060Z ✔ disconnect and contact-loss transitions are recorded even before any game reading (0.662408ms)
2026-10-07T21:35:49.4091559Z ✔ a pause with no usable Bluetooth reading records the pause without a redundant signal event (0.969751ms)
2026-10-07T21:35:49.4093689Z ✔ invalid clocks fail atomically before sub-step advance or resume and do not consume sequence (0.694848ms)
2026-10-07T21:35:49.4095715Z ✔ pause/resume retains history but requires a strictly later new notification (0.55166ms)
2026-10-07T21:35:49.4097794Z ✔ all invalidation reasons retain samples and prevent the historical sample from returning (1.1031ms)
2026-10-07T21:35:49.4100952Z ✔ malformed measurements cannot refresh a Bluetooth reading or contaminate reports (0.277578ms)
2026-10-07T21:35:49.4102742Z ✔ Bluetooth report has detached relative calibration/game receipts without transport identity (1.172519ms)
2026-10-07T21:35:49.4104452Z ✔ Bluetooth histories stay capped and terminal runs cannot accept more readings (1.892184ms)
2026-10-07T21:35:49.4323002Z ✔ requestDevice runs synchronously, exact service subscription emits no cached value (14.569022ms)
2026-10-07T21:35:49.4324639Z ✔ unavailable provider and disposed transport fail closed without native calls (0.408362ms)
2026-10-07T21:35:49.4326137Z ✔ Cancel settles promptly at chooser, blocks a replacement until native drainage (2.294035ms)
2026-10-07T21:35:49.4327568Z ✔ Cancel settles promptly at connect, blocks a replacement until native drainage (1.164745ms)
2026-10-07T21:35:49.4328978Z ✔ Cancel settles promptly at service, blocks a replacement until native drainage (4.616964ms)
2026-10-07T21:35:49.4330790Z ✔ Cancel settles promptly at characteristic, blocks a replacement until native drainage (1.111296ms)
2026-10-07T21:35:49.4332257Z ✔ Cancel settles promptly at start, blocks a replacement until native drainage (2.663585ms)
2026-10-07T21:35:49.4333611Z ✔ dispose is terminal and promptly resolves a never-settling native connect (3.24969ms)
2026-10-07T21:35:49.4335000Z ✔ absolute startup deadline is checked after connect even before timer delivery (2.641654ms)
2026-10-07T21:35:49.4336421Z ✔ absolute startup deadline is checked after service even before timer delivery (1.708431ms)
2026-10-07T21:35:49.4338592Z ✔ absolute startup deadline is checked after characteristic even before timer delivery (2.938008ms)
2026-10-07T21:35:49.4340408Z ✔ absolute startup deadline is checked after start even before timer delivery (1.535619ms)
2026-10-07T21:35:49.4341879Z ✔ timer timeout settles public false while pending native operation remains draining (2.177307ms)
2026-10-07T21:35:49.4343359Z ✔ chooser time is excluded; startup shares one deadline across all subsequent stages (0.780848ms)
2026-10-07T21:35:49.4344923Z ✔ early packets are suppressed; real DataView packets stamp sequence and fresh receipt clock (5.264112ms)
2026-10-07T21:35:49.4346594Z ✔ queued disconnect is ignored while connected; actual disconnect retires readiness and listeners (0.912604ms)
2026-10-07T21:35:49.4348124Z ✔ subscription failure contains native secrets and disconnects before cleanup (1.557479ms)
2026-10-07T21:35:49.4400974Z ✔ stop cleanup is serialized, disconnect immediate, rejection contained and reuse blocked (1.672364ms)
2026-10-07T21:35:49.4427361Z ✔ invalid startup/receipt clock NaN cannot publish a measurement (3.317035ms)
2026-10-07T21:35:49.4480855Z ✔ invalid startup/receipt clock Infinity cannot publish a measurement (0.675071ms)
2026-10-07T21:35:49.4540596Z ✔ invalid startup/receipt clock -1 cannot publish a measurement (0.711138ms)
2026-10-07T21:35:49.4542787Z ✔ invalid startup/receipt clock 99 cannot publish a measurement (0.68544ms)
2026-10-07T21:35:49.4600654Z ✔ snapshot and callback states are detached; reconnection obtains a new logical ID (0.92626ms)
2026-10-07T21:35:49.4630413Z ✔ native chooser rejection is bounded and leaves no live listeners (0.742677ms)
2026-10-07T21:35:49.4660246Z ✔ native connect rejection is bounded and leaves no live listeners (3.385836ms)
2026-10-07T21:35:49.4670821Z ✔ native service rejection is bounded and leaves no live listeners (0.731366ms)
2026-10-07T21:35:49.4700793Z ✔ native characteristic rejection is bounded and leaves no live listeners (0.703163ms)
2026-10-07T21:35:49.4730893Z ✔ native start rejection is bounded and leaves no live listeners (3.839812ms)
2026-10-07T21:35:49.4740820Z ✔ indicate-only characteristics work; unsupported notification properties fail closed (1.027419ms)
2026-10-07T21:35:49.4772431Z ✔ retired callback closures cannot mutate a newer connection on the same objects (0.98001ms)
2026-10-07T21:35:49.4793937Z ✔ startup clock reversal/nonfinite clock fails before another stage and readiness publication (1.389756ms)
2026-10-07T21:35:49.4810708Z ✔ settled startup timers cannot retire a subscribed connection later (4.267501ms)
2026-10-07T21:35:49.4840684Z ✔ synchronous chooser failure returns false without exposing the thrown native error (1.326768ms)
2026-10-07T21:35:49.5041031Z ✔ calibration rejects entirely sparse five-slot arrays (1.588387ms)
2026-10-07T21:35:49.5161121Z ✔ calibration rejects a missing own reading even when other readings are valid (0.241421ms)
2026-10-07T21:35:49.5216122Z ✔ inherited numeric entries cannot stand in for an actual calibration reading (0.29967ms)
2026-10-07T21:35:49.5240581Z ✔ five own finite readings retain the exact mean and do not mutate the input (1.703442ms)
2026-10-07T21:35:49.6224661Z ✔ independent packet oracle: literal contact flags distinguish unsupported from supported loss (8.040858ms)
2026-10-07T21:35:49.6250349Z ✔ independent packet oracle: offset views and little-endian optional fields have exact extents (0.381242ms)
2026-10-07T21:35:49.6275711Z ✔ independent packet oracle: malformed lengths, reserved flags and payload ceiling reject (2.730539ms)
2026-10-07T21:35:49.6351318Z ✔ independent calibration oracle: five actual spaced samples average70 and snapshots are detached (0.766201ms)
2026-10-07T21:35:49.6410553Z ✔ independent calibration oracle: bursts and duplicates cannot manufacture five samples (0.432277ms)
2026-10-07T21:35:49.6412070Z ✔ independent calibration oracle: exact window and readiness age boundaries are inclusive (0.327592ms)
2026-10-07T21:35:49.6413362Z ✔ independent calibration oracle: clock floor is shared and wrong identity/duplicates precede clocks (0.312553ms)
2026-10-07T21:35:49.6414556Z ✔ independent calibration oracle: contact loss invalidates ready and burst collection before BPM filtering (0.505184ms)
2026-10-07T21:35:49.6416223Z ✔ independent calibration oracle: spread failure requires recollection and gameplay-only BPM cannot count (0.532554ms)
2026-10-07T21:35:49.6418105Z ✔ independent model oracle: BLE starts empty, pins detached immutable origin and refuses simulator samples (1.352736ms)
2026-10-07T21:35:49.6420204Z ✔ independent model oracle: BLE freshness uses10000 receipt milliseconds rather than active seconds (1.293516ms)
2026-10-07T21:35:49.6421884Z ✔ independent model oracle: every model clock operation shares floor before any mutation (0.606061ms)
2026-10-07T21:35:49.6423588Z ✔ independent model oracle: contact loss invalidates within throttling window without deleting evidence (1.198198ms)
2026-10-07T21:35:49.6425378Z ✔ independent model oracle: paused packets cannot be replayed after resume or resurrect old reading (0.379199ms)
2026-10-07T21:35:49.6427086Z ✔ independent report oracle: live provenance has relative receipts and simulator keeps schema1 (1.096208ms)
2026-10-07T21:35:49.6653808Z ✔ SIG contact flags include valid unsupported contact bit 0x02 (2.293494ms)
2026-10-07T21:35:49.6671369Z ✔ reads only DataView and Uint8Array offsets and leaves backing bytes untouched (0.396751ms)
2026-10-07T21:35:49.6680694Z ✔ energy and RR fields require exact structural lengths (1.026216ms)
2026-10-07T21:35:49.6682203Z ✔ all defined flag combinations preserve exact optional-field counts (2.446248ms)
2026-10-07T21:35:49.6694694Z ✔ rejects reserved bits and enforces packet maximum before optional parsing (1.928101ms)
2026-10-07T21:35:49.6696089Z ✔ detached buffers reject with the bounded packet error (0.397393ms)
2026-10-07T21:35:49.6698352Z ✔ five actual spaced readings produce a detached arithmetic mean (0.783864ms)
2026-10-07T21:35:49.6700147Z ✔ bursts, duplicate sequence and ineligible BPM do not count or roll samples (0.403133ms)
2026-10-07T21:35:49.6702966Z ✔ accepted readings consume their sequence and rejected readings consume observation watermarks (0.462504ms)
2026-10-07T21:35:49.6704723Z ✔ constructor and applicable sequences validate safe generation IDs (0.729582ms)
2026-10-07T21:35:49.6720854Z ✔ wrong connection and old sequence cannot invalidate or advance clock (0.250087ms)
2026-10-07T21:35:49.6722891Z ✔ observe and snapshot share one monotonic clock and clock errors leave sequences reusable (0.512798ms)
2026-10-07T21:35:49.6724746Z ✔ contact loss invalidates collecting before BPM bounds and spacing (0.26791ms)
2026-10-07T21:35:49.6727214Z ✔ contact loss invalidates a ready result even during a burst (0.132618ms)
2026-10-07T21:35:49.6728802Z ✔ collection window is inclusive and expiration retains accepted count (0.372997ms)
2026-10-07T21:35:49.6730555Z ✔ spread at 12 BPM is valid; excessive spread fails without rolling replacement (0.637531ms)
2026-10-07T21:35:49.6732276Z ✔ ready freshness is inclusive, expires permanently and cannot refresh through packets (0.224139ms)
2026-10-07T21:35:49.6733948Z ✔ explicit invalidation is irreversible for collecting, ready, failed and expired (0.282387ms)
2026-10-07T21:35:49.6735545Z ✔ fractional receipt times and inclusive BPM bounds are not rounded or quantized (0.306443ms)
2026-10-07T21:35:49.7482246Z ✔ calibration requires five bounded consistent simulated readings (1.585932ms)
2026-10-07T21:35:49.7494231Z ✔ sample freshness, tension bounds, invalid rejection and pause use active time (15.04481ms)
2026-10-07T21:35:49.7502640Z ✔ fixed simulation steps preserve movement at 30, 60 and 120 Hz and cap stalls (2.846827ms)
2026-10-07T21:35:49.7519563Z ✔ full escape needs fuse, power, key and a steady lock before exit (1.786708ms)
2026-10-07T21:35:49.7543556Z ✔ timer/noise can lose, reset is detached, and report streams are bounded (0.693095ms)
2026-10-07T21:35:49.7553089Z ✔ steady has a real bounded aim and noise effect without altering the simulated source (0.975021ms)
2026-10-07T21:35:49.7555510Z ✔ invalid frame inputs preserve the model and capped events keep the latest terminal report (3.20176ms)
2026-10-07T21:35:49.7913794Z ✔ settings validate exact bounded state and retain failed raw records (2.128055ms)
2026-10-07T21:35:49.7915150Z ✔ an old preference snapshot cannot erase a newer completed best time (0.293869ms)
2026-10-07T21:35:49.7944445Z ✔ automatic best updates keep the latest comfort preferences and the faster completed result (1.189262ms)
2026-10-07T21:35:49.7946684Z ✔ corruption after initial load refuses both manual and automatic writes without changing raw bytes (0.388456ms)
2026-10-07T21:35:49.7948863Z ✔ explicit unreadable reset refuses a repaired record and removes only still-unreadable data (0.430083ms)
2026-10-07T21:35:49.7951118Z ✔ best-time updates require an actual bounded numeric result before reading or writing storage (0.327221ms)
2026-10-07T21:35:49.7953808Z ✔ adopting an older completed save preserves a faster result earned while the write was waiting (0.261679ms)
2026-10-07T21:35:49.8040620Z ℹ tests 103
2026-10-07T21:35:49.8041428Z ℹ suites 0
2026-10-07T21:35:49.8041926Z ℹ pass 103
2026-10-07T21:35:49.8042315Z ℹ fail 0
2026-10-07T21:35:49.8042744Z ℹ cancelled 0
2026-10-07T21:35:49.8043171Z ℹ skipped 0
2026-10-07T21:35:49.8043563Z ℹ todo 0
2026-10-07T21:35:49.8044025Z ℹ duration_ms 639.189832
2026-10-07T21:35:49.9170976Z 
2026-10-07T21:35:49.9171539Z > composure@0.2.0 lint
2026-10-07T21:35:49.9172006Z > eslint .
2026-10-07T21:35:49.9172226Z 
2026-10-07T21:35:51.8752454Z 
2026-10-07T21:35:51.8753007Z > composure@0.2.0 build
2026-10-07T21:35:51.8753674Z > tsc --noEmit && vite build
2026-10-07T21:35:51.8754057Z 
2026-10-07T21:35:53.9072405Z [36mvite v7.3.6 [32mbuilding client environment for production...[36m[39m
2026-10-07T21:35:53.9813054Z transforming...
2026-10-07T21:35:54.1628113Z [32m✓[39m 8 modules transformed.
2026-10-07T21:35:54.2001772Z rendering chunks...
2026-10-07T21:35:54.2055398Z computing gzip size...
2026-10-07T21:35:54.2087982Z [2mdist/[22m[32mindex.html                 [39m[1m[2m 0.48 kB[22m[1m[22m[2m │ gzip:  0.32 kB[22m
2026-10-07T21:35:54.2089704Z [2mdist/[22m[2massets/[22m[35mindex-7ROK7JA2.css  [39m[1m[2m 4.34 kB[22m[1m[22m[2m │ gzip:  1.57 kB[22m
2026-10-07T21:35:54.2091333Z [2mdist/[22m[2massets/[22m[36mindex-DskK_3vi.js   [39m[1m[2m43.59 kB[22m[1m[22m[2m │ gzip: 14.78 kB[22m
2026-10-07T21:35:54.2092110Z [32m✓ built in 275ms[39m
2026-10-07T21:35:54.2407482Z ##[group]Run npx playwright install --with-deps chromium
2026-10-07T21:35:54.2407945Z [36;1mnpx playwright install --with-deps chromium[0m
2026-10-07T21:35:54.2473566Z shell: /usr/bin/bash -e {0}
2026-10-07T21:35:54.2473839Z ##[endgroup]
2026-10-07T21:35:55.0124838Z Installing dependencies...
2026-10-07T21:35:55.0214288Z Switching to root user to install dependencies...
2026-10-07T21:35:55.1750953Z Get:1 file:/etc/apt/apt-mirrors.txt Mirrorlist [144 B]
2026-10-07T21:35:55.1926239Z Get:6 https://packages.microsoft.com/ubuntu/24.04/prod noble InRelease [3600 B]
2026-10-07T21:35:55.2184990Z Hit:2 http://azure.archive.ubuntu.com/ubuntu noble InRelease
2026-10-07T21:35:55.2203423Z Get:3 http://azure.archive.ubuntu.com/ubuntu noble-updates InRelease [126 kB]
2026-10-07T21:35:55.2270603Z Get:4 http://azure.archive.ubuntu.com/ubuntu noble-backports InRelease [126 kB]
2026-10-07T21:35:55.2315576Z Get:5 http://azure.archive.ubuntu.com/ubuntu noble-security InRelease [126 kB]
2026-10-07T21:35:55.3258827Z Get:7 https://packages.microsoft.com/ubuntu/24.04/prod noble/main amd64 Packages [519 kB]
2026-10-07T21:35:55.3762750Z Get:8 https://packages.microsoft.com/ubuntu/24.04/prod noble/main arm64 Packages [463 kB]
2026-10-07T21:35:55.4699127Z Get:9 http://azure.archive.ubuntu.com/ubuntu noble-updates/main amd64 Packages [1375 kB]
2026-10-07T21:35:55.4770655Z Get:10 http://azure.archive.ubuntu.com/ubuntu noble-updates/main Translation-en [306 kB]
2026-10-07T21:35:55.4821506Z Get:11 http://azure.archive.ubuntu.com/ubuntu noble-updates/universe amd64 Packages [1702 kB]
2026-10-07T21:35:55.4889605Z Get:12 http://azure.archive.ubuntu.com/ubuntu noble-updates/universe Translation-en [341 kB]
2026-10-07T21:35:55.4912594Z Get:13 http://azure.archive.ubuntu.com/ubuntu noble-updates/restricted amd64 Packages [1730 kB]
2026-10-07T21:35:55.5000902Z Get:14 http://azure.archive.ubuntu.com/ubuntu noble-updates/restricted Translation-en [396 kB]
2026-10-07T21:35:55.5022429Z Get:15 http://azure.archive.ubuntu.com/ubuntu noble-updates/multiverse Translation-en [13.3 kB]
2026-10-07T21:35:55.5823923Z Get:16 http://azure.archive.ubuntu.com/ubuntu noble-security/main amd64 Packages [1073 kB]
2026-10-07T21:35:55.5879401Z Get:17 http://azure.archive.ubuntu.com/ubuntu noble-security/main Translation-en [223 kB]
2026-10-07T21:35:55.5897937Z Get:18 http://azure.archive.ubuntu.com/ubuntu noble-security/universe amd64 Packages [1218 kB]
2026-10-07T21:35:55.6380644Z Get:19 http://azure.archive.ubuntu.com/ubuntu noble-security/universe Translation-en [245 kB]
2026-10-07T21:35:55.6400910Z Get:20 http://azure.archive.ubuntu.com/ubuntu noble-security/multiverse Translation-en [11.6 kB]
2026-10-07T21:36:00.4500168Z Fetched 9996 kB in 1s (8683 kB/s)
2026-10-07T21:36:01.3281098Z Reading package lists...
2026-10-07T21:36:01.3533511Z Reading package lists...
2026-10-07T21:36:01.6176950Z Building dependency tree...
2026-10-07T21:36:01.6184943Z Reading state information...
2026-10-07T21:36:01.7783196Z libasound2t64 is already the newest version (1.2.11-1ubuntu0.3).
2026-10-07T21:36:01.7783968Z libasound2t64 set to manually installed.
2026-10-07T21:36:01.7806667Z libatk-bridge2.0-0t64 is already the newest version (2.52.0-1build1).
2026-10-07T21:36:01.7808484Z libatk-bridge2.0-0t64 set to manually installed.
2026-10-07T21:36:01.7808986Z libatk1.0-0t64 is already the newest version (2.52.0-1build1).
2026-10-07T21:36:01.7809555Z libatk1.0-0t64 set to manually installed.
2026-10-07T21:36:01.7810018Z libatspi2.0-0t64 is already the newest version (2.52.0-1build1).
2026-10-07T21:36:01.7810486Z libatspi2.0-0t64 set to manually installed.
2026-10-07T21:36:01.7810899Z libcairo2 is already the newest version (1.18.0-3build1).
2026-10-07T21:36:01.7811287Z libcairo2 set to manually installed.
2026-10-07T21:36:01.7811715Z libcups2t64 is already the newest version (2.4.7-1.2ubuntu7.14).
2026-10-07T21:36:01.7812121Z libcups2t64 set to manually installed.
2026-10-07T21:36:01.7812553Z libdbus-1-3 is already the newest version (1.14.10-4ubuntu4.1).
2026-10-07T21:36:01.7813329Z libdbus-1-3 set to manually installed.
2026-10-07T21:36:01.7813797Z libdrm2 is already the newest version (2.4.125-1ubuntu0.1~24.04.2).
2026-10-07T21:36:01.7814204Z libdrm2 set to manually installed.
2026-10-07T21:36:01.7814609Z libgbm1 is already the newest version (25.2.8-0ubuntu0.24.04.4).
2026-10-07T21:36:01.7815001Z libgbm1 set to manually installed.
2026-10-07T21:36:01.7815408Z libglib2.0-0t64 is already the newest version (2.80.0-6ubuntu3.9).
2026-10-07T21:36:01.7815823Z libglib2.0-0t64 set to manually installed.
2026-10-07T21:36:01.7816255Z libnspr4 is already the newest version (2:4.35-1.1build1).
2026-10-07T21:36:01.7816638Z libnspr4 set to manually installed.
2026-10-07T21:36:01.7817021Z libnss3 is already the newest version (2:3.98-1ubuntu0.2).
2026-10-07T21:36:01.7817391Z libnss3 set to manually installed.
2026-10-07T21:36:01.7817797Z libpango-1.0-0 is already the newest version (1.52.1+ds-1build1).
2026-10-07T21:36:01.7818206Z libpango-1.0-0 set to manually installed.
2026-10-07T21:36:01.7818609Z libx11-6 is already the newest version (2:1.8.7-1build1).
2026-10-07T21:36:01.7818971Z libx11-6 set to manually installed.
2026-10-07T21:36:01.7819459Z libxcb1 is already the newest version (1.15-1ubuntu2).
2026-10-07T21:36:01.7819827Z libxcb1 set to manually installed.
2026-10-07T21:36:01.7820255Z libxcomposite1 is already the newest version (1:0.4.5-1build3).
2026-10-07T21:36:01.7820673Z libxcomposite1 set to manually installed.
2026-10-07T21:36:01.7821090Z libxdamage1 is already the newest version (1:1.1.6-1build1).
2026-10-07T21:36:01.7821667Z libxdamage1 set to manually installed.
2026-10-07T21:36:01.7822075Z libxext6 is already the newest version (2:1.3.4-1build2).
2026-10-07T21:36:01.7822443Z libxext6 set to manually installed.
2026-10-07T21:36:01.7822834Z libxfixes3 is already the newest version (1:6.0.0-2build1).
2026-10-07T21:36:01.7823214Z libxfixes3 set to manually installed.
2026-10-07T21:36:01.7823606Z libxkbcommon0 is already the newest version (1.6.0-1build1).
2026-10-07T21:36:01.7824008Z libxkbcommon0 set to manually installed.
2026-10-07T21:36:01.7824411Z libxrandr2 is already the newest version (2:1.5.2-2build1).
2026-10-07T21:36:01.7824786Z libxrandr2 set to manually installed.
2026-10-07T21:36:01.7825176Z xvfb is already the newest version (2:21.1.12-1ubuntu1.8).
2026-10-07T21:36:01.7825708Z fonts-noto-color-emoji is already the newest version (2.047-0ubuntu0.24.04.1).
2026-10-07T21:36:01.7826265Z libfontconfig1 is already the newest version (2.15.0-1.1ubuntu2).
2026-10-07T21:36:01.7826679Z libfontconfig1 set to manually installed.
2026-10-07T21:36:01.7827091Z fonts-liberation is already the newest version (1:2.1.5-3).
2026-10-07T21:36:01.7827487Z fonts-liberation set to manually installed.
2026-10-07T21:36:01.7827888Z The following additional packages will be installed:
2026-10-07T21:36:01.7828238Z   xfonts-encodings xfonts-utils
2026-10-07T21:36:01.7828509Z Recommended packages:
2026-10-07T21:36:01.7828779Z   fonts-ipafont-mincho fonts-tlwg-loma
2026-10-07T21:36:01.8162843Z The following NEW packages will be installed:
2026-10-07T21:36:01.8163973Z   fonts-freefont-ttf fonts-ipafont-gothic fonts-tlwg-loma-otf fonts-unifont
2026-10-07T21:36:01.8171867Z   fonts-wqy-zenhei xfonts-cyrillic xfonts-encodings xfonts-scalable
2026-10-07T21:36:01.8172620Z   xfonts-utils
2026-10-07T21:36:01.8177173Z The following packages will be upgraded:
2026-10-07T21:36:01.8182615Z   libfreetype6
2026-10-07T21:36:01.8354521Z 1 upgraded, 9 newly installed, 0 to remove and 10 not upgraded.
2026-10-07T21:36:01.8355365Z Need to get 21.5 MB of archives.
2026-10-07T21:36:01.8356236Z After this operation, 79.5 MB of additional disk space will be used.
2026-10-07T21:36:01.8357334Z Get:1 file:/etc/apt/apt-mirrors.txt Mirrorlist [144 B]
2026-10-07T21:36:17.0698676Z Get:2 http://azure.archive.ubuntu.com/ubuntu noble/universe amd64 fonts-ipafont-gothic all 00303-21ubuntu1 [3513 kB]
2026-10-07T21:36:18.0297806Z Get:3 http://azure.archive.ubuntu.com/ubuntu noble/main amd64 fonts-freefont-ttf all 20211204+svn4273-2 [5641 kB]
2026-10-07T21:36:18.2870017Z Get:4 http://azure.archive.ubuntu.com/ubuntu noble/universe amd64 fonts-tlwg-loma-otf all 1:0.7.3-1 [107 kB]
2026-10-07T21:36:18.3899079Z Get:5 http://azure.archive.ubuntu.com/ubuntu noble/universe amd64 fonts-unifont all 1:15.1.01-1build1 [2993 kB]
2026-10-07T21:36:18.5250975Z Get:6 http://azure.archive.ubuntu.com/ubuntu noble/universe amd64 fonts-wqy-zenhei all 0.9.45-8 [7472 kB]
2026-10-07T21:36:18.8444550Z Get:7 http://azure.archive.ubuntu.com/ubuntu noble-updates/main amd64 libfreetype6 amd64 2.13.2+dfsg-1ubuntu0.2 [403 kB]
2026-10-07T21:36:18.9506254Z Get:8 http://azure.archive.ubuntu.com/ubuntu noble/main amd64 xfonts-encodings all 1:1.0.5-0ubuntu2 [578 kB]
2026-10-07T21:36:19.0586668Z Get:9 http://azure.archive.ubuntu.com/ubuntu noble/main amd64 xfonts-utils amd64 1:7.7+6build3 [94.4 kB]
2026-10-07T21:36:19.1622718Z Get:10 http://azure.archive.ubuntu.com/ubuntu noble/universe amd64 xfonts-cyrillic all 1:1.0.5+nmu1 [384 kB]
2026-10-07T21:36:19.2681049Z Get:11 http://azure.archive.ubuntu.com/ubuntu noble/main amd64 xfonts-scalable all 1:1.0.3-1.3 [304 kB]
2026-10-07T21:36:19.5414339Z Fetched 21.5 MB in 17s (1232 kB/s)
2026-10-07T21:36:19.5845057Z Selecting previously unselected package fonts-ipafont-gothic.
2026-10-07T21:36:19.6462260Z (Reading database ... 
2026-10-07T21:36:19.6462780Z (Reading database ... 5%
2026-10-07T21:36:19.6463192Z (Reading database ... 10%
2026-10-07T21:36:19.6463948Z (Reading database ... 15%
2026-10-07T21:36:19.6464352Z (Reading database ... 20%
2026-10-07T21:36:19.6464999Z (Reading database ... 25%
2026-10-07T21:36:19.6465331Z (Reading database ... 30%
2026-10-07T21:36:19.6465654Z (Reading database ... 35%
2026-10-07T21:36:19.6465974Z (Reading database ... 40%
2026-10-07T21:36:19.6466728Z (Reading database ... 45%
2026-10-07T21:36:19.6467273Z (Reading database ... 50%
2026-10-07T21:36:19.6866983Z (Reading database ... 55%
2026-10-07T21:36:20.0420651Z (Reading database ... 60%
2026-10-07T21:36:20.2983499Z (Reading database ... 65%
2026-10-07T21:36:20.5545249Z (Reading database ... 70%
2026-10-07T21:36:20.8634381Z (Reading database ... 75%
2026-10-07T21:36:21.2336759Z (Reading database ... 80%
2026-10-07T21:36:21.8539389Z (Reading database ... 85%
2026-10-07T21:36:22.4600569Z (Reading database ... 90%
2026-10-07T21:36:23.1001568Z (Reading database ... 95%
2026-10-07T21:36:23.1002256Z (Reading database ... 100%
2026-10-07T21:36:23.1003262Z (Reading database ... 203191 files and directories currently installed.)
2026-10-07T21:36:23.1046551Z Preparing to unpack .../0-fonts-ipafont-gothic_00303-21ubuntu1_all.deb ...
2026-10-07T21:36:23.1145072Z Unpacking fonts-ipafont-gothic (00303-21ubuntu1) ...
2026-10-07T21:36:23.3415532Z Selecting previously unselected package fonts-freefont-ttf.
2026-10-07T21:36:23.3540705Z Preparing to unpack .../1-fonts-freefont-ttf_20211204+svn4273-2_all.deb ...
2026-10-07T21:36:23.3549669Z Unpacking fonts-freefont-ttf (20211204+svn4273-2) ...
2026-10-07T21:36:23.4344981Z Selecting previously unselected package fonts-tlwg-loma-otf.
2026-10-07T21:36:23.4470657Z Preparing to unpack .../2-fonts-tlwg-loma-otf_1%3a0.7.3-1_all.deb ...
2026-10-07T21:36:23.4480646Z Unpacking fonts-tlwg-loma-otf (1:0.7.3-1) ...
2026-10-07T21:36:23.4745378Z Selecting previously unselected package fonts-unifont.
2026-10-07T21:36:23.4870763Z Preparing to unpack .../3-fonts-unifont_1%3a15.1.01-1build1_all.deb ...
2026-10-07T21:36:23.4882105Z Unpacking fonts-unifont (1:15.1.01-1build1) ...
2026-10-07T21:36:23.6006955Z Selecting previously unselected package fonts-wqy-zenhei.
2026-10-07T21:36:23.6136036Z Preparing to unpack .../4-fonts-wqy-zenhei_0.9.45-8_all.deb ...
2026-10-07T21:36:23.6244863Z Unpacking fonts-wqy-zenhei (0.9.45-8) ...
2026-10-07T21:36:24.1046317Z Preparing to unpack .../5-libfreetype6_2.13.2+dfsg-1ubuntu0.2_amd64.deb ...
2026-10-07T21:36:24.1093346Z Unpacking libfreetype6:amd64 (2.13.2+dfsg-1ubuntu0.2) over (2.13.2+dfsg-1ubuntu0.1) ...
2026-10-07T21:36:24.1376459Z Selecting previously unselected package xfonts-encodings.
2026-10-07T21:36:24.1504051Z Preparing to unpack .../6-xfonts-encodings_1%3a1.0.5-0ubuntu2_all.deb ...
2026-10-07T21:36:24.1514141Z Unpacking xfonts-encodings (1:1.0.5-0ubuntu2) ...
2026-10-07T21:36:24.1812466Z Selecting previously unselected package xfonts-utils.
2026-10-07T21:36:24.1938615Z Preparing to unpack .../7-xfonts-utils_1%3a7.7+6build3_amd64.deb ...
2026-10-07T21:36:24.1948391Z Unpacking xfonts-utils (1:7.7+6build3) ...
2026-10-07T21:36:24.2709507Z Selecting previously unselected package xfonts-cyrillic.
2026-10-07T21:36:24.2834233Z Preparing to unpack .../8-xfonts-cyrillic_1%3a1.0.5+nmu1_all.deb ...
2026-10-07T21:36:24.2844423Z Unpacking xfonts-cyrillic (1:1.0.5+nmu1) ...
2026-10-07T21:36:24.3206245Z Selecting previously unselected package xfonts-scalable.
2026-10-07T21:36:24.3333096Z Preparing to unpack .../9-xfonts-scalable_1%3a1.0.3-1.3_all.deb ...
2026-10-07T21:36:24.3343581Z Unpacking xfonts-scalable (1:1.0.3-1.3) ...
2026-10-07T21:36:24.3793947Z Setting up fonts-wqy-zenhei (0.9.45-8) ...
2026-10-07T21:36:24.3922892Z Setting up fonts-freefont-ttf (20211204+svn4273-2) ...
2026-10-07T21:36:24.3942696Z Setting up fonts-tlwg-loma-otf (1:0.7.3-1) ...
2026-10-07T21:36:24.3963746Z Setting up libfreetype6:amd64 (2.13.2+dfsg-1ubuntu0.2) ...
2026-10-07T21:36:24.3982579Z Setting up xfonts-encodings (1:1.0.5-0ubuntu2) ...
2026-10-07T21:36:24.4000904Z Setting up fonts-ipafont-gothic (00303-21ubuntu1) ...
2026-10-07T21:36:24.4066747Z update-alternatives: using /usr/share/fonts/opentype/ipafont-gothic/ipag.ttf to provide /usr/share/fonts/truetype/fonts-japanese-gothic.ttf (fonts-japanese-gothic.ttf) in auto mode
2026-10-07T21:36:24.4086211Z Setting up fonts-unifont (1:15.1.01-1build1) ...
2026-10-07T21:36:24.4104702Z Setting up xfonts-utils (1:7.7+6build3) ...
2026-10-07T21:36:24.4145487Z Setting up xfonts-cyrillic (1:1.0.5+nmu1) ...
2026-10-07T21:36:24.4485653Z Setting up xfonts-scalable (1:1.0.3-1.3) ...
2026-10-07T21:36:24.4758086Z Processing triggers for libc-bin (2.39-0ubuntu8.9) ...
2026-10-07T21:36:24.5387056Z Processing triggers for man-db (2.12.0-4build2) ...
2026-10-07T21:36:24.5410704Z Not building database; man-db/auto-update is not 'true'.
2026-10-07T21:36:24.5425062Z Processing triggers for fontconfig (2.15.0-1.1ubuntu2) ...
2026-10-07T21:36:25.8198171Z 
2026-10-07T21:36:25.8199026Z Running kernel seems to be up-to-date.
2026-10-07T21:36:25.8199697Z 
2026-10-07T21:36:25.8199875Z Restarting services...
2026-10-07T21:36:25.8281635Z  systemctl restart php8.3-fpm.service
2026-10-07T21:36:25.9710034Z 
2026-10-07T21:36:25.9710920Z No containers need to be restarted.
2026-10-07T21:36:25.9711350Z 
2026-10-07T21:36:25.9711577Z No user sessions are running outdated binaries.
2026-10-07T21:36:25.9711813Z 
2026-10-07T21:36:25.9712185Z No VM guests are running outdated hypervisor (qemu) binaries on this host.
2026-10-07T21:36:26.8819996Z Downloading Chrome for Testing 153.0.8010.12 (playwright chromium v1243) from https://cdn.playwright.dev/builds/cft/153.0.8010.12/linux64/chrome-linux64.zip
2026-10-07T21:36:27.2588599Z |                                                                                |   0% of 186.8 MiB
2026-10-07T21:36:27.4211346Z |■■■■■■■■                                                                        |  10% of 186.8 MiB
2026-10-07T21:36:27.5031894Z |■■■■■■■■■■■■■■■■                                                                |  20% of 186.8 MiB
2026-10-07T21:36:27.6138432Z |■■■■■■■■■■■■■■■■■■■■■■■■                                                        |  30% of 186.8 MiB
2026-10-07T21:36:27.6812054Z |■■■■■■■■■■■■■■■■■■■■■■■■■■■■■■■■                                                |  40% of 186.8 MiB
2026-10-07T21:36:27.7601334Z |■■■■■■■■■■■■■■■■■■■■■■■■■■■■■■■■■■■■■■■■                                        |  50% of 186.8 MiB
2026-10-07T21:36:27.8333849Z |■■■■■■■■■■■■■■■■■■■■■■■■■■■■■■■■■■■■■■■■■■■■■■■■                                |  60% of 186.8 MiB
2026-10-07T21:36:27.9232788Z |■■■■■■■■■■■■■■■■■■■■■■■■■■■■■■■■■■■■■■■■■■■■■■■■■■■■■■■■                        |  70% of 186.8 MiB
2026-10-07T21:36:28.0071283Z |■■■■■■■■■■■■■■■■■■■■■■■■■■■■■■■■■■■■■■■■■■■■■■■■■■■■■■■■■■■■■■■■                |  80% of 186.8 MiB
2026-10-07T21:36:28.0690670Z |■■■■■■■■■■■■■■■■■■■■■■■■■■■■■■■■■■■■■■■■■■■■■■■■■■■■■■■■■■■■■■■■■■■■■■■■        |  90% of 186.8 MiB
2026-10-07T21:36:28.1540942Z |■■■■■■■■■■■■■■■■■■■■■■■■■■■■■■■■■■■■■■■■■■■■■■■■■■■■■■■■■■■■■■■■■■■■■■■■■■■■■■■■| 100% of 186.8 MiB
2026-10-07T21:36:31.3226829Z Chrome for Testing 153.0.8010.12 (playwright chromium v1243) downloaded to /home/runner/.cache/ms-playwright/chromium-1243
2026-10-07T21:36:31.3233567Z Downloading FFmpeg (playwright ffmpeg v1011) from https://cdn.playwright.dev/dbazure/download/playwright/builds/ffmpeg/1011/ffmpeg-linux.zip
2026-10-07T21:36:31.6923900Z |                                                                                |   0% of 2.3 MiB
2026-10-07T21:36:31.6976646Z |■■■■■■■■                                                                        |  10% of 2.3 MiB
2026-10-07T21:36:31.7010329Z |■■■■■■■■■■■■■■■■                                                                |  20% of 2.3 MiB
2026-10-07T21:36:31.7035242Z |■■■■■■■■■■■■■■■■■■■■■■■■                                                        |  30% of 2.3 MiB
2026-10-07T21:36:31.7056814Z |■■■■■■■■■■■■■■■■■■■■■■■■■■■■■■■■                                                |  40% of 2.3 MiB
2026-10-07T21:36:31.7074102Z |■■■■■■■■■■■■■■■■■■■■■■■■■■■■■■■■■■■■■■■■                                        |  50% of 2.3 MiB
2026-10-07T21:36:31.7091334Z |■■■■■■■■■■■■■■■■■■■■■■■■■■■■■■■■■■■■■■■■■■■■■■■■                                |  60% of 2.3 MiB
2026-10-07T21:36:31.7110914Z |■■■■■■■■■■■■■■■■■■■■■■■■■■■■■■■■■■■■■■■■■■■■■■■■■■■■■■■■                        |  70% of 2.3 MiB
2026-10-07T21:36:31.7134022Z |■■■■■■■■■■■■■■■■■■■■■■■■■■■■■■■■■■■■■■■■■■■■■■■■■■■■■■■■■■■■■■■■                |  80% of 2.3 MiB
2026-10-07T21:36:31.7145980Z |■■■■■■■■■■■■■■■■■■■■■■■■■■■■■■■■■■■■■■■■■■■■■■■■■■■■■■■■■■■■■■■■■■■■■■■■        |  90% of 2.3 MiB
2026-10-07T21:36:31.7156089Z |■■■■■■■■■■■■■■■■■■■■■■■■■■■■■■■■■■■■■■■■■■■■■■■■■■■■■■■■■■■■■■■■■■■■■■■■■■■■■■■■| 100% of 2.3 MiB
2026-10-07T21:36:31.7780424Z FFmpeg (playwright ffmpeg v1011) downloaded to /home/runner/.cache/ms-playwright/ffmpeg-1011
2026-10-07T21:36:31.7783819Z Downloading Chrome Headless Shell 153.0.8010.12 (playwright chromium-headless-shell v1243) from https://cdn.playwright.dev/builds/cft/153.0.8010.12/linux64/chrome-headless-shell-linux64.zip
2026-10-07T21:36:32.1544613Z |                                                                                |   0% of 114.3 MiB
2026-10-07T21:36:32.2870055Z |■■■■■■■■                                                                        |  10% of 114.3 MiB
2026-10-07T21:36:32.3917194Z |■■■■■■■■■■■■■■■■                                                                |  20% of 114.3 MiB
2026-10-07T21:36:32.4541631Z |■■■■■■■■■■■■■■■■■■■■■■■■                                                        |  30% of 114.3 MiB
2026-10-07T21:36:32.5091113Z |■■■■■■■■■■■■■■■■■■■■■■■■■■■■■■■■                                                |  40% of 114.3 MiB
2026-10-07T21:36:32.5701596Z |■■■■■■■■■■■■■■■■■■■■■■■■■■■■■■■■■■■■■■■■                                        |  50% of 114.3 MiB
2026-10-07T21:36:32.6112739Z |■■■■■■■■■■■■■■■■■■■■■■■■■■■■■■■■■■■■■■■■■■■■■■■■                                |  60% of 114.3 MiB
2026-10-07T21:36:32.6651067Z |■■■■■■■■■■■■■■■■■■■■■■■■■■■■■■■■■■■■■■■■■■■■■■■■■■■■■■■■                        |  70% of 114.3 MiB
2026-10-07T21:36:32.7098113Z |■■■■■■■■■■■■■■■■■■■■■■■■■■■■■■■■■■■■■■■■■■■■■■■■■■■■■■■■■■■■■■■■                |  80% of 114.3 MiB
2026-10-07T21:36:32.7532696Z |■■■■■■■■■■■■■■■■■■■■■■■■■■■■■■■■■■■■■■■■■■■■■■■■■■■■■■■■■■■■■■■■■■■■■■■■        |  90% of 114.3 MiB
2026-10-07T21:36:32.8104991Z |■■■■■■■■■■■■■■■■■■■■■■■■■■■■■■■■■■■■■■■■■■■■■■■■■■■■■■■■■■■■■■■■■■■■■■■■■■■■■■■■| 100% of 114.3 MiB
2026-10-07T21:36:35.1385071Z Chrome Headless Shell 153.0.8010.12 (playwright chromium-headless-shell v1243) downloaded to /home/runner/.cache/ms-playwright/chromium_headless_shell-1243
2026-10-07T21:36:35.1732482Z ##[group]Run npm run test:browser
2026-10-07T21:36:35.1732828Z [36;1mnpm run test:browser[0m
2026-10-07T21:36:35.1797706Z shell: /usr/bin/bash -e {0}
2026-10-07T21:36:35.1797973Z ##[endgroup]
2026-10-07T21:36:35.2830459Z 
2026-10-07T21:36:35.2830951Z > composure@0.2.0 test:browser
2026-10-07T21:36:35.2831393Z > playwright test
2026-10-07T21:36:35.2831578Z 
2026-10-07T21:36:39.6513011Z 
2026-10-07T21:36:39.6513777Z Running 36 tests using 1 worker
2026-10-07T21:39:05.4176389Z ····································
2026-10-07T21:39:05.4181041Z   36 passed (2.5m)
2026-10-07T21:39:05.4516038Z Post job cleanup.
2026-10-07T21:39:05.5750097Z (node:3903) [DEP0040] DeprecationWarning: The `punycode` module is deprecated. Please use a userland alternative instead.
2026-10-07T21:39:05.5751766Z (Use `node --trace-deprecation ...` to show where the warning was created)
2026-10-07T21:39:05.5755549Z Cache hit occurred on the primary key node-cache-Linux-x64-npm-ffea1d1aac26a82e62d1114d2b189ff737c68730a12f03338075afff6990decc, not saving cache.
2026-10-07T21:39:05.5913681Z Post job cleanup.
2026-10-07T21:39:05.6823824Z [command]/usr/bin/git version
2026-10-07T21:39:05.6870684Z git version 2.55.0
2026-10-07T21:39:05.6916144Z Temporarily overriding HOME='/home/runner/work/_temp/c8fd5d45-f944-4270-876b-57dce30a1c5d' before making global git config changes
2026-10-07T21:39:05.6917840Z Adding repository directory to the temporary git global config as a safe directory
2026-10-07T21:39:05.6922322Z [command]/usr/bin/git config --global --add safe.directory /home/runner/work/projects-monorepo/projects-monorepo
2026-10-07T21:39:05.6963222Z [command]/usr/bin/git config --local --name-only --get-regexp core\.sshCommand
2026-10-07T21:39:05.7000499Z [command]/usr/bin/git submodule foreach --recursive sh -c "git config --local --name-only --get-regexp 'core\.sshCommand' && git config --local --unset-all 'core.sshCommand' || :"
2026-10-07T21:39:05.7257877Z [command]/usr/bin/git config --local --name-only --get-regexp http\.https\:\/\/github\.com\/\.extraheader
2026-10-07T21:39:05.7290809Z http.https://github.com/.extraheader
2026-10-07T21:39:05.7303397Z [command]/usr/bin/git config --local --unset-all http.https://github.com/.extraheader
2026-10-07T21:39:05.7351607Z [command]/usr/bin/git submodule foreach --recursive sh -c "git config --local --name-only --get-regexp 'http\.https\:\/\/github\.com\/\.extraheader' && git config --local --unset-all 'http.https://github.com/.extraheader' || :"
2026-10-07T21:39:05.7603952Z [command]/usr/bin/git config --local --name-only --get-regexp ^includeIf\.gitdir:
2026-10-07T21:39:05.7644740Z [command]/usr/bin/git submodule foreach --recursive git config --local --show-origin --name-only --get-regexp remote.origin.url
2026-10-07T21:39:05.8067592Z Cleaning up orphan processes
2026-10-07T21:39:05.8571914Z ##[warning]Node.js 20 is deprecated. The following actions target Node.js 20 but are being forced to run on Node.js 24: actions/checkout@v4, actions/setup-node@v4. For more information see: https://github.blog/changelog/2025-09-19-deprecation-of-node-20-on-github-actions-runners/
