npm warn Unknown env config "http-proxy". This will stop working in the next major version of npm.

> composure@0.2.0 test
> node --experimental-strip-types --test tests/*.test.ts

✔ Bluetooth origin is detached and runtime immutable without freezing gameplay (4.956385ms)
✔ Bluetooth construction revalidates calibration shape, bounds, spacing, mean and age (1.337233ms)
✔ simulator source and schema1 report remain compatible and refuse Bluetooth injection (3.811964ms)
✔ Bluetooth has no initial game reading and refuses simulator injection (1.134217ms)
✔ source connection, final calibration sequence and strict run-start receipt are pinned (0.449353ms)
✔ bursts and ineligible BPM consume sequence without changing the usable sample (1.027048ms)
✔ contact loss bypasses burst and BPM admission and immediately clears only usable state (0.849505ms)
✔ receipt clock freshness is exact even when active time is stalled or capped (0.566547ms)
✔ a zero-elapsed frame still exposes exact receipt-time staleness (0.475554ms)
✔ a maximum legal RR tail remains ignored metadata rather than rejecting the game input (0.764233ms)
✔ disconnect and contact-loss transitions are recorded even before any game reading (1.647963ms)
✔ a pause with no usable Bluetooth reading records the pause without a redundant signal event (0.311687ms)
✔ invalid clocks fail atomically before sub-step advance or resume and do not consume sequence (0.866008ms)
✔ pause/resume retains history but requires a strictly later new notification (0.921764ms)
✔ all invalidation reasons retain samples and prevent the historical sample from returning (0.916581ms)
✔ malformed measurements cannot refresh a Bluetooth reading or contaminate reports (0.339398ms)
✔ Bluetooth report has detached relative calibration/game receipts without transport identity (1.532933ms)
✔ Bluetooth histories stay capped and terminal runs cannot accept more readings (4.273492ms)
✔ requestDevice runs synchronously, exact service subscription emits no cached value (29.828081ms)
✔ unavailable provider and disposed transport fail closed without native calls (0.536024ms)
✔ Cancel settles promptly at chooser, blocks a replacement until native drainage (2.89191ms)
✔ Cancel settles promptly at connect, blocks a replacement until native drainage (3.553394ms)
✔ Cancel settles promptly at service, blocks a replacement until native drainage (1.899522ms)
✔ Cancel settles promptly at characteristic, blocks a replacement until native drainage (1.685079ms)
✔ Cancel settles promptly at start, blocks a replacement until native drainage (1.489854ms)
✔ dispose is terminal and promptly resolves a never-settling native connect (0.9953ms)
✔ absolute startup deadline is checked after connect even before timer delivery (1.49422ms)
✔ absolute startup deadline is checked after service even before timer delivery (1.415101ms)
✔ absolute startup deadline is checked after characteristic even before timer delivery (0.487887ms)
✔ absolute startup deadline is checked after start even before timer delivery (4.270253ms)
✔ timer timeout settles public false while pending native operation remains draining (2.400128ms)
✔ chooser time is excluded; startup shares one deadline across all subsequent stages (2.190567ms)
✔ early packets are suppressed; real DataView packets stamp sequence and fresh receipt clock (5.052687ms)
✔ queued disconnect is ignored while connected; actual disconnect retires readiness and listeners (0.820399ms)
✔ subscription failure contains native secrets and disconnects before cleanup (1.114386ms)
✔ stop cleanup is serialized, disconnect immediate, rejection contained and reuse blocked (0.946477ms)
✔ invalid startup/receipt clock NaN cannot publish a measurement (1.684736ms)
✔ invalid startup/receipt clock Infinity cannot publish a measurement (1.024099ms)
✔ invalid startup/receipt clock -1 cannot publish a measurement (0.883171ms)
✔ invalid startup/receipt clock 99 cannot publish a measurement (1.444974ms)
✔ snapshot and callback states are detached; reconnection obtains a new logical ID (0.924367ms)
✔ native chooser rejection is bounded and leaves no live listeners (1.089849ms)
✔ native connect rejection is bounded and leaves no live listeners (1.584232ms)
✔ native service rejection is bounded and leaves no live listeners (0.695922ms)
✔ native characteristic rejection is bounded and leaves no live listeners (0.497108ms)
✔ native start rejection is bounded and leaves no live listeners (0.926414ms)
✔ indicate-only characteristics work; unsupported notification properties fail closed (1.365119ms)
✔ retired callback closures cannot mutate a newer connection on the same objects (1.681157ms)
✔ startup clock reversal/nonfinite clock fails before another stage and readiness publication (2.033239ms)
✔ settled startup timers cannot retire a subscribed connection later (0.788134ms)
✔ synchronous chooser failure returns false without exposing the thrown native error (0.542584ms)
✔ calibration rejects entirely sparse five-slot arrays (1.741623ms)
✔ calibration rejects a missing own reading even when other readings are valid (0.39682ms)
✔ inherited numeric entries cannot stand in for an actual calibration reading (0.746099ms)
✔ five own finite readings retain the exact mean and do not mutate the input (3.131014ms)
✔ independent packet oracle: literal contact flags distinguish unsupported from supported loss (4.713455ms)
✔ independent packet oracle: offset views and little-endian optional fields have exact extents (0.423426ms)
✔ independent packet oracle: malformed lengths, reserved flags and payload ceiling reject (1.052041ms)
✔ independent calibration oracle: five actual spaced samples average70 and snapshots are detached (1.029219ms)
✔ independent calibration oracle: bursts and duplicates cannot manufacture five samples (0.432859ms)
✔ independent calibration oracle: exact window and readiness age boundaries are inclusive (2.697637ms)
✔ independent calibration oracle: clock floor is shared and wrong identity/duplicates precede clocks (0.445116ms)
✔ independent calibration oracle: contact loss invalidates ready and burst collection before BPM filtering (0.702575ms)
✔ independent calibration oracle: spread failure requires recollection and gameplay-only BPM cannot count (0.391927ms)
✔ independent model oracle: BLE starts empty, pins detached immutable origin and refuses simulator samples (1.590253ms)
✔ independent model oracle: BLE freshness uses10000 receipt milliseconds rather than active seconds (1.239539ms)
✔ independent model oracle: every model clock operation shares floor before any mutation (0.502156ms)
✔ independent model oracle: contact loss invalidates within throttling window without deleting evidence (1.138468ms)
✔ independent model oracle: paused packets cannot be replayed after resume or resurrect old reading (0.997232ms)
✔ independent report oracle: live provenance has relative receipts and simulator keeps schema1 (1.019999ms)
✔ SIG contact flags include valid unsupported contact bit 0x02 (3.786457ms)
✔ reads only DataView and Uint8Array offsets and leaves backing bytes untouched (0.48352ms)
✔ energy and RR fields require exact structural lengths (1.833309ms)
✔ all defined flag combinations preserve exact optional-field counts (4.623519ms)
✔ rejects reserved bits and enforces packet maximum before optional parsing (3.187597ms)
✔ detached buffers reject with the bounded packet error (0.712818ms)
✔ five actual spaced readings produce a detached arithmetic mean (1.300406ms)
✔ bursts, duplicate sequence and ineligible BPM do not count or roll samples (0.743306ms)
✔ accepted readings consume their sequence and rejected readings consume observation watermarks (0.481276ms)
✔ constructor and applicable sequences validate safe generation IDs (0.978386ms)
✔ wrong connection and old sequence cannot invalidate or advance clock (0.333165ms)
✔ observe and snapshot share one monotonic clock and clock errors leave sequences reusable (0.477759ms)
✔ contact loss invalidates collecting before BPM bounds and spacing (0.571217ms)
✔ contact loss invalidates a ready result even during a burst (0.127707ms)
✔ collection window is inclusive and expiration retains accepted count (0.735902ms)
✔ spread at 12 BPM is valid; excessive spread fails without rolling replacement (1.544787ms)
✔ ready freshness is inclusive, expires permanently and cannot refresh through packets (0.223133ms)
✔ explicit invalidation is irreversible for collecting, ready, failed and expired (0.272214ms)
✔ fractional receipt times and inclusive BPM bounds are not rounded or quantized (0.798667ms)
✔ calibration requires five bounded consistent simulated readings (3.144059ms)
✔ sample freshness, tension bounds, invalid rejection and pause use active time (16.447219ms)
✔ fixed simulation steps preserve movement at 30, 60 and 120 Hz and cap stalls (4.150466ms)
✔ full escape needs fuse, power, key and a steady lock before exit (2.250809ms)
✔ timer/noise can lose, reset is detached, and report streams are bounded (0.89327ms)
✔ steady has a real bounded aim and noise effect without altering the simulated source (1.499448ms)
✔ invalid frame inputs preserve the model and capped events keep the latest terminal report (1.417845ms)
✔ settings validate exact bounded state and retain failed raw records (2.031434ms)
✔ an old preference snapshot cannot erase a newer completed best time (1.815938ms)
✔ automatic best updates keep the latest comfort preferences and the faster completed result (1.814253ms)
✔ corruption after initial load refuses both manual and automatic writes without changing raw bytes (0.362833ms)
✔ explicit unreadable reset refuses a repaired record and removes only still-unreadable data (0.381908ms)
✔ best-time updates require an actual bounded numeric result before reading or writing storage (0.283068ms)
✖ adopting an older completed save preserves a faster result earned while the write was waiting (0.499361ms)
ℹ tests 103
ℹ suites 0
ℹ pass 102
ℹ fail 1
ℹ cancelled 0
ℹ skipped 0
ℹ todo 0
ℹ duration_ms 327.677406

✖ failing tests:

test at tests/settings.test.ts:43:1
✖ adopting an older completed save preserves a faster result earned while the write was waiting (0.499361ms)
  TypeError: settings.retainInMemoryBest is not a function
      at TestContext.<anonymous> (file:///workspace/scratch/dea0b0842cca/projects-monorepo/apps/composure/tests/settings.test.ts:46:28)
      at Test.runInAsyncScope (node:async_hooks:227:14)
      at Test.run (node:internal/test_runner/test:1382:25)
      at Test.processPendingSubtests (node:internal/test_runner/test:960:18)
      at Test.postRun (node:internal/test_runner/test:1522:19)
      at Test.run (node:internal/test_runner/test:1447:12)
      at async Test.processPendingSubtests (node:internal/test_runner/test:960:7)
