npm warn Unknown env config "http-proxy". This will stop working in the next major version of npm.

> lens-studio@0.2.0 test:browser
> playwright test

[WebServer] (node:31) Warning: The 'NO_COLOR' env is ignored due to the 'FORCE_COLOR' env being set.
[WebServer] (Use `node --trace-warnings ...` to show where the warning was created)
[WebServer] npm warn Unknown env config "http-proxy". This will stop working in the next major version of npm.
[WebServer] (node:52) Warning: The 'NO_COLOR' env is ignored due to the 'FORCE_COLOR' env being set.
[WebServer] (Use `node --trace-warnings ...` to show where the warning was created)
[WebServer] (node:76) Warning: The 'NO_COLOR' env is ignored due to the 'FORCE_COLOR' env being set.
[WebServer] (Use `node --trace-warnings ...` to show where the warning was created)
[WebServer] npm warn Unknown env config "http-proxy". This will stop working in the next major version of npm.
[WebServer] (node:89) Warning: The 'NO_COLOR' env is ignored due to the 'FORCE_COLOR' env being set.
[WebServer] (Use `node --trace-warnings ...` to show where the warning was created)

Running 69 tests using 1 worker

(node:107) Warning: The 'NO_COLOR' env is ignored due to the 'FORCE_COLOR' env being set.
(Use `node --trace-warnings ...` to show where the warning was created)
  ✓   1 tests/browser/images.spec.ts:7:1 › all eight orientations in PNG JPEG and WebP, square and nonsquare, preserve independently expected pixels (2.9s)
  ✓   2 tests/browser/images.spec.ts:46:1 › normalization retains alpha, aspect and no-upscale while bounding a large decoded image (12.0s)
  ✓   3 tests/browser/images.spec.ts:61:1 › unsafe sources fail before native decode, corrupt compressed pixels fail actual restoration decode (281ms)
  ✓   4 tests/browser/images.spec.ts:79:1 › pre-abort avoids decode and late native completion closes the actual bitmap (212ms)
  ✓   5 tests/browser/images.spec.ts:92:1 › decodePhoto and project validation close real bitmaps on success and cancelled completion (179ms)
  ✓   6 tests/browser/jobs.spec.ts:6:36 › real worker and exact PNG agree at 40mm, including low alpha and displayed pixels (367ms)
  ✓   7 tests/browser/jobs.spec.ts:6:36 › real worker and exact PNG agree at 50mm, including low alpha and displayed pixels (314ms)
  ✓   8 tests/browser/jobs.spec.ts:6:36 › real worker and exact PNG agree at 85mm, including low alpha and displayed pixels (341ms)
  ✓   9 tests/browser/jobs.spec.ts:14:1 › real jobs keep valid work alive through invalid/pre-aborted calls and recover from supersession/live abort (204ms)
  ✓  10 tests/browser/jobs.spec.ts:21:1 › real worker compressed-image decode failure rejects safely, cleans its worker and allows recovery (325ms)
  ✓  11 tests/browser/regions.spec.ts:10:1 › actual rectangle masks retain complete original photo settings and exact one-step history plus saved reload (1.7s)
  ✓  12 tests/browser/regions.spec.ts:13:1 › actual polygon fills its boundary and Escape cancels a new region while raw fields and redo survive (1.6s)
  ✓  13 tests/browser/regions.spec.ts:16:1 › 390px depth tools and explicit cancellation keep the mask intact (886ms)
  ✓  14 tests/browser/regions.spec.ts:20:1 › rectangle and polygon assignments feed exact manual perspective PNG export (1.4s)
  ✓  15 tests/browser/save-conflicts.spec.ts:74:1 › oracle load decodes once, detaches complete source and requires explicit acceptance (236ms)
  ✓  16 tests/browser/save-conflicts.spec.ts:92:1 › oracle stale whole graph loses CAS while an unaccepted fresh load never promotes authority (214ms)
  ✓  17 tests/browser/save-conflicts.spec.ts:106:1 › oracle simultaneous real CAS admits one complete winner and queued own saves capture all fields (233ms)
  ✓  18 tests/browser/save-conflicts.spec.ts:124:1 › oracle put success followed by actual abort retains prior graph and permits explicit retry (324ms)
  ✓  19 tests/browser/save-conflicts.spec.ts:142:1 › oracle legacy upgrade never rewrites bare bytes and rejects old version-one opens (162ms)
  ✓  20 tests/browser/save-conflicts.spec.ts:156:1 › oracle missing legacy object store is protected without fabricated migration (156ms)
  ✓  21 tests/browser/save-conflicts.spec.ts:165:1 › oracle present undefined and bounded corrupt values need reviewed repair, never invented absence (196ms)
  ✓  22 tests/browser/save-conflicts.spec.ts:182:1 › oracle purpose foreign cloned used cancelled and forged receipt objects cannot authorize writes (155ms)
  ✓  23 tests/browser/save-conflicts.spec.ts:196:1 › oracle a third writer during genuine held replacement decode preserves every winning byte (166ms)
  ✓  24 tests/browser/save-conflicts.spec.ts:208:1 › oracle raw rounded settings and negative zero retain identity while key order does not (174ms)
  ✓  25 tests/browser/save-conflicts.spec.ts:225:1 › oracle comparator refuses cyclic native sparse deep and excessive-node values without mutation (189ms)
  ✓  26 tests/browser/save-conflicts.spec.ts:239:1 › oracle exact 12MiB legacy and plus80 wrapper comparison caps admit bounded malformed review only (1.6s)
  ✓  27 tests/browser/save-conflicts.spec.ts:254:1 › oracle real compressed PNG failure cannot load or overwrite while structural review stays truthful (201ms)
  ✓  28 tests/browser/save-conflicts.spec.ts:276:1 › oracle cancelled actual bitmap load rejects promptly but close retains the native decode drain (176ms)
  ✓  29 tests/browser/save-conflicts.spec.ts:293:1 › oracle actual30second image watchdog rejects before bitmap delivery and cannot start late CAS (30.2s)
  ✓  30 tests/browser/save-conflicts.spec.ts:311:1 › oracle versionchange during native bitmap load revokes publication and drains owned cleanup (198ms)
  ✓  31 tests/browser/save-conflicts.spec.ts:322:1 › oracle normal close drains admitted queued work and immediately refuses new operations and proofs (172ms)
  ✓  32 tests/browser/save-conflicts.spec.ts:336:1 › oracle held genuine read callback cannot be mistaken for absence after native complete (10.2s)
  ✓  33 tests/browser/save-conflicts.spec.ts:365:1 › oracle real still-active readwrite transaction hits10second deadline without late authority (10.2s)
  ✓  34 tests/browser/save-conflicts.spec.ts:379:1 › oracle blocked legacy upgrade closes late handles and preserves original bare value (168ms)
  ✓  35 tests/browser/saved-copy-editor.spec.ts:10:1 › two actual pages retain the complete winner while stale raw fields history and PNG remain local (2.9s)
  ✓  36 tests/browser/saved-copy-editor.spec.ts:20:1 › a conflict during a genuine unfinished brush gesture does not cancel its one local history edit (2.8s)
  ✓  37 tests/browser/saved-copy-editor.spec.ts:27:1 › Reload requires discard consent and restores exact saved photo mask settings with a fresh history (2.3s)
  ✓  38 tests/browser/saved-copy-editor.spec.ts:32:1 › reviewed replacement names the saved winner and writes committed memory only without clearing raw fields (2.5s)
  ✓  39 tests/browser/saved-copy-editor.spec.ts:38:1 › a third actual writer during native confirmation defeats the reviewed copy without changing local memory (2.8s)
  ✓  40 tests/browser/saved-copy-editor.spec.ts:43:1 › actual put success followed by transaction abort preserves both studies until a fresh reviewed retry (2.4s)
  ✓  41 tests/browser/saved-copy-editor.spec.ts:47:1 › cancelled actual startup PNG decode cannot grant overwrite or open recovery before native drain (1.3s)
  ✓  42 tests/browser/saved-copy-editor.spec.ts:52:1 › a held genuine File read cannot replace protected memory after changed-back numeric input (2.5s)
  ✓  43 tests/browser/saved-copy-editor.spec.ts:56:1 › newer committed and raw input during held native replacement stays unsaved until manual Retry (2.4s)
  ✓  44 tests/browser/saved-copy-editor.spec.ts:60:1 › controlled persisted return prevents an older save callback claiming newer raw input is Saved (1.1s)
  ✓  45 tests/browser/saved-copy-editor.spec.ts:64:1 › changed-back input during actual replacement review suppresses obsolete consent and preserves caret (2.3s)
  ✓  46 tests/browser/saved-copy-editor.spec.ts:68:1 › corrupt saved data with no photo exposes recovery and imported memory cannot silently overwrite it (532ms)
  ✓  47 tests/browser/saved-copy-editor.spec.ts:75:1 › changed-back raw input during an actual reload bitmap keeps the prior study and cannot accept saved authority (2.6s)
  ✓  48 tests/browser/storage.spec.ts:10:1 › native storage round-trip validates decoded images and returns detached records (196ms)
  ✓  49 tests/browser/storage.spec.ts:29:1 › queued saves capture immediately and complete only after their ordered native transactions (195ms)
  ✓  50 tests/browser/storage.spec.ts:79:1 › aborted native save rejects, leaves prior record intact and allows subsequent saves (183ms)
  ✓  51 tests/browser/storage.spec.ts:109:1 › corrupt and explicitly undefined records are reported without replacement (169ms)
  ✓  52 tests/browser/storage.spec.ts:127:1 › a native image decode failure prevents restore and retains the stored record (167ms)
  ✓  53 tests/browser/storage.spec.ts:151:1 › header-valid undecodable image cannot overwrite a good saved project (186ms)
  ✓  54 tests/browser/storage.spec.ts:167:1 › private storage failure gives backup guidance, does not expose errors and recovers (211ms)
  ✓  55 tests/browser/storage.spec.ts:196:1 › schema creation failure has no uncaught page error and native setup can retry (140ms)
  ✓  56 tests/browser/storage.spec.ts:216:1 › blocked native opening rejects visibly and closes the connection that opens late (155ms)
  ✓  57 tests/browser/storage.spec.ts:245:1 › authored demo has independently known three-plane geometry and normalizes real pixels (2.0s)
  ✓  58 tests/browser/storage.spec.ts:278:1 › demo aborted during native normalization never publishes a partial project (129ms)
  ✓  59 tests/browser/workflow.spec.ts:70:1 › real photo framing, paint, perspective, exact PNG and JSON reopen use the declared geometry (4.4s)
  ✓  60 tests/browser/workflow.spec.ts:120:1 › failed photo/JSON imports and invalid numeric drafts preserve the source, painted history and focused text (1.3s)
  ✓  61 tests/browser/workflow.spec.ts:147:1 › authored imported planes retain transparency and independently computed perspective holes at both ratios (2.6s)
  ✓  62 tests/browser/workflow.spec.ts:174:1 › mobile editing and keyboard history preserve numeric input shortcuts and layout (6.5s)
  ✓  63 tests/browser/workflow.spec.ts:192:1 › unavailable storage remains visible while the real editor and portable backup keep working (1.1s)
  ✓  64 tests/browser/workflow.spec.ts:249:3 › a delayed real preview is refreshed after completing an intervening export (1.4s)
  ✓  65 tests/browser/workflow.spec.ts:249:3 › a delayed real preview is refreshed after canceling an intervening export (1.5s)
  ✓  66 tests/browser/workflow.spec.ts:275:1 › PNG comparison waits for the current replacement preview after export interrupts rendering (1.3s)
  ✓  67 tests/browser/workflow.spec.ts:316:1 › a canceled unfinished source stroke cannot roll back a competing settings edit (1.4s)
  ✓  68 tests/browser/workflow.spec.ts:345:3 › typing an uncommitted targetFocal draft prevents a delayed native replacement from publishing (770ms)
  ✓  69 tests/browser/workflow.spec.ts:345:3 › typing an uncommitted title draft prevents a delayed native replacement from publishing (732ms)

  69 passed (2.4m)
