npm warn Unknown env config "http-proxy". This will stop working in the next major version of npm.

> test
> node --test

✔ timed accuracy view downloads contextualized missing measurements and retires cancelled reports (3.734457ms)
✔ excludes settling samples and measures held-out points in pixels (1.217302ms)
✔ empty and partial checks explicitly report unmeasured targets (0.365258ms)
✔ invalid clocks are ignored and cannot crash or add measurements (0.263869ms)
✔ stationary pointer confirms once, resets on leave, and ignores calibration (12.222992ms)
✔ fresh loading replaces a retired estimator instance (0.860627ms)
✔ loads camera only on demand and shares pending requests (0.303687ms)
✔ failed and timed-out loads remove the script and can retry (0.521698ms)
✔ retirement waits for active inference and disposes only its owned model resources (3.429778ms)
✔ a model loaded after retirement is disposed without starting inference (0.377816ms)
✔ stop releases every media track even if dependency cleanup throws (8.364823ms)
✔ canceling a pending library load prevents begin and permits simulation (2.211615ms)
✔ late begin after stop releases tracks without reopening calibration (2.058901ms)
✔ late camera startup cannot reset a newly calibrated simulation (4.975544ms)
✔ stop settles the app startup even when the dependency never finishes video readiness (4.387399ms)
✔ a late stream is released before a canceled dependency begin resolves (1.816814ms)
✔ retry uses an isolated instance while a retired camera still awaits permission (2.519809ms)
✔ a completed camera is also replaced instead of reusing its pending inference loop (3.054997ms)
✔ camera stop releases tracking and failed startup permits retry (13.688248ms)
✔ benchmark separates actual model-eligible tasks from deterministic boundary cases (4.056932ms)
✔ partial, failed, cancelled, and missing-provenance reports cannot become a complete benchmark (2.991323ms)
✔ eligible-case timing excludes policy shortcuts and failed requests (1.418598ms)
✔ real benchmark pipeline uses the existing local adapter and emits a lab-importable report (17.382908ms)
✔ whole-run cancellation retains completed rows after an entered uncooperative transport and ignores its late response (6.44012ms)
✔ CLI help and invalid/cloud arguments finish without contacting a local server (242.621599ms)
✔ tasks require finite bounded coordinates and unique opaque target IDs (5.675174ms)
✔ eligible targets are nearby and enabled; missing gaze cannot choose a target (0.337167ms)
✔ baseline chooses a unique nearby target and abstains on a tie independent of order (0.318458ms)
✔ closed decisions reject disabled, distant, invented IDs and malformed confidence (0.334733ms)
✔ model input contains the goal and eligible controls, without answer labels or fixture metadata (0.455811ms)
✔ typed choice responses validate probabilities and cannot turn invalid output into abstention (0.472536ms)
✔ versioned synthetic cases are valid, frozen, and cover context plus abstention (1.625623ms)
✔ a complete geometric run reports real mismatches, abstentions, and unexpected selections (5.737095ms)
✔ errors and missing rows never count as correct abstentions or inflate overall accuracy (0.351377ms)
✔ import validation rejects suite changes, duplicates, unknown cases, and impossible decisions (5.980694ms)
✔ bad model output becomes an error row, while later cases still run (0.535398ms)
✔ cancel settles a run even when an adapter ignores AbortSignal, preserving only completed rows (4.212251ms)
✔ backup round trip preserves exact Unicode, whitespace, order and detached saved text (2.175663ms)
✔ unknown schemas, fields, types and invalid records refuse the whole backup (0.69261ms)
✔ complete twenty-draft escaped maximum fits, but UTF8 bytes and count caps are enforced (23.940511ms)
✔ append allocates distinct identities and refuses invalid or excess input atomically (0.680051ms)
✔ requires continuous residence before confirming exactly once (1.946135ms)
✔ switching targets and losing gaze restart dwell (0.263568ms)
✔ a gap in samples cannot count as continuous gaze (0.170922ms)
✔ reset clears progress and permits a fresh selection (0.205082ms)
✔ layout reset can preserve confirmation until the user leaves (0.192994ms)
✔ changing confirmation timing retires partial progress and preserves confirmed latches (0.797814ms)
✔ unchanged or invalid timing does not reset progress; slow holds still reject sample gaps (0.87595ms)
✔ gaze pause stays latched, permits only safety actions, and resumes after leaving (13.055518ms)
✔ pointer simulation can resume and stop through the paused safety controls (4.426546ms)
✔ gaze can pause an accuracy check and close its completed report (7.22134ms)
✔ accuracy safety confirmation requires uninterrupted gaze on the safety control (3.507543ms)
✔ gaze keyboard controls scroll the key grid without changing the edited text (2.714356ms)
✔ opening another field returns to the first keyboard row (0.568146ms)
✔ local model preflight and choice use only fixed loopback and force local source, without credentials (9.142348ms)
✔ cloud names are rejected before any network operation (0.500276ms)
✔ cloud-enabled/unknown servers and remote or non-decision models cannot reach inference (16.278968ms)
✔ no eligible target abstains without any model request (0.465294ms)
✔ invalid local choice and oversized metadata responses fail closed (3.961652ms)
✔ request timeout and cancellation settle even when the transport ignores the signal (5.829221ms)
✔ resolves nested content only inside the allowed root (1.321375ms)
✔ rejects invalid coordinates before hit testing and empty space (0.340251ms)
✔ inserts at the caret and replaces selected text (1.260636ms)
✔ backspace removes a selection or previous Unicode code point (0.151353ms)
✔ respects field limits without splitting a surrogate pair (0.150161ms)
✔ search and selection operate on messages without changing their content (1.118506ms)
✔ drafts validate content and return detached snapshots (0.59771ms)
✔ updating a reopened draft keeps its identity, order and unrelated records (0.763284ms)
✔ notebook capacity and field limits refuse atomically while updates remain available (0.574235ms)
ℹ tests 69
ℹ suites 0
ℹ pass 69
ℹ fail 0
ℹ cancelled 0
ℹ skipped 0
ℹ todo 0
ℹ duration_ms 489.935355
