npm warn Unknown env config "http-proxy". This will stop working in the next major version of npm.

> lens-studio@0.2.0 check
> npm run test && npm run lint && npm run build

npm warn Unknown env config "http-proxy". This will stop working in the next major version of npm.

> lens-studio@0.2.0 test
> node --experimental-strip-types --test tests/*.test.ts

✔ seed color selects only its four-connected component; diagonal and disconnected copies stay intact (24.780499ms)
✔ inclusive per-channel tolerance compares each candidate to fixed seed without gradual drift (10.422404ms)
✔ all RGBA channels participate and input pixels are unchanged (2.929146ms)
✔ one complete depth edit is undoable and a same-plane no-op preserves redo (4.237716ms)
✔ invalid tolerance seed plane and incompatible rasters refuse before publication (18.403691ms)
✔ maximum admitted raster selects every source pixel without recursion or input mutation (1329.594722ms)
✔ pre-aborted demo rejects AbortError before any browser drawing (13.332207ms)
✔ demo without Canvas support reports actionable browser requirement (1.10385ms)
✔ history returns isolated states, ignores no-ops and preserves redo until an actual branch (44.759563ms)
✔ history retains at most thirty states including current (44.727347ms)
✔ byte cap accounts compact edit states while preserving current and a single fixed photo (4496.710093ms)
✔ commit rejects different project/photo and invalid state atomically; reset accepts a staged new photo (7.055743ms)
✔ valid render creates a module worker, captures snapshot and releases worker/listeners on completion (17.695245ms)
✔ invalid project and already-aborted request leave the existing job alive (16.834001ms)
✔ export supersedes render module-wide, ignores retired messages, and cleans both workers (35.239682ms)
✔ live abort terminates its worker and permits a later successful render (7.396765ms)
✔ 30-second deadline rejects and terminates without fabricating a frame (7.482836ms)
✔ malformed worker results and runtime errors are bounded safe failures (20.92272ms)
✔ creation is detached with a unique UUID, fixed defaults and a complete subject mask (34.014192ms)
✔ settings enforce ranges, ratio, decimal precision and unused near-plane clearance atomically (7.491125ms)
✔ canonical masks enforce exact sizes and labels and never alias decoded bytes (1.437569ms)
✔ strict projects reject unknown keys, prototypes, mismatched dimensions and invalid Unicode (3.54386ms)
✔ project serialization is compact, detached and round-trips authored text (4.324545ms)
✔ UUIDs require exact string termination and titles reject C1 controls in direct and JSON inputs (8.524829ms)
✔ strict JSON rejects decoded duplicate keys, depth, unsafe numbers, malformed text and byte excess (3.983387ms)
✔ painting stamps pixel centers and clips source edges without changing inputs (2.374406ms)
✔ stamp spacing is cumulative across tiny segments and includes the final endpoint (6.2786ms)
✔ painting rejects invalid and excessive gestures before changing any labels (15.597624ms)
✔ fill and projection reset are detached and retain declared source, depths and assigned mask (2.221935ms)
✔ analytical pinhole distances agree in both perspective directions and subject stays anchored (11.782ms)
✔ fixed identity retains arbitrary masks, alpha and source bytes with canonical transparent RGB (85.153958ms)
✔ perspective identity retains arbitrary masks, alpha and source bytes with canonical transparent RGB (19.896297ms)
✔ independent scalar gate 23x15 fixed 100 shift 0,0 (135.70248ms)
ℹ max RGBA error=0; missingFraction error=0
✔ independent scalar gate 23x15 fixed 25 shift 0,0 (19.786739ms)
ℹ max RGBA error=0; missingFraction error=0
✔ independent scalar gate 23x15 fixed 37.5 shift 0.1375,-0.2211 (47.106365ms)
ℹ max RGBA error=0; missingFraction error=0
✔ independent scalar gate 23x15 perspective 40 shift 0,0 (77.944616ms)
ℹ max RGBA error=0; missingFraction error=0
✔ independent scalar gate 23x15 perspective 85 shift 0,0 (30.644117ms)
ℹ max RGBA error=0; missingFraction error=1.1102230246251565e-16
✔ independent scalar gate 23x15 perspective 85 shift -0.3197,0.25 (153.524303ms)
ℹ max RGBA error=0; missingFraction error=0
✔ independent scalar gate 16x11 fixed 100 shift 0,0 (15.29919ms)
ℹ max RGBA error=0; missingFraction error=0
✔ independent scalar gate 16x11 fixed 25 shift 0,0 (10.423556ms)
ℹ max RGBA error=0; missingFraction error=0
✔ independent scalar gate 16x11 fixed 37.5 shift 0.1375,-0.2211 (73.948736ms)
ℹ max RGBA error=0; missingFraction error=0
✔ independent scalar gate 16x11 perspective 40 shift 0,0 (23.407502ms)
ℹ max RGBA error=0; missingFraction error=8.326672684688674e-17
✔ independent scalar gate 16x11 perspective 85 shift 0,0 (28.500135ms)
ℹ max RGBA error=0; missingFraction error=5.551115123125783e-17
✔ independent scalar gate 16x11 perspective 85 shift -0.3197,0.25 (9.507924ms)
ℹ max RGBA error=0; missingFraction error=0
✔ independent scalar gate 1x1 fixed 100 shift 0,0 (3.507875ms)
ℹ max RGBA error=0; missingFraction error=0
✔ independent scalar gate 1x1 fixed 25 shift 0,0 (1.378175ms)
ℹ max RGBA error=0; missingFraction error=0
✔ independent scalar gate 1x1 fixed 37.5 shift 0.1375,-0.2211 (2.323805ms)
ℹ max RGBA error=0; missingFraction error=0
✔ independent scalar gate 1x1 perspective 40 shift 0,0 (0.904744ms)
ℹ max RGBA error=0; missingFraction error=0
✔ independent scalar gate 1x1 perspective 85 shift 0,0 (0.991557ms)
ℹ max RGBA error=0; missingFraction error=0
✔ independent scalar gate 1x1 perspective 85 shift -0.3197,0.25 (1.992606ms)
ℹ max RGBA error=0; missingFraction error=0
✔ authored opaque planes expose holes and the near plane occludes the subject (42.713239ms)
✔ premultiplied edge filtering retains bright color and coverage is independent of source alpha (1.946946ms)
✔ independent PNG decoding preserves low-alpha straight bytes across stored-block boundaries (67.801892ms)
✔ normalized PNG assets have exact detached fields and actual matching header dimensions (18.442378ms)
✔ stored metadata, accessors, inherited objects and noncanonical base64 are rejected (22.34831ms)
✔ source header gate rejects animation, truncation, checksum corruption and unsafe dimensions (8.008946ms)
✔ all orientation values are bounded and parsed from JPEG, PNG and WebP metadata (21.287061ms)
✔ normalized decoded-byte cap applies before compressed image inspection (445.347329ms)
✔ lossless PNG preserves exact straight low-alpha colors and emits only the three required chunks (15.171496ms)
✔ stored DEFLATE blocks cross 65535 bytes with valid lengths, checksum and scanline filters (229.477641ms)
✔ maximum normalized raster has bounded deterministic output with independent PNG decode (1451.062834ms)
✔ invalid raster dimensions, wrong arrays and byte counts reject before encoding (1.716187ms)
✔ rectangle labels only source cell centres in either drag direction and preserves full project (34.878667ms)
✔ polygon uses even-odd cell-centre containment for concave and self-crossing boundaries (7.654381ms)
✔ no-area assignment keeps history redo; complete changed mask is one undo step (3.020909ms)
✔ malformed bounded geometry refuses without invoking getters or changing source (33.871743ms)
✔ maximum original dimensions and 2048-point polygon keep exact complete graph (2772.063856ms)
✔ fractional polygon boundary is invariant when reversed (2.833977ms)
✔ analytical projection scales and translated points use exact subject anchoring (6.037689ms)
✔ identity is byte exact for mixed depths and alpha, canonicalizing only transparent RGB (9.79789ms)
✔ fixed 2x crop inverse-samples pixel centers and wider field leaves sampled holes (2.356565ms)
✔ source bounds do not clamp, and premultiplied interpolation avoids transparent blue fringes (1.01464ms)
✔ rounded-zero alpha canonicalizes RGB and original transparency does not mean missing coverage (1.102464ms)
✔ all-subject manual perspective remains unchanged at both lens directions (1.309623ms)
✔ public geometry and render entries reject unsafe settings, masks, dimensions and raster data (1.43798ms)
✔ presentFrame rejects invalid bytes before calling the canvas (0.650332ms)
✔ denied IndexedDB access reports protected guidance without private exception details (5.419612ms)
✔ missing IndexedDB reports protected backup and retry guidance before opening (1.208164ms)
✔ a failed open does not poison subsequent independent storage admission (0.219822ms)
ℹ tests 79
ℹ suites 0
ℹ pass 79
ℹ fail 0
ℹ cancelled 0
ℹ skipped 0
ℹ todo 0
ℹ duration_ms 6662.888604
npm warn Unknown env config "http-proxy". This will stop working in the next major version of npm.

> lens-studio@0.2.0 lint
> eslint .

npm warn Unknown env config "http-proxy". This will stop working in the next major version of npm.

> lens-studio@0.2.0 build
> tsc --noEmit && vite build

vite v7.3.6 building client environment for production...
transforming...
✓ 16 modules transformed.
rendering chunks...
computing gzip size...
dist/index.html                         0.74 kB │ gzip:  0.45 kB
dist/assets/render.worker-BivCSiTe.js  15.70 kB
dist/assets/index-4s9bwCGc.css          6.29 kB │ gzip:  2.06 kB
dist/assets/index-C_wC-R7q.js          66.76 kB │ gzip: 23.83 kB
✓ built in 3.38s
npm notice
npm notice New major version of npm available! 11.9.0 -> 12.2.0
npm notice Changelog: https://github.com/npm/cli/releases/tag/v12.2.0
npm notice To update run: npm install -g npm@12.2.0
npm notice
