2026-10-05T14:22:20.350Z pw:browser <launching> /home/runner/.cache/ms-playwright/chromium-1243/chrome-linux64/chrome --disable-field-trial-config --disable-background-networking --disable-background-timer-throttling --disable-backgrounding-occluded-windows --disable-back-forward-cache --disable-breakpad --disable-client-side-phishing-detection --disable-component-extensions-with-background-pages --disable-component-update --no-default-browser-check --disable-default-apps --disable-dev-shm-usage --disable-edgeupdater --disable-extensions --disable-features=AvoidUnnecessaryBeforeUnloadCheckSync,DestroyProfileOnBrowserClose,DialMediaRouteProvider,GlobalMediaControls,HttpsUpgrades,LensOverlay,MediaRouter,PaintHolding,ThirdPartyStoragePartitioning,BlockOriginHeaderModificationOnRedirect,Translate,AutoDeElevate,OptimizationHints,msForceBrowserSignIn,msEdgeUpdateLaunchServicesPreferredVersion --enable-features=CDPScreenshotNewSurface --allow-pre-commit-input --disable-hang-monitor --disable-ipc-flooding-protection --disable-popup-blocking --disable-prompt-on-repost --disable-renderer-backgrounding --disable-updater-scheduler --force-color-profile=srgb --metrics-recording-only --no-first-run --password-store=basic --use-mock-keychain --no-service-autorun --export-tagged-pdf --disable-search-engine-choice-screen --unsafely-disable-devtools-self-xss-warnings --edge-skip-compat-layer-relaunch --disable-infobars --disable-search-engine-choice-screen --disable-sync --enable-unsafe-swiftshader --headless --hide-scrollbars --mute-audio --blink-settings=primaryHoverType=2,availableHoverTypes=2,primaryPointerType=4,availablePointerTypes=4 --no-sandbox --user-data-dir=/tmp/shot128-owned-hyVknf/full-temporary/profile --remote-debugging-pipe about:blank
2026-10-05T14:22:20.356Z pw:browser <launched> pid=3048
2026-10-05T14:22:20.616Z pw:browser [pid=3048][err] [3048:3062:1005/142220.614965:ERROR:dbus/bus.cc:405] Failed to connect to the bus: Could not parse server address: Unknown address type (examples of valid types are "tcp" and on UNIX "unix")
2026-10-05T14:22:20.617Z pw:browser [pid=3048][err] [3048:3062:1005/142220.615349:ERROR:dbus/bus.cc:405] Failed to connect to the bus: Could not parse server address: Unknown address type (examples of valid types are "tcp" and on UNIX "unix")
2026-10-05T14:22:20.792Z pw:browser [pid=3048][err] [3048:3062:1005/142220.792323:ERROR:dbus/bus.cc:405] Failed to connect to the bus: Could not parse server address: Unknown address type (examples of valid types are "tcp" and on UNIX "unix")
2026-10-05T14:22:20.875Z pw:browser [pid=3048][err] [3048:3048:1005/142220.875498:ERROR:dbus/object_proxy.cc:572] Failed to call method: org.freedesktop.DBus.NameHasOwner: object_path= /org/freedesktop/DBus: unknown error type: 
2026-10-05T14:22:20.879Z pw:browser [pid=3048][err] [3048:3048:1005/142220.876112:ERROR:dbus/object_proxy.cc:572] Failed to call method: org.freedesktop.DBus.NameHasOwner: object_path= /org/freedesktop/DBus: unknown error type: 
2026-10-05T14:22:20.879Z pw:browser [pid=3048][err] [3048:3062:1005/142220.876279:ERROR:dbus/bus.cc:405] Failed to connect to the bus: Could not parse server address: Unknown address type (examples of valid types are "tcp" and on UNIX "unix")
2026-10-05T14:22:20.879Z pw:browser [pid=3048][err] [3048:3062:1005/142220.876293:ERROR:dbus/bus.cc:405] Failed to connect to the bus: Could not parse server address: Unknown address type (examples of valid types are "tcp" and on UNIX "unix")
2026-10-05T14:22:20.889Z pw:browser [pid=3048][err] [3048:3048:1005/142220.887755:ERROR:dbus/object_proxy.cc:572] Failed to call method: org.freedesktop.DBus.NameHasOwner: object_path= /org/freedesktop/DBus: unknown error type: 
2026-10-05T14:22:20.891Z pw:browser [pid=3048][err] [3048:3062:1005/142220.890820:ERROR:dbus/bus.cc:405] Failed to connect to the bus: Could not parse server address: Unknown address type (examples of valid types are "tcp" and on UNIX "unix")
2026-10-05T14:22:20.912Z pw:browser [pid=3048][err] [3048:3048:1005/142220.912030:ERROR:dbus/object_proxy.cc:572] Failed to call method: org.freedesktop.DBus.NameHasOwner: object_path= /org/freedesktop/DBus: unknown error type: 
2026-10-05T14:22:20.913Z pw:browser [pid=3048][err] [3048:3048:1005/142220.912669:ERROR:dbus/object_proxy.cc:572] Failed to call method: org.freedesktop.DBus.NameHasOwner: object_path= /org/freedesktop/DBus: unknown error type: 
2026-10-05T14:22:20.913Z pw:browser [pid=3048][err] [3048:3062:1005/142220.912714:ERROR:dbus/bus.cc:405] Failed to connect to the bus: Could not parse server address: Unknown address type (examples of valid types are "tcp" and on UNIX "unix")
2026-10-05T14:22:20.914Z pw:browser [pid=3048][err] [3048:3048:1005/142220.914285:ERROR:dbus/object_proxy.cc:572] Failed to call method: org.freedesktop.DBus.NameHasOwner: object_path= /org/freedesktop/DBus: unknown error type: 
2026-10-05T14:22:20.934Z pw:browser [pid=3048][err] [3048:3048:1005/142220.933921:ERROR:dbus/object_proxy.cc:572] Failed to call method: org.freedesktop.DBus.NameHasOwner: object_path= /org/freedesktop/DBus: unknown error type: 
2026-10-05T14:22:20.934Z pw:browser [pid=3048][err] [3048:3048:1005/142220.933983:ERROR:dbus/object_proxy.cc:572] Failed to call method: org.freedesktop.DBus.Properties.GetAll: object_path= /org/freedesktop/UPower/devices/DisplayDevice: org.freedesktop.DBus.Error.ServiceUnknown: The name org.freedesktop.UPower was not provided by any .service files
2026-10-05T14:22:20.939Z pw:browser [pid=3048][err] [3048:3062:1005/142220.936283:ERROR:dbus/bus.cc:405] Failed to connect to the bus: Could not parse server address: Unknown address type (examples of valid types are "tcp" and on UNIX "unix")
2026-10-05T14:22:20.953Z pw:browser [pid=3048][err] [3048:3048:1005/142220.944470:ERROR:dbus/object_proxy.cc:572] Failed to call method: org.freedesktop.DBus.NameHasOwner: object_path= /org/freedesktop/DBus: unknown error type: 
2026-10-05T14:22:20.953Z pw:browser [pid=3048][err] [3048:3062:1005/142220.945002:ERROR:dbus/bus.cc:405] Failed to connect to the bus: Could not parse server address: Unknown address type (examples of valid types are "tcp" and on UNIX "unix")
2026-10-05T14:22:20.969Z pw:browser [pid=3048][err] [3048:3048:1005/142220.969130:ERROR:dbus/object_proxy.cc:572] Failed to call method: org.freedesktop.DBus.NameHasOwner: object_path= /org/freedesktop/DBus: unknown error type: 
2026-10-05T14:22:23.061Z pw:browser [pid=3048][err] [3048:3065:1005/142223.061670:ERROR:google_apis/gcm/engine/registration_request.cc:291] Registration response error message: QUOTA_EXCEEDED
2026-10-05T14:22:23.095Z pw:browser [pid=3048][err] [3048:3065:1005/142223.095485:ERROR:google_apis/gcm/engine/registration_request.cc:291] Registration response error message: PHONE_REGISTRATION_ERROR
2026-10-05T14:22:36.938Z pw:browser [pid=3048] <gracefully close start>
2026-10-05T14:22:36.994Z pw:browser [pid=3048] <process did exit: exitCode=0, signal=null>
2026-10-05T14:22:36.995Z pw:browser [pid=3048] starting temporary directories cleanup
2026-10-05T14:22:36.999Z pw:browser [pid=3048] finished temporary directories cleanup
2026-10-05T14:22:36.999Z pw:browser [pid=3048] <gracefully close end>
2026-10-05T14:22:37.001Z pw:browser <launching> /home/runner/.cache/ms-playwright/chromium-1243/chrome-linux64/chrome --disable-field-trial-config --disable-background-networking --disable-background-timer-throttling --disable-backgrounding-occluded-windows --disable-back-forward-cache --disable-breakpad --disable-client-side-phishing-detection --disable-component-extensions-with-background-pages --disable-component-update --no-default-browser-check --disable-default-apps --disable-dev-shm-usage --disable-edgeupdater --disable-extensions --disable-features=AvoidUnnecessaryBeforeUnloadCheckSync,DestroyProfileOnBrowserClose,DialMediaRouteProvider,GlobalMediaControls,HttpsUpgrades,LensOverlay,MediaRouter,PaintHolding,ThirdPartyStoragePartitioning,BlockOriginHeaderModificationOnRedirect,Translate,AutoDeElevate,OptimizationHints,msForceBrowserSignIn,msEdgeUpdateLaunchServicesPreferredVersion --enable-features=CDPScreenshotNewSurface --allow-pre-commit-input --disable-hang-monitor --disable-ipc-flooding-protection --disable-popup-blocking --disable-prompt-on-repost --disable-renderer-backgrounding --disable-updater-scheduler --force-color-profile=srgb --metrics-recording-only --no-first-run --password-store=basic --use-mock-keychain --no-service-autorun --export-tagged-pdf --disable-search-engine-choice-screen --unsafely-disable-devtools-self-xss-warnings --edge-skip-compat-layer-relaunch --disable-infobars --disable-search-engine-choice-screen --disable-sync --enable-unsafe-swiftshader --headless --hide-scrollbars --mute-audio --blink-settings=primaryHoverType=2,availableHoverTypes=2,primaryPointerType=4,availablePointerTypes=4 --no-sandbox --user-data-dir=/tmp/shot128-owned-hyVknf/full-persistent/profile --remote-debugging-pipe about:blank
2026-10-05T14:22:37.004Z pw:browser <launched> pid=3165
2026-10-05T14:22:37.075Z pw:browser [pid=3165][err] [3165:3179:1005/142237.075610:ERROR:dbus/bus.cc:405] Failed to connect to the bus: Could not parse server address: Unknown address type (examples of valid types are "tcp" and on UNIX "unix")
2026-10-05T14:22:37.076Z pw:browser [pid=3165][err] [3165:3179:1005/142237.076485:ERROR:dbus/bus.cc:405] Failed to connect to the bus: Could not parse server address: Unknown address type (examples of valid types are "tcp" and on UNIX "unix")
2026-10-05T14:22:37.125Z pw:browser [pid=3165][err] [3165:3179:1005/142237.124419:ERROR:dbus/bus.cc:405] Failed to connect to the bus: Could not parse server address: Unknown address type (examples of valid types are "tcp" and on UNIX "unix")
2026-10-05T14:22:37.226Z pw:browser [pid=3165][err] [3165:3165:1005/142237.225770:ERROR:dbus/object_proxy.cc:572] Failed to call method: org.freedesktop.DBus.NameHasOwner: object_path= /org/freedesktop/DBus: unknown error type: 
2026-10-05T14:22:37.226Z pw:browser [pid=3165][err] [3165:3165:1005/142237.225850:ERROR:dbus/object_proxy.cc:572] Failed to call method: org.freedesktop.DBus.NameHasOwner: object_path= /org/freedesktop/DBus: unknown error type: 
2026-10-05T14:22:37.226Z pw:browser [pid=3165][err] [3165:3179:1005/142237.225866:ERROR:dbus/bus.cc:405] Failed to connect to the bus: Could not parse server address: Unknown address type (examples of valid types are "tcp" and on UNIX "unix")
2026-10-05T14:22:37.226Z pw:browser [pid=3165][err] [3165:3179:1005/142237.225878:ERROR:dbus/bus.cc:405] Failed to connect to the bus: Could not parse server address: Unknown address type (examples of valid types are "tcp" and on UNIX "unix")
2026-10-05T14:22:37.234Z pw:browser [pid=3165][err] [3165:3165:1005/142237.232155:ERROR:dbus/object_proxy.cc:572] Failed to call method: org.freedesktop.DBus.NameHasOwner: object_path= /org/freedesktop/DBus: unknown error type: 
2026-10-05T14:22:37.235Z pw:browser [pid=3165][err] [3165:3179:1005/142237.235178:ERROR:dbus/bus.cc:405] Failed to connect to the bus: Could not parse server address: Unknown address type (examples of valid types are "tcp" and on UNIX "unix")
2026-10-05T14:22:37.251Z pw:browser [pid=3165][err] [3165:3165:1005/142237.251677:ERROR:dbus/object_proxy.cc:572] Failed to call method: org.freedesktop.DBus.NameHasOwner: object_path= /org/freedesktop/DBus: unknown error type: 
2026-10-05T14:22:37.252Z pw:browser [pid=3165][err] [3165:3165:1005/142237.251707:ERROR:dbus/object_proxy.cc:572] Failed to call method: org.freedesktop.DBus.NameHasOwner: object_path= /org/freedesktop/DBus: unknown error type: 
2026-10-05T14:22:37.253Z pw:browser [pid=3165][err] [3165:3179:1005/142237.252717:ERROR:dbus/bus.cc:405] Failed to connect to the bus: Could not parse server address: Unknown address type (examples of valid types are "tcp" and on UNIX "unix")
2026-10-05T14:22:37.255Z pw:browser [pid=3165][err] [3165:3165:1005/142237.254863:ERROR:dbus/object_proxy.cc:572] Failed to call method: org.freedesktop.DBus.NameHasOwner: object_path= /org/freedesktop/DBus: unknown error type: 
2026-10-05T14:22:37.268Z pw:browser [pid=3165][err] [3165:3165:1005/142237.267388:ERROR:dbus/object_proxy.cc:572] Failed to call method: org.freedesktop.DBus.NameHasOwner: object_path= /org/freedesktop/DBus: unknown error type: 
2026-10-05T14:22:37.268Z pw:browser [pid=3165][err] [3165:3165:1005/142237.267638:ERROR:dbus/object_proxy.cc:572] Failed to call method: org.freedesktop.DBus.Properties.GetAll: object_path= /org/freedesktop/UPower/devices/DisplayDevice: org.freedesktop.DBus.Error.ServiceUnknown: The name org.freedesktop.UPower was not provided by any .service files
2026-10-05T14:22:37.268Z pw:browser [pid=3165][err] [3165:3179:1005/142237.268270:ERROR:dbus/bus.cc:405] Failed to connect to the bus: Could not parse server address: Unknown address type (examples of valid types are "tcp" and on UNIX "unix")
2026-10-05T14:22:37.279Z pw:browser [pid=3165][err] [3165:3165:1005/142237.275979:ERROR:dbus/object_proxy.cc:572] Failed to call method: org.freedesktop.DBus.NameHasOwner: object_path= /org/freedesktop/DBus: unknown error type: 
2026-10-05T14:22:37.279Z pw:browser [pid=3165][err] [3165:3179:1005/142237.276052:ERROR:dbus/bus.cc:405] Failed to connect to the bus: Could not parse server address: Unknown address type (examples of valid types are "tcp" and on UNIX "unix")
2026-10-05T14:22:37.293Z pw:browser [pid=3165][err] [3165:3165:1005/142237.293770:ERROR:dbus/object_proxy.cc:572] Failed to call method: org.freedesktop.DBus.NameHasOwner: object_path= /org/freedesktop/DBus: unknown error type: 
2026-10-05T14:22:39.416Z pw:browser [pid=3165][err] [3165:3182:1005/142239.416375:ERROR:google_apis/gcm/engine/registration_request.cc:291] Registration response error message: DEPRECATED_ENDPOINT
2026-10-05T14:22:39.457Z pw:browser [pid=3165][err] [3165:3182:1005/142239.456838:ERROR:google_apis/gcm/engine/registration_request.cc:291] Registration response error message: PHONE_REGISTRATION_ERROR
2026-10-05T14:22:39.462Z pw:browser [pid=3165][err] [3165:3182:1005/142239.462573:ERROR:google_apis/gcm/engine/registration_request.cc:291] Registration response error message: PHONE_REGISTRATION_ERROR
2026-10-05T14:22:39.486Z pw:browser [pid=3165][err] [3165:3182:1005/142239.486379:ERROR:google_apis/gcm/engine/mcs_client.cc:702]   Error code: 401  Error message: Authentication Failed: wrong_secret
2026-10-05T14:22:39.486Z pw:browser [pid=3165][err] [3165:3182:1005/142239.486397:ERROR:google_apis/gcm/engine/mcs_client.cc:704] Failed to log in to GCM, resetting connection.
2026-10-05T14:22:53.279Z pw:browser [pid=3165] <gracefully close start>
2026-10-05T14:22:53.390Z pw:browser [pid=3165] <process did exit: exitCode=0, signal=null>
2026-10-05T14:22:53.390Z pw:browser [pid=3165] starting temporary directories cleanup
2026-10-05T14:22:53.391Z pw:browser [pid=3165] finished temporary directories cleanup
2026-10-05T14:22:53.391Z pw:browser [pid=3165] <gracefully close end>
2026-10-05T14:22:53.397Z pw:browser <launching> /home/runner/.cache/ms-playwright/chromium_headless_shell-1243/chrome-headless-shell-linux64/chrome-headless-shell --disable-field-trial-config --disable-background-networking --disable-background-timer-throttling --disable-backgrounding-occluded-windows --disable-back-forward-cache --disable-breakpad --disable-client-side-phishing-detection --disable-component-extensions-with-background-pages --disable-component-update --no-default-browser-check --disable-default-apps --disable-dev-shm-usage --disable-edgeupdater --disable-extensions --disable-features=AvoidUnnecessaryBeforeUnloadCheckSync,DestroyProfileOnBrowserClose,DialMediaRouteProvider,GlobalMediaControls,HttpsUpgrades,LensOverlay,MediaRouter,PaintHolding,ThirdPartyStoragePartitioning,BlockOriginHeaderModificationOnRedirect,Translate,AutoDeElevate,OptimizationHints,msForceBrowserSignIn,msEdgeUpdateLaunchServicesPreferredVersion --enable-features=CDPScreenshotNewSurface --allow-pre-commit-input --disable-hang-monitor --disable-ipc-flooding-protection --disable-popup-blocking --disable-prompt-on-repost --disable-renderer-backgrounding --disable-updater-scheduler --force-color-profile=srgb --metrics-recording-only --no-first-run --password-store=basic --use-mock-keychain --no-service-autorun --export-tagged-pdf --disable-search-engine-choice-screen --unsafely-disable-devtools-self-xss-warnings --edge-skip-compat-layer-relaunch --disable-infobars --disable-search-engine-choice-screen --disable-sync --enable-unsafe-swiftshader --headless --hide-scrollbars --mute-audio --blink-settings=primaryHoverType=2,availableHoverTypes=2,primaryPointerType=4,availablePointerTypes=4 --no-sandbox --user-data-dir=/tmp/shot128-owned-hyVknf/headless-temporary/profile --remote-debugging-pipe about:blank
2026-10-05T14:22:53.400Z pw:browser <launched> pid=3282
2026-10-05T14:22:53.435Z pw:browser [pid=3282][err] [1005/142253.435324:ERROR:dbus/bus.cc:405] Failed to connect to the bus: Could not parse server address: Unknown address type (examples of valid types are "tcp" and on UNIX "unix")
2026-10-05T14:22:53.453Z pw:browser [pid=3282][err] [1005/142253.451997:WARNING:media/gpu/vaapi/vaapi_wrapper.cc:1660] drmGetDevices2() has not found any devices
2026-10-05T14:22:53.454Z pw:browser [pid=3282][err] [1005/142253.453936:ERROR:dbus/object_proxy.cc:572] Failed to call method: org.freedesktop.DBus.NameHasOwner: object_path= /org/freedesktop/DBus: unknown error type: 
2026-10-05T14:22:53.454Z pw:browser [pid=3282][err] [1005/142253.454155:WARNING:sandbox/policy/linux/sandbox_linux.cc:405] InitializeSandbox() called with multiple threads in process gpu-process.
2026-10-05T14:22:53.456Z pw:browser [pid=3282][err] [1005/142253.456008:ERROR:dbus/bus.cc:405] Failed to connect to the bus: Could not parse server address: Unknown address type (examples of valid types are "tcp" and on UNIX "unix")
2026-10-05T14:22:53.461Z pw:browser [pid=3282][err] [1005/142253.459872:ERROR:dbus/object_proxy.cc:572] Failed to call method: org.freedesktop.DBus.NameHasOwner: object_path= /org/freedesktop/DBus: unknown error type: 
2026-10-05T14:22:53.535Z pw:browser [pid=3282][err] [1005/142253.534955:INFO:CONSOLE:3] "--playwright--set--content--7243201f6a08f55df5f20d2bc3f5c933--", source:  (3)
2026-10-05T14:23:09.343Z pw:browser [pid=3282] <gracefully close start>
2026-10-05T14:23:09.370Z pw:browser [pid=3282] <process did exit: exitCode=0, signal=null>
2026-10-05T14:23:09.371Z pw:browser [pid=3282] starting temporary directories cleanup
2026-10-05T14:23:09.375Z pw:browser [pid=3282] finished temporary directories cleanup
2026-10-05T14:23:09.375Z pw:browser [pid=3282] <gracefully close end>
The pinned headless reference failed; inspect the measured report before drawing conclusions.
