2026-10-05T14:22:18.453Z pw:browser <launching> /home/runner/.cache/ms-playwright/chromium-1243/chrome-linux64/chrome --disable-field-trial-config --disable-background-networking --disable-background-timer-throttling --disable-backgrounding-occluded-windows --disable-back-forward-cache --disable-breakpad --disable-client-side-phishing-detection --disable-component-extensions-with-background-pages --disable-component-update --no-default-browser-check --disable-default-apps --disable-dev-shm-usage --disable-edgeupdater --disable-extensions --disable-features=AvoidUnnecessaryBeforeUnloadCheckSync,DestroyProfileOnBrowserClose,DialMediaRouteProvider,GlobalMediaControls,HttpsUpgrades,LensOverlay,MediaRouter,PaintHolding,ThirdPartyStoragePartitioning,BlockOriginHeaderModificationOnRedirect,Translate,AutoDeElevate,OptimizationHints,msForceBrowserSignIn,msEdgeUpdateLaunchServicesPreferredVersion --enable-features=CDPScreenshotNewSurface --allow-pre-commit-input --disable-hang-monitor --disable-ipc-flooding-protection --disable-popup-blocking --disable-prompt-on-repost --disable-renderer-backgrounding --disable-updater-scheduler --force-color-profile=srgb --metrics-recording-only --no-first-run --password-store=basic --use-mock-keychain --no-service-autorun --export-tagged-pdf --disable-search-engine-choice-screen --unsafely-disable-devtools-self-xss-warnings --edge-skip-compat-layer-relaunch --disable-infobars --disable-search-engine-choice-screen --disable-sync --enable-unsafe-swiftshader --headless --hide-scrollbars --mute-audio --blink-settings=primaryHoverType=2,availableHoverTypes=2,primaryPointerType=4,availablePointerTypes=4 --no-sandbox --user-data-dir=/tmp/shot128-owned-rlrOtH/full-temporary/profile --remote-debugging-pipe about:blank
2026-10-05T14:22:18.459Z pw:browser <launched> pid=2850
2026-10-05T14:22:18.558Z pw:browser [pid=2850][err] [2850:2864:1005/142218.556618:ERROR:dbus/bus.cc:405] Failed to connect to the bus: Could not parse server address: Unknown address type (examples of valid types are "tcp" and on UNIX "unix")
2026-10-05T14:22:18.558Z pw:browser [pid=2850][err] [2850:2864:1005/142218.557177:ERROR:dbus/bus.cc:405] Failed to connect to the bus: Could not parse server address: Unknown address type (examples of valid types are "tcp" and on UNIX "unix")
2026-10-05T14:22:18.706Z pw:browser [pid=2850][err] [2850:2864:1005/142218.706290:ERROR:dbus/bus.cc:405] Failed to connect to the bus: Could not parse server address: Unknown address type (examples of valid types are "tcp" and on UNIX "unix")
2026-10-05T14:22:18.783Z pw:browser [pid=2850][err] [2850:2850:1005/142218.781248:ERROR:dbus/object_proxy.cc:572] Failed to call method: org.freedesktop.DBus.NameHasOwner: object_path= /org/freedesktop/DBus: unknown error type: 
2026-10-05T14:22:18.783Z pw:browser [pid=2850][err] [2850:2850:1005/142218.781307:ERROR:dbus/object_proxy.cc:572] Failed to call method: org.freedesktop.DBus.NameHasOwner: object_path= /org/freedesktop/DBus: unknown error type: 
2026-10-05T14:22:18.783Z pw:browser [pid=2850][err] [2850:2864:1005/142218.781324:ERROR:dbus/bus.cc:405] Failed to connect to the bus: Could not parse server address: Unknown address type (examples of valid types are "tcp" and on UNIX "unix")
2026-10-05T14:22:18.783Z pw:browser [pid=2850][err] [2850:2864:1005/142218.781341:ERROR:dbus/bus.cc:405] Failed to connect to the bus: Could not parse server address: Unknown address type (examples of valid types are "tcp" and on UNIX "unix")
2026-10-05T14:22:18.793Z pw:browser [pid=2850][err] [2850:2850:1005/142218.791301:ERROR:dbus/object_proxy.cc:572] Failed to call method: org.freedesktop.DBus.NameHasOwner: object_path= /org/freedesktop/DBus: unknown error type: 
2026-10-05T14:22:18.793Z pw:browser [pid=2850][err] [2850:2864:1005/142218.792350:ERROR:dbus/bus.cc:405] Failed to connect to the bus: Could not parse server address: Unknown address type (examples of valid types are "tcp" and on UNIX "unix")
2026-10-05T14:22:18.810Z pw:browser [pid=2850][err] [2850:2850:1005/142218.809815:ERROR:dbus/object_proxy.cc:572] Failed to call method: org.freedesktop.DBus.NameHasOwner: object_path= /org/freedesktop/DBus: unknown error type: 
2026-10-05T14:22:18.812Z pw:browser [pid=2850][err] [2850:2850:1005/142218.809991:ERROR:dbus/object_proxy.cc:572] Failed to call method: org.freedesktop.DBus.NameHasOwner: object_path= /org/freedesktop/DBus: unknown error type: 
2026-10-05T14:22:18.812Z pw:browser [pid=2850][err] [2850:2864:1005/142218.810255:ERROR:dbus/bus.cc:405] Failed to connect to the bus: Could not parse server address: Unknown address type (examples of valid types are "tcp" and on UNIX "unix")
2026-10-05T14:22:18.812Z pw:browser [pid=2850][err] [2850:2850:1005/142218.811216:ERROR:dbus/object_proxy.cc:572] Failed to call method: org.freedesktop.DBus.NameHasOwner: object_path= /org/freedesktop/DBus: unknown error type: 
2026-10-05T14:22:18.824Z pw:browser [pid=2850][err] [2850:2850:1005/142218.824124:ERROR:dbus/object_proxy.cc:572] Failed to call method: org.freedesktop.DBus.Properties.GetAll: object_path= /org/freedesktop/UPower/devices/DisplayDevice: org.freedesktop.DBus.Error.ServiceUnknown: The name org.freedesktop.UPower was not provided by any .service files
2026-10-05T14:22:18.826Z pw:browser [pid=2850][err] [2850:2850:1005/142218.824350:ERROR:dbus/object_proxy.cc:572] Failed to call method: org.freedesktop.DBus.NameHasOwner: object_path= /org/freedesktop/DBus: unknown error type: 
2026-10-05T14:22:18.826Z pw:browser [pid=2850][err] [2850:2864:1005/142218.824393:ERROR:dbus/bus.cc:405] Failed to connect to the bus: Could not parse server address: Unknown address type (examples of valid types are "tcp" and on UNIX "unix")
2026-10-05T14:22:18.833Z pw:browser [pid=2850][err] [2850:2850:1005/142218.829644:ERROR:dbus/object_proxy.cc:572] Failed to call method: org.freedesktop.DBus.NameHasOwner: object_path= /org/freedesktop/DBus: unknown error type: 
2026-10-05T14:22:18.833Z pw:browser [pid=2850][err] [2850:2864:1005/142218.829749:ERROR:dbus/bus.cc:405] Failed to connect to the bus: Could not parse server address: Unknown address type (examples of valid types are "tcp" and on UNIX "unix")
2026-10-05T14:22:18.837Z pw:browser [pid=2850][err] [2850:2850:1005/142218.834547:ERROR:dbus/object_proxy.cc:572] Failed to call method: org.freedesktop.DBus.NameHasOwner: object_path= /org/freedesktop/DBus: unknown error type: 
2026-10-05T14:22:20.963Z pw:browser [pid=2850] <gracefully close start>
2026-10-05T14:22:21.016Z pw:browser [pid=2850] <process did exit: exitCode=0, signal=null>
2026-10-05T14:22:21.016Z pw:browser [pid=2850] starting temporary directories cleanup
2026-10-05T14:22:21.021Z pw:browser [pid=2850] finished temporary directories cleanup
2026-10-05T14:22:21.021Z pw:browser [pid=2850] <gracefully close end>
2026-10-05T14:22:21.022Z pw:browser <launching> /home/runner/.cache/ms-playwright/chromium-1243/chrome-linux64/chrome --disable-field-trial-config --disable-background-networking --disable-background-timer-throttling --disable-backgrounding-occluded-windows --disable-back-forward-cache --disable-breakpad --disable-client-side-phishing-detection --disable-component-extensions-with-background-pages --disable-component-update --no-default-browser-check --disable-default-apps --disable-dev-shm-usage --disable-edgeupdater --disable-extensions --disable-features=AvoidUnnecessaryBeforeUnloadCheckSync,DestroyProfileOnBrowserClose,DialMediaRouteProvider,GlobalMediaControls,HttpsUpgrades,LensOverlay,MediaRouter,PaintHolding,ThirdPartyStoragePartitioning,BlockOriginHeaderModificationOnRedirect,Translate,AutoDeElevate,OptimizationHints,msForceBrowserSignIn,msEdgeUpdateLaunchServicesPreferredVersion --enable-features=CDPScreenshotNewSurface --allow-pre-commit-input --disable-hang-monitor --disable-ipc-flooding-protection --disable-popup-blocking --disable-prompt-on-repost --disable-renderer-backgrounding --disable-updater-scheduler --force-color-profile=srgb --metrics-recording-only --no-first-run --password-store=basic --use-mock-keychain --no-service-autorun --export-tagged-pdf --disable-search-engine-choice-screen --unsafely-disable-devtools-self-xss-warnings --edge-skip-compat-layer-relaunch --disable-infobars --disable-search-engine-choice-screen --disable-sync --enable-unsafe-swiftshader --headless --hide-scrollbars --mute-audio --blink-settings=primaryHoverType=2,availableHoverTypes=2,primaryPointerType=4,availablePointerTypes=4 --no-sandbox --user-data-dir=/tmp/shot128-owned-rlrOtH/full-temporary/profile --remote-debugging-pipe about:blank
2026-10-05T14:22:21.024Z pw:browser <launched> pid=2967
2026-10-05T14:22:21.077Z pw:browser [pid=2967][err] [2967:2981:1005/142221.077160:ERROR:dbus/bus.cc:405] Failed to connect to the bus: Could not parse server address: Unknown address type (examples of valid types are "tcp" and on UNIX "unix")
2026-10-05T14:22:21.078Z pw:browser [pid=2967][err] [2967:2981:1005/142221.078786:ERROR:dbus/bus.cc:405] Failed to connect to the bus: Could not parse server address: Unknown address type (examples of valid types are "tcp" and on UNIX "unix")
2026-10-05T14:22:21.111Z pw:browser [pid=2967][err] [2967:2981:1005/142221.111524:ERROR:dbus/bus.cc:405] Failed to connect to the bus: Could not parse server address: Unknown address type (examples of valid types are "tcp" and on UNIX "unix")
2026-10-05T14:22:21.171Z pw:browser [pid=2967][err] [2967:2967:1005/142221.171478:ERROR:dbus/object_proxy.cc:572] Failed to call method: org.freedesktop.DBus.NameHasOwner: object_path= /org/freedesktop/DBus: unknown error type: 
2026-10-05T14:22:21.173Z pw:browser [pid=2967][err] [2967:2967:1005/142221.172090:ERROR:dbus/object_proxy.cc:572] Failed to call method: org.freedesktop.DBus.NameHasOwner: object_path= /org/freedesktop/DBus: unknown error type: 
2026-10-05T14:22:21.173Z pw:browser [pid=2967][err] [2967:2981:1005/142221.172665:ERROR:dbus/bus.cc:405] Failed to connect to the bus: Could not parse server address: Unknown address type (examples of valid types are "tcp" and on UNIX "unix")
2026-10-05T14:22:21.173Z pw:browser [pid=2967][err] [2967:2981:1005/142221.172682:ERROR:dbus/bus.cc:405] Failed to connect to the bus: Could not parse server address: Unknown address type (examples of valid types are "tcp" and on UNIX "unix")
2026-10-05T14:22:21.178Z pw:browser [pid=2967][err] [2967:2967:1005/142221.177772:ERROR:dbus/object_proxy.cc:572] Failed to call method: org.freedesktop.DBus.NameHasOwner: object_path= /org/freedesktop/DBus: unknown error type: 
2026-10-05T14:22:21.178Z pw:browser [pid=2967][err] [2967:2981:1005/142221.178258:ERROR:dbus/bus.cc:405] Failed to connect to the bus: Could not parse server address: Unknown address type (examples of valid types are "tcp" and on UNIX "unix")
2026-10-05T14:22:21.189Z pw:browser [pid=2967][err] [2967:2967:1005/142221.189548:ERROR:dbus/object_proxy.cc:572] Failed to call method: org.freedesktop.DBus.NameHasOwner: object_path= /org/freedesktop/DBus: unknown error type: 
2026-10-05T14:22:21.190Z pw:browser [pid=2967][err] [2967:2967:1005/142221.189566:ERROR:dbus/object_proxy.cc:572] Failed to call method: org.freedesktop.DBus.NameHasOwner: object_path= /org/freedesktop/DBus: unknown error type: 
2026-10-05T14:22:21.190Z pw:browser [pid=2967][err] [2967:2981:1005/142221.189784:ERROR:dbus/bus.cc:405] Failed to connect to the bus: Could not parse server address: Unknown address type (examples of valid types are "tcp" and on UNIX "unix")
2026-10-05T14:22:21.191Z pw:browser [pid=2967][err] [2967:2967:1005/142221.190924:ERROR:dbus/object_proxy.cc:572] Failed to call method: org.freedesktop.DBus.NameHasOwner: object_path= /org/freedesktop/DBus: unknown error type: 
2026-10-05T14:22:21.202Z pw:browser [pid=2967][err] [2967:2967:1005/142221.202127:ERROR:dbus/object_proxy.cc:572] Failed to call method: org.freedesktop.DBus.NameHasOwner: object_path= /org/freedesktop/DBus: unknown error type: 
2026-10-05T14:22:21.203Z pw:browser [pid=2967][err] [2967:2967:1005/142221.202351:ERROR:dbus/object_proxy.cc:572] Failed to call method: org.freedesktop.DBus.Properties.GetAll: object_path= /org/freedesktop/UPower/devices/DisplayDevice: org.freedesktop.DBus.Error.ServiceUnknown: The name org.freedesktop.UPower was not provided by any .service files
2026-10-05T14:22:21.203Z pw:browser [pid=2967][err] [2967:2981:1005/142221.203332:ERROR:dbus/bus.cc:405] Failed to connect to the bus: Could not parse server address: Unknown address type (examples of valid types are "tcp" and on UNIX "unix")
2026-10-05T14:22:21.210Z pw:browser [pid=2967][err] [2967:2967:1005/142221.210124:ERROR:dbus/object_proxy.cc:572] Failed to call method: org.freedesktop.DBus.NameHasOwner: object_path= /org/freedesktop/DBus: unknown error type: 
2026-10-05T14:22:21.210Z pw:browser [pid=2967][err] [2967:2981:1005/142221.210304:ERROR:dbus/bus.cc:405] Failed to connect to the bus: Could not parse server address: Unknown address type (examples of valid types are "tcp" and on UNIX "unix")
2026-10-05T14:22:21.224Z pw:browser [pid=2967][err] [2967:2967:1005/142221.224558:ERROR:dbus/object_proxy.cc:572] Failed to call method: org.freedesktop.DBus.NameHasOwner: object_path= /org/freedesktop/DBus: unknown error type: 
2026-10-05T14:22:21.410Z pw:browser [pid=2967][err] Received signal 11 SEGV_MAPERR 130f000000004
2026-10-05T14:22:21.410Z pw:browser [pid=2967][err] #0 0x5560ae350bc3 (/home/runner/.cache/ms-playwright/chromium-1243/chrome-linux64/chrome+0x6a9abc2)
2026-10-05T14:22:21.410Z pw:browser [pid=2967][err] #1 0x5560b3016494 (/home/runner/.cache/ms-playwright/chromium-1243/chrome-linux64/chrome+0xb760493)
2026-10-05T14:22:21.410Z pw:browser [pid=2967][err] #2 0x7f40f7045330 (/usr/lib/x86_64-linux-gnu/libc.so.6+0x4532f)
2026-10-05T14:22:21.410Z pw:browser [pid=2967][err] #3 0x5560b251f3d3 (/home/runner/.cache/ms-playwright/chromium-1243/chrome-linux64/chrome+0xac693d2)
2026-10-05T14:22:21.410Z pw:browser [pid=2967][err] #4 0x5560b251fb02 (/home/runner/.cache/ms-playwright/chromium-1243/chrome-linux64/chrome+0xac69b01)
2026-10-05T14:22:21.410Z pw:browser [pid=2967][err] #5 0x5560b251e8c5 (/home/runner/.cache/ms-playwright/chromium-1243/chrome-linux64/chrome+0xac688c4)
2026-10-05T14:22:21.410Z pw:browser [pid=2967][err] #6 0x5560b251f30a (/home/runner/.cache/ms-playwright/chromium-1243/chrome-linux64/chrome+0xac69309)
2026-10-05T14:22:21.410Z pw:browser [pid=2967][err] #7 0x5560b2520963 (/home/runner/.cache/ms-playwright/chromium-1243/chrome-linux64/chrome+0xac6a962)
2026-10-05T14:22:21.410Z pw:browser [pid=2967][err] #8 0x5560abd1f070 (/home/runner/.cache/ms-playwright/chromium-1243/chrome-linux64/chrome+0x446906f)
2026-10-05T14:22:21.410Z pw:browser [pid=2967][err] #9 0x5560ad51df14 (/home/runner/.cache/ms-playwright/chromium-1243/chrome-linux64/chrome+0x5c67f13)
2026-10-05T14:22:21.410Z pw:browser [pid=2967][err] #10 0x5560ad670d96 (/home/runner/.cache/ms-playwright/chromium-1243/chrome-linux64/chrome+0x5dbad95)
2026-10-05T14:22:21.410Z pw:browser [pid=2967][err] #11 0x5560ad66c052 (/home/runner/.cache/ms-playwright/chromium-1243/chrome-linux64/chrome+0x5db6051)
2026-10-05T14:22:21.410Z pw:browser [pid=2967][err] #12 0x5560ae35b2ca (/home/runner/.cache/ms-playwright/chromium-1243/chrome-linux64/chrome+0x6aa52c9)
2026-10-05T14:22:21.410Z pw:browser [pid=2967][err] #13 0x5560aae4716a (/home/runner/.cache/ms-playwright/chromium-1243/chrome-linux64/chrome+0x3591169)
2026-10-05T14:22:21.410Z pw:browser [pid=2967][err] #14 0x5560ab631ee1 (/home/runner/.cache/ms-playwright/chromium-1243/chrome-linux64/chrome+0x3d7bee0)
2026-10-05T14:22:21.410Z pw:browser [pid=2967][err] #15 0x7f40f7e9c635 (/usr/lib/x86_64-linux-gnu/libglib-2.0.so.0.8000.0+0x5d634)
2026-10-05T14:22:21.410Z pw:browser [pid=2967][err] #16 0x7f40f7efbbf7 (/usr/lib/x86_64-linux-gnu/libglib-2.0.so.0.8000.0+0xbcbf6)
2026-10-05T14:22:21.410Z pw:browser [pid=2967][err] #17 0x7f40f7e9bad3 (/usr/lib/x86_64-linux-gnu/libglib-2.0.so.0.8000.0+0x5cad2)
2026-10-05T14:22:21.410Z pw:browser [pid=2967][err] #18 0x5560aae4c27a (/home/runner/.cache/ms-playwright/chromium-1243/chrome-linux64/chrome+0x3596279)
2026-10-05T14:22:21.410Z pw:browser [pid=2967][err] #19 0x5560ab66c24d (/home/runner/.cache/ms-playwright/chromium-1243/chrome-linux64/chrome+0x3db624c)
2026-10-05T14:22:21.411Z pw:browser [pid=2967][err] #20 0x5560ab66b936 (/home/runner/.cache/ms-playwright/chromium-1243/chrome-linux64/chrome+0x3db5935)
2026-10-05T14:22:21.411Z pw:browser [pid=2967][err] #21 0x5560adbaed22 (/home/runner/.cache/ms-playwright/chromium-1243/chrome-linux64/chrome+0x62f8d21)
2026-10-05T14:22:21.411Z pw:browser [pid=2967][err] #22 0x5560adbaf0c3 (/home/runner/.cache/ms-playwright/chromium-1243/chrome-linux64/chrome+0x62f90c2)
2026-10-05T14:22:21.411Z pw:browser [pid=2967][err] #23 0x5560ad884e20 (/home/runner/.cache/ms-playwright/chromium-1243/chrome-linux64/chrome+0x5fcee1f)
2026-10-05T14:22:21.411Z pw:browser [pid=2967][err] #24 0x5560ac6c9bf4 (/home/runner/.cache/ms-playwright/chromium-1243/chrome-linux64/chrome+0x4e13bf3)
2026-10-05T14:22:21.411Z pw:browser [pid=2967][err] #25 0x5560ad885106 (/home/runner/.cache/ms-playwright/chromium-1243/chrome-linux64/chrome+0x5fcf105)
2026-10-05T14:22:21.411Z pw:browser [pid=2967][err] #26 0x5560ad8847a9 (/home/runner/.cache/ms-playwright/chromium-1243/chrome-linux64/chrome+0x5fce7a8)
2026-10-05T14:22:21.411Z pw:browser [pid=2967][err] #27 0x5560ad883b00 (/home/runner/.cache/ms-playwright/chromium-1243/chrome-linux64/chrome+0x5fcdaff)
2026-10-05T14:22:21.411Z pw:browser [pid=2967][err] #28 0x7f40f702a1ca (/usr/lib/x86_64-linux-gnu/libc.so.6+0x2a1c9)
2026-10-05T14:22:21.411Z pw:browser [pid=2967][err] #29 0x7f40f702a28b (/usr/lib/x86_64-linux-gnu/libc.so.6+0x2a28a)
2026-10-05T14:22:21.411Z pw:browser [pid=2967][err] #30 0x5560ae61335a (/home/runner/.cache/ms-playwright/chromium-1243/chrome-linux64/chrome+0x6d5d359)
2026-10-05T14:22:21.411Z pw:browser [pid=2967][err]   r8: 0000000000000000  r9: 00005560b251f360 r10: 0000000000000020 r11: 0000000000000000
2026-10-05T14:22:21.411Z pw:browser [pid=2967][err]  r12: 00007fffe011eaa0 r13: 00007fffe011e960 r14: 00007fffe011ea30 r15: 00003b24032a9f00
2026-10-05T14:22:21.411Z pw:browser [pid=2967][err]   di: 000130f000000000  si: 00007fffe011e990  bp: 00007fffe011e950  bx: 00003b24032aa248
2026-10-05T14:22:21.411Z pw:browser [pid=2967][err]   dx: 0580a0e0d87642a4  ax: 00007f40d8764294  cx: 058021a000000010  sp: 00007fffe011e910
2026-10-05T14:22:21.411Z pw:browser [pid=2967][err]   ip: 00005560abd23873 efl: 0000000000010206 cgf: 002b000000000033 erf: 0000000000000004
2026-10-05T14:22:21.411Z pw:browser [pid=2967][err]  trp: 000000000000000e msk: 0000000000000000 cr2: 000130f000000004
2026-10-05T14:22:21.411Z pw:browser [pid=2967][err] [end of stack trace]
2026-10-05T14:22:22.346Z pw:browser [pid=2967] <process did exit: exitCode=null, signal=SIGSEGV>
2026-10-05T14:22:22.346Z pw:browser [pid=2967] starting temporary directories cleanup
2026-10-05T14:22:22.347Z pw:browser <launching> /home/runner/.cache/ms-playwright/chromium-1243/chrome-linux64/chrome --disable-field-trial-config --disable-background-networking --disable-background-timer-throttling --disable-backgrounding-occluded-windows --disable-back-forward-cache --disable-breakpad --disable-client-side-phishing-detection --disable-component-extensions-with-background-pages --disable-component-update --no-default-browser-check --disable-default-apps --disable-dev-shm-usage --disable-edgeupdater --disable-extensions --disable-features=AvoidUnnecessaryBeforeUnloadCheckSync,DestroyProfileOnBrowserClose,DialMediaRouteProvider,GlobalMediaControls,HttpsUpgrades,LensOverlay,MediaRouter,PaintHolding,ThirdPartyStoragePartitioning,BlockOriginHeaderModificationOnRedirect,Translate,AutoDeElevate,OptimizationHints,msForceBrowserSignIn,msEdgeUpdateLaunchServicesPreferredVersion --enable-features=CDPScreenshotNewSurface --allow-pre-commit-input --disable-hang-monitor --disable-ipc-flooding-protection --disable-popup-blocking --disable-prompt-on-repost --disable-renderer-backgrounding --disable-updater-scheduler --force-color-profile=srgb --metrics-recording-only --no-first-run --password-store=basic --use-mock-keychain --no-service-autorun --export-tagged-pdf --disable-search-engine-choice-screen --unsafely-disable-devtools-self-xss-warnings --edge-skip-compat-layer-relaunch --disable-infobars --disable-search-engine-choice-screen --disable-sync --enable-unsafe-swiftshader --headless --hide-scrollbars --mute-audio --blink-settings=primaryHoverType=2,availableHoverTypes=2,primaryPointerType=4,availablePointerTypes=4 --no-sandbox --user-data-dir=/tmp/shot128-owned-rlrOtH/full-persistent/profile --remote-debugging-pipe about:blank
2026-10-05T14:22:22.349Z pw:browser <launched> pid=3085
2026-10-05T14:22:22.350Z pw:browser [pid=2967] finished temporary directories cleanup
2026-10-05T14:22:22.412Z pw:browser [pid=3085][err] [3085:3099:1005/142222.411816:ERROR:dbus/bus.cc:405] Failed to connect to the bus: Could not parse server address: Unknown address type (examples of valid types are "tcp" and on UNIX "unix")
2026-10-05T14:22:22.412Z pw:browser [pid=3085][err] [3085:3099:1005/142222.412542:ERROR:dbus/bus.cc:405] Failed to connect to the bus: Could not parse server address: Unknown address type (examples of valid types are "tcp" and on UNIX "unix")
2026-10-05T14:22:22.450Z pw:browser [pid=3085][err] [3085:3099:1005/142222.449832:ERROR:dbus/bus.cc:405] Failed to connect to the bus: Could not parse server address: Unknown address type (examples of valid types are "tcp" and on UNIX "unix")
2026-10-05T14:22:22.533Z pw:browser [pid=3085][err] [3085:3085:1005/142222.533366:ERROR:dbus/object_proxy.cc:572] Failed to call method: org.freedesktop.DBus.NameHasOwner: object_path= /org/freedesktop/DBus: unknown error type: 
2026-10-05T14:22:22.533Z pw:browser [pid=3085][err] [3085:3099:1005/142222.533891:ERROR:dbus/bus.cc:405] Failed to connect to the bus: Could not parse server address: Unknown address type (examples of valid types are "tcp" and on UNIX "unix")
2026-10-05T14:22:22.534Z pw:browser [pid=3085][err] [3085:3085:1005/142222.534012:ERROR:dbus/object_proxy.cc:572] Failed to call method: org.freedesktop.DBus.NameHasOwner: object_path= /org/freedesktop/DBus: unknown error type: 
2026-10-05T14:22:22.534Z pw:browser [pid=3085][err] [3085:3099:1005/142222.534126:ERROR:dbus/bus.cc:405] Failed to connect to the bus: Could not parse server address: Unknown address type (examples of valid types are "tcp" and on UNIX "unix")
2026-10-05T14:22:22.542Z pw:browser [pid=3085][err] [3085:3085:1005/142222.540031:ERROR:dbus/object_proxy.cc:572] Failed to call method: org.freedesktop.DBus.NameHasOwner: object_path= /org/freedesktop/DBus: unknown error type: 
2026-10-05T14:22:22.542Z pw:browser [pid=3085][err] [3085:3099:1005/142222.542360:ERROR:dbus/bus.cc:405] Failed to connect to the bus: Could not parse server address: Unknown address type (examples of valid types are "tcp" and on UNIX "unix")
2026-10-05T14:22:22.560Z pw:browser [pid=3085][err] [3085:3085:1005/142222.560274:ERROR:dbus/object_proxy.cc:572] Failed to call method: org.freedesktop.DBus.NameHasOwner: object_path= /org/freedesktop/DBus: unknown error type: 
2026-10-05T14:22:22.560Z pw:browser [pid=3085][err] [3085:3085:1005/142222.560302:ERROR:dbus/object_proxy.cc:572] Failed to call method: org.freedesktop.DBus.NameHasOwner: object_path= /org/freedesktop/DBus: unknown error type: 
2026-10-05T14:22:22.561Z pw:browser [pid=3085][err] [3085:3099:1005/142222.560939:ERROR:dbus/bus.cc:405] Failed to connect to the bus: Could not parse server address: Unknown address type (examples of valid types are "tcp" and on UNIX "unix")
2026-10-05T14:22:22.562Z pw:browser [pid=3085][err] [3085:3085:1005/142222.562001:ERROR:dbus/object_proxy.cc:572] Failed to call method: org.freedesktop.DBus.NameHasOwner: object_path= /org/freedesktop/DBus: unknown error type: 
2026-10-05T14:22:22.571Z pw:browser [pid=3085][err] [3085:3085:1005/142222.571406:ERROR:dbus/object_proxy.cc:572] Failed to call method: org.freedesktop.DBus.NameHasOwner: object_path= /org/freedesktop/DBus: unknown error type: 
2026-10-05T14:22:22.571Z pw:browser [pid=3085][err] [3085:3085:1005/142222.571444:ERROR:dbus/object_proxy.cc:572] Failed to call method: org.freedesktop.DBus.Properties.GetAll: object_path= /org/freedesktop/UPower/devices/DisplayDevice: org.freedesktop.DBus.Error.ServiceUnknown: The name org.freedesktop.UPower was not provided by any .service files
2026-10-05T14:22:22.571Z pw:browser [pid=3085][err] [3085:3099:1005/142222.571458:ERROR:dbus/bus.cc:405] Failed to connect to the bus: Could not parse server address: Unknown address type (examples of valid types are "tcp" and on UNIX "unix")
2026-10-05T14:22:22.583Z pw:browser [pid=3085][err] [3085:3085:1005/142222.583762:ERROR:dbus/object_proxy.cc:572] Failed to call method: org.freedesktop.DBus.NameHasOwner: object_path= /org/freedesktop/DBus: unknown error type: 
2026-10-05T14:22:22.584Z pw:browser [pid=3085][err] [3085:3099:1005/142222.583988:ERROR:dbus/bus.cc:405] Failed to connect to the bus: Could not parse server address: Unknown address type (examples of valid types are "tcp" and on UNIX "unix")
2026-10-05T14:22:22.604Z pw:browser [pid=3085][err] [3085:3085:1005/142222.604027:ERROR:dbus/object_proxy.cc:572] Failed to call method: org.freedesktop.DBus.NameHasOwner: object_path= /org/freedesktop/DBus: unknown error type: 
2026-10-05T14:22:24.626Z pw:browser [pid=3085] <gracefully close start>
2026-10-05T14:22:24.691Z pw:browser [pid=3085] <process did exit: exitCode=0, signal=null>
2026-10-05T14:22:24.691Z pw:browser [pid=3085] starting temporary directories cleanup
2026-10-05T14:22:24.691Z pw:browser [pid=3085] finished temporary directories cleanup
2026-10-05T14:22:24.691Z pw:browser [pid=3085] <gracefully close end>
2026-10-05T14:22:24.696Z pw:browser <launching> /home/runner/.cache/ms-playwright/chromium-1243/chrome-linux64/chrome --disable-field-trial-config --disable-background-networking --disable-background-timer-throttling --disable-backgrounding-occluded-windows --disable-back-forward-cache --disable-breakpad --disable-client-side-phishing-detection --disable-component-extensions-with-background-pages --disable-component-update --no-default-browser-check --disable-default-apps --disable-dev-shm-usage --disable-edgeupdater --disable-extensions --disable-features=AvoidUnnecessaryBeforeUnloadCheckSync,DestroyProfileOnBrowserClose,DialMediaRouteProvider,GlobalMediaControls,HttpsUpgrades,LensOverlay,MediaRouter,PaintHolding,ThirdPartyStoragePartitioning,BlockOriginHeaderModificationOnRedirect,Translate,AutoDeElevate,OptimizationHints,msForceBrowserSignIn,msEdgeUpdateLaunchServicesPreferredVersion --enable-features=CDPScreenshotNewSurface --allow-pre-commit-input --disable-hang-monitor --disable-ipc-flooding-protection --disable-popup-blocking --disable-prompt-on-repost --disable-renderer-backgrounding --disable-updater-scheduler --force-color-profile=srgb --metrics-recording-only --no-first-run --password-store=basic --use-mock-keychain --no-service-autorun --export-tagged-pdf --disable-search-engine-choice-screen --unsafely-disable-devtools-self-xss-warnings --edge-skip-compat-layer-relaunch --disable-infobars --disable-search-engine-choice-screen --disable-sync --enable-unsafe-swiftshader --headless --hide-scrollbars --mute-audio --blink-settings=primaryHoverType=2,availableHoverTypes=2,primaryPointerType=4,availablePointerTypes=4 --no-sandbox --user-data-dir=/tmp/shot128-owned-rlrOtH/full-persistent/profile --remote-debugging-pipe about:blank
2026-10-05T14:22:24.699Z pw:browser <launched> pid=3203
2026-10-05T14:22:24.754Z pw:browser [pid=3203][err] [3203:3217:1005/142224.754467:ERROR:dbus/bus.cc:405] Failed to connect to the bus: Could not parse server address: Unknown address type (examples of valid types are "tcp" and on UNIX "unix")
2026-10-05T14:22:24.755Z pw:browser [pid=3203][err] [3203:3217:1005/142224.754797:ERROR:dbus/bus.cc:405] Failed to connect to the bus: Could not parse server address: Unknown address type (examples of valid types are "tcp" and on UNIX "unix")
2026-10-05T14:22:24.783Z pw:browser [pid=3203][err] [3203:3217:1005/142224.783640:ERROR:dbus/bus.cc:405] Failed to connect to the bus: Could not parse server address: Unknown address type (examples of valid types are "tcp" and on UNIX "unix")
2026-10-05T14:22:24.855Z pw:browser [pid=3203][err] [3203:3203:1005/142224.854296:ERROR:dbus/object_proxy.cc:572] Failed to call method: org.freedesktop.DBus.NameHasOwner: object_path= /org/freedesktop/DBus: unknown error type: 
2026-10-05T14:22:24.856Z pw:browser [pid=3203][err] [3203:3217:1005/142224.855804:ERROR:dbus/bus.cc:405] Failed to connect to the bus: Could not parse server address: Unknown address type (examples of valid types are "tcp" and on UNIX "unix")
2026-10-05T14:22:24.856Z pw:browser [pid=3203][err] [3203:3203:1005/142224.855843:ERROR:dbus/object_proxy.cc:572] Failed to call method: org.freedesktop.DBus.NameHasOwner: object_path= /org/freedesktop/DBus: unknown error type: 
2026-10-05T14:22:24.856Z pw:browser [pid=3203][err] [3203:3217:1005/142224.855873:ERROR:dbus/bus.cc:405] Failed to connect to the bus: Could not parse server address: Unknown address type (examples of valid types are "tcp" and on UNIX "unix")
2026-10-05T14:22:24.862Z pw:browser [pid=3203][err] [3203:3203:1005/142224.862550:ERROR:dbus/object_proxy.cc:572] Failed to call method: org.freedesktop.DBus.NameHasOwner: object_path= /org/freedesktop/DBus: unknown error type: 
2026-10-05T14:22:24.863Z pw:browser [pid=3203][err] [3203:3217:1005/142224.863073:ERROR:dbus/bus.cc:405] Failed to connect to the bus: Could not parse server address: Unknown address type (examples of valid types are "tcp" and on UNIX "unix")
2026-10-05T14:22:24.874Z pw:browser [pid=3203][err] [3203:3203:1005/142224.874103:ERROR:dbus/object_proxy.cc:572] Failed to call method: org.freedesktop.DBus.NameHasOwner: object_path= /org/freedesktop/DBus: unknown error type: 
2026-10-05T14:22:24.874Z pw:browser [pid=3203][err] [3203:3203:1005/142224.874258:ERROR:dbus/object_proxy.cc:572] Failed to call method: org.freedesktop.DBus.NameHasOwner: object_path= /org/freedesktop/DBus: unknown error type: 
2026-10-05T14:22:24.874Z pw:browser [pid=3203][err] [3203:3217:1005/142224.874549:ERROR:dbus/bus.cc:405] Failed to connect to the bus: Could not parse server address: Unknown address type (examples of valid types are "tcp" and on UNIX "unix")
2026-10-05T14:22:24.875Z pw:browser [pid=3203][err] [3203:3203:1005/142224.875342:ERROR:dbus/object_proxy.cc:572] Failed to call method: org.freedesktop.DBus.NameHasOwner: object_path= /org/freedesktop/DBus: unknown error type: 
2026-10-05T14:22:24.883Z pw:browser [pid=3203][err] [3203:3203:1005/142224.882922:ERROR:dbus/object_proxy.cc:572] Failed to call method: org.freedesktop.DBus.NameHasOwner: object_path= /org/freedesktop/DBus: unknown error type: 
2026-10-05T14:22:24.884Z pw:browser [pid=3203][err] [3203:3203:1005/142224.882972:ERROR:dbus/object_proxy.cc:572] Failed to call method: org.freedesktop.DBus.Properties.GetAll: object_path= /org/freedesktop/UPower/devices/DisplayDevice: org.freedesktop.DBus.Error.ServiceUnknown: The name org.freedesktop.UPower was not provided by any .service files
2026-10-05T14:22:24.884Z pw:browser [pid=3203][err] [3203:3217:1005/142224.883232:ERROR:dbus/bus.cc:405] Failed to connect to the bus: Could not parse server address: Unknown address type (examples of valid types are "tcp" and on UNIX "unix")
2026-10-05T14:22:24.892Z pw:browser [pid=3203][err] [3203:3203:1005/142224.892292:ERROR:dbus/object_proxy.cc:572] Failed to call method: org.freedesktop.DBus.NameHasOwner: object_path= /org/freedesktop/DBus: unknown error type: 
2026-10-05T14:22:24.892Z pw:browser [pid=3203][err] [3203:3217:1005/142224.892512:ERROR:dbus/bus.cc:405] Failed to connect to the bus: Could not parse server address: Unknown address type (examples of valid types are "tcp" and on UNIX "unix")
2026-10-05T14:22:24.908Z pw:browser [pid=3203][err] [3203:3203:1005/142224.908339:ERROR:dbus/object_proxy.cc:572] Failed to call method: org.freedesktop.DBus.NameHasOwner: object_path= /org/freedesktop/DBus: unknown error type: 
2026-10-05T14:22:25.154Z pw:browser [pid=3203][err] Received signal 11 SEGV_MAPERR 000000000001
2026-10-05T14:22:25.154Z pw:browser [pid=3203][err] #0 0x55f84f5febc3 (/home/runner/.cache/ms-playwright/chromium-1243/chrome-linux64/chrome+0x6a9abc2)
2026-10-05T14:22:25.154Z pw:browser [pid=3203][err] #1 0x55f8542c4494 (/home/runner/.cache/ms-playwright/chromium-1243/chrome-linux64/chrome+0xb760493)
2026-10-05T14:22:25.154Z pw:browser [pid=3203][err] #2 0x7fe10ba45330 (/usr/lib/x86_64-linux-gnu/libc.so.6+0x4532f)
2026-10-05T14:22:25.154Z pw:browser [pid=3203][err] #3 0x55f8537cd3d3 (/home/runner/.cache/ms-playwright/chromium-1243/chrome-linux64/chrome+0xac693d2)
2026-10-05T14:22:25.154Z pw:browser [pid=3203][err] #4 0x55f8537cdb02 (/home/runner/.cache/ms-playwright/chromium-1243/chrome-linux64/chrome+0xac69b01)
2026-10-05T14:22:25.154Z pw:browser [pid=3203][err] #5 0x55f8537cc8c5 (/home/runner/.cache/ms-playwright/chromium-1243/chrome-linux64/chrome+0xac688c4)
2026-10-05T14:22:25.154Z pw:browser [pid=3203][err] #6 0x55f8537cd30a (/home/runner/.cache/ms-playwright/chromium-1243/chrome-linux64/chrome+0xac69309)
2026-10-05T14:22:25.154Z pw:browser [pid=3203][err] #7 0x55f8537ce963 (/home/runner/.cache/ms-playwright/chromium-1243/chrome-linux64/chrome+0xac6a962)
2026-10-05T14:22:25.154Z pw:browser [pid=3203][err] #8 0x55f84cfcd070 (/home/runner/.cache/ms-playwright/chromium-1243/chrome-linux64/chrome+0x446906f)
2026-10-05T14:22:25.154Z pw:browser [pid=3203][err] #9 0x55f84e7cbf14 (/home/runner/.cache/ms-playwright/chromium-1243/chrome-linux64/chrome+0x5c67f13)
2026-10-05T14:22:25.154Z pw:browser [pid=3203][err] #10 0x55f84e91ed96 (/home/runner/.cache/ms-playwright/chromium-1243/chrome-linux64/chrome+0x5dbad95)
2026-10-05T14:22:25.154Z pw:browser [pid=3203][err] #11 0x55f84e91a052 (/home/runner/.cache/ms-playwright/chromium-1243/chrome-linux64/chrome+0x5db6051)
2026-10-05T14:22:25.154Z pw:browser [pid=3203][err] #12 0x55f84f6092ca (/home/runner/.cache/ms-playwright/chromium-1243/chrome-linux64/chrome+0x6aa52c9)
2026-10-05T14:22:25.154Z pw:browser [pid=3203][err] #13 0x55f84c0f516a (/home/runner/.cache/ms-playwright/chromium-1243/chrome-linux64/chrome+0x3591169)
2026-10-05T14:22:25.154Z pw:browser [pid=3203][err] #14 0x55f84c8dfee1 (/home/runner/.cache/ms-playwright/chromium-1243/chrome-linux64/chrome+0x3d7bee0)
2026-10-05T14:22:25.154Z pw:browser [pid=3203][err] #15 0x7fe10c977635 (/usr/lib/x86_64-linux-gnu/libglib-2.0.so.0.8000.0+0x5d634)
2026-10-05T14:22:25.154Z pw:browser [pid=3203][err] #16 0x7fe10c9d6bf7 (/usr/lib/x86_64-linux-gnu/libglib-2.0.so.0.8000.0+0xbcbf6)
2026-10-05T14:22:25.154Z pw:browser [pid=3203][err] #17 0x7fe10c976ad3 (/usr/lib/x86_64-linux-gnu/libglib-2.0.so.0.8000.0+0x5cad2)
2026-10-05T14:22:25.154Z pw:browser [pid=3203][err] #18 0x55f84c0fa27a (/home/runner/.cache/ms-playwright/chromium-1243/chrome-linux64/chrome+0x3596279)
2026-10-05T14:22:25.154Z pw:browser [pid=3203][err] #19 0x55f84c91a24d (/home/runner/.cache/ms-playwright/chromium-1243/chrome-linux64/chrome+0x3db624c)
2026-10-05T14:22:25.154Z pw:browser [pid=3203][err] #20 0x55f84c919936 (/home/runner/.cache/ms-playwright/chromium-1243/chrome-linux64/chrome+0x3db5935)
2026-10-05T14:22:25.154Z pw:browser [pid=3203][err] #21 0x55f84ee5cd22 (/home/runner/.cache/ms-playwright/chromium-1243/chrome-linux64/chrome+0x62f8d21)
2026-10-05T14:22:25.154Z pw:browser [pid=3203][err] #22 0x55f84ee5d0c3 (/home/runner/.cache/ms-playwright/chromium-1243/chrome-linux64/chrome+0x62f90c2)
2026-10-05T14:22:25.154Z pw:browser [pid=3203][err] #23 0x55f84eb32e20 (/home/runner/.cache/ms-playwright/chromium-1243/chrome-linux64/chrome+0x5fcee1f)
2026-10-05T14:22:25.154Z pw:browser [pid=3203][err] #24 0x55f84d977bf4 (/home/runner/.cache/ms-playwright/chromium-1243/chrome-linux64/chrome+0x4e13bf3)
2026-10-05T14:22:25.154Z pw:browser [pid=3203][err] #25 0x55f84eb33106 (/home/runner/.cache/ms-playwright/chromium-1243/chrome-linux64/chrome+0x5fcf105)
2026-10-05T14:22:25.154Z pw:browser [pid=3203][err] #26 0x55f84eb327a9 (/home/runner/.cache/ms-playwright/chromium-1243/chrome-linux64/chrome+0x5fce7a8)
2026-10-05T14:22:25.154Z pw:browser [pid=3203][err] #27 0x55f84eb31b00 (/home/runner/.cache/ms-playwright/chromium-1243/chrome-linux64/chrome+0x5fcdaff)
2026-10-05T14:22:25.154Z pw:browser [pid=3203][err] #28 0x7fe10ba2a1ca (/usr/lib/x86_64-linux-gnu/libc.so.6+0x2a1c9)
2026-10-05T14:22:25.154Z pw:browser [pid=3203][err] #29 0x7fe10ba2a28b (/usr/lib/x86_64-linux-gnu/libc.so.6+0x2a28a)
2026-10-05T14:22:25.154Z pw:browser [pid=3203][err] #30 0x55f84f8c135a (/home/runner/.cache/ms-playwright/chromium-1243/chrome-linux64/chrome+0x6d5d359)
2026-10-05T14:22:25.154Z pw:browser [pid=3203][err]   r8: 0000000000000000  r9: 000055f8537cd360 r10: 0000000000000080 r11: 0000000000000000
2026-10-05T14:22:25.154Z pw:browser [pid=3203][err]  r12: 00007fffbdf93960 r13: 00007fffbdf93820 r14: 00007fffbdf938f0 r15: 0000099401460500
2026-10-05T14:22:25.154Z pw:browser [pid=3203][err]   di: 0000099401460848  si: 00007fffbdf93850  bp: 00007fffbdf93810  bx: 0000099401460848
2026-10-05T14:22:25.154Z pw:browser [pid=3203][err]   dx: 0000000000000011  ax: 0000000000000001  cx: 0000000000000010  sp: 00007fffbdf937d0
2026-10-05T14:22:25.154Z pw:browser [pid=3203][err]   ip: 000055f84cfd186b efl: 0000000000010202 cgf: 002b000000000033 erf: 0000000000000004
2026-10-05T14:22:25.154Z pw:browser [pid=3203][err]  trp: 000000000000000e msk: 0000000000000000 cr2: 0000000000000001
2026-10-05T14:22:25.154Z pw:browser [pid=3203][err] [end of stack trace]
2026-10-05T14:22:26.185Z pw:browser <launching> /home/runner/.cache/ms-playwright/chromium_headless_shell-1243/chrome-headless-shell-linux64/chrome-headless-shell --disable-field-trial-config --disable-background-networking --disable-background-timer-throttling --disable-backgrounding-occluded-windows --disable-back-forward-cache --disable-breakpad --disable-client-side-phishing-detection --disable-component-extensions-with-background-pages --disable-component-update --no-default-browser-check --disable-default-apps --disable-dev-shm-usage --disable-edgeupdater --disable-extensions --disable-features=AvoidUnnecessaryBeforeUnloadCheckSync,DestroyProfileOnBrowserClose,DialMediaRouteProvider,GlobalMediaControls,HttpsUpgrades,LensOverlay,MediaRouter,PaintHolding,ThirdPartyStoragePartitioning,BlockOriginHeaderModificationOnRedirect,Translate,AutoDeElevate,OptimizationHints,msForceBrowserSignIn,msEdgeUpdateLaunchServicesPreferredVersion --enable-features=CDPScreenshotNewSurface --allow-pre-commit-input --disable-hang-monitor --disable-ipc-flooding-protection --disable-popup-blocking --disable-prompt-on-repost --disable-renderer-backgrounding --disable-updater-scheduler --force-color-profile=srgb --metrics-recording-only --no-first-run --password-store=basic --use-mock-keychain --no-service-autorun --export-tagged-pdf --disable-search-engine-choice-screen --unsafely-disable-devtools-self-xss-warnings --edge-skip-compat-layer-relaunch --disable-infobars --disable-search-engine-choice-screen --disable-sync --enable-unsafe-swiftshader --headless --hide-scrollbars --mute-audio --blink-settings=primaryHoverType=2,availableHoverTypes=2,primaryPointerType=4,availablePointerTypes=4 --no-sandbox --user-data-dir=/tmp/shot128-owned-rlrOtH/headless-temporary/profile --remote-debugging-pipe about:blank
2026-10-05T14:22:26.187Z pw:browser <launched> pid=3326
2026-10-05T14:22:26.190Z pw:browser [pid=3203] <process did exit: exitCode=null, signal=SIGSEGV>
2026-10-05T14:22:26.191Z pw:browser [pid=3203] starting temporary directories cleanup
2026-10-05T14:22:26.191Z pw:browser [pid=3203] finished temporary directories cleanup
2026-10-05T14:22:26.217Z pw:browser [pid=3326][err] [1005/142226.217611:ERROR:dbus/bus.cc:405] Failed to connect to the bus: Could not parse server address: Unknown address type (examples of valid types are "tcp" and on UNIX "unix")
2026-10-05T14:22:26.232Z pw:browser [pid=3326][err] [1005/142226.229730:WARNING:media/gpu/vaapi/vaapi_wrapper.cc:1660] drmGetDevices2() has not found any devices
2026-10-05T14:22:26.234Z pw:browser [pid=3326][err] [1005/142226.234425:ERROR:dbus/object_proxy.cc:572] Failed to call method: org.freedesktop.DBus.NameHasOwner: object_path= /org/freedesktop/DBus: unknown error type: 
2026-10-05T14:22:26.234Z pw:browser [pid=3326][err] [1005/142226.234499:ERROR:dbus/bus.cc:405] Failed to connect to the bus: Could not parse server address: Unknown address type (examples of valid types are "tcp" and on UNIX "unix")
2026-10-05T14:22:26.236Z pw:browser [pid=3326][err] [1005/142226.235584:WARNING:sandbox/policy/linux/sandbox_linux.cc:405] InitializeSandbox() called with multiple threads in process gpu-process.
2026-10-05T14:22:26.240Z pw:browser [pid=3326][err] [1005/142226.240382:ERROR:dbus/object_proxy.cc:572] Failed to call method: org.freedesktop.DBus.NameHasOwner: object_path= /org/freedesktop/DBus: unknown error type: 
2026-10-05T14:22:26.300Z pw:browser [pid=3326][err] [1005/142226.300767:INFO:CONSOLE:3] "--playwright--set--content--add6449103ec0f3a2912c858ff36a122--", source:  (3)
2026-10-05T14:22:28.220Z pw:browser [pid=3326] <gracefully close start>
2026-10-05T14:22:28.252Z pw:browser [pid=3326] <process did exit: exitCode=0, signal=null>
2026-10-05T14:22:28.252Z pw:browser [pid=3326] starting temporary directories cleanup
2026-10-05T14:22:28.256Z pw:browser [pid=3326] finished temporary directories cleanup
2026-10-05T14:22:28.256Z pw:browser [pid=3326] <gracefully close end>
2026-10-05T14:22:28.258Z pw:browser <launching> /home/runner/.cache/ms-playwright/chromium_headless_shell-1243/chrome-headless-shell-linux64/chrome-headless-shell --disable-field-trial-config --disable-background-networking --disable-background-timer-throttling --disable-backgrounding-occluded-windows --disable-back-forward-cache --disable-breakpad --disable-client-side-phishing-detection --disable-component-extensions-with-background-pages --disable-component-update --no-default-browser-check --disable-default-apps --disable-dev-shm-usage --disable-edgeupdater --disable-extensions --disable-features=AvoidUnnecessaryBeforeUnloadCheckSync,DestroyProfileOnBrowserClose,DialMediaRouteProvider,GlobalMediaControls,HttpsUpgrades,LensOverlay,MediaRouter,PaintHolding,ThirdPartyStoragePartitioning,BlockOriginHeaderModificationOnRedirect,Translate,AutoDeElevate,OptimizationHints,msForceBrowserSignIn,msEdgeUpdateLaunchServicesPreferredVersion --enable-features=CDPScreenshotNewSurface --allow-pre-commit-input --disable-hang-monitor --disable-ipc-flooding-protection --disable-popup-blocking --disable-prompt-on-repost --disable-renderer-backgrounding --disable-updater-scheduler --force-color-profile=srgb --metrics-recording-only --no-first-run --password-store=basic --use-mock-keychain --no-service-autorun --export-tagged-pdf --disable-search-engine-choice-screen --unsafely-disable-devtools-self-xss-warnings --edge-skip-compat-layer-relaunch --disable-infobars --disable-search-engine-choice-screen --disable-sync --enable-unsafe-swiftshader --headless --hide-scrollbars --mute-audio --blink-settings=primaryHoverType=2,availableHoverTypes=2,primaryPointerType=4,availablePointerTypes=4 --no-sandbox --user-data-dir=/tmp/shot128-owned-rlrOtH/headless-temporary/profile --remote-debugging-pipe about:blank
2026-10-05T14:22:28.260Z pw:browser <launched> pid=3392
2026-10-05T14:22:28.288Z pw:browser [pid=3392][err] [1005/142228.288644:ERROR:dbus/bus.cc:405] Failed to connect to the bus: Could not parse server address: Unknown address type (examples of valid types are "tcp" and on UNIX "unix")
2026-10-05T14:22:28.302Z pw:browser [pid=3392][err] [1005/142228.300108:WARNING:media/gpu/vaapi/vaapi_wrapper.cc:1660] drmGetDevices2() has not found any devices
2026-10-05T14:22:28.302Z pw:browser [pid=3392][err] [1005/142228.301303:ERROR:dbus/object_proxy.cc:572] Failed to call method: org.freedesktop.DBus.NameHasOwner: object_path= /org/freedesktop/DBus: unknown error type: 
2026-10-05T14:22:28.302Z pw:browser [pid=3392][err] [1005/142228.301344:ERROR:dbus/bus.cc:405] Failed to connect to the bus: Could not parse server address: Unknown address type (examples of valid types are "tcp" and on UNIX "unix")
2026-10-05T14:22:28.302Z pw:browser [pid=3392][err] [1005/142228.302268:WARNING:sandbox/policy/linux/sandbox_linux.cc:405] InitializeSandbox() called with multiple threads in process gpu-process.
2026-10-05T14:22:28.304Z pw:browser [pid=3392][err] [1005/142228.304408:ERROR:dbus/object_proxy.cc:572] Failed to call method: org.freedesktop.DBus.NameHasOwner: object_path= /org/freedesktop/DBus: unknown error type: 
2026-10-05T14:22:28.364Z pw:browser [pid=3392][err] [1005/142228.364533:INFO:CONSOLE:3] "--playwright--set--content--c41dbb6da05d9f74ff50df1d94a0d429--", source:  (3)
2026-10-05T14:22:28.538Z pw:browser [pid=3392] <gracefully close start>
2026-10-05T14:22:28.561Z pw:browser [pid=3392] <process did exit: exitCode=0, signal=null>
2026-10-05T14:22:28.561Z pw:browser [pid=3392] starting temporary directories cleanup
2026-10-05T14:22:28.562Z pw:browser [pid=3392] finished temporary directories cleanup
2026-10-05T14:22:28.562Z pw:browser [pid=3392] <gracefully close end>
