2026-10-08T02:28:52.504Z pw:browser <launching> /home/runner/.cache/ms-playwright/chromium-1247/chrome-linux64/chrome --disable-field-trial-config --disable-background-networking --disable-background-timer-throttling --disable-backgrounding-occluded-windows --disable-back-forward-cache --disable-breakpad --disable-client-side-phishing-detection --disable-component-extensions-with-background-pages --disable-component-update --no-default-browser-check --disable-default-apps --disable-dev-shm-usage --disable-edgeupdater --disable-extensions --disable-features=AvoidUnnecessaryBeforeUnloadCheckSync,DestroyProfileOnBrowserClose,DialMediaRouteProvider,GlobalMediaControls,HttpsUpgrades,LensOverlay,MediaRouter,PaintHolding,ThirdPartyStoragePartitioning,BlockOriginHeaderModificationOnRedirect,Translate,AutoDeElevate,OptimizationHints,msForceBrowserSignIn,msEdgeUpdateLaunchServicesPreferredVersion --enable-features=CDPScreenshotNewSurface --allow-pre-commit-input --disable-hang-monitor --disable-ipc-flooding-protection --disable-popup-blocking --disable-prompt-on-repost --disable-renderer-backgrounding --disable-updater-scheduler --force-color-profile=srgb --metrics-recording-only --no-first-run --password-store=basic --use-mock-keychain --no-service-autorun --export-tagged-pdf --disable-search-engine-choice-screen --unsafely-disable-devtools-self-xss-warnings --edge-skip-compat-layer-relaunch --disable-infobars --disable-search-engine-choice-screen --disable-sync --enable-unsafe-swiftshader --headless --hide-scrollbars --mute-audio --blink-settings=primaryHoverType=2,availableHoverTypes=2,primaryPointerType=4,availablePointerTypes=4 --no-sandbox --use-gl=angle --use-angle=swiftshader --enable-unsafe-swiftshader --user-data-dir=/home/runner/work/projects-monorepo/projects-monorepo/apps/shot-studio/test-results/media-trace-155/profile --remote-debugging-pipe about:blank
2026-10-08T02:28:52.508Z pw:browser <launched> pid=4860
2026-10-08T02:28:52.547Z pw:browser [pid=4860][err] [4860:4874:1008/022852.545156:ERROR:dbus/bus.cc:405] Failed to connect to the bus: Could not parse server address: Unknown address type (examples of valid types are "tcp" and on UNIX "unix")
2026-10-08T02:28:52.548Z pw:browser [pid=4860][err] [4860:4874:1008/022852.545692:ERROR:dbus/bus.cc:405] Failed to connect to the bus: Could not parse server address: Unknown address type (examples of valid types are "tcp" and on UNIX "unix")
2026-10-08T02:28:52.548Z pw:browser [pid=4860][err] [4860:4874:1008/022852.545705:ERROR:dbus/bus.cc:405] Failed to connect to the bus: Could not parse server address: Unknown address type (examples of valid types are "tcp" and on UNIX "unix")
2026-10-08T02:28:52.576Z pw:browser [pid=4860][err] [4860:4874:1008/022852.576446:ERROR:dbus/bus.cc:405] Failed to connect to the bus: Could not parse server address: Unknown address type (examples of valid types are "tcp" and on UNIX "unix")
2026-10-08T02:28:52.636Z pw:browser [pid=4860][err] [4860:4860:1008/022852.636618:ERROR:dbus/object_proxy.cc:572] Failed to call method: org.freedesktop.DBus.NameHasOwner: object_path= /org/freedesktop/DBus: unknown error type: 
2026-10-08T02:28:52.638Z pw:browser [pid=4860][err] [4860:4860:1008/022852.637461:ERROR:dbus/object_proxy.cc:572] Failed to call method: org.freedesktop.DBus.NameHasOwner: object_path= /org/freedesktop/DBus: unknown error type: 
2026-10-08T02:28:52.638Z pw:browser [pid=4860][err] [4860:4874:1008/022852.638293:ERROR:dbus/bus.cc:405] Failed to connect to the bus: Could not parse server address: Unknown address type (examples of valid types are "tcp" and on UNIX "unix")
2026-10-08T02:28:52.638Z pw:browser [pid=4860][err] [4860:4874:1008/022852.638472:ERROR:dbus/bus.cc:405] Failed to connect to the bus: Could not parse server address: Unknown address type (examples of valid types are "tcp" and on UNIX "unix")
2026-10-08T02:28:52.643Z pw:browser [pid=4860][err] [4860:4860:1008/022852.641607:ERROR:dbus/object_proxy.cc:572] Failed to call method: org.freedesktop.DBus.NameHasOwner: object_path= /org/freedesktop/DBus: unknown error type: 
2026-10-08T02:28:52.643Z pw:browser [pid=4860][err] [4860:4874:1008/022852.642222:ERROR:dbus/bus.cc:405] Failed to connect to the bus: Could not parse server address: Unknown address type (examples of valid types are "tcp" and on UNIX "unix")
2026-10-08T02:28:52.660Z pw:browser [pid=4860][err] [4860:4860:1008/022852.660317:ERROR:dbus/object_proxy.cc:572] Failed to call method: org.freedesktop.DBus.NameHasOwner: object_path= /org/freedesktop/DBus: unknown error type: 
2026-10-08T02:28:52.662Z pw:browser [pid=4860][err] [4860:4860:1008/022852.661394:ERROR:dbus/object_proxy.cc:572] Failed to call method: org.freedesktop.DBus.NameHasOwner: object_path= /org/freedesktop/DBus: unknown error type: 
2026-10-08T02:28:52.662Z pw:browser [pid=4860][err] [4860:4860:1008/022852.661891:ERROR:dbus/object_proxy.cc:572] Failed to call method: org.freedesktop.DBus.NameHasOwner: object_path= /org/freedesktop/DBus: unknown error type: 
2026-10-08T02:28:52.662Z pw:browser [pid=4860][err] [4860:4874:1008/022852.661908:ERROR:dbus/bus.cc:405] Failed to connect to the bus: Could not parse server address: Unknown address type (examples of valid types are "tcp" and on UNIX "unix")
2026-10-08T02:28:52.674Z pw:browser [pid=4860][err] [4860:4860:1008/022852.673581:ERROR:dbus/object_proxy.cc:572] Failed to call method: org.freedesktop.DBus.NameHasOwner: object_path= /org/freedesktop/DBus: unknown error type: 
2026-10-08T02:28:52.674Z pw:browser [pid=4860][err] [4860:4860:1008/022852.673665:ERROR:dbus/object_proxy.cc:572] Failed to call method: org.freedesktop.DBus.Properties.GetAll: object_path= /org/freedesktop/UPower/devices/DisplayDevice: org.freedesktop.DBus.Error.ServiceUnknown: The name org.freedesktop.UPower was not provided by any .service files
2026-10-08T02:28:52.676Z pw:browser [pid=4860][err] [4860:4874:1008/022852.674370:ERROR:dbus/bus.cc:405] Failed to connect to the bus: Could not parse server address: Unknown address type (examples of valid types are "tcp" and on UNIX "unix")
2026-10-08T02:28:52.683Z pw:browser [pid=4860][err] [4860:4860:1008/022852.682023:ERROR:dbus/object_proxy.cc:572] Failed to call method: org.freedesktop.DBus.NameHasOwner: object_path= /org/freedesktop/DBus: unknown error type: 
2026-10-08T02:28:52.683Z pw:browser [pid=4860][err] [4860:4874:1008/022852.682098:ERROR:dbus/bus.cc:405] Failed to connect to the bus: Could not parse server address: Unknown address type (examples of valid types are "tcp" and on UNIX "unix")
2026-10-08T02:28:52.697Z pw:browser [pid=4860][err] [4860:4860:1008/022852.696945:ERROR:dbus/object_proxy.cc:572] Failed to call method: org.freedesktop.DBus.NameHasOwner: object_path= /org/freedesktop/DBus: unknown error type: 
2026-10-08T02:28:55.843Z pw:browser [pid=4860][err] [4860:4875:1008/022855.842910:ERROR:google_apis/gcm/engine/registration_request.cc:291] Registration response error message: DEPRECATED_ENDPOINT
2026-10-08T02:28:55.851Z pw:browser [pid=4860][err] [4860:4875:1008/022855.851012:ERROR:google_apis/gcm/engine/registration_request.cc:291] Registration response error message: PHONE_REGISTRATION_ERROR
2026-10-08T02:28:55.853Z pw:browser [pid=4860][err] [4860:4875:1008/022855.853844:ERROR:google_apis/gcm/engine/registration_request.cc:291] Registration response error message: PHONE_REGISTRATION_ERROR
2026-10-08T02:28:55.891Z pw:browser [pid=4860][err] [4860:4875:1008/022855.891193:ERROR:google_apis/gcm/engine/mcs_client.cc:702]   Error code: 401  Error message: Authentication Failed: wrong_secret
2026-10-08T02:28:55.891Z pw:browser [pid=4860][err] [4860:4875:1008/022855.891211:ERROR:google_apis/gcm/engine/mcs_client.cc:704] Failed to log in to GCM, resetting connection.
2026-10-08T02:29:02.269Z pw:browser [pid=4860] <gracefully close start>
2026-10-08T02:29:02.352Z pw:browser [pid=4860] <process did exit: exitCode=0, signal=null>
2026-10-08T02:29:02.352Z pw:browser [pid=4860] starting temporary directories cleanup
2026-10-08T02:29:02.356Z pw:browser [pid=4860] finished temporary directories cleanup
2026-10-08T02:29:02.356Z pw:browser [pid=4860] <gracefully close end>
2026-10-08T02:29:02.358Z pw:browser <launching> /home/runner/.cache/ms-playwright/chromium-1247/chrome-linux64/chrome --disable-field-trial-config --disable-background-networking --disable-background-timer-throttling --disable-backgrounding-occluded-windows --disable-back-forward-cache --disable-breakpad --disable-client-side-phishing-detection --disable-component-extensions-with-background-pages --disable-component-update --no-default-browser-check --disable-default-apps --disable-dev-shm-usage --disable-edgeupdater --disable-extensions --disable-features=AvoidUnnecessaryBeforeUnloadCheckSync,DestroyProfileOnBrowserClose,DialMediaRouteProvider,GlobalMediaControls,HttpsUpgrades,LensOverlay,MediaRouter,PaintHolding,ThirdPartyStoragePartitioning,BlockOriginHeaderModificationOnRedirect,Translate,AutoDeElevate,OptimizationHints,msForceBrowserSignIn,msEdgeUpdateLaunchServicesPreferredVersion --enable-features=CDPScreenshotNewSurface --allow-pre-commit-input --disable-hang-monitor --disable-ipc-flooding-protection --disable-popup-blocking --disable-prompt-on-repost --disable-renderer-backgrounding --disable-updater-scheduler --force-color-profile=srgb --metrics-recording-only --no-first-run --password-store=basic --use-mock-keychain --no-service-autorun --export-tagged-pdf --disable-search-engine-choice-screen --unsafely-disable-devtools-self-xss-warnings --edge-skip-compat-layer-relaunch --disable-infobars --disable-search-engine-choice-screen --disable-sync --enable-unsafe-swiftshader --headless --hide-scrollbars --mute-audio --blink-settings=primaryHoverType=2,availableHoverTypes=2,primaryPointerType=4,availablePointerTypes=4 --no-sandbox --use-gl=angle --use-angle=swiftshader --enable-unsafe-swiftshader --user-data-dir=/home/runner/work/projects-monorepo/projects-monorepo/apps/shot-studio/test-results/media-trace-155/profile --remote-debugging-pipe about:blank
2026-10-08T02:29:02.361Z pw:browser <launched> pid=5021
2026-10-08T02:29:02.401Z pw:browser [pid=5021][err] [5021:5035:1008/022902.400148:ERROR:dbus/bus.cc:405] Failed to connect to the bus: Could not parse server address: Unknown address type (examples of valid types are "tcp" and on UNIX "unix")
2026-10-08T02:29:02.401Z pw:browser [pid=5021][err] [5021:5035:1008/022902.400777:ERROR:dbus/bus.cc:405] Failed to connect to the bus: Could not parse server address: Unknown address type (examples of valid types are "tcp" and on UNIX "unix")
2026-10-08T02:29:02.401Z pw:browser [pid=5021][err] [5021:5035:1008/022902.400788:ERROR:dbus/bus.cc:405] Failed to connect to the bus: Could not parse server address: Unknown address type (examples of valid types are "tcp" and on UNIX "unix")
2026-10-08T02:29:02.427Z pw:browser [pid=5021][err] [5021:5035:1008/022902.427170:ERROR:dbus/bus.cc:405] Failed to connect to the bus: Could not parse server address: Unknown address type (examples of valid types are "tcp" and on UNIX "unix")
2026-10-08T02:29:02.483Z pw:browser [pid=5021][err] [5021:5021:1008/022902.481819:ERROR:dbus/object_proxy.cc:572] Failed to call method: org.freedesktop.DBus.NameHasOwner: object_path= /org/freedesktop/DBus: unknown error type: 
2026-10-08T02:29:02.483Z pw:browser [pid=5021][err] [5021:5021:1008/022902.481897:ERROR:dbus/object_proxy.cc:572] Failed to call method: org.freedesktop.DBus.NameHasOwner: object_path= /org/freedesktop/DBus: unknown error type: 
2026-10-08T02:29:02.483Z pw:browser [pid=5021][err] [5021:5035:1008/022902.483902:ERROR:dbus/bus.cc:405] Failed to connect to the bus: Could not parse server address: Unknown address type (examples of valid types are "tcp" and on UNIX "unix")
2026-10-08T02:29:02.484Z pw:browser [pid=5021][err] [5021:5035:1008/022902.483952:ERROR:dbus/bus.cc:405] Failed to connect to the bus: Could not parse server address: Unknown address type (examples of valid types are "tcp" and on UNIX "unix")
2026-10-08T02:29:02.485Z pw:browser [pid=5021][err] [5021:5021:1008/022902.485301:ERROR:dbus/object_proxy.cc:572] Failed to call method: org.freedesktop.DBus.NameHasOwner: object_path= /org/freedesktop/DBus: unknown error type: 
2026-10-08T02:29:02.485Z pw:browser [pid=5021][err] [5021:5035:1008/022902.485907:ERROR:dbus/bus.cc:405] Failed to connect to the bus: Could not parse server address: Unknown address type (examples of valid types are "tcp" and on UNIX "unix")
2026-10-08T02:29:02.500Z pw:browser [pid=5021][err] [5021:5021:1008/022902.500519:ERROR:dbus/object_proxy.cc:572] Failed to call method: org.freedesktop.DBus.NameHasOwner: object_path= /org/freedesktop/DBus: unknown error type: 
2026-10-08T02:29:02.500Z pw:browser [pid=5021][err] [5021:5021:1008/022902.500545:ERROR:dbus/object_proxy.cc:572] Failed to call method: org.freedesktop.DBus.NameHasOwner: object_path= /org/freedesktop/DBus: unknown error type: 
2026-10-08T02:29:02.501Z pw:browser [pid=5021][err] [5021:5021:1008/022902.501377:ERROR:dbus/object_proxy.cc:572] Failed to call method: org.freedesktop.DBus.NameHasOwner: object_path= /org/freedesktop/DBus: unknown error type: 
2026-10-08T02:29:02.501Z pw:browser [pid=5021][err] [5021:5035:1008/022902.501647:ERROR:dbus/bus.cc:405] Failed to connect to the bus: Could not parse server address: Unknown address type (examples of valid types are "tcp" and on UNIX "unix")
2026-10-08T02:29:02.513Z pw:browser [pid=5021][err] [5021:5021:1008/022902.513571:ERROR:dbus/object_proxy.cc:572] Failed to call method: org.freedesktop.DBus.Properties.GetAll: object_path= /org/freedesktop/UPower/devices/DisplayDevice: org.freedesktop.DBus.Error.ServiceUnknown: The name org.freedesktop.UPower was not provided by any .service files
2026-10-08T02:29:02.515Z pw:browser [pid=5021][err] [5021:5021:1008/022902.515015:ERROR:dbus/object_proxy.cc:572] Failed to call method: org.freedesktop.DBus.NameHasOwner: object_path= /org/freedesktop/DBus: unknown error type: 
2026-10-08T02:29:02.515Z pw:browser [pid=5021][err] [5021:5035:1008/022902.515204:ERROR:dbus/bus.cc:405] Failed to connect to the bus: Could not parse server address: Unknown address type (examples of valid types are "tcp" and on UNIX "unix")
2026-10-08T02:29:02.524Z pw:browser [pid=5021][err] [5021:5021:1008/022902.524390:ERROR:dbus/object_proxy.cc:572] Failed to call method: org.freedesktop.DBus.NameHasOwner: object_path= /org/freedesktop/DBus: unknown error type: 
2026-10-08T02:29:02.525Z pw:browser [pid=5021][err] [5021:5035:1008/022902.524707:ERROR:dbus/bus.cc:405] Failed to connect to the bus: Could not parse server address: Unknown address type (examples of valid types are "tcp" and on UNIX "unix")
2026-10-08T02:29:02.534Z pw:browser [pid=5021][err] [5021:5021:1008/022902.533205:ERROR:dbus/object_proxy.cc:572] Failed to call method: org.freedesktop.DBus.NameHasOwner: object_path= /org/freedesktop/DBus: unknown error type: 
2026-10-08T02:29:06.576Z pw:browser [pid=5021][err] [5021:5038:1008/022906.576532:ERROR:google_apis/gcm/engine/registration_request.cc:291] Registration response error message: DEPRECATED_ENDPOINT
2026-10-08T02:29:33.881Z pw:browser [pid=5021][err] [5021:5038:1008/022933.881060:ERROR:google_apis/gcm/engine/registration_request.cc:291] Registration response error message: DEPRECATED_ENDPOINT
2026-10-08T02:29:48.770Z pw:browser [pid=5021] <gracefully close start>
2026-10-08T02:29:48.848Z pw:browser [pid=5021] <process did exit: exitCode=0, signal=null>
2026-10-08T02:29:48.849Z pw:browser [pid=5021] starting temporary directories cleanup
2026-10-08T02:29:48.851Z pw:browser [pid=5021] finished temporary directories cleanup
2026-10-08T02:29:48.851Z pw:browser [pid=5021] <gracefully close end>
