2026-10-08T02:26:11.096Z pw:browser <launching> /home/runner/.cache/ms-playwright/chromium-1247/chrome-linux64/chrome --disable-field-trial-config --disable-background-networking --disable-background-timer-throttling --disable-backgrounding-occluded-windows --disable-back-forward-cache --disable-breakpad --disable-client-side-phishing-detection --disable-component-extensions-with-background-pages --disable-component-update --no-default-browser-check --disable-default-apps --disable-dev-shm-usage --disable-edgeupdater --disable-extensions --disable-features=AvoidUnnecessaryBeforeUnloadCheckSync,DestroyProfileOnBrowserClose,DialMediaRouteProvider,GlobalMediaControls,HttpsUpgrades,LensOverlay,MediaRouter,PaintHolding,ThirdPartyStoragePartitioning,BlockOriginHeaderModificationOnRedirect,Translate,AutoDeElevate,OptimizationHints,msForceBrowserSignIn,msEdgeUpdateLaunchServicesPreferredVersion --enable-features=CDPScreenshotNewSurface --allow-pre-commit-input --disable-hang-monitor --disable-ipc-flooding-protection --disable-popup-blocking --disable-prompt-on-repost --disable-renderer-backgrounding --disable-updater-scheduler --force-color-profile=srgb --metrics-recording-only --no-first-run --password-store=basic --use-mock-keychain --no-service-autorun --export-tagged-pdf --disable-search-engine-choice-screen --unsafely-disable-devtools-self-xss-warnings --edge-skip-compat-layer-relaunch --disable-infobars --disable-search-engine-choice-screen --disable-sync --enable-unsafe-swiftshader --headless --hide-scrollbars --mute-audio --blink-settings=primaryHoverType=2,availableHoverTypes=2,primaryPointerType=4,availablePointerTypes=4 --no-sandbox --use-gl=angle --use-angle=swiftshader --enable-unsafe-swiftshader --user-data-dir=/home/runner/work/projects-monorepo/projects-monorepo/apps/shot-studio/test-results/maximum-155/profile --remote-debugging-pipe about:blank
2026-10-08T02:26:11.100Z pw:browser <launched> pid=4204
2026-10-08T02:26:11.352Z pw:browser [pid=4204][err] [4204:4218:1008/022611.351556:ERROR:dbus/bus.cc:405] Failed to connect to the bus: Could not parse server address: Unknown address type (examples of valid types are "tcp" and on UNIX "unix")
2026-10-08T02:26:11.355Z pw:browser [pid=4204][err] [4204:4218:1008/022611.353287:ERROR:dbus/bus.cc:405] Failed to connect to the bus: Could not parse server address: Unknown address type (examples of valid types are "tcp" and on UNIX "unix")
2026-10-08T02:26:11.355Z pw:browser [pid=4204][err] [4204:4218:1008/022611.353307:ERROR:dbus/bus.cc:405] Failed to connect to the bus: Could not parse server address: Unknown address type (examples of valid types are "tcp" and on UNIX "unix")
2026-10-08T02:26:11.390Z pw:browser [pid=4204][err] [4204:4218:1008/022611.390230:ERROR:dbus/bus.cc:405] Failed to connect to the bus: Could not parse server address: Unknown address type (examples of valid types are "tcp" and on UNIX "unix")
2026-10-08T02:26:11.459Z pw:browser [pid=4204][err] [4204:4204:1008/022611.459522:ERROR:dbus/object_proxy.cc:572] Failed to call method: org.freedesktop.DBus.NameHasOwner: object_path= /org/freedesktop/DBus: unknown error type: 
2026-10-08T02:26:11.461Z pw:browser [pid=4204][err] [4204:4218:1008/022611.459731:ERROR:dbus/bus.cc:405] Failed to connect to the bus: Could not parse server address: Unknown address type (examples of valid types are "tcp" and on UNIX "unix")
2026-10-08T02:26:11.461Z pw:browser [pid=4204][err] [4204:4204:1008/022611.460362:ERROR:dbus/object_proxy.cc:572] Failed to call method: org.freedesktop.DBus.NameHasOwner: object_path= /org/freedesktop/DBus: unknown error type: 
2026-10-08T02:26:11.461Z pw:browser [pid=4204][err] [4204:4218:1008/022611.460405:ERROR:dbus/bus.cc:405] Failed to connect to the bus: Could not parse server address: Unknown address type (examples of valid types are "tcp" and on UNIX "unix")
2026-10-08T02:26:11.469Z pw:browser [pid=4204][err] [4204:4204:1008/022611.468835:ERROR:dbus/object_proxy.cc:572] Failed to call method: org.freedesktop.DBus.NameHasOwner: object_path= /org/freedesktop/DBus: unknown error type: 
2026-10-08T02:26:11.471Z pw:browser [pid=4204][err] [4204:4218:1008/022611.469434:ERROR:dbus/bus.cc:405] Failed to connect to the bus: Could not parse server address: Unknown address type (examples of valid types are "tcp" and on UNIX "unix")
2026-10-08T02:26:11.490Z pw:browser [pid=4204][err] [4204:4204:1008/022611.489864:ERROR:dbus/object_proxy.cc:572] Failed to call method: org.freedesktop.DBus.NameHasOwner: object_path= /org/freedesktop/DBus: unknown error type: 
2026-10-08T02:26:11.491Z pw:browser [pid=4204][err] [4204:4204:1008/022611.490082:ERROR:dbus/object_proxy.cc:572] Failed to call method: org.freedesktop.DBus.NameHasOwner: object_path= /org/freedesktop/DBus: unknown error type: 
2026-10-08T02:26:11.491Z pw:browser [pid=4204][err] [4204:4218:1008/022611.490292:ERROR:dbus/bus.cc:405] Failed to connect to the bus: Could not parse server address: Unknown address type (examples of valid types are "tcp" and on UNIX "unix")
2026-10-08T02:26:11.492Z pw:browser [pid=4204][err] [4204:4204:1008/022611.492666:ERROR:dbus/object_proxy.cc:572] Failed to call method: org.freedesktop.DBus.NameHasOwner: object_path= /org/freedesktop/DBus: unknown error type: 
2026-10-08T02:26:11.507Z pw:browser [pid=4204][err] [4204:4204:1008/022611.505975:ERROR:dbus/object_proxy.cc:572] Failed to call method: org.freedesktop.DBus.NameHasOwner: object_path= /org/freedesktop/DBus: unknown error type: 
2026-10-08T02:26:11.507Z pw:browser [pid=4204][err] [4204:4204:1008/022611.506022:ERROR:dbus/object_proxy.cc:572] Failed to call method: org.freedesktop.DBus.Properties.GetAll: object_path= /org/freedesktop/UPower/devices/DisplayDevice: org.freedesktop.DBus.Error.ServiceUnknown: The name org.freedesktop.UPower was not provided by any .service files
2026-10-08T02:26:11.507Z pw:browser [pid=4204][err] [4204:4218:1008/022611.506024:ERROR:dbus/bus.cc:405] Failed to connect to the bus: Could not parse server address: Unknown address type (examples of valid types are "tcp" and on UNIX "unix")
2026-10-08T02:26:11.514Z pw:browser [pid=4204][err] [4204:4204:1008/022611.511596:ERROR:dbus/object_proxy.cc:572] Failed to call method: org.freedesktop.DBus.NameHasOwner: object_path= /org/freedesktop/DBus: unknown error type: 
2026-10-08T02:26:11.514Z pw:browser [pid=4204][err] [4204:4218:1008/022611.511938:ERROR:dbus/bus.cc:405] Failed to connect to the bus: Could not parse server address: Unknown address type (examples of valid types are "tcp" and on UNIX "unix")
2026-10-08T02:26:11.514Z pw:browser [pid=4204][err] [4204:4204:1008/022611.514565:ERROR:dbus/object_proxy.cc:572] Failed to call method: org.freedesktop.DBus.NameHasOwner: object_path= /org/freedesktop/DBus: unknown error type: 
2026-10-08T02:26:15.644Z pw:browser [pid=4204][err] [4204:4219:1008/022615.644452:ERROR:google_apis/gcm/engine/registration_request.cc:291] Registration response error message: PHONE_REGISTRATION_ERROR
2026-10-08T02:26:15.692Z pw:browser [pid=4204][err] [4204:4219:1008/022615.691867:ERROR:google_apis/gcm/engine/registration_request.cc:291] Registration response error message: PHONE_REGISTRATION_ERROR
2026-10-08T02:26:15.702Z pw:browser [pid=4204][err] [4204:4219:1008/022615.701856:ERROR:google_apis/gcm/engine/registration_request.cc:291] Registration response error message: PHONE_REGISTRATION_ERROR
2026-10-08T02:26:15.711Z pw:browser [pid=4204][err] [4204:4219:1008/022615.711402:ERROR:google_apis/gcm/engine/mcs_client.cc:702]   Error code: 401  Error message: Authentication Failed: wrong_secret
2026-10-08T02:26:15.711Z pw:browser [pid=4204][err] [4204:4219:1008/022615.711416:ERROR:google_apis/gcm/engine/mcs_client.cc:704] Failed to log in to GCM, resetting connection.
2026-10-08T02:26:28.083Z pw:browser [pid=4204] <gracefully close start>
2026-10-08T02:26:28.726Z pw:browser [pid=4204] <process did exit: exitCode=0, signal=null>
2026-10-08T02:26:28.727Z pw:browser [pid=4204] starting temporary directories cleanup
2026-10-08T02:26:28.731Z pw:browser [pid=4204] finished temporary directories cleanup
2026-10-08T02:26:28.731Z pw:browser [pid=4204] <gracefully close end>
2026-10-08T02:26:28.733Z pw:browser <launching> /home/runner/.cache/ms-playwright/chromium-1247/chrome-linux64/chrome --disable-field-trial-config --disable-background-networking --disable-background-timer-throttling --disable-backgrounding-occluded-windows --disable-back-forward-cache --disable-breakpad --disable-client-side-phishing-detection --disable-component-extensions-with-background-pages --disable-component-update --no-default-browser-check --disable-default-apps --disable-dev-shm-usage --disable-edgeupdater --disable-extensions --disable-features=AvoidUnnecessaryBeforeUnloadCheckSync,DestroyProfileOnBrowserClose,DialMediaRouteProvider,GlobalMediaControls,HttpsUpgrades,LensOverlay,MediaRouter,PaintHolding,ThirdPartyStoragePartitioning,BlockOriginHeaderModificationOnRedirect,Translate,AutoDeElevate,OptimizationHints,msForceBrowserSignIn,msEdgeUpdateLaunchServicesPreferredVersion --enable-features=CDPScreenshotNewSurface --allow-pre-commit-input --disable-hang-monitor --disable-ipc-flooding-protection --disable-popup-blocking --disable-prompt-on-repost --disable-renderer-backgrounding --disable-updater-scheduler --force-color-profile=srgb --metrics-recording-only --no-first-run --password-store=basic --use-mock-keychain --no-service-autorun --export-tagged-pdf --disable-search-engine-choice-screen --unsafely-disable-devtools-self-xss-warnings --edge-skip-compat-layer-relaunch --disable-infobars --disable-search-engine-choice-screen --disable-sync --enable-unsafe-swiftshader --headless --hide-scrollbars --mute-audio --blink-settings=primaryHoverType=2,availableHoverTypes=2,primaryPointerType=4,availablePointerTypes=4 --no-sandbox --use-gl=angle --use-angle=swiftshader --enable-unsafe-swiftshader --user-data-dir=/home/runner/work/projects-monorepo/projects-monorepo/apps/shot-studio/test-results/maximum-155/profile --remote-debugging-pipe about:blank
2026-10-08T02:26:28.738Z pw:browser <launched> pid=4369
2026-10-08T02:26:28.838Z pw:browser [pid=4369][err] [4369:4383:1008/022628.838560:ERROR:dbus/bus.cc:405] Failed to connect to the bus: Could not parse server address: Unknown address type (examples of valid types are "tcp" and on UNIX "unix")
2026-10-08T02:26:28.840Z pw:browser [pid=4369][err] [4369:4383:1008/022628.840084:ERROR:dbus/bus.cc:405] Failed to connect to the bus: Could not parse server address: Unknown address type (examples of valid types are "tcp" and on UNIX "unix")
2026-10-08T02:26:28.840Z pw:browser [pid=4369][err] [4369:4383:1008/022628.840104:ERROR:dbus/bus.cc:405] Failed to connect to the bus: Could not parse server address: Unknown address type (examples of valid types are "tcp" and on UNIX "unix")
2026-10-08T02:26:28.873Z pw:browser [pid=4369][err] [4369:4383:1008/022628.873070:ERROR:dbus/bus.cc:405] Failed to connect to the bus: Could not parse server address: Unknown address type (examples of valid types are "tcp" and on UNIX "unix")
2026-10-08T02:26:28.944Z pw:browser [pid=4369][err] [4369:4369:1008/022628.944187:ERROR:dbus/object_proxy.cc:572] Failed to call method: org.freedesktop.DBus.NameHasOwner: object_path= /org/freedesktop/DBus: unknown error type: 
2026-10-08T02:26:28.947Z pw:browser [pid=4369][err] [4369:4369:1008/022628.944787:ERROR:dbus/object_proxy.cc:572] Failed to call method: org.freedesktop.DBus.NameHasOwner: object_path= /org/freedesktop/DBus: unknown error type: 
2026-10-08T02:26:28.947Z pw:browser [pid=4369][err] [4369:4383:1008/022628.944960:ERROR:dbus/bus.cc:405] Failed to connect to the bus: Could not parse server address: Unknown address type (examples of valid types are "tcp" and on UNIX "unix")
2026-10-08T02:26:28.947Z pw:browser [pid=4369][err] [4369:4383:1008/022628.945002:ERROR:dbus/bus.cc:405] Failed to connect to the bus: Could not parse server address: Unknown address type (examples of valid types are "tcp" and on UNIX "unix")
2026-10-08T02:26:28.956Z pw:browser [pid=4369][err] [4369:4369:1008/022628.956256:ERROR:dbus/object_proxy.cc:572] Failed to call method: org.freedesktop.DBus.NameHasOwner: object_path= /org/freedesktop/DBus: unknown error type: 
2026-10-08T02:26:28.956Z pw:browser [pid=4369][err] [4369:4383:1008/022628.956502:ERROR:dbus/bus.cc:405] Failed to connect to the bus: Could not parse server address: Unknown address type (examples of valid types are "tcp" and on UNIX "unix")
2026-10-08T02:26:28.968Z pw:browser [pid=4369][err] [4369:4369:1008/022628.967672:ERROR:dbus/object_proxy.cc:572] Failed to call method: org.freedesktop.DBus.NameHasOwner: object_path= /org/freedesktop/DBus: unknown error type: 
2026-10-08T02:26:28.968Z pw:browser [pid=4369][err] [4369:4369:1008/022628.967696:ERROR:dbus/object_proxy.cc:572] Failed to call method: org.freedesktop.DBus.NameHasOwner: object_path= /org/freedesktop/DBus: unknown error type: 
2026-10-08T02:26:28.968Z pw:browser [pid=4369][err] [4369:4383:1008/022628.968046:ERROR:dbus/bus.cc:405] Failed to connect to the bus: Could not parse server address: Unknown address type (examples of valid types are "tcp" and on UNIX "unix")
2026-10-08T02:26:28.969Z pw:browser [pid=4369][err] [4369:4369:1008/022628.968958:ERROR:dbus/object_proxy.cc:572] Failed to call method: org.freedesktop.DBus.NameHasOwner: object_path= /org/freedesktop/DBus: unknown error type: 
2026-10-08T02:26:28.981Z pw:browser [pid=4369][err] [4369:4369:1008/022628.981579:ERROR:dbus/object_proxy.cc:572] Failed to call method: org.freedesktop.DBus.NameHasOwner: object_path= /org/freedesktop/DBus: unknown error type: 
2026-10-08T02:26:28.982Z pw:browser [pid=4369][err] [4369:4369:1008/022628.981804:ERROR:dbus/object_proxy.cc:572] Failed to call method: org.freedesktop.DBus.Properties.GetAll: object_path= /org/freedesktop/UPower/devices/DisplayDevice: org.freedesktop.DBus.Error.ServiceUnknown: The name org.freedesktop.UPower was not provided by any .service files
2026-10-08T02:26:28.982Z pw:browser [pid=4369][err] [4369:4383:1008/022628.981874:ERROR:dbus/bus.cc:405] Failed to connect to the bus: Could not parse server address: Unknown address type (examples of valid types are "tcp" and on UNIX "unix")
2026-10-08T02:26:28.990Z pw:browser [pid=4369][err] [4369:4369:1008/022628.990328:ERROR:dbus/object_proxy.cc:572] Failed to call method: org.freedesktop.DBus.NameHasOwner: object_path= /org/freedesktop/DBus: unknown error type: 
2026-10-08T02:26:28.990Z pw:browser [pid=4369][err] [4369:4383:1008/022628.990557:ERROR:dbus/bus.cc:405] Failed to connect to the bus: Could not parse server address: Unknown address type (examples of valid types are "tcp" and on UNIX "unix")
2026-10-08T02:26:29.002Z pw:browser [pid=4369][err] [4369:4369:1008/022629.001900:ERROR:dbus/object_proxy.cc:572] Failed to call method: org.freedesktop.DBus.NameHasOwner: object_path= /org/freedesktop/DBus: unknown error type: 
2026-10-08T02:26:33.058Z pw:browser [pid=4369][err] [4369:4386:1008/022633.058391:ERROR:google_apis/gcm/engine/registration_request.cc:291] Registration response error message: DEPRECATED_ENDPOINT
2026-10-08T02:26:59.523Z pw:browser [pid=4369][err] [4369:4386:1008/022659.522963:ERROR:google_apis/gcm/engine/registration_request.cc:291] Registration response error message: DEPRECATED_ENDPOINT
2026-10-08T02:27:41.216Z pw:browser [pid=4369] <gracefully close start>
2026-10-08T02:27:41.309Z pw:browser [pid=4369] <process did exit: exitCode=0, signal=null>
2026-10-08T02:27:41.310Z pw:browser [pid=4369] starting temporary directories cleanup
2026-10-08T02:27:41.312Z pw:browser [pid=4369] finished temporary directories cleanup
2026-10-08T02:27:41.312Z pw:browser [pid=4369] <gracefully close end>
