2026-10-07T09:49:31.865Z pw:browser <launching> /home/runner/.cache/ms-playwright/chromium-1247/chrome-linux64/chrome --disable-field-trial-config --disable-background-networking --disable-background-timer-throttling --disable-backgrounding-occluded-windows --disable-back-forward-cache --disable-breakpad --disable-client-side-phishing-detection --disable-component-extensions-with-background-pages --disable-component-update --no-default-browser-check --disable-default-apps --disable-dev-shm-usage --disable-edgeupdater --disable-extensions --disable-features=AvoidUnnecessaryBeforeUnloadCheckSync,DestroyProfileOnBrowserClose,DialMediaRouteProvider,GlobalMediaControls,HttpsUpgrades,LensOverlay,MediaRouter,PaintHolding,ThirdPartyStoragePartitioning,BlockOriginHeaderModificationOnRedirect,Translate,AutoDeElevate,OptimizationHints,msForceBrowserSignIn,msEdgeUpdateLaunchServicesPreferredVersion --enable-features=CDPScreenshotNewSurface --allow-pre-commit-input --disable-hang-monitor --disable-ipc-flooding-protection --disable-popup-blocking --disable-prompt-on-repost --disable-renderer-backgrounding --disable-updater-scheduler --force-color-profile=srgb --metrics-recording-only --no-first-run --password-store=basic --use-mock-keychain --no-service-autorun --export-tagged-pdf --disable-search-engine-choice-screen --unsafely-disable-devtools-self-xss-warnings --edge-skip-compat-layer-relaunch --disable-infobars --disable-search-engine-choice-screen --disable-sync --enable-unsafe-swiftshader --headless --hide-scrollbars --mute-audio --blink-settings=primaryHoverType=2,availableHoverTypes=2,primaryPointerType=4,availablePointerTypes=4 --no-sandbox --use-gl=angle --use-angle=swiftshader --enable-unsafe-swiftshader --user-data-dir=/home/runner/work/projects-monorepo/projects-monorepo/apps/shot-studio/test-results/realtime-155/profile --remote-debugging-pipe about:blank
2026-10-07T09:49:31.869Z pw:browser <launched> pid=4170
2026-10-07T09:49:32.045Z pw:browser [pid=4170][err] [4170:4184:1007/094932.044623:ERROR:dbus/bus.cc:405] Failed to connect to the bus: Could not parse server address: Unknown address type (examples of valid types are "tcp" and on UNIX "unix")
2026-10-07T09:49:32.046Z pw:browser [pid=4170][err] [4170:4184:1007/094932.045430:ERROR:dbus/bus.cc:405] Failed to connect to the bus: Could not parse server address: Unknown address type (examples of valid types are "tcp" and on UNIX "unix")
2026-10-07T09:49:32.046Z pw:browser [pid=4170][err] [4170:4184:1007/094932.045441:ERROR:dbus/bus.cc:405] Failed to connect to the bus: Could not parse server address: Unknown address type (examples of valid types are "tcp" and on UNIX "unix")
2026-10-07T09:49:32.080Z pw:browser [pid=4170][err] [4170:4184:1007/094932.078261:ERROR:dbus/bus.cc:405] Failed to connect to the bus: Could not parse server address: Unknown address type (examples of valid types are "tcp" and on UNIX "unix")
2026-10-07T09:49:32.142Z pw:browser [pid=4170][err] [4170:4170:1007/094932.141944:ERROR:dbus/object_proxy.cc:572] Failed to call method: org.freedesktop.DBus.NameHasOwner: object_path= /org/freedesktop/DBus: unknown error type: 
2026-10-07T09:49:32.142Z pw:browser [pid=4170][err] [4170:4184:1007/094932.142022:ERROR:dbus/bus.cc:405] Failed to connect to the bus: Could not parse server address: Unknown address type (examples of valid types are "tcp" and on UNIX "unix")
2026-10-07T09:49:32.143Z pw:browser [pid=4170][err] [4170:4170:1007/094932.142161:ERROR:dbus/object_proxy.cc:572] Failed to call method: org.freedesktop.DBus.NameHasOwner: object_path= /org/freedesktop/DBus: unknown error type: 
2026-10-07T09:49:32.143Z pw:browser [pid=4170][err] [4170:4184:1007/094932.142191:ERROR:dbus/bus.cc:405] Failed to connect to the bus: Could not parse server address: Unknown address type (examples of valid types are "tcp" and on UNIX "unix")
2026-10-07T09:49:32.148Z pw:browser [pid=4170][err] [4170:4170:1007/094932.148028:ERROR:dbus/object_proxy.cc:572] Failed to call method: org.freedesktop.DBus.NameHasOwner: object_path= /org/freedesktop/DBus: unknown error type: 
2026-10-07T09:49:32.148Z pw:browser [pid=4170][err] [4170:4184:1007/094932.148422:ERROR:dbus/bus.cc:405] Failed to connect to the bus: Could not parse server address: Unknown address type (examples of valid types are "tcp" and on UNIX "unix")
2026-10-07T09:49:32.172Z pw:browser [pid=4170][err] [4170:4170:1007/094932.171230:ERROR:dbus/object_proxy.cc:572] Failed to call method: org.freedesktop.DBus.NameHasOwner: object_path= /org/freedesktop/DBus: unknown error type: 
2026-10-07T09:49:32.172Z pw:browser [pid=4170][err] [4170:4170:1007/094932.171403:ERROR:dbus/object_proxy.cc:572] Failed to call method: org.freedesktop.DBus.NameHasOwner: object_path= /org/freedesktop/DBus: unknown error type: 
2026-10-07T09:49:32.172Z pw:browser [pid=4170][err] [4170:4184:1007/094932.171630:ERROR:dbus/bus.cc:405] Failed to connect to the bus: Could not parse server address: Unknown address type (examples of valid types are "tcp" and on UNIX "unix")
2026-10-07T09:49:32.173Z pw:browser [pid=4170][err] [4170:4170:1007/094932.173273:ERROR:dbus/object_proxy.cc:572] Failed to call method: org.freedesktop.DBus.NameHasOwner: object_path= /org/freedesktop/DBus: unknown error type: 
2026-10-07T09:49:32.183Z pw:browser [pid=4170][err] [4170:4170:1007/094932.182532:ERROR:dbus/object_proxy.cc:572] Failed to call method: org.freedesktop.DBus.NameHasOwner: object_path= /org/freedesktop/DBus: unknown error type: 
2026-10-07T09:49:32.183Z pw:browser [pid=4170][err] [4170:4170:1007/094932.182857:ERROR:dbus/object_proxy.cc:572] Failed to call method: org.freedesktop.DBus.Properties.GetAll: object_path= /org/freedesktop/UPower/devices/DisplayDevice: org.freedesktop.DBus.Error.ServiceUnknown: The name org.freedesktop.UPower was not provided by any .service files
2026-10-07T09:49:32.184Z pw:browser [pid=4170][err] [4170:4184:1007/094932.184069:ERROR:dbus/bus.cc:405] Failed to connect to the bus: Could not parse server address: Unknown address type (examples of valid types are "tcp" and on UNIX "unix")
2026-10-07T09:49:32.199Z pw:browser [pid=4170][err] [4170:4170:1007/094932.199094:ERROR:dbus/object_proxy.cc:572] Failed to call method: org.freedesktop.DBus.NameHasOwner: object_path= /org/freedesktop/DBus: unknown error type: 
2026-10-07T09:49:32.199Z pw:browser [pid=4170][err] [4170:4184:1007/094932.199185:ERROR:dbus/bus.cc:405] Failed to connect to the bus: Could not parse server address: Unknown address type (examples of valid types are "tcp" and on UNIX "unix")
2026-10-07T09:49:32.215Z pw:browser [pid=4170][err] [4170:4170:1007/094932.215702:ERROR:dbus/object_proxy.cc:572] Failed to call method: org.freedesktop.DBus.NameHasOwner: object_path= /org/freedesktop/DBus: unknown error type: 
2026-10-07T09:49:35.386Z pw:browser [pid=4170][err] [4170:4186:1007/094935.386344:ERROR:google_apis/gcm/engine/registration_request.cc:291] Registration response error message: PHONE_REGISTRATION_ERROR
2026-10-07T09:49:35.387Z pw:browser [pid=4170][err] [4170:4186:1007/094935.387126:ERROR:google_apis/gcm/engine/registration_request.cc:291] Registration response error message: PHONE_REGISTRATION_ERROR
2026-10-07T09:49:35.410Z pw:browser [pid=4170][err] [4170:4186:1007/094935.410486:ERROR:google_apis/gcm/engine/registration_request.cc:291] Registration response error message: PHONE_REGISTRATION_ERROR
2026-10-07T09:49:42.418Z pw:browser [pid=4170] <gracefully close start>
2026-10-07T09:49:42.509Z pw:browser [pid=4170] <process did exit: exitCode=0, signal=null>
2026-10-07T09:49:42.509Z pw:browser [pid=4170] starting temporary directories cleanup
2026-10-07T09:49:42.514Z pw:browser [pid=4170] finished temporary directories cleanup
2026-10-07T09:49:42.514Z pw:browser [pid=4170] <gracefully close end>
2026-10-07T09:49:42.516Z pw:browser <launching> /home/runner/.cache/ms-playwright/chromium-1247/chrome-linux64/chrome --disable-field-trial-config --disable-background-networking --disable-background-timer-throttling --disable-backgrounding-occluded-windows --disable-back-forward-cache --disable-breakpad --disable-client-side-phishing-detection --disable-component-extensions-with-background-pages --disable-component-update --no-default-browser-check --disable-default-apps --disable-dev-shm-usage --disable-edgeupdater --disable-extensions --disable-features=AvoidUnnecessaryBeforeUnloadCheckSync,DestroyProfileOnBrowserClose,DialMediaRouteProvider,GlobalMediaControls,HttpsUpgrades,LensOverlay,MediaRouter,PaintHolding,ThirdPartyStoragePartitioning,BlockOriginHeaderModificationOnRedirect,Translate,AutoDeElevate,OptimizationHints,msForceBrowserSignIn,msEdgeUpdateLaunchServicesPreferredVersion --enable-features=CDPScreenshotNewSurface --allow-pre-commit-input --disable-hang-monitor --disable-ipc-flooding-protection --disable-popup-blocking --disable-prompt-on-repost --disable-renderer-backgrounding --disable-updater-scheduler --force-color-profile=srgb --metrics-recording-only --no-first-run --password-store=basic --use-mock-keychain --no-service-autorun --export-tagged-pdf --disable-search-engine-choice-screen --unsafely-disable-devtools-self-xss-warnings --edge-skip-compat-layer-relaunch --disable-infobars --disable-search-engine-choice-screen --disable-sync --enable-unsafe-swiftshader --headless --hide-scrollbars --mute-audio --blink-settings=primaryHoverType=2,availableHoverTypes=2,primaryPointerType=4,availablePointerTypes=4 --no-sandbox --use-gl=angle --use-angle=swiftshader --enable-unsafe-swiftshader --user-data-dir=/home/runner/work/projects-monorepo/projects-monorepo/apps/shot-studio/test-results/realtime-155/profile --remote-debugging-pipe about:blank
2026-10-07T09:49:42.521Z pw:browser <launched> pid=4333
2026-10-07T09:49:42.562Z pw:browser [pid=4333][err] [4333:4347:1007/094942.562260:ERROR:dbus/bus.cc:405] Failed to connect to the bus: Could not parse server address: Unknown address type (examples of valid types are "tcp" and on UNIX "unix")
2026-10-07T09:49:42.571Z pw:browser [pid=4333][err] [4333:4347:1007/094942.567862:ERROR:dbus/bus.cc:405] Failed to connect to the bus: Could not parse server address: Unknown address type (examples of valid types are "tcp" and on UNIX "unix")
2026-10-07T09:49:42.571Z pw:browser [pid=4333][err] [4333:4347:1007/094942.567882:ERROR:dbus/bus.cc:405] Failed to connect to the bus: Could not parse server address: Unknown address type (examples of valid types are "tcp" and on UNIX "unix")
2026-10-07T09:49:42.600Z pw:browser [pid=4333][err] [4333:4347:1007/094942.600036:ERROR:dbus/bus.cc:405] Failed to connect to the bus: Could not parse server address: Unknown address type (examples of valid types are "tcp" and on UNIX "unix")
2026-10-07T09:49:42.664Z pw:browser [pid=4333][err] [4333:4333:1007/094942.663856:ERROR:dbus/object_proxy.cc:572] Failed to call method: org.freedesktop.DBus.NameHasOwner: object_path= /org/freedesktop/DBus: unknown error type: 
2026-10-07T09:49:42.664Z pw:browser [pid=4333][err] [4333:4347:1007/094942.664861:ERROR:dbus/bus.cc:405] Failed to connect to the bus: Could not parse server address: Unknown address type (examples of valid types are "tcp" and on UNIX "unix")
2026-10-07T09:49:42.666Z pw:browser [pid=4333][err] [4333:4333:1007/094942.665965:ERROR:dbus/object_proxy.cc:572] Failed to call method: org.freedesktop.DBus.NameHasOwner: object_path= /org/freedesktop/DBus: unknown error type: 
2026-10-07T09:49:42.666Z pw:browser [pid=4333][err] [4333:4347:1007/094942.666410:ERROR:dbus/bus.cc:405] Failed to connect to the bus: Could not parse server address: Unknown address type (examples of valid types are "tcp" and on UNIX "unix")
2026-10-07T09:49:42.672Z pw:browser [pid=4333][err] [4333:4333:1007/094942.671826:ERROR:dbus/object_proxy.cc:572] Failed to call method: org.freedesktop.DBus.NameHasOwner: object_path= /org/freedesktop/DBus: unknown error type: 
2026-10-07T09:49:42.672Z pw:browser [pid=4333][err] [4333:4347:1007/094942.672327:ERROR:dbus/bus.cc:405] Failed to connect to the bus: Could not parse server address: Unknown address type (examples of valid types are "tcp" and on UNIX "unix")
2026-10-07T09:49:42.687Z pw:browser [pid=4333][err] [4333:4333:1007/094942.687445:ERROR:dbus/object_proxy.cc:572] Failed to call method: org.freedesktop.DBus.NameHasOwner: object_path= /org/freedesktop/DBus: unknown error type: 
2026-10-07T09:49:42.687Z pw:browser [pid=4333][err] [4333:4333:1007/094942.687501:ERROR:dbus/object_proxy.cc:572] Failed to call method: org.freedesktop.DBus.NameHasOwner: object_path= /org/freedesktop/DBus: unknown error type: 
2026-10-07T09:49:42.687Z pw:browser [pid=4333][err] [4333:4347:1007/094942.687534:ERROR:dbus/bus.cc:405] Failed to connect to the bus: Could not parse server address: Unknown address type (examples of valid types are "tcp" and on UNIX "unix")
2026-10-07T09:49:42.688Z pw:browser [pid=4333][err] [4333:4333:1007/094942.688283:ERROR:dbus/object_proxy.cc:572] Failed to call method: org.freedesktop.DBus.NameHasOwner: object_path= /org/freedesktop/DBus: unknown error type: 
2026-10-07T09:49:42.704Z pw:browser [pid=4333][err] [4333:4333:1007/094942.701378:ERROR:dbus/object_proxy.cc:572] Failed to call method: org.freedesktop.DBus.Properties.GetAll: object_path= /org/freedesktop/UPower/devices/DisplayDevice: org.freedesktop.DBus.Error.ServiceUnknown: The name org.freedesktop.UPower was not provided by any .service files
2026-10-07T09:49:42.704Z pw:browser [pid=4333][err] [4333:4333:1007/094942.701519:ERROR:dbus/object_proxy.cc:572] Failed to call method: org.freedesktop.DBus.NameHasOwner: object_path= /org/freedesktop/DBus: unknown error type: 
2026-10-07T09:49:42.704Z pw:browser [pid=4333][err] [4333:4347:1007/094942.701569:ERROR:dbus/bus.cc:405] Failed to connect to the bus: Could not parse server address: Unknown address type (examples of valid types are "tcp" and on UNIX "unix")
2026-10-07T09:49:42.708Z pw:browser [pid=4333][err] [4333:4333:1007/094942.708152:ERROR:dbus/object_proxy.cc:572] Failed to call method: org.freedesktop.DBus.NameHasOwner: object_path= /org/freedesktop/DBus: unknown error type: 
2026-10-07T09:49:42.708Z pw:browser [pid=4333][err] [4333:4347:1007/094942.708227:ERROR:dbus/bus.cc:405] Failed to connect to the bus: Could not parse server address: Unknown address type (examples of valid types are "tcp" and on UNIX "unix")
2026-10-07T09:49:42.719Z pw:browser [pid=4333][err] [4333:4333:1007/094942.718667:ERROR:dbus/object_proxy.cc:572] Failed to call method: org.freedesktop.DBus.NameHasOwner: object_path= /org/freedesktop/DBus: unknown error type: 
2026-10-07T09:49:46.795Z pw:browser [pid=4333][err] [4333:4348:1007/094946.795030:ERROR:google_apis/gcm/engine/registration_request.cc:291] Registration response error message: DEPRECATED_ENDPOINT
2026-10-07T09:50:11.014Z pw:browser [pid=4333][err] [4333:4348:1007/095011.014648:ERROR:google_apis/gcm/engine/registration_request.cc:291] Registration response error message: DEPRECATED_ENDPOINT
2026-10-07T09:50:31.344Z pw:browser [pid=4333] <gracefully close start>
2026-10-07T09:50:31.453Z pw:browser [pid=4333] <process did exit: exitCode=0, signal=null>
2026-10-07T09:50:31.453Z pw:browser [pid=4333] starting temporary directories cleanup
2026-10-07T09:50:31.530Z pw:browser [pid=4333] finished temporary directories cleanup
2026-10-07T09:50:31.531Z pw:browser [pid=4333] <gracefully close end>
