2026-10-07T09:49:35.057Z pw:browser <launching> /home/runner/.cache/ms-playwright/chromium-1247/chrome-linux64/chrome --disable-field-trial-config --disable-background-networking --disable-background-timer-throttling --disable-backgrounding-occluded-windows --disable-back-forward-cache --disable-breakpad --disable-client-side-phishing-detection --disable-component-extensions-with-background-pages --disable-component-update --no-default-browser-check --disable-default-apps --disable-dev-shm-usage --disable-edgeupdater --disable-extensions --disable-features=AvoidUnnecessaryBeforeUnloadCheckSync,DestroyProfileOnBrowserClose,DialMediaRouteProvider,GlobalMediaControls,HttpsUpgrades,LensOverlay,MediaRouter,PaintHolding,ThirdPartyStoragePartitioning,BlockOriginHeaderModificationOnRedirect,Translate,AutoDeElevate,OptimizationHints,msForceBrowserSignIn,msEdgeUpdateLaunchServicesPreferredVersion --enable-features=CDPScreenshotNewSurface --allow-pre-commit-input --disable-hang-monitor --disable-ipc-flooding-protection --disable-popup-blocking --disable-prompt-on-repost --disable-renderer-backgrounding --disable-updater-scheduler --force-color-profile=srgb --metrics-recording-only --no-first-run --password-store=basic --use-mock-keychain --no-service-autorun --export-tagged-pdf --disable-search-engine-choice-screen --unsafely-disable-devtools-self-xss-warnings --edge-skip-compat-layer-relaunch --disable-infobars --disable-search-engine-choice-screen --disable-sync --enable-unsafe-swiftshader --headless --hide-scrollbars --mute-audio --blink-settings=primaryHoverType=2,availableHoverTypes=2,primaryPointerType=4,availablePointerTypes=4 --no-sandbox --use-gl=angle --use-angle=swiftshader --enable-unsafe-swiftshader --user-data-dir=/home/runner/work/projects-monorepo/projects-monorepo/apps/shot-studio/test-results/realtime-155/profile --remote-debugging-pipe about:blank
2026-10-07T09:49:35.062Z pw:browser <launched> pid=4391
2026-10-07T09:49:35.361Z pw:browser [pid=4391][err] [4391:4405:1007/094935.360468:ERROR:dbus/bus.cc:405] Failed to connect to the bus: Could not parse server address: Unknown address type (examples of valid types are "tcp" and on UNIX "unix")
2026-10-07T09:49:35.378Z pw:browser [pid=4391][err] [4391:4405:1007/094935.361493:ERROR:dbus/bus.cc:405] Failed to connect to the bus: Could not parse server address: Unknown address type (examples of valid types are "tcp" and on UNIX "unix")
2026-10-07T09:49:35.378Z pw:browser [pid=4391][err] [4391:4405:1007/094935.361506:ERROR:dbus/bus.cc:405] Failed to connect to the bus: Could not parse server address: Unknown address type (examples of valid types are "tcp" and on UNIX "unix")
2026-10-07T09:49:35.408Z pw:browser [pid=4391][err] [4391:4405:1007/094935.408388:ERROR:dbus/bus.cc:405] Failed to connect to the bus: Could not parse server address: Unknown address type (examples of valid types are "tcp" and on UNIX "unix")
2026-10-07T09:49:35.488Z pw:browser [pid=4391][err] [4391:4391:1007/094935.487813:ERROR:dbus/object_proxy.cc:572] Failed to call method: org.freedesktop.DBus.NameHasOwner: object_path= /org/freedesktop/DBus: unknown error type: 
2026-10-07T09:49:35.489Z pw:browser [pid=4391][err] [4391:4405:1007/094935.487890:ERROR:dbus/bus.cc:405] Failed to connect to the bus: Could not parse server address: Unknown address type (examples of valid types are "tcp" and on UNIX "unix")
2026-10-07T09:49:35.489Z pw:browser [pid=4391][err] [4391:4391:1007/094935.487935:ERROR:dbus/object_proxy.cc:572] Failed to call method: org.freedesktop.DBus.NameHasOwner: object_path= /org/freedesktop/DBus: unknown error type: 
2026-10-07T09:49:35.490Z pw:browser [pid=4391][err] [4391:4405:1007/094935.487964:ERROR:dbus/bus.cc:405] Failed to connect to the bus: Could not parse server address: Unknown address type (examples of valid types are "tcp" and on UNIX "unix")
2026-10-07T09:49:35.500Z pw:browser [pid=4391][err] [4391:4391:1007/094935.497496:ERROR:dbus/object_proxy.cc:572] Failed to call method: org.freedesktop.DBus.NameHasOwner: object_path= /org/freedesktop/DBus: unknown error type: 
2026-10-07T09:49:35.501Z pw:browser [pid=4391][err] [4391:4405:1007/094935.498908:ERROR:dbus/bus.cc:405] Failed to connect to the bus: Could not parse server address: Unknown address type (examples of valid types are "tcp" and on UNIX "unix")
2026-10-07T09:49:35.518Z pw:browser [pid=4391][err] [4391:4391:1007/094935.518547:ERROR:dbus/object_proxy.cc:572] Failed to call method: org.freedesktop.DBus.NameHasOwner: object_path= /org/freedesktop/DBus: unknown error type: 
2026-10-07T09:49:35.519Z pw:browser [pid=4391][err] [4391:4391:1007/094935.518569:ERROR:dbus/object_proxy.cc:572] Failed to call method: org.freedesktop.DBus.NameHasOwner: object_path= /org/freedesktop/DBus: unknown error type: 
2026-10-07T09:49:35.519Z pw:browser [pid=4391][err] [4391:4405:1007/094935.519345:ERROR:dbus/bus.cc:405] Failed to connect to the bus: Could not parse server address: Unknown address type (examples of valid types are "tcp" and on UNIX "unix")
2026-10-07T09:49:35.520Z pw:browser [pid=4391][err] [4391:4391:1007/094935.520630:ERROR:dbus/object_proxy.cc:572] Failed to call method: org.freedesktop.DBus.NameHasOwner: object_path= /org/freedesktop/DBus: unknown error type: 
2026-10-07T09:49:35.534Z pw:browser [pid=4391][err] [4391:4391:1007/094935.533057:ERROR:dbus/object_proxy.cc:572] Failed to call method: org.freedesktop.DBus.Properties.GetAll: object_path= /org/freedesktop/UPower/devices/DisplayDevice: org.freedesktop.DBus.Error.ServiceUnknown: The name org.freedesktop.UPower was not provided by any .service files
2026-10-07T09:49:35.540Z pw:browser [pid=4391][err] [4391:4391:1007/094935.540695:ERROR:dbus/object_proxy.cc:572] Failed to call method: org.freedesktop.DBus.NameHasOwner: object_path= /org/freedesktop/DBus: unknown error type: 
2026-10-07T09:49:35.542Z pw:browser [pid=4391][err] [4391:4405:1007/094935.540949:ERROR:dbus/bus.cc:405] Failed to connect to the bus: Could not parse server address: Unknown address type (examples of valid types are "tcp" and on UNIX "unix")
2026-10-07T09:49:35.557Z pw:browser [pid=4391][err] [4391:4391:1007/094935.557178:ERROR:dbus/object_proxy.cc:572] Failed to call method: org.freedesktop.DBus.NameHasOwner: object_path= /org/freedesktop/DBus: unknown error type: 
2026-10-07T09:49:35.557Z pw:browser [pid=4391][err] [4391:4405:1007/094935.557253:ERROR:dbus/bus.cc:405] Failed to connect to the bus: Could not parse server address: Unknown address type (examples of valid types are "tcp" and on UNIX "unix")
2026-10-07T09:49:35.580Z pw:browser [pid=4391][err] [4391:4391:1007/094935.580195:ERROR:dbus/object_proxy.cc:572] Failed to call method: org.freedesktop.DBus.NameHasOwner: object_path= /org/freedesktop/DBus: unknown error type: 
2026-10-07T09:49:51.659Z pw:browser [pid=4391] <gracefully close start>
2026-10-07T09:49:51.824Z pw:browser [pid=4391] <process did exit: exitCode=0, signal=null>
2026-10-07T09:49:51.825Z pw:browser [pid=4391] starting temporary directories cleanup
2026-10-07T09:49:51.829Z pw:browser [pid=4391] finished temporary directories cleanup
2026-10-07T09:49:51.830Z pw:browser [pid=4391] <gracefully close end>
2026-10-07T09:49:51.832Z pw:browser <launching> /home/runner/.cache/ms-playwright/chromium-1247/chrome-linux64/chrome --disable-field-trial-config --disable-background-networking --disable-background-timer-throttling --disable-backgrounding-occluded-windows --disable-back-forward-cache --disable-breakpad --disable-client-side-phishing-detection --disable-component-extensions-with-background-pages --disable-component-update --no-default-browser-check --disable-default-apps --disable-dev-shm-usage --disable-edgeupdater --disable-extensions --disable-features=AvoidUnnecessaryBeforeUnloadCheckSync,DestroyProfileOnBrowserClose,DialMediaRouteProvider,GlobalMediaControls,HttpsUpgrades,LensOverlay,MediaRouter,PaintHolding,ThirdPartyStoragePartitioning,BlockOriginHeaderModificationOnRedirect,Translate,AutoDeElevate,OptimizationHints,msForceBrowserSignIn,msEdgeUpdateLaunchServicesPreferredVersion --enable-features=CDPScreenshotNewSurface --allow-pre-commit-input --disable-hang-monitor --disable-ipc-flooding-protection --disable-popup-blocking --disable-prompt-on-repost --disable-renderer-backgrounding --disable-updater-scheduler --force-color-profile=srgb --metrics-recording-only --no-first-run --password-store=basic --use-mock-keychain --no-service-autorun --export-tagged-pdf --disable-search-engine-choice-screen --unsafely-disable-devtools-self-xss-warnings --edge-skip-compat-layer-relaunch --disable-infobars --disable-search-engine-choice-screen --disable-sync --enable-unsafe-swiftshader --headless --hide-scrollbars --mute-audio --blink-settings=primaryHoverType=2,availableHoverTypes=2,primaryPointerType=4,availablePointerTypes=4 --no-sandbox --use-gl=angle --use-angle=swiftshader --enable-unsafe-swiftshader --user-data-dir=/home/runner/work/projects-monorepo/projects-monorepo/apps/shot-studio/test-results/realtime-155/profile --remote-debugging-pipe about:blank
2026-10-07T09:49:51.835Z pw:browser <launched> pid=4553
2026-10-07T09:49:51.881Z pw:browser [pid=4553][err] [4553:4567:1007/094951.881474:ERROR:dbus/bus.cc:405] Failed to connect to the bus: Could not parse server address: Unknown address type (examples of valid types are "tcp" and on UNIX "unix")
2026-10-07T09:49:51.882Z pw:browser [pid=4553][err] [4553:4567:1007/094951.882418:ERROR:dbus/bus.cc:405] Failed to connect to the bus: Could not parse server address: Unknown address type (examples of valid types are "tcp" and on UNIX "unix")
2026-10-07T09:49:51.882Z pw:browser [pid=4553][err] [4553:4567:1007/094951.882441:ERROR:dbus/bus.cc:405] Failed to connect to the bus: Could not parse server address: Unknown address type (examples of valid types are "tcp" and on UNIX "unix")
2026-10-07T09:49:51.932Z pw:browser [pid=4553][err] [4553:4567:1007/094951.931876:ERROR:dbus/bus.cc:405] Failed to connect to the bus: Could not parse server address: Unknown address type (examples of valid types are "tcp" and on UNIX "unix")
2026-10-07T09:49:52.001Z pw:browser [pid=4553][err] [4553:4553:1007/094952.000187:ERROR:dbus/object_proxy.cc:572] Failed to call method: org.freedesktop.DBus.NameHasOwner: object_path= /org/freedesktop/DBus: unknown error type: 
2026-10-07T09:49:52.001Z pw:browser [pid=4553][err] [4553:4553:1007/094952.000281:ERROR:dbus/object_proxy.cc:572] Failed to call method: org.freedesktop.DBus.NameHasOwner: object_path= /org/freedesktop/DBus: unknown error type: 
2026-10-07T09:49:52.001Z pw:browser [pid=4553][err] [4553:4567:1007/094952.001638:ERROR:dbus/bus.cc:405] Failed to connect to the bus: Could not parse server address: Unknown address type (examples of valid types are "tcp" and on UNIX "unix")
2026-10-07T09:49:52.001Z pw:browser [pid=4553][err] [4553:4567:1007/094952.001709:ERROR:dbus/bus.cc:405] Failed to connect to the bus: Could not parse server address: Unknown address type (examples of valid types are "tcp" and on UNIX "unix")
2026-10-07T09:49:52.012Z pw:browser [pid=4553][err] [4553:4553:1007/094952.012252:ERROR:dbus/object_proxy.cc:572] Failed to call method: org.freedesktop.DBus.NameHasOwner: object_path= /org/freedesktop/DBus: unknown error type: 
2026-10-07T09:49:52.015Z pw:browser [pid=4553][err] [4553:4567:1007/094952.013435:ERROR:dbus/bus.cc:405] Failed to connect to the bus: Could not parse server address: Unknown address type (examples of valid types are "tcp" and on UNIX "unix")
2026-10-07T09:49:52.027Z pw:browser [pid=4553][err] [4553:4553:1007/094952.027682:ERROR:dbus/object_proxy.cc:572] Failed to call method: org.freedesktop.DBus.NameHasOwner: object_path= /org/freedesktop/DBus: unknown error type: 
2026-10-07T09:49:52.027Z pw:browser [pid=4553][err] [4553:4553:1007/094952.027705:ERROR:dbus/object_proxy.cc:572] Failed to call method: org.freedesktop.DBus.NameHasOwner: object_path= /org/freedesktop/DBus: unknown error type: 
2026-10-07T09:49:52.028Z pw:browser [pid=4553][err] [4553:4567:1007/094952.028082:ERROR:dbus/bus.cc:405] Failed to connect to the bus: Could not parse server address: Unknown address type (examples of valid types are "tcp" and on UNIX "unix")
2026-10-07T09:49:52.029Z pw:browser [pid=4553][err] [4553:4553:1007/094952.029627:ERROR:dbus/object_proxy.cc:572] Failed to call method: org.freedesktop.DBus.NameHasOwner: object_path= /org/freedesktop/DBus: unknown error type: 
2026-10-07T09:49:52.042Z pw:browser [pid=4553][err] [4553:4553:1007/094952.041593:ERROR:dbus/object_proxy.cc:572] Failed to call method: org.freedesktop.DBus.NameHasOwner: object_path= /org/freedesktop/DBus: unknown error type: 
2026-10-07T09:49:52.042Z pw:browser [pid=4553][err] [4553:4553:1007/094952.041646:ERROR:dbus/object_proxy.cc:572] Failed to call method: org.freedesktop.DBus.Properties.GetAll: object_path= /org/freedesktop/UPower/devices/DisplayDevice: org.freedesktop.DBus.Error.ServiceUnknown: The name org.freedesktop.UPower was not provided by any .service files
2026-10-07T09:49:52.042Z pw:browser [pid=4553][err] [4553:4567:1007/094952.041657:ERROR:dbus/bus.cc:405] Failed to connect to the bus: Could not parse server address: Unknown address type (examples of valid types are "tcp" and on UNIX "unix")
2026-10-07T09:49:52.047Z pw:browser [pid=4553][err] [4553:4553:1007/094952.046388:ERROR:dbus/object_proxy.cc:572] Failed to call method: org.freedesktop.DBus.NameHasOwner: object_path= /org/freedesktop/DBus: unknown error type: 
2026-10-07T09:49:52.047Z pw:browser [pid=4553][err] [4553:4567:1007/094952.047847:ERROR:dbus/bus.cc:405] Failed to connect to the bus: Could not parse server address: Unknown address type (examples of valid types are "tcp" and on UNIX "unix")
2026-10-07T09:49:52.059Z pw:browser [pid=4553][err] [4553:4553:1007/094952.057891:ERROR:dbus/object_proxy.cc:572] Failed to call method: org.freedesktop.DBus.NameHasOwner: object_path= /org/freedesktop/DBus: unknown error type: 
2026-10-07T09:49:56.225Z pw:browser [pid=4553][err] [4553:4568:1007/094956.225118:ERROR:google_apis/gcm/engine/registration_request.cc:291] Registration response error message: PHONE_REGISTRATION_ERROR
2026-10-07T09:49:56.227Z pw:browser [pid=4553][err] [4553:4568:1007/094956.226891:ERROR:google_apis/gcm/engine/registration_request.cc:291] Registration response error message: PHONE_REGISTRATION_ERROR
2026-10-07T09:49:56.227Z pw:browser [pid=4553][err] [4553:4568:1007/094956.227694:ERROR:google_apis/gcm/engine/registration_request.cc:291] Registration response error message: PHONE_REGISTRATION_ERROR
2026-10-07T09:49:56.266Z pw:browser [pid=4553][err] [4553:4568:1007/094956.266434:ERROR:google_apis/gcm/engine/mcs_client.cc:702]   Error code: 401  Error message: Authentication Failed: wrong_secret
2026-10-07T09:49:56.269Z pw:browser [pid=4553][err] [4553:4568:1007/094956.266782:ERROR:google_apis/gcm/engine/mcs_client.cc:704] Failed to log in to GCM, resetting connection.
2026-10-07T09:50:21.039Z pw:browser [pid=4553][err] [4553:4568:1007/095021.039539:ERROR:google_apis/gcm/engine/registration_request.cc:291] Registration response error message: DEPRECATED_ENDPOINT
2026-10-07T09:51:08.319Z pw:browser [pid=4553][err] [4553:4568:1007/095108.319595:ERROR:google_apis/gcm/engine/registration_request.cc:291] Registration response error message: DEPRECATED_ENDPOINT
2026-10-07T09:51:28.759Z pw:browser [pid=4553] <gracefully close start>
2026-10-07T09:51:29.663Z pw:browser [pid=4553] <process did exit: exitCode=0, signal=null>
2026-10-07T09:51:29.663Z pw:browser [pid=4553] starting temporary directories cleanup
2026-10-07T09:51:29.664Z pw:browser [pid=4553] finished temporary directories cleanup
2026-10-07T09:51:29.664Z pw:browser [pid=4553] <gracefully close end>
TimeoutError: page.waitForEvent: Timeout 95000ms exceeded while waiting for event "download"
=========================== logs ===========================
waiting for event "download"
============================================================
