2026-10-07T09:31:26.809Z pw:browser <launching> /home/runner/.cache/ms-playwright/chromium-1247/chrome-linux64/chrome --disable-field-trial-config --disable-background-networking --disable-background-timer-throttling --disable-backgrounding-occluded-windows --disable-back-forward-cache --disable-breakpad --disable-client-side-phishing-detection --disable-component-extensions-with-background-pages --disable-component-update --no-default-browser-check --disable-default-apps --disable-dev-shm-usage --disable-edgeupdater --disable-extensions --disable-features=AvoidUnnecessaryBeforeUnloadCheckSync,DestroyProfileOnBrowserClose,DialMediaRouteProvider,GlobalMediaControls,HttpsUpgrades,LensOverlay,MediaRouter,PaintHolding,ThirdPartyStoragePartitioning,BlockOriginHeaderModificationOnRedirect,Translate,AutoDeElevate,OptimizationHints,msForceBrowserSignIn,msEdgeUpdateLaunchServicesPreferredVersion --enable-features=CDPScreenshotNewSurface --allow-pre-commit-input --disable-hang-monitor --disable-ipc-flooding-protection --disable-popup-blocking --disable-prompt-on-repost --disable-renderer-backgrounding --disable-updater-scheduler --force-color-profile=srgb --metrics-recording-only --no-first-run --password-store=basic --use-mock-keychain --no-service-autorun --export-tagged-pdf --disable-search-engine-choice-screen --unsafely-disable-devtools-self-xss-warnings --edge-skip-compat-layer-relaunch --disable-infobars --disable-search-engine-choice-screen --disable-sync --enable-unsafe-swiftshader --headless --hide-scrollbars --mute-audio --blink-settings=primaryHoverType=2,availableHoverTypes=2,primaryPointerType=4,availablePointerTypes=4 --no-sandbox --use-gl=angle --use-angle=swiftshader --enable-unsafe-swiftshader --user-data-dir=/home/runner/work/projects-monorepo/projects-monorepo/apps/shot-studio/test-results/vp8-first-155/profile --remote-debugging-pipe about:blank
2026-10-07T09:31:26.814Z pw:browser <launched> pid=4432
2026-10-07T09:31:27.100Z pw:browser [pid=4432][err] [4432:4446:1007/093127.098336:ERROR:dbus/bus.cc:405] Failed to connect to the bus: Could not parse server address: Unknown address type (examples of valid types are "tcp" and on UNIX "unix")
2026-10-07T09:31:27.100Z pw:browser [pid=4432][err] [4432:4446:1007/093127.099781:ERROR:dbus/bus.cc:405] Failed to connect to the bus: Could not parse server address: Unknown address type (examples of valid types are "tcp" and on UNIX "unix")
2026-10-07T09:31:27.100Z pw:browser [pid=4432][err] [4432:4446:1007/093127.099796:ERROR:dbus/bus.cc:405] Failed to connect to the bus: Could not parse server address: Unknown address type (examples of valid types are "tcp" and on UNIX "unix")
2026-10-07T09:31:27.132Z pw:browser [pid=4432][err] [4432:4446:1007/093127.130219:ERROR:dbus/bus.cc:405] Failed to connect to the bus: Could not parse server address: Unknown address type (examples of valid types are "tcp" and on UNIX "unix")
2026-10-07T09:31:27.219Z pw:browser [pid=4432][err] [4432:4432:1007/093127.218402:ERROR:dbus/object_proxy.cc:572] Failed to call method: org.freedesktop.DBus.NameHasOwner: object_path= /org/freedesktop/DBus: unknown error type: 
2026-10-07T09:31:27.222Z pw:browser [pid=4432][err] [4432:4432:1007/093127.218762:ERROR:dbus/object_proxy.cc:572] Failed to call method: org.freedesktop.DBus.NameHasOwner: object_path= /org/freedesktop/DBus: unknown error type: 
2026-10-07T09:31:27.222Z pw:browser [pid=4432][err] [4432:4446:1007/093127.219005:ERROR:dbus/bus.cc:405] Failed to connect to the bus: Could not parse server address: Unknown address type (examples of valid types are "tcp" and on UNIX "unix")
2026-10-07T09:31:27.222Z pw:browser [pid=4432][err] [4432:4446:1007/093127.219175:ERROR:dbus/bus.cc:405] Failed to connect to the bus: Could not parse server address: Unknown address type (examples of valid types are "tcp" and on UNIX "unix")
2026-10-07T09:31:27.232Z pw:browser [pid=4432][err] [4432:4432:1007/093127.232584:ERROR:dbus/object_proxy.cc:572] Failed to call method: org.freedesktop.DBus.NameHasOwner: object_path= /org/freedesktop/DBus: unknown error type: 
2026-10-07T09:31:27.233Z pw:browser [pid=4432][err] [4432:4446:1007/093127.233627:ERROR:dbus/bus.cc:405] Failed to connect to the bus: Could not parse server address: Unknown address type (examples of valid types are "tcp" and on UNIX "unix")
2026-10-07T09:31:27.253Z pw:browser [pid=4432][err] [4432:4432:1007/093127.252739:ERROR:dbus/object_proxy.cc:572] Failed to call method: org.freedesktop.DBus.NameHasOwner: object_path= /org/freedesktop/DBus: unknown error type: 
2026-10-07T09:31:27.253Z pw:browser [pid=4432][err] [4432:4432:1007/093127.252766:ERROR:dbus/object_proxy.cc:572] Failed to call method: org.freedesktop.DBus.NameHasOwner: object_path= /org/freedesktop/DBus: unknown error type: 
2026-10-07T09:31:27.254Z pw:browser [pid=4432][err] [4432:4446:1007/093127.254023:ERROR:dbus/bus.cc:405] Failed to connect to the bus: Could not parse server address: Unknown address type (examples of valid types are "tcp" and on UNIX "unix")
2026-10-07T09:31:27.254Z pw:browser [pid=4432][err] [4432:4432:1007/093127.254924:ERROR:dbus/object_proxy.cc:572] Failed to call method: org.freedesktop.DBus.NameHasOwner: object_path= /org/freedesktop/DBus: unknown error type: 
2026-10-07T09:31:27.275Z pw:browser [pid=4432][err] [4432:4432:1007/093127.274906:ERROR:dbus/object_proxy.cc:572] Failed to call method: org.freedesktop.DBus.NameHasOwner: object_path= /org/freedesktop/DBus: unknown error type: 
2026-10-07T09:31:27.275Z pw:browser [pid=4432][err] [4432:4446:1007/093127.275576:ERROR:dbus/bus.cc:405] Failed to connect to the bus: Could not parse server address: Unknown address type (examples of valid types are "tcp" and on UNIX "unix")
2026-10-07T09:31:27.278Z pw:browser [pid=4432][err] [4432:4432:1007/093127.275794:ERROR:dbus/object_proxy.cc:572] Failed to call method: org.freedesktop.DBus.Properties.GetAll: object_path= /org/freedesktop/UPower/devices/DisplayDevice: org.freedesktop.DBus.Error.ServiceUnknown: The name org.freedesktop.UPower was not provided by any .service files
2026-10-07T09:31:27.286Z pw:browser [pid=4432][err] [4432:4432:1007/093127.285859:ERROR:dbus/object_proxy.cc:572] Failed to call method: org.freedesktop.DBus.NameHasOwner: object_path= /org/freedesktop/DBus: unknown error type: 
2026-10-07T09:31:27.286Z pw:browser [pid=4432][err] [4432:4446:1007/093127.286840:ERROR:dbus/bus.cc:405] Failed to connect to the bus: Could not parse server address: Unknown address type (examples of valid types are "tcp" and on UNIX "unix")
2026-10-07T09:31:27.301Z pw:browser [pid=4432][err] [4432:4432:1007/093127.301516:ERROR:dbus/object_proxy.cc:572] Failed to call method: org.freedesktop.DBus.NameHasOwner: object_path= /org/freedesktop/DBus: unknown error type: 
2026-10-07T09:31:30.646Z pw:browser [pid=4432][err] [4432:4447:1007/093130.646032:ERROR:google_apis/gcm/engine/mcs_client.cc:702]   Error code: 401  Error message: Authentication Failed: wrong_secret
2026-10-07T09:31:30.646Z pw:browser [pid=4432][err] [4432:4447:1007/093130.646051:ERROR:google_apis/gcm/engine/mcs_client.cc:704] Failed to log in to GCM, resetting connection.
2026-10-07T09:31:31.506Z pw:browser [pid=4432][err] [4432:4447:1007/093131.506279:ERROR:google_apis/gcm/engine/registration_request.cc:291] Registration response error message: DEPRECATED_ENDPOINT
2026-10-07T09:31:43.099Z pw:browser [pid=4432] <gracefully close start>
2026-10-07T09:31:43.199Z pw:browser [pid=4432] <process did exit: exitCode=0, signal=null>
2026-10-07T09:31:43.199Z pw:browser [pid=4432] starting temporary directories cleanup
2026-10-07T09:31:43.205Z pw:browser [pid=4432] finished temporary directories cleanup
2026-10-07T09:31:43.205Z pw:browser [pid=4432] <gracefully close end>
2026-10-07T09:31:43.208Z pw:browser <launching> /home/runner/.cache/ms-playwright/chromium-1247/chrome-linux64/chrome --disable-field-trial-config --disable-background-networking --disable-background-timer-throttling --disable-backgrounding-occluded-windows --disable-back-forward-cache --disable-breakpad --disable-client-side-phishing-detection --disable-component-extensions-with-background-pages --disable-component-update --no-default-browser-check --disable-default-apps --disable-dev-shm-usage --disable-edgeupdater --disable-extensions --disable-features=AvoidUnnecessaryBeforeUnloadCheckSync,DestroyProfileOnBrowserClose,DialMediaRouteProvider,GlobalMediaControls,HttpsUpgrades,LensOverlay,MediaRouter,PaintHolding,ThirdPartyStoragePartitioning,BlockOriginHeaderModificationOnRedirect,Translate,AutoDeElevate,OptimizationHints,msForceBrowserSignIn,msEdgeUpdateLaunchServicesPreferredVersion --enable-features=CDPScreenshotNewSurface --allow-pre-commit-input --disable-hang-monitor --disable-ipc-flooding-protection --disable-popup-blocking --disable-prompt-on-repost --disable-renderer-backgrounding --disable-updater-scheduler --force-color-profile=srgb --metrics-recording-only --no-first-run --password-store=basic --use-mock-keychain --no-service-autorun --export-tagged-pdf --disable-search-engine-choice-screen --unsafely-disable-devtools-self-xss-warnings --edge-skip-compat-layer-relaunch --disable-infobars --disable-search-engine-choice-screen --disable-sync --enable-unsafe-swiftshader --headless --hide-scrollbars --mute-audio --blink-settings=primaryHoverType=2,availableHoverTypes=2,primaryPointerType=4,availablePointerTypes=4 --no-sandbox --use-gl=angle --use-angle=swiftshader --enable-unsafe-swiftshader --user-data-dir=/home/runner/work/projects-monorepo/projects-monorepo/apps/shot-studio/test-results/vp8-first-155/profile --remote-debugging-pipe about:blank
2026-10-07T09:31:43.213Z pw:browser <launched> pid=4599
2026-10-07T09:31:43.269Z pw:browser [pid=4599][err] [4599:4613:1007/093143.268895:ERROR:dbus/bus.cc:405] Failed to connect to the bus: Could not parse server address: Unknown address type (examples of valid types are "tcp" and on UNIX "unix")
2026-10-07T09:31:43.274Z pw:browser [pid=4599][err] [4599:4613:1007/093143.273851:ERROR:dbus/bus.cc:405] Failed to connect to the bus: Could not parse server address: Unknown address type (examples of valid types are "tcp" and on UNIX "unix")
2026-10-07T09:31:43.274Z pw:browser [pid=4599][err] [4599:4613:1007/093143.273911:ERROR:dbus/bus.cc:405] Failed to connect to the bus: Could not parse server address: Unknown address type (examples of valid types are "tcp" and on UNIX "unix")
2026-10-07T09:31:43.318Z pw:browser [pid=4599][err] [4599:4613:1007/093143.317936:ERROR:dbus/bus.cc:405] Failed to connect to the bus: Could not parse server address: Unknown address type (examples of valid types are "tcp" and on UNIX "unix")
2026-10-07T09:31:43.414Z pw:browser [pid=4599][err] [4599:4599:1007/093143.411799:ERROR:dbus/object_proxy.cc:572] Failed to call method: org.freedesktop.DBus.NameHasOwner: object_path= /org/freedesktop/DBus: unknown error type: 
2026-10-07T09:31:43.414Z pw:browser [pid=4599][err] [4599:4613:1007/093143.411912:ERROR:dbus/bus.cc:405] Failed to connect to the bus: Could not parse server address: Unknown address type (examples of valid types are "tcp" and on UNIX "unix")
2026-10-07T09:31:43.414Z pw:browser [pid=4599][err] [4599:4599:1007/093143.412256:ERROR:dbus/object_proxy.cc:572] Failed to call method: org.freedesktop.DBus.NameHasOwner: object_path= /org/freedesktop/DBus: unknown error type: 
2026-10-07T09:31:43.414Z pw:browser [pid=4599][err] [4599:4613:1007/093143.412310:ERROR:dbus/bus.cc:405] Failed to connect to the bus: Could not parse server address: Unknown address type (examples of valid types are "tcp" and on UNIX "unix")
2026-10-07T09:31:43.425Z pw:browser [pid=4599][err] [4599:4599:1007/093143.425381:ERROR:dbus/object_proxy.cc:572] Failed to call method: org.freedesktop.DBus.NameHasOwner: object_path= /org/freedesktop/DBus: unknown error type: 
2026-10-07T09:31:43.430Z pw:browser [pid=4599][err] [4599:4613:1007/093143.430260:ERROR:dbus/bus.cc:405] Failed to connect to the bus: Could not parse server address: Unknown address type (examples of valid types are "tcp" and on UNIX "unix")
2026-10-07T09:31:43.451Z pw:browser [pid=4599][err] [4599:4599:1007/093143.451334:ERROR:dbus/object_proxy.cc:572] Failed to call method: org.freedesktop.DBus.NameHasOwner: object_path= /org/freedesktop/DBus: unknown error type: 
2026-10-07T09:31:43.451Z pw:browser [pid=4599][err] [4599:4599:1007/093143.451368:ERROR:dbus/object_proxy.cc:572] Failed to call method: org.freedesktop.DBus.NameHasOwner: object_path= /org/freedesktop/DBus: unknown error type: 
2026-10-07T09:31:43.452Z pw:browser [pid=4599][err] [4599:4613:1007/093143.451666:ERROR:dbus/bus.cc:405] Failed to connect to the bus: Could not parse server address: Unknown address type (examples of valid types are "tcp" and on UNIX "unix")
2026-10-07T09:31:43.454Z pw:browser [pid=4599][err] [4599:4599:1007/093143.454481:ERROR:dbus/object_proxy.cc:572] Failed to call method: org.freedesktop.DBus.NameHasOwner: object_path= /org/freedesktop/DBus: unknown error type: 
2026-10-07T09:31:43.468Z pw:browser [pid=4599][err] [4599:4599:1007/093143.468467:ERROR:dbus/object_proxy.cc:572] Failed to call method: org.freedesktop.DBus.Properties.GetAll: object_path= /org/freedesktop/UPower/devices/DisplayDevice: org.freedesktop.DBus.Error.ServiceUnknown: The name org.freedesktop.UPower was not provided by any .service files
2026-10-07T09:31:43.469Z pw:browser [pid=4599][err] [4599:4599:1007/093143.468879:ERROR:dbus/object_proxy.cc:572] Failed to call method: org.freedesktop.DBus.NameHasOwner: object_path= /org/freedesktop/DBus: unknown error type: 
2026-10-07T09:31:43.469Z pw:browser [pid=4599][err] [4599:4613:1007/093143.468937:ERROR:dbus/bus.cc:405] Failed to connect to the bus: Could not parse server address: Unknown address type (examples of valid types are "tcp" and on UNIX "unix")
2026-10-07T09:31:43.486Z pw:browser [pid=4599][err] [4599:4599:1007/093143.482000:ERROR:dbus/object_proxy.cc:572] Failed to call method: org.freedesktop.DBus.NameHasOwner: object_path= /org/freedesktop/DBus: unknown error type: 
2026-10-07T09:31:43.486Z pw:browser [pid=4599][err] [4599:4613:1007/093143.482078:ERROR:dbus/bus.cc:405] Failed to connect to the bus: Could not parse server address: Unknown address type (examples of valid types are "tcp" and on UNIX "unix")
2026-10-07T09:31:43.501Z pw:browser [pid=4599][err] [4599:4599:1007/093143.501063:ERROR:dbus/object_proxy.cc:572] Failed to call method: org.freedesktop.DBus.NameHasOwner: object_path= /org/freedesktop/DBus: unknown error type: 
2026-10-07T09:31:47.514Z pw:browser [pid=4599][err] [4599:4614:1007/093147.514176:ERROR:google_apis/gcm/engine/registration_request.cc:291] Registration response error message: DEPRECATED_ENDPOINT
2026-10-07T09:32:16.474Z pw:browser [pid=4599][err] [4599:4614:1007/093216.474152:ERROR:google_apis/gcm/engine/registration_request.cc:291] Registration response error message: DEPRECATED_ENDPOINT
2026-10-07T09:32:55.791Z pw:browser [pid=4599] <gracefully close start>
2026-10-07T09:32:55.882Z pw:browser [pid=4599] <process did exit: exitCode=0, signal=null>
2026-10-07T09:32:55.882Z pw:browser [pid=4599] starting temporary directories cleanup
2026-10-07T09:32:55.884Z pw:browser [pid=4599] finished temporary directories cleanup
2026-10-07T09:32:55.884Z pw:browser [pid=4599] <gracefully close end>
