2026-10-07T09:32:43.397Z pw:browser <launching> /home/runner/.cache/ms-playwright/chromium-1247/chrome-linux64/chrome --disable-field-trial-config --disable-background-networking --disable-background-timer-throttling --disable-backgrounding-occluded-windows --disable-back-forward-cache --disable-breakpad --disable-client-side-phishing-detection --disable-component-extensions-with-background-pages --disable-component-update --no-default-browser-check --disable-default-apps --disable-dev-shm-usage --disable-edgeupdater --disable-extensions --disable-features=AvoidUnnecessaryBeforeUnloadCheckSync,DestroyProfileOnBrowserClose,DialMediaRouteProvider,GlobalMediaControls,HttpsUpgrades,LensOverlay,MediaRouter,PaintHolding,ThirdPartyStoragePartitioning,BlockOriginHeaderModificationOnRedirect,Translate,AutoDeElevate,OptimizationHints,msForceBrowserSignIn,msEdgeUpdateLaunchServicesPreferredVersion --enable-features=CDPScreenshotNewSurface --allow-pre-commit-input --disable-hang-monitor --disable-ipc-flooding-protection --disable-popup-blocking --disable-prompt-on-repost --disable-renderer-backgrounding --disable-updater-scheduler --force-color-profile=srgb --metrics-recording-only --no-first-run --password-store=basic --use-mock-keychain --no-service-autorun --export-tagged-pdf --disable-search-engine-choice-screen --unsafely-disable-devtools-self-xss-warnings --edge-skip-compat-layer-relaunch --disable-infobars --disable-search-engine-choice-screen --disable-sync --enable-unsafe-swiftshader --headless --hide-scrollbars --mute-audio --blink-settings=primaryHoverType=2,availableHoverTypes=2,primaryPointerType=4,availablePointerTypes=4 --no-sandbox --use-gl=angle --use-angle=swiftshader --enable-unsafe-swiftshader --user-data-dir=/home/runner/work/projects-monorepo/projects-monorepo/apps/shot-studio/test-results/stage-timing-155/profile --remote-debugging-pipe about:blank
2026-10-07T09:32:43.401Z pw:browser <launched> pid=4778
2026-10-07T09:32:43.456Z pw:browser [pid=4778][err] [4778:4794:1007/093243.454315:ERROR:dbus/bus.cc:405] Failed to connect to the bus: Could not parse server address: Unknown address type (examples of valid types are "tcp" and on UNIX "unix")
2026-10-07T09:32:43.457Z pw:browser [pid=4778][err] [4778:4794:1007/093243.457386:ERROR:dbus/bus.cc:405] Failed to connect to the bus: Could not parse server address: Unknown address type (examples of valid types are "tcp" and on UNIX "unix")
2026-10-07T09:32:43.457Z pw:browser [pid=4778][err] [4778:4794:1007/093243.457413:ERROR:dbus/bus.cc:405] Failed to connect to the bus: Could not parse server address: Unknown address type (examples of valid types are "tcp" and on UNIX "unix")
2026-10-07T09:32:43.515Z pw:browser [pid=4778][err] [4778:4794:1007/093243.514981:ERROR:dbus/bus.cc:405] Failed to connect to the bus: Could not parse server address: Unknown address type (examples of valid types are "tcp" and on UNIX "unix")
2026-10-07T09:32:43.623Z pw:browser [pid=4778][err] [4778:4778:1007/093243.622767:ERROR:dbus/object_proxy.cc:572] Failed to call method: org.freedesktop.DBus.NameHasOwner: object_path= /org/freedesktop/DBus: unknown error type: 
2026-10-07T09:32:43.627Z pw:browser [pid=4778][err] [4778:4778:1007/093243.623811:ERROR:dbus/object_proxy.cc:572] Failed to call method: org.freedesktop.DBus.NameHasOwner: object_path= /org/freedesktop/DBus: unknown error type: 
2026-10-07T09:32:43.627Z pw:browser [pid=4778][err] [4778:4794:1007/093243.624092:ERROR:dbus/bus.cc:405] Failed to connect to the bus: Could not parse server address: Unknown address type (examples of valid types are "tcp" and on UNIX "unix")
2026-10-07T09:32:43.627Z pw:browser [pid=4778][err] [4778:4794:1007/093243.624268:ERROR:dbus/bus.cc:405] Failed to connect to the bus: Could not parse server address: Unknown address type (examples of valid types are "tcp" and on UNIX "unix")
2026-10-07T09:32:43.635Z pw:browser [pid=4778][err] [4778:4778:1007/093243.634732:ERROR:dbus/object_proxy.cc:572] Failed to call method: org.freedesktop.DBus.NameHasOwner: object_path= /org/freedesktop/DBus: unknown error type: 
2026-10-07T09:32:43.635Z pw:browser [pid=4778][err] [4778:4794:1007/093243.634816:ERROR:dbus/bus.cc:405] Failed to connect to the bus: Could not parse server address: Unknown address type (examples of valid types are "tcp" and on UNIX "unix")
2026-10-07T09:32:43.660Z pw:browser [pid=4778][err] [4778:4778:1007/093243.660326:ERROR:dbus/object_proxy.cc:572] Failed to call method: org.freedesktop.DBus.NameHasOwner: object_path= /org/freedesktop/DBus: unknown error type: 
2026-10-07T09:32:43.660Z pw:browser [pid=4778][err] [4778:4778:1007/093243.660357:ERROR:dbus/object_proxy.cc:572] Failed to call method: org.freedesktop.DBus.NameHasOwner: object_path= /org/freedesktop/DBus: unknown error type: 
2026-10-07T09:32:43.661Z pw:browser [pid=4778][err] [4778:4794:1007/093243.661216:ERROR:dbus/bus.cc:405] Failed to connect to the bus: Could not parse server address: Unknown address type (examples of valid types are "tcp" and on UNIX "unix")
2026-10-07T09:32:43.663Z pw:browser [pid=4778][err] [4778:4778:1007/093243.662417:ERROR:dbus/object_proxy.cc:572] Failed to call method: org.freedesktop.DBus.NameHasOwner: object_path= /org/freedesktop/DBus: unknown error type: 
2026-10-07T09:32:43.678Z pw:browser [pid=4778][err] [4778:4778:1007/093243.678573:ERROR:dbus/object_proxy.cc:572] Failed to call method: org.freedesktop.DBus.Properties.GetAll: object_path= /org/freedesktop/UPower/devices/DisplayDevice: org.freedesktop.DBus.Error.ServiceUnknown: The name org.freedesktop.UPower was not provided by any .service files
2026-10-07T09:32:43.679Z pw:browser [pid=4778][err] [4778:4778:1007/093243.678833:ERROR:dbus/object_proxy.cc:572] Failed to call method: org.freedesktop.DBus.NameHasOwner: object_path= /org/freedesktop/DBus: unknown error type: 
2026-10-07T09:32:43.679Z pw:browser [pid=4778][err] [4778:4794:1007/093243.678917:ERROR:dbus/bus.cc:405] Failed to connect to the bus: Could not parse server address: Unknown address type (examples of valid types are "tcp" and on UNIX "unix")
2026-10-07T09:32:43.690Z pw:browser [pid=4778][err] [4778:4778:1007/093243.688305:ERROR:dbus/object_proxy.cc:572] Failed to call method: org.freedesktop.DBus.NameHasOwner: object_path= /org/freedesktop/DBus: unknown error type: 
2026-10-07T09:32:43.691Z pw:browser [pid=4778][err] [4778:4794:1007/093243.691017:ERROR:dbus/bus.cc:405] Failed to connect to the bus: Could not parse server address: Unknown address type (examples of valid types are "tcp" and on UNIX "unix")
2026-10-07T09:32:43.716Z pw:browser [pid=4778][err] [4778:4778:1007/093243.715989:ERROR:dbus/object_proxy.cc:572] Failed to call method: org.freedesktop.DBus.NameHasOwner: object_path= /org/freedesktop/DBus: unknown error type: 
2026-10-07T09:32:58.742Z pw:browser [pid=4778] <gracefully close start>
2026-10-07T09:32:58.867Z pw:browser [pid=4778] <process did exit: exitCode=0, signal=null>
2026-10-07T09:32:58.867Z pw:browser [pid=4778] starting temporary directories cleanup
2026-10-07T09:32:58.873Z pw:browser [pid=4778] finished temporary directories cleanup
2026-10-07T09:32:58.873Z pw:browser [pid=4778] <gracefully close end>
2026-10-07T09:32:58.875Z pw:browser <launching> /home/runner/.cache/ms-playwright/chromium-1247/chrome-linux64/chrome --disable-field-trial-config --disable-background-networking --disable-background-timer-throttling --disable-backgrounding-occluded-windows --disable-back-forward-cache --disable-breakpad --disable-client-side-phishing-detection --disable-component-extensions-with-background-pages --disable-component-update --no-default-browser-check --disable-default-apps --disable-dev-shm-usage --disable-edgeupdater --disable-extensions --disable-features=AvoidUnnecessaryBeforeUnloadCheckSync,DestroyProfileOnBrowserClose,DialMediaRouteProvider,GlobalMediaControls,HttpsUpgrades,LensOverlay,MediaRouter,PaintHolding,ThirdPartyStoragePartitioning,BlockOriginHeaderModificationOnRedirect,Translate,AutoDeElevate,OptimizationHints,msForceBrowserSignIn,msEdgeUpdateLaunchServicesPreferredVersion --enable-features=CDPScreenshotNewSurface --allow-pre-commit-input --disable-hang-monitor --disable-ipc-flooding-protection --disable-popup-blocking --disable-prompt-on-repost --disable-renderer-backgrounding --disable-updater-scheduler --force-color-profile=srgb --metrics-recording-only --no-first-run --password-store=basic --use-mock-keychain --no-service-autorun --export-tagged-pdf --disable-search-engine-choice-screen --unsafely-disable-devtools-self-xss-warnings --edge-skip-compat-layer-relaunch --disable-infobars --disable-search-engine-choice-screen --disable-sync --enable-unsafe-swiftshader --headless --hide-scrollbars --mute-audio --blink-settings=primaryHoverType=2,availableHoverTypes=2,primaryPointerType=4,availablePointerTypes=4 --no-sandbox --use-gl=angle --use-angle=swiftshader --enable-unsafe-swiftshader --user-data-dir=/home/runner/work/projects-monorepo/projects-monorepo/apps/shot-studio/test-results/stage-timing-155/profile --remote-debugging-pipe about:blank
2026-10-07T09:32:58.879Z pw:browser <launched> pid=4942
2026-10-07T09:32:58.930Z pw:browser [pid=4942][err] [4942:4956:1007/093258.929288:ERROR:dbus/bus.cc:405] Failed to connect to the bus: Could not parse server address: Unknown address type (examples of valid types are "tcp" and on UNIX "unix")
2026-10-07T09:32:58.930Z pw:browser [pid=4942][err] [4942:4956:1007/093258.929868:ERROR:dbus/bus.cc:405] Failed to connect to the bus: Could not parse server address: Unknown address type (examples of valid types are "tcp" and on UNIX "unix")
2026-10-07T09:32:58.930Z pw:browser [pid=4942][err] [4942:4956:1007/093258.929885:ERROR:dbus/bus.cc:405] Failed to connect to the bus: Could not parse server address: Unknown address type (examples of valid types are "tcp" and on UNIX "unix")
2026-10-07T09:32:58.973Z pw:browser [pid=4942][err] [4942:4956:1007/093258.973104:ERROR:dbus/bus.cc:405] Failed to connect to the bus: Could not parse server address: Unknown address type (examples of valid types are "tcp" and on UNIX "unix")
2026-10-07T09:32:59.051Z pw:browser [pid=4942][err] [4942:4942:1007/093259.051597:ERROR:dbus/object_proxy.cc:572] Failed to call method: org.freedesktop.DBus.NameHasOwner: object_path= /org/freedesktop/DBus: unknown error type: 
2026-10-07T09:32:59.053Z pw:browser [pid=4942][err] [4942:4956:1007/093259.052009:ERROR:dbus/bus.cc:405] Failed to connect to the bus: Could not parse server address: Unknown address type (examples of valid types are "tcp" and on UNIX "unix")
2026-10-07T09:32:59.055Z pw:browser [pid=4942][err] [4942:4942:1007/093259.052031:ERROR:dbus/object_proxy.cc:572] Failed to call method: org.freedesktop.DBus.NameHasOwner: object_path= /org/freedesktop/DBus: unknown error type: 
2026-10-07T09:32:59.055Z pw:browser [pid=4942][err] [4942:4956:1007/093259.052650:ERROR:dbus/bus.cc:405] Failed to connect to the bus: Could not parse server address: Unknown address type (examples of valid types are "tcp" and on UNIX "unix")
2026-10-07T09:32:59.062Z pw:browser [pid=4942][err] [4942:4942:1007/093259.060167:ERROR:dbus/object_proxy.cc:572] Failed to call method: org.freedesktop.DBus.NameHasOwner: object_path= /org/freedesktop/DBus: unknown error type: 
2026-10-07T09:32:59.062Z pw:browser [pid=4942][err] [4942:4956:1007/093259.061887:ERROR:dbus/bus.cc:405] Failed to connect to the bus: Could not parse server address: Unknown address type (examples of valid types are "tcp" and on UNIX "unix")
2026-10-07T09:32:59.083Z pw:browser [pid=4942][err] [4942:4942:1007/093259.083264:ERROR:dbus/object_proxy.cc:572] Failed to call method: org.freedesktop.DBus.NameHasOwner: object_path= /org/freedesktop/DBus: unknown error type: 
2026-10-07T09:32:59.083Z pw:browser [pid=4942][err] [4942:4942:1007/093259.083295:ERROR:dbus/object_proxy.cc:572] Failed to call method: org.freedesktop.DBus.NameHasOwner: object_path= /org/freedesktop/DBus: unknown error type: 
2026-10-07T09:32:59.083Z pw:browser [pid=4942][err] [4942:4956:1007/093259.083635:ERROR:dbus/bus.cc:405] Failed to connect to the bus: Could not parse server address: Unknown address type (examples of valid types are "tcp" and on UNIX "unix")
2026-10-07T09:32:59.085Z pw:browser [pid=4942][err] [4942:4942:1007/093259.085208:ERROR:dbus/object_proxy.cc:572] Failed to call method: org.freedesktop.DBus.NameHasOwner: object_path= /org/freedesktop/DBus: unknown error type: 
2026-10-07T09:32:59.105Z pw:browser [pid=4942][err] [4942:4942:1007/093259.103160:ERROR:dbus/object_proxy.cc:572] Failed to call method: org.freedesktop.DBus.NameHasOwner: object_path= /org/freedesktop/DBus: unknown error type: 
2026-10-07T09:32:59.105Z pw:browser [pid=4942][err] [4942:4942:1007/093259.103219:ERROR:dbus/object_proxy.cc:572] Failed to call method: org.freedesktop.DBus.Properties.GetAll: object_path= /org/freedesktop/UPower/devices/DisplayDevice: org.freedesktop.DBus.Error.ServiceUnknown: The name org.freedesktop.UPower was not provided by any .service files
2026-10-07T09:32:59.105Z pw:browser [pid=4942][err] [4942:4956:1007/093259.105712:ERROR:dbus/bus.cc:405] Failed to connect to the bus: Could not parse server address: Unknown address type (examples of valid types are "tcp" and on UNIX "unix")
2026-10-07T09:32:59.115Z pw:browser [pid=4942][err] [4942:4942:1007/093259.115420:ERROR:dbus/object_proxy.cc:572] Failed to call method: org.freedesktop.DBus.NameHasOwner: object_path= /org/freedesktop/DBus: unknown error type: 
2026-10-07T09:32:59.115Z pw:browser [pid=4942][err] [4942:4956:1007/093259.115493:ERROR:dbus/bus.cc:405] Failed to connect to the bus: Could not parse server address: Unknown address type (examples of valid types are "tcp" and on UNIX "unix")
2026-10-07T09:32:59.133Z pw:browser [pid=4942][err] [4942:4942:1007/093259.132408:ERROR:dbus/object_proxy.cc:572] Failed to call method: org.freedesktop.DBus.NameHasOwner: object_path= /org/freedesktop/DBus: unknown error type: 
2026-10-07T09:33:03.319Z pw:browser [pid=4942][err] [4942:4957:1007/093303.318952:ERROR:google_apis/gcm/engine/registration_request.cc:291] Registration response error message: DEPRECATED_ENDPOINT
2026-10-07T09:33:31.083Z pw:browser [pid=4942][err] [4942:4957:1007/093331.083351:ERROR:google_apis/gcm/engine/registration_request.cc:291] Registration response error message: DEPRECATED_ENDPOINT
2026-10-07T09:34:15.604Z pw:browser [pid=4942][err] [4942:4957:1007/093415.604448:ERROR:google_apis/gcm/engine/registration_request.cc:291] Registration response error message: DEPRECATED_ENDPOINT
2026-10-07T09:34:35.814Z pw:browser [pid=4942] <gracefully close start>
2026-10-07T09:34:36.549Z pw:browser [pid=4942] <process did exit: exitCode=0, signal=null>
2026-10-07T09:34:36.549Z pw:browser [pid=4942] starting temporary directories cleanup
2026-10-07T09:34:36.551Z pw:browser [pid=4942] finished temporary directories cleanup
2026-10-07T09:34:36.551Z pw:browser [pid=4942] <gracefully close end>
TimeoutError: page.waitForEvent: Timeout 95000ms exceeded while waiting for event "download"
=========================== logs ===========================
waiting for event "download"
============================================================
