2026-10-07T04:03:34.181Z pw:browser <launching> /home/runner/.cache/ms-playwright/chromium-1247/chrome-linux64/chrome --disable-field-trial-config --disable-background-networking --disable-background-timer-throttling --disable-backgrounding-occluded-windows --disable-back-forward-cache --disable-breakpad --disable-client-side-phishing-detection --disable-component-extensions-with-background-pages --disable-component-update --no-default-browser-check --disable-default-apps --disable-dev-shm-usage --disable-edgeupdater --disable-extensions --disable-features=AvoidUnnecessaryBeforeUnloadCheckSync,DestroyProfileOnBrowserClose,DialMediaRouteProvider,GlobalMediaControls,HttpsUpgrades,LensOverlay,MediaRouter,PaintHolding,ThirdPartyStoragePartitioning,BlockOriginHeaderModificationOnRedirect,Translate,AutoDeElevate,OptimizationHints,msForceBrowserSignIn,msEdgeUpdateLaunchServicesPreferredVersion --enable-features=CDPScreenshotNewSurface --allow-pre-commit-input --disable-hang-monitor --disable-ipc-flooding-protection --disable-popup-blocking --disable-prompt-on-repost --disable-renderer-backgrounding --disable-updater-scheduler --force-color-profile=srgb --metrics-recording-only --no-first-run --password-store=basic --use-mock-keychain --no-service-autorun --export-tagged-pdf --disable-search-engine-choice-screen --unsafely-disable-devtools-self-xss-warnings --edge-skip-compat-layer-relaunch --disable-infobars --disable-search-engine-choice-screen --disable-sync --enable-unsafe-swiftshader --headless --hide-scrollbars --mute-audio --blink-settings=primaryHoverType=2,availableHoverTypes=2,primaryPointerType=4,availablePointerTypes=4 --no-sandbox --use-gl=angle --use-angle=swiftshader --enable-unsafe-swiftshader --user-data-dir=/home/runner/work/projects-monorepo/projects-monorepo/apps/shot-studio/test-results/maximum-155/profile --remote-debugging-pipe about:blank
2026-10-07T04:03:34.187Z pw:browser <launched> pid=4422
2026-10-07T04:03:36.027Z pw:browser [pid=4422][err] [4422:4436:1007/040336.025304:ERROR:dbus/bus.cc:405] Failed to connect to the bus: Could not parse server address: Unknown address type (examples of valid types are "tcp" and on UNIX "unix")
2026-10-07T04:03:36.027Z pw:browser [pid=4422][err] [4422:4436:1007/040336.026658:ERROR:dbus/bus.cc:405] Failed to connect to the bus: Could not parse server address: Unknown address type (examples of valid types are "tcp" and on UNIX "unix")
2026-10-07T04:03:36.027Z pw:browser [pid=4422][err] [4422:4436:1007/040336.026678:ERROR:dbus/bus.cc:405] Failed to connect to the bus: Could not parse server address: Unknown address type (examples of valid types are "tcp" and on UNIX "unix")
2026-10-07T04:03:36.059Z pw:browser [pid=4422][err] [4422:4436:1007/040336.058934:ERROR:dbus/bus.cc:405] Failed to connect to the bus: Could not parse server address: Unknown address type (examples of valid types are "tcp" and on UNIX "unix")
2026-10-07T04:03:36.152Z pw:browser [pid=4422][err] [4422:4422:1007/040336.151689:ERROR:dbus/object_proxy.cc:572] Failed to call method: org.freedesktop.DBus.NameHasOwner: object_path= /org/freedesktop/DBus: unknown error type: 
2026-10-07T04:03:36.152Z pw:browser [pid=4422][err] [4422:4436:1007/040336.151757:ERROR:dbus/bus.cc:405] Failed to connect to the bus: Could not parse server address: Unknown address type (examples of valid types are "tcp" and on UNIX "unix")
2026-10-07T04:03:36.152Z pw:browser [pid=4422][err] [4422:4422:1007/040336.151787:ERROR:dbus/object_proxy.cc:572] Failed to call method: org.freedesktop.DBus.NameHasOwner: object_path= /org/freedesktop/DBus: unknown error type: 
2026-10-07T04:03:36.152Z pw:browser [pid=4422][err] [4422:4436:1007/040336.151823:ERROR:dbus/bus.cc:405] Failed to connect to the bus: Could not parse server address: Unknown address type (examples of valid types are "tcp" and on UNIX "unix")
2026-10-07T04:03:36.169Z pw:browser [pid=4422][err] [4422:4422:1007/040336.166839:ERROR:dbus/object_proxy.cc:572] Failed to call method: org.freedesktop.DBus.NameHasOwner: object_path= /org/freedesktop/DBus: unknown error type: 
2026-10-07T04:03:36.169Z pw:browser [pid=4422][err] [4422:4436:1007/040336.166926:ERROR:dbus/bus.cc:405] Failed to connect to the bus: Could not parse server address: Unknown address type (examples of valid types are "tcp" and on UNIX "unix")
2026-10-07T04:03:36.196Z pw:browser [pid=4422][err] [4422:4422:1007/040336.195942:ERROR:dbus/object_proxy.cc:572] Failed to call method: org.freedesktop.DBus.NameHasOwner: object_path= /org/freedesktop/DBus: unknown error type: 
2026-10-07T04:03:36.196Z pw:browser [pid=4422][err] [4422:4422:1007/040336.195969:ERROR:dbus/object_proxy.cc:572] Failed to call method: org.freedesktop.DBus.NameHasOwner: object_path= /org/freedesktop/DBus: unknown error type: 
2026-10-07T04:03:36.197Z pw:browser [pid=4422][err] [4422:4422:1007/040336.197329:ERROR:dbus/object_proxy.cc:572] Failed to call method: org.freedesktop.DBus.NameHasOwner: object_path= /org/freedesktop/DBus: unknown error type: 
2026-10-07T04:03:36.199Z pw:browser [pid=4422][err] [4422:4436:1007/040336.199273:ERROR:dbus/bus.cc:405] Failed to connect to the bus: Could not parse server address: Unknown address type (examples of valid types are "tcp" and on UNIX "unix")
2026-10-07T04:03:36.224Z pw:browser [pid=4422][err] [4422:4422:1007/040336.223290:ERROR:dbus/object_proxy.cc:572] Failed to call method: org.freedesktop.DBus.NameHasOwner: object_path= /org/freedesktop/DBus: unknown error type: 
2026-10-07T04:03:36.224Z pw:browser [pid=4422][err] [4422:4422:1007/040336.223498:ERROR:dbus/object_proxy.cc:572] Failed to call method: org.freedesktop.DBus.Properties.GetAll: object_path= /org/freedesktop/UPower/devices/DisplayDevice: org.freedesktop.DBus.Error.ServiceUnknown: The name org.freedesktop.UPower was not provided by any .service files
2026-10-07T04:03:36.224Z pw:browser [pid=4422][err] [4422:4436:1007/040336.224087:ERROR:dbus/bus.cc:405] Failed to connect to the bus: Could not parse server address: Unknown address type (examples of valid types are "tcp" and on UNIX "unix")
2026-10-07T04:03:36.236Z pw:browser [pid=4422][err] [4422:4422:1007/040336.236598:ERROR:dbus/object_proxy.cc:572] Failed to call method: org.freedesktop.DBus.NameHasOwner: object_path= /org/freedesktop/DBus: unknown error type: 
2026-10-07T04:03:36.237Z pw:browser [pid=4422][err] [4422:4436:1007/040336.237490:ERROR:dbus/bus.cc:405] Failed to connect to the bus: Could not parse server address: Unknown address type (examples of valid types are "tcp" and on UNIX "unix")
2026-10-07T04:03:36.255Z pw:browser [pid=4422][err] [4422:4422:1007/040336.253699:ERROR:dbus/object_proxy.cc:572] Failed to call method: org.freedesktop.DBus.NameHasOwner: object_path= /org/freedesktop/DBus: unknown error type: 
2026-10-07T04:03:40.334Z pw:browser [pid=4422][err] [4422:4437:1007/040340.329771:ERROR:google_apis/gcm/engine/registration_request.cc:291] Registration response error message: DEPRECATED_ENDPOINT
2026-10-07T04:03:52.600Z pw:browser [pid=4422] <gracefully close start>
2026-10-07T04:03:52.737Z pw:browser [pid=4422] <process did exit: exitCode=0, signal=null>
2026-10-07T04:03:52.737Z pw:browser [pid=4422] starting temporary directories cleanup
2026-10-07T04:03:52.742Z pw:browser [pid=4422] finished temporary directories cleanup
2026-10-07T04:03:52.742Z pw:browser [pid=4422] <gracefully close end>
2026-10-07T04:03:52.745Z pw:browser <launching> /home/runner/.cache/ms-playwright/chromium-1247/chrome-linux64/chrome --disable-field-trial-config --disable-background-networking --disable-background-timer-throttling --disable-backgrounding-occluded-windows --disable-back-forward-cache --disable-breakpad --disable-client-side-phishing-detection --disable-component-extensions-with-background-pages --disable-component-update --no-default-browser-check --disable-default-apps --disable-dev-shm-usage --disable-edgeupdater --disable-extensions --disable-features=AvoidUnnecessaryBeforeUnloadCheckSync,DestroyProfileOnBrowserClose,DialMediaRouteProvider,GlobalMediaControls,HttpsUpgrades,LensOverlay,MediaRouter,PaintHolding,ThirdPartyStoragePartitioning,BlockOriginHeaderModificationOnRedirect,Translate,AutoDeElevate,OptimizationHints,msForceBrowserSignIn,msEdgeUpdateLaunchServicesPreferredVersion --enable-features=CDPScreenshotNewSurface --allow-pre-commit-input --disable-hang-monitor --disable-ipc-flooding-protection --disable-popup-blocking --disable-prompt-on-repost --disable-renderer-backgrounding --disable-updater-scheduler --force-color-profile=srgb --metrics-recording-only --no-first-run --password-store=basic --use-mock-keychain --no-service-autorun --export-tagged-pdf --disable-search-engine-choice-screen --unsafely-disable-devtools-self-xss-warnings --edge-skip-compat-layer-relaunch --disable-infobars --disable-search-engine-choice-screen --disable-sync --enable-unsafe-swiftshader --headless --hide-scrollbars --mute-audio --blink-settings=primaryHoverType=2,availableHoverTypes=2,primaryPointerType=4,availablePointerTypes=4 --no-sandbox --use-gl=angle --use-angle=swiftshader --enable-unsafe-swiftshader --user-data-dir=/home/runner/work/projects-monorepo/projects-monorepo/apps/shot-studio/test-results/maximum-155/profile --remote-debugging-pipe about:blank
2026-10-07T04:03:52.749Z pw:browser <launched> pid=4586
2026-10-07T04:03:52.802Z pw:browser [pid=4586][err] [4586:4601:1007/040352.801696:ERROR:dbus/bus.cc:405] Failed to connect to the bus: Could not parse server address: Unknown address type (examples of valid types are "tcp" and on UNIX "unix")
2026-10-07T04:03:52.803Z pw:browser [pid=4586][err] [4586:4601:1007/040352.803427:ERROR:dbus/bus.cc:405] Failed to connect to the bus: Could not parse server address: Unknown address type (examples of valid types are "tcp" and on UNIX "unix")
2026-10-07T04:03:52.803Z pw:browser [pid=4586][err] [4586:4601:1007/040352.803447:ERROR:dbus/bus.cc:405] Failed to connect to the bus: Could not parse server address: Unknown address type (examples of valid types are "tcp" and on UNIX "unix")
2026-10-07T04:03:52.842Z pw:browser [pid=4586][err] [4586:4601:1007/040352.840392:ERROR:dbus/bus.cc:405] Failed to connect to the bus: Could not parse server address: Unknown address type (examples of valid types are "tcp" and on UNIX "unix")
2026-10-07T04:03:52.935Z pw:browser [pid=4586][err] [4586:4586:1007/040352.935006:ERROR:dbus/object_proxy.cc:572] Failed to call method: org.freedesktop.DBus.NameHasOwner: object_path= /org/freedesktop/DBus: unknown error type: 
2026-10-07T04:03:52.935Z pw:browser [pid=4586][err] [4586:4601:1007/040352.935475:ERROR:dbus/bus.cc:405] Failed to connect to the bus: Could not parse server address: Unknown address type (examples of valid types are "tcp" and on UNIX "unix")
2026-10-07T04:03:52.935Z pw:browser [pid=4586][err] [4586:4586:1007/040352.935671:ERROR:dbus/object_proxy.cc:572] Failed to call method: org.freedesktop.DBus.NameHasOwner: object_path= /org/freedesktop/DBus: unknown error type: 
2026-10-07T04:03:52.935Z pw:browser [pid=4586][err] [4586:4601:1007/040352.935832:ERROR:dbus/bus.cc:405] Failed to connect to the bus: Could not parse server address: Unknown address type (examples of valid types are "tcp" and on UNIX "unix")
2026-10-07T04:03:52.942Z pw:browser [pid=4586][err] [4586:4586:1007/040352.941869:ERROR:dbus/object_proxy.cc:572] Failed to call method: org.freedesktop.DBus.NameHasOwner: object_path= /org/freedesktop/DBus: unknown error type: 
2026-10-07T04:03:52.942Z pw:browser [pid=4586][err] [4586:4601:1007/040352.942476:ERROR:dbus/bus.cc:405] Failed to connect to the bus: Could not parse server address: Unknown address type (examples of valid types are "tcp" and on UNIX "unix")
2026-10-07T04:03:52.962Z pw:browser [pid=4586][err] [4586:4586:1007/040352.962091:ERROR:dbus/object_proxy.cc:572] Failed to call method: org.freedesktop.DBus.NameHasOwner: object_path= /org/freedesktop/DBus: unknown error type: 
2026-10-07T04:03:52.962Z pw:browser [pid=4586][err] [4586:4586:1007/040352.962153:ERROR:dbus/object_proxy.cc:572] Failed to call method: org.freedesktop.DBus.NameHasOwner: object_path= /org/freedesktop/DBus: unknown error type: 
2026-10-07T04:03:52.962Z pw:browser [pid=4586][err] [4586:4601:1007/040352.962669:ERROR:dbus/bus.cc:405] Failed to connect to the bus: Could not parse server address: Unknown address type (examples of valid types are "tcp" and on UNIX "unix")
2026-10-07T04:03:52.962Z pw:browser [pid=4586][err] [4586:4586:1007/040352.962850:ERROR:dbus/object_proxy.cc:572] Failed to call method: org.freedesktop.DBus.NameHasOwner: object_path= /org/freedesktop/DBus: unknown error type: 
2026-10-07T04:03:52.980Z pw:browser [pid=4586][err] [4586:4586:1007/040352.980633:ERROR:dbus/object_proxy.cc:572] Failed to call method: org.freedesktop.DBus.NameHasOwner: object_path= /org/freedesktop/DBus: unknown error type: 
2026-10-07T04:03:52.982Z pw:browser [pid=4586][err] [4586:4586:1007/040352.980702:ERROR:dbus/object_proxy.cc:572] Failed to call method: org.freedesktop.DBus.Properties.GetAll: object_path= /org/freedesktop/UPower/devices/DisplayDevice: org.freedesktop.DBus.Error.ServiceUnknown: The name org.freedesktop.UPower was not provided by any .service files
2026-10-07T04:03:52.982Z pw:browser [pid=4586][err] [4586:4601:1007/040352.980719:ERROR:dbus/bus.cc:405] Failed to connect to the bus: Could not parse server address: Unknown address type (examples of valid types are "tcp" and on UNIX "unix")
2026-10-07T04:03:52.989Z pw:browser [pid=4586][err] [4586:4586:1007/040352.989231:ERROR:dbus/object_proxy.cc:572] Failed to call method: org.freedesktop.DBus.NameHasOwner: object_path= /org/freedesktop/DBus: unknown error type: 
2026-10-07T04:03:52.990Z pw:browser [pid=4586][err] [4586:4601:1007/040352.990229:ERROR:dbus/bus.cc:405] Failed to connect to the bus: Could not parse server address: Unknown address type (examples of valid types are "tcp" and on UNIX "unix")
2026-10-07T04:03:53.005Z pw:browser [pid=4586][err] [4586:4586:1007/040353.005426:ERROR:dbus/object_proxy.cc:572] Failed to call method: org.freedesktop.DBus.NameHasOwner: object_path= /org/freedesktop/DBus: unknown error type: 
2026-10-07T04:03:56.998Z pw:browser [pid=4586][err] [4586:4603:1007/040356.997794:ERROR:google_apis/gcm/engine/registration_request.cc:291] Registration response error message: DEPRECATED_ENDPOINT
2026-10-07T04:04:23.119Z pw:browser [pid=4586][err] [4586:4603:1007/040423.119288:ERROR:google_apis/gcm/engine/registration_request.cc:291] Registration response error message: DEPRECATED_ENDPOINT
2026-10-07T04:05:21.885Z pw:browser [pid=4586][err] [4586:4603:1007/040521.885770:ERROR:google_apis/gcm/engine/registration_request.cc:291] Registration response error message: DEPRECATED_ENDPOINT
2026-10-07T04:05:29.743Z pw:browser [pid=4586] <gracefully close start>
2026-10-07T04:05:30.515Z pw:browser [pid=4586] <process did exit: exitCode=0, signal=null>
2026-10-07T04:05:30.515Z pw:browser [pid=4586] starting temporary directories cleanup
2026-10-07T04:05:30.517Z pw:browser [pid=4586] finished temporary directories cleanup
2026-10-07T04:05:30.517Z pw:browser [pid=4586] <gracefully close end>
TimeoutError: page.waitForEvent: Timeout 95000ms exceeded while waiting for event "download"
=========================== logs ===========================
waiting for event "download"
============================================================
