2026-10-07T15:46:36.036Z pw:browser <launching> /home/runner/.cache/ms-playwright/chromium-1247/chrome-linux64/chrome --disable-field-trial-config --disable-background-networking --disable-background-timer-throttling --disable-backgrounding-occluded-windows --disable-back-forward-cache --disable-breakpad --disable-client-side-phishing-detection --disable-component-extensions-with-background-pages --disable-component-update --no-default-browser-check --disable-default-apps --disable-dev-shm-usage --disable-edgeupdater --disable-extensions --disable-features=AvoidUnnecessaryBeforeUnloadCheckSync,DestroyProfileOnBrowserClose,DialMediaRouteProvider,GlobalMediaControls,HttpsUpgrades,LensOverlay,MediaRouter,PaintHolding,ThirdPartyStoragePartitioning,BlockOriginHeaderModificationOnRedirect,Translate,AutoDeElevate,OptimizationHints,msForceBrowserSignIn,msEdgeUpdateLaunchServicesPreferredVersion --enable-features=CDPScreenshotNewSurface --allow-pre-commit-input --disable-hang-monitor --disable-ipc-flooding-protection --disable-popup-blocking --disable-prompt-on-repost --disable-renderer-backgrounding --disable-updater-scheduler --force-color-profile=srgb --metrics-recording-only --no-first-run --password-store=basic --use-mock-keychain --no-service-autorun --export-tagged-pdf --disable-search-engine-choice-screen --unsafely-disable-devtools-self-xss-warnings --edge-skip-compat-layer-relaunch --disable-infobars --disable-search-engine-choice-screen --disable-sync --enable-unsafe-swiftshader --headless --hide-scrollbars --mute-audio --blink-settings=primaryHoverType=2,availableHoverTypes=2,primaryPointerType=4,availablePointerTypes=4 --no-sandbox --use-gl=angle --use-angle=swiftshader --enable-unsafe-swiftshader --user-data-dir=/home/runner/work/projects-monorepo/projects-monorepo/apps/shot-studio/test-results/maximum-155/profile --remote-debugging-pipe about:blank
2026-10-07T15:46:36.040Z pw:browser <launched> pid=4348
2026-10-07T15:46:36.360Z pw:browser [pid=4348][err] [4348:4362:1007/154636.358610:ERROR:dbus/bus.cc:405] Failed to connect to the bus: Could not parse server address: Unknown address type (examples of valid types are "tcp" and on UNIX "unix")
2026-10-07T15:46:36.360Z pw:browser [pid=4348][err] [4348:4362:1007/154636.359592:ERROR:dbus/bus.cc:405] Failed to connect to the bus: Could not parse server address: Unknown address type (examples of valid types are "tcp" and on UNIX "unix")
2026-10-07T15:46:36.360Z pw:browser [pid=4348][err] [4348:4362:1007/154636.359608:ERROR:dbus/bus.cc:405] Failed to connect to the bus: Could not parse server address: Unknown address type (examples of valid types are "tcp" and on UNIX "unix")
2026-10-07T15:46:36.397Z pw:browser [pid=4348][err] [4348:4362:1007/154636.397226:ERROR:dbus/bus.cc:405] Failed to connect to the bus: Could not parse server address: Unknown address type (examples of valid types are "tcp" and on UNIX "unix")
2026-10-07T15:46:36.479Z pw:browser [pid=4348][err] [4348:4348:1007/154636.479226:ERROR:dbus/object_proxy.cc:572] Failed to call method: org.freedesktop.DBus.NameHasOwner: object_path= /org/freedesktop/DBus: unknown error type: 
2026-10-07T15:46:36.480Z pw:browser [pid=4348][err] [4348:4348:1007/154636.479336:ERROR:dbus/object_proxy.cc:572] Failed to call method: org.freedesktop.DBus.NameHasOwner: object_path= /org/freedesktop/DBus: unknown error type: 
2026-10-07T15:46:36.482Z pw:browser [pid=4348][err] [4348:4362:1007/154636.481842:ERROR:dbus/bus.cc:405] Failed to connect to the bus: Could not parse server address: Unknown address type (examples of valid types are "tcp" and on UNIX "unix")
2026-10-07T15:46:36.482Z pw:browser [pid=4348][err] [4348:4362:1007/154636.481901:ERROR:dbus/bus.cc:405] Failed to connect to the bus: Could not parse server address: Unknown address type (examples of valid types are "tcp" and on UNIX "unix")
2026-10-07T15:46:36.488Z pw:browser [pid=4348][err] [4348:4348:1007/154636.487582:ERROR:dbus/object_proxy.cc:572] Failed to call method: org.freedesktop.DBus.NameHasOwner: object_path= /org/freedesktop/DBus: unknown error type: 
2026-10-07T15:46:36.489Z pw:browser [pid=4348][err] [4348:4362:1007/154636.488987:ERROR:dbus/bus.cc:405] Failed to connect to the bus: Could not parse server address: Unknown address type (examples of valid types are "tcp" and on UNIX "unix")
2026-10-07T15:46:36.514Z pw:browser [pid=4348][err] [4348:4348:1007/154636.513997:ERROR:dbus/object_proxy.cc:572] Failed to call method: org.freedesktop.DBus.NameHasOwner: object_path= /org/freedesktop/DBus: unknown error type: 
2026-10-07T15:46:36.514Z pw:browser [pid=4348][err] [4348:4348:1007/154636.514021:ERROR:dbus/object_proxy.cc:572] Failed to call method: org.freedesktop.DBus.NameHasOwner: object_path= /org/freedesktop/DBus: unknown error type: 
2026-10-07T15:46:36.514Z pw:browser [pid=4348][err] [4348:4362:1007/154636.514053:ERROR:dbus/bus.cc:405] Failed to connect to the bus: Could not parse server address: Unknown address type (examples of valid types are "tcp" and on UNIX "unix")
2026-10-07T15:46:36.515Z pw:browser [pid=4348][err] [4348:4348:1007/154636.515766:ERROR:dbus/object_proxy.cc:572] Failed to call method: org.freedesktop.DBus.NameHasOwner: object_path= /org/freedesktop/DBus: unknown error type: 
2026-10-07T15:46:36.530Z pw:browser [pid=4348][err] [4348:4348:1007/154636.529306:ERROR:dbus/object_proxy.cc:572] Failed to call method: org.freedesktop.DBus.NameHasOwner: object_path= /org/freedesktop/DBus: unknown error type: 
2026-10-07T15:46:36.530Z pw:browser [pid=4348][err] [4348:4348:1007/154636.529364:ERROR:dbus/object_proxy.cc:572] Failed to call method: org.freedesktop.DBus.Properties.GetAll: object_path= /org/freedesktop/UPower/devices/DisplayDevice: org.freedesktop.DBus.Error.ServiceUnknown: The name org.freedesktop.UPower was not provided by any .service files
2026-10-07T15:46:36.530Z pw:browser [pid=4348][err] [4348:4362:1007/154636.529379:ERROR:dbus/bus.cc:405] Failed to connect to the bus: Could not parse server address: Unknown address type (examples of valid types are "tcp" and on UNIX "unix")
2026-10-07T15:46:36.538Z pw:browser [pid=4348][err] [4348:4348:1007/154636.535181:ERROR:dbus/object_proxy.cc:572] Failed to call method: org.freedesktop.DBus.NameHasOwner: object_path= /org/freedesktop/DBus: unknown error type: 
2026-10-07T15:46:36.538Z pw:browser [pid=4348][err] [4348:4362:1007/154636.535232:ERROR:dbus/bus.cc:405] Failed to connect to the bus: Could not parse server address: Unknown address type (examples of valid types are "tcp" and on UNIX "unix")
2026-10-07T15:46:36.548Z pw:browser [pid=4348][err] [4348:4348:1007/154636.548194:ERROR:dbus/object_proxy.cc:572] Failed to call method: org.freedesktop.DBus.NameHasOwner: object_path= /org/freedesktop/DBus: unknown error type: 
2026-10-07T15:46:40.689Z pw:browser [pid=4348][err] [4348:4363:1007/154640.689738:ERROR:google_apis/gcm/engine/registration_request.cc:291] Registration response error message: PHONE_REGISTRATION_ERROR
2026-10-07T15:46:40.693Z pw:browser [pid=4348][err] [4348:4363:1007/154640.692872:ERROR:google_apis/gcm/engine/registration_request.cc:291] Registration response error message: PHONE_REGISTRATION_ERROR
2026-10-07T15:46:40.693Z pw:browser [pid=4348][err] [4348:4363:1007/154640.693638:ERROR:google_apis/gcm/engine/registration_request.cc:291] Registration response error message: PHONE_REGISTRATION_ERROR
2026-10-07T15:46:53.385Z pw:browser [pid=4348] <gracefully close start>
2026-10-07T15:46:53.684Z pw:browser [pid=4348] <process did exit: exitCode=0, signal=null>
2026-10-07T15:46:53.684Z pw:browser [pid=4348] starting temporary directories cleanup
2026-10-07T15:46:53.689Z pw:browser [pid=4348] finished temporary directories cleanup
2026-10-07T15:46:53.689Z pw:browser [pid=4348] <gracefully close end>
2026-10-07T15:46:53.691Z pw:browser <launching> /home/runner/.cache/ms-playwright/chromium-1247/chrome-linux64/chrome --disable-field-trial-config --disable-background-networking --disable-background-timer-throttling --disable-backgrounding-occluded-windows --disable-back-forward-cache --disable-breakpad --disable-client-side-phishing-detection --disable-component-extensions-with-background-pages --disable-component-update --no-default-browser-check --disable-default-apps --disable-dev-shm-usage --disable-edgeupdater --disable-extensions --disable-features=AvoidUnnecessaryBeforeUnloadCheckSync,DestroyProfileOnBrowserClose,DialMediaRouteProvider,GlobalMediaControls,HttpsUpgrades,LensOverlay,MediaRouter,PaintHolding,ThirdPartyStoragePartitioning,BlockOriginHeaderModificationOnRedirect,Translate,AutoDeElevate,OptimizationHints,msForceBrowserSignIn,msEdgeUpdateLaunchServicesPreferredVersion --enable-features=CDPScreenshotNewSurface --allow-pre-commit-input --disable-hang-monitor --disable-ipc-flooding-protection --disable-popup-blocking --disable-prompt-on-repost --disable-renderer-backgrounding --disable-updater-scheduler --force-color-profile=srgb --metrics-recording-only --no-first-run --password-store=basic --use-mock-keychain --no-service-autorun --export-tagged-pdf --disable-search-engine-choice-screen --unsafely-disable-devtools-self-xss-warnings --edge-skip-compat-layer-relaunch --disable-infobars --disable-search-engine-choice-screen --disable-sync --enable-unsafe-swiftshader --headless --hide-scrollbars --mute-audio --blink-settings=primaryHoverType=2,availableHoverTypes=2,primaryPointerType=4,availablePointerTypes=4 --no-sandbox --use-gl=angle --use-angle=swiftshader --enable-unsafe-swiftshader --user-data-dir=/home/runner/work/projects-monorepo/projects-monorepo/apps/shot-studio/test-results/maximum-155/profile --remote-debugging-pipe about:blank
2026-10-07T15:46:53.695Z pw:browser <launched> pid=4511
2026-10-07T15:46:53.741Z pw:browser [pid=4511][err] [4511:4525:1007/154653.740624:ERROR:dbus/bus.cc:405] Failed to connect to the bus: Could not parse server address: Unknown address type (examples of valid types are "tcp" and on UNIX "unix")
2026-10-07T15:46:53.744Z pw:browser [pid=4511][err] [4511:4525:1007/154653.744534:ERROR:dbus/bus.cc:405] Failed to connect to the bus: Could not parse server address: Unknown address type (examples of valid types are "tcp" and on UNIX "unix")
2026-10-07T15:46:53.744Z pw:browser [pid=4511][err] [4511:4525:1007/154653.744558:ERROR:dbus/bus.cc:405] Failed to connect to the bus: Could not parse server address: Unknown address type (examples of valid types are "tcp" and on UNIX "unix")
2026-10-07T15:46:53.784Z pw:browser [pid=4511][err] [4511:4525:1007/154653.782326:ERROR:dbus/bus.cc:405] Failed to connect to the bus: Could not parse server address: Unknown address type (examples of valid types are "tcp" and on UNIX "unix")
2026-10-07T15:46:53.867Z pw:browser [pid=4511][err] [4511:4511:1007/154653.867050:ERROR:dbus/object_proxy.cc:572] Failed to call method: org.freedesktop.DBus.NameHasOwner: object_path= /org/freedesktop/DBus: unknown error type: 
2026-10-07T15:46:53.867Z pw:browser [pid=4511][err] [4511:4525:1007/154653.867857:ERROR:dbus/bus.cc:405] Failed to connect to the bus: Could not parse server address: Unknown address type (examples of valid types are "tcp" and on UNIX "unix")
2026-10-07T15:46:53.874Z pw:browser [pid=4511][err] [4511:4511:1007/154653.873889:ERROR:dbus/object_proxy.cc:572] Failed to call method: org.freedesktop.DBus.NameHasOwner: object_path= /org/freedesktop/DBus: unknown error type: 
2026-10-07T15:46:53.878Z pw:browser [pid=4511][err] [4511:4511:1007/154653.876724:ERROR:dbus/object_proxy.cc:572] Failed to call method: org.freedesktop.DBus.NameHasOwner: object_path= /org/freedesktop/DBus: unknown error type: 
2026-10-07T15:46:53.878Z pw:browser [pid=4511][err] [4511:4525:1007/154653.877727:ERROR:dbus/bus.cc:405] Failed to connect to the bus: Could not parse server address: Unknown address type (examples of valid types are "tcp" and on UNIX "unix")
2026-10-07T15:46:53.878Z pw:browser [pid=4511][err] [4511:4525:1007/154653.877745:ERROR:dbus/bus.cc:405] Failed to connect to the bus: Could not parse server address: Unknown address type (examples of valid types are "tcp" and on UNIX "unix")
2026-10-07T15:46:53.892Z pw:browser [pid=4511][err] [4511:4511:1007/154653.892139:ERROR:dbus/object_proxy.cc:572] Failed to call method: org.freedesktop.DBus.NameHasOwner: object_path= /org/freedesktop/DBus: unknown error type: 
2026-10-07T15:46:53.893Z pw:browser [pid=4511][err] [4511:4511:1007/154653.893287:ERROR:dbus/object_proxy.cc:572] Failed to call method: org.freedesktop.DBus.NameHasOwner: object_path= /org/freedesktop/DBus: unknown error type: 
2026-10-07T15:46:53.893Z pw:browser [pid=4511][err] [4511:4511:1007/154653.893321:ERROR:dbus/object_proxy.cc:572] Failed to call method: org.freedesktop.DBus.NameHasOwner: object_path= /org/freedesktop/DBus: unknown error type: 
2026-10-07T15:46:53.893Z pw:browser [pid=4511][err] [4511:4525:1007/154653.893332:ERROR:dbus/bus.cc:405] Failed to connect to the bus: Could not parse server address: Unknown address type (examples of valid types are "tcp" and on UNIX "unix")
2026-10-07T15:46:53.906Z pw:browser [pid=4511][err] [4511:4511:1007/154653.905283:ERROR:dbus/object_proxy.cc:572] Failed to call method: org.freedesktop.DBus.Properties.GetAll: object_path= /org/freedesktop/UPower/devices/DisplayDevice: org.freedesktop.DBus.Error.ServiceUnknown: The name org.freedesktop.UPower was not provided by any .service files
2026-10-07T15:46:53.907Z pw:browser [pid=4511][err] [4511:4511:1007/154653.906177:ERROR:dbus/object_proxy.cc:572] Failed to call method: org.freedesktop.DBus.NameHasOwner: object_path= /org/freedesktop/DBus: unknown error type: 
2026-10-07T15:46:53.907Z pw:browser [pid=4511][err] [4511:4525:1007/154653.906243:ERROR:dbus/bus.cc:405] Failed to connect to the bus: Could not parse server address: Unknown address type (examples of valid types are "tcp" and on UNIX "unix")
2026-10-07T15:46:53.912Z pw:browser [pid=4511][err] [4511:4511:1007/154653.911954:ERROR:dbus/object_proxy.cc:572] Failed to call method: org.freedesktop.DBus.NameHasOwner: object_path= /org/freedesktop/DBus: unknown error type: 
2026-10-07T15:46:53.913Z pw:browser [pid=4511][err] [4511:4525:1007/154653.912195:ERROR:dbus/bus.cc:405] Failed to connect to the bus: Could not parse server address: Unknown address type (examples of valid types are "tcp" and on UNIX "unix")
2026-10-07T15:46:53.925Z pw:browser [pid=4511][err] [4511:4511:1007/154653.925241:ERROR:dbus/object_proxy.cc:572] Failed to call method: org.freedesktop.DBus.NameHasOwner: object_path= /org/freedesktop/DBus: unknown error type: 
2026-10-07T15:46:57.941Z pw:browser [pid=4511][err] [4511:4528:1007/154657.940988:ERROR:google_apis/gcm/engine/registration_request.cc:291] Registration response error message: DEPRECATED_ENDPOINT
2026-10-07T15:47:20.646Z pw:browser [pid=4511][err] [4511:4528:1007/154720.646301:ERROR:google_apis/gcm/engine/registration_request.cc:291] Registration response error message: DEPRECATED_ENDPOINT
2026-10-07T15:48:13.376Z pw:browser [pid=4511][err] [4511:4528:1007/154813.376657:ERROR:google_apis/gcm/engine/registration_request.cc:291] Registration response error message: DEPRECATED_ENDPOINT
2026-10-07T15:48:30.543Z pw:browser [pid=4511] <gracefully close start>
2026-10-07T15:48:31.317Z pw:browser [pid=4511] <process did exit: exitCode=0, signal=null>
2026-10-07T15:48:31.317Z pw:browser [pid=4511] starting temporary directories cleanup
2026-10-07T15:48:31.319Z pw:browser [pid=4511] finished temporary directories cleanup
2026-10-07T15:48:31.319Z pw:browser [pid=4511] <gracefully close end>
TimeoutError: page.waitForEvent: Timeout 95000ms exceeded while waiting for event "download"
=========================== logs ===========================
waiting for event "download"
============================================================
