2026-10-07T15:46:32.228Z pw:browser <launching> /home/runner/.cache/ms-playwright/chromium-1247/chrome-linux64/chrome --disable-field-trial-config --disable-background-networking --disable-background-timer-throttling --disable-backgrounding-occluded-windows --disable-back-forward-cache --disable-breakpad --disable-client-side-phishing-detection --disable-component-extensions-with-background-pages --disable-component-update --no-default-browser-check --disable-default-apps --disable-dev-shm-usage --disable-edgeupdater --disable-extensions --disable-features=AvoidUnnecessaryBeforeUnloadCheckSync,DestroyProfileOnBrowserClose,DialMediaRouteProvider,GlobalMediaControls,HttpsUpgrades,LensOverlay,MediaRouter,PaintHolding,ThirdPartyStoragePartitioning,BlockOriginHeaderModificationOnRedirect,Translate,AutoDeElevate,OptimizationHints,msForceBrowserSignIn,msEdgeUpdateLaunchServicesPreferredVersion --enable-features=CDPScreenshotNewSurface --allow-pre-commit-input --disable-hang-monitor --disable-ipc-flooding-protection --disable-popup-blocking --disable-prompt-on-repost --disable-renderer-backgrounding --disable-updater-scheduler --force-color-profile=srgb --metrics-recording-only --no-first-run --password-store=basic --use-mock-keychain --no-service-autorun --export-tagged-pdf --disable-search-engine-choice-screen --unsafely-disable-devtools-self-xss-warnings --edge-skip-compat-layer-relaunch --disable-infobars --disable-search-engine-choice-screen --disable-sync --enable-unsafe-swiftshader --headless --hide-scrollbars --mute-audio --blink-settings=primaryHoverType=2,availableHoverTypes=2,primaryPointerType=4,availablePointerTypes=4 --no-sandbox --use-gl=angle --use-angle=swiftshader --enable-unsafe-swiftshader --user-data-dir=/home/runner/work/projects-monorepo/projects-monorepo/apps/shot-studio/test-results/maximum-155/profile --remote-debugging-pipe about:blank
2026-10-07T15:46:32.232Z pw:browser <launched> pid=4222
2026-10-07T15:46:33.206Z pw:browser [pid=4222][err] [4222:4236:1007/154633.205257:ERROR:dbus/bus.cc:405] Failed to connect to the bus: Could not parse server address: Unknown address type (examples of valid types are "tcp" and on UNIX "unix")
2026-10-07T15:46:33.207Z pw:browser [pid=4222][err] [4222:4236:1007/154633.207069:ERROR:dbus/bus.cc:405] Failed to connect to the bus: Could not parse server address: Unknown address type (examples of valid types are "tcp" and on UNIX "unix")
2026-10-07T15:46:33.207Z pw:browser [pid=4222][err] [4222:4236:1007/154633.207088:ERROR:dbus/bus.cc:405] Failed to connect to the bus: Could not parse server address: Unknown address type (examples of valid types are "tcp" and on UNIX "unix")
2026-10-07T15:46:33.236Z pw:browser [pid=4222][err] [4222:4236:1007/154633.235991:ERROR:dbus/bus.cc:405] Failed to connect to the bus: Could not parse server address: Unknown address type (examples of valid types are "tcp" and on UNIX "unix")
2026-10-07T15:46:33.307Z pw:browser [pid=4222][err] [4222:4222:1007/154633.304523:ERROR:dbus/object_proxy.cc:572] Failed to call method: org.freedesktop.DBus.NameHasOwner: object_path= /org/freedesktop/DBus: unknown error type: 
2026-10-07T15:46:33.307Z pw:browser [pid=4222][err] [4222:4236:1007/154633.304605:ERROR:dbus/bus.cc:405] Failed to connect to the bus: Could not parse server address: Unknown address type (examples of valid types are "tcp" and on UNIX "unix")
2026-10-07T15:46:33.307Z pw:browser [pid=4222][err] [4222:4222:1007/154633.304637:ERROR:dbus/object_proxy.cc:572] Failed to call method: org.freedesktop.DBus.NameHasOwner: object_path= /org/freedesktop/DBus: unknown error type: 
2026-10-07T15:46:33.307Z pw:browser [pid=4222][err] [4222:4236:1007/154633.304673:ERROR:dbus/bus.cc:405] Failed to connect to the bus: Could not parse server address: Unknown address type (examples of valid types are "tcp" and on UNIX "unix")
2026-10-07T15:46:33.312Z pw:browser [pid=4222][err] [4222:4222:1007/154633.312036:ERROR:dbus/object_proxy.cc:572] Failed to call method: org.freedesktop.DBus.NameHasOwner: object_path= /org/freedesktop/DBus: unknown error type: 
2026-10-07T15:46:33.312Z pw:browser [pid=4222][err] [4222:4236:1007/154633.312511:ERROR:dbus/bus.cc:405] Failed to connect to the bus: Could not parse server address: Unknown address type (examples of valid types are "tcp" and on UNIX "unix")
2026-10-07T15:46:33.328Z pw:browser [pid=4222][err] [4222:4222:1007/154633.328325:ERROR:dbus/object_proxy.cc:572] Failed to call method: org.freedesktop.DBus.NameHasOwner: object_path= /org/freedesktop/DBus: unknown error type: 
2026-10-07T15:46:33.328Z pw:browser [pid=4222][err] [4222:4222:1007/154633.328347:ERROR:dbus/object_proxy.cc:572] Failed to call method: org.freedesktop.DBus.NameHasOwner: object_path= /org/freedesktop/DBus: unknown error type: 
2026-10-07T15:46:33.329Z pw:browser [pid=4222][err] [4222:4236:1007/154633.328960:ERROR:dbus/bus.cc:405] Failed to connect to the bus: Could not parse server address: Unknown address type (examples of valid types are "tcp" and on UNIX "unix")
2026-10-07T15:46:33.330Z pw:browser [pid=4222][err] [4222:4222:1007/154633.330126:ERROR:dbus/object_proxy.cc:572] Failed to call method: org.freedesktop.DBus.NameHasOwner: object_path= /org/freedesktop/DBus: unknown error type: 
2026-10-07T15:46:33.341Z pw:browser [pid=4222][err] [4222:4222:1007/154633.341780:ERROR:dbus/object_proxy.cc:572] Failed to call method: org.freedesktop.DBus.NameHasOwner: object_path= /org/freedesktop/DBus: unknown error type: 
2026-10-07T15:46:33.342Z pw:browser [pid=4222][err] [4222:4236:1007/154633.341853:ERROR:dbus/bus.cc:405] Failed to connect to the bus: Could not parse server address: Unknown address type (examples of valid types are "tcp" and on UNIX "unix")
2026-10-07T15:46:33.343Z pw:browser [pid=4222][err] [4222:4222:1007/154633.343342:ERROR:dbus/object_proxy.cc:572] Failed to call method: org.freedesktop.DBus.Properties.GetAll: object_path= /org/freedesktop/UPower/devices/DisplayDevice: org.freedesktop.DBus.Error.ServiceUnknown: The name org.freedesktop.UPower was not provided by any .service files
2026-10-07T15:46:33.356Z pw:browser [pid=4222][err] [4222:4222:1007/154633.355395:ERROR:dbus/object_proxy.cc:572] Failed to call method: org.freedesktop.DBus.NameHasOwner: object_path= /org/freedesktop/DBus: unknown error type: 
2026-10-07T15:46:33.356Z pw:browser [pid=4222][err] [4222:4236:1007/154633.355466:ERROR:dbus/bus.cc:405] Failed to connect to the bus: Could not parse server address: Unknown address type (examples of valid types are "tcp" and on UNIX "unix")
2026-10-07T15:46:33.366Z pw:browser [pid=4222][err] [4222:4222:1007/154633.365303:ERROR:dbus/object_proxy.cc:572] Failed to call method: org.freedesktop.DBus.NameHasOwner: object_path= /org/freedesktop/DBus: unknown error type: 
2026-10-07T15:46:45.735Z pw:browser [pid=4222] <gracefully close start>
2026-10-07T15:46:46.018Z pw:browser [pid=4222] <process did exit: exitCode=0, signal=null>
2026-10-07T15:46:46.018Z pw:browser [pid=4222] starting temporary directories cleanup
2026-10-07T15:46:46.024Z pw:browser [pid=4222] finished temporary directories cleanup
2026-10-07T15:46:46.024Z pw:browser [pid=4222] <gracefully close end>
2026-10-07T15:46:46.026Z pw:browser <launching> /home/runner/.cache/ms-playwright/chromium-1247/chrome-linux64/chrome --disable-field-trial-config --disable-background-networking --disable-background-timer-throttling --disable-backgrounding-occluded-windows --disable-back-forward-cache --disable-breakpad --disable-client-side-phishing-detection --disable-component-extensions-with-background-pages --disable-component-update --no-default-browser-check --disable-default-apps --disable-dev-shm-usage --disable-edgeupdater --disable-extensions --disable-features=AvoidUnnecessaryBeforeUnloadCheckSync,DestroyProfileOnBrowserClose,DialMediaRouteProvider,GlobalMediaControls,HttpsUpgrades,LensOverlay,MediaRouter,PaintHolding,ThirdPartyStoragePartitioning,BlockOriginHeaderModificationOnRedirect,Translate,AutoDeElevate,OptimizationHints,msForceBrowserSignIn,msEdgeUpdateLaunchServicesPreferredVersion --enable-features=CDPScreenshotNewSurface --allow-pre-commit-input --disable-hang-monitor --disable-ipc-flooding-protection --disable-popup-blocking --disable-prompt-on-repost --disable-renderer-backgrounding --disable-updater-scheduler --force-color-profile=srgb --metrics-recording-only --no-first-run --password-store=basic --use-mock-keychain --no-service-autorun --export-tagged-pdf --disable-search-engine-choice-screen --unsafely-disable-devtools-self-xss-warnings --edge-skip-compat-layer-relaunch --disable-infobars --disable-search-engine-choice-screen --disable-sync --enable-unsafe-swiftshader --headless --hide-scrollbars --mute-audio --blink-settings=primaryHoverType=2,availableHoverTypes=2,primaryPointerType=4,availablePointerTypes=4 --no-sandbox --use-gl=angle --use-angle=swiftshader --enable-unsafe-swiftshader --user-data-dir=/home/runner/work/projects-monorepo/projects-monorepo/apps/shot-studio/test-results/maximum-155/profile --remote-debugging-pipe about:blank
2026-10-07T15:46:46.030Z pw:browser <launched> pid=4384
2026-10-07T15:46:46.092Z pw:browser [pid=4384][err] [4384:4398:1007/154646.092088:ERROR:dbus/bus.cc:405] Failed to connect to the bus: Could not parse server address: Unknown address type (examples of valid types are "tcp" and on UNIX "unix")
2026-10-07T15:46:46.093Z pw:browser [pid=4384][err] [4384:4398:1007/154646.092516:ERROR:dbus/bus.cc:405] Failed to connect to the bus: Could not parse server address: Unknown address type (examples of valid types are "tcp" and on UNIX "unix")
2026-10-07T15:46:46.093Z pw:browser [pid=4384][err] [4384:4398:1007/154646.092532:ERROR:dbus/bus.cc:405] Failed to connect to the bus: Could not parse server address: Unknown address type (examples of valid types are "tcp" and on UNIX "unix")
2026-10-07T15:46:46.129Z pw:browser [pid=4384][err] [4384:4398:1007/154646.129062:ERROR:dbus/bus.cc:405] Failed to connect to the bus: Could not parse server address: Unknown address type (examples of valid types are "tcp" and on UNIX "unix")
2026-10-07T15:46:46.199Z pw:browser [pid=4384][err] [4384:4384:1007/154646.197858:ERROR:dbus/object_proxy.cc:572] Failed to call method: org.freedesktop.DBus.NameHasOwner: object_path= /org/freedesktop/DBus: unknown error type: 
2026-10-07T15:46:46.199Z pw:browser [pid=4384][err] [4384:4384:1007/154646.197938:ERROR:dbus/object_proxy.cc:572] Failed to call method: org.freedesktop.DBus.NameHasOwner: object_path= /org/freedesktop/DBus: unknown error type: 
2026-10-07T15:46:46.199Z pw:browser [pid=4384][err] [4384:4398:1007/154646.199131:ERROR:dbus/bus.cc:405] Failed to connect to the bus: Could not parse server address: Unknown address type (examples of valid types are "tcp" and on UNIX "unix")
2026-10-07T15:46:46.199Z pw:browser [pid=4384][err] [4384:4398:1007/154646.199173:ERROR:dbus/bus.cc:405] Failed to connect to the bus: Could not parse server address: Unknown address type (examples of valid types are "tcp" and on UNIX "unix")
2026-10-07T15:46:46.210Z pw:browser [pid=4384][err] [4384:4384:1007/154646.209764:ERROR:dbus/object_proxy.cc:572] Failed to call method: org.freedesktop.DBus.NameHasOwner: object_path= /org/freedesktop/DBus: unknown error type: 
2026-10-07T15:46:46.210Z pw:browser [pid=4384][err] [4384:4398:1007/154646.209827:ERROR:dbus/bus.cc:405] Failed to connect to the bus: Could not parse server address: Unknown address type (examples of valid types are "tcp" and on UNIX "unix")
2026-10-07T15:46:46.225Z pw:browser [pid=4384][err] [4384:4384:1007/154646.224700:ERROR:dbus/object_proxy.cc:572] Failed to call method: org.freedesktop.DBus.NameHasOwner: object_path= /org/freedesktop/DBus: unknown error type: 
2026-10-07T15:46:46.225Z pw:browser [pid=4384][err] [4384:4384:1007/154646.224721:ERROR:dbus/object_proxy.cc:572] Failed to call method: org.freedesktop.DBus.NameHasOwner: object_path= /org/freedesktop/DBus: unknown error type: 
2026-10-07T15:46:46.225Z pw:browser [pid=4384][err] [4384:4398:1007/154646.224933:ERROR:dbus/bus.cc:405] Failed to connect to the bus: Could not parse server address: Unknown address type (examples of valid types are "tcp" and on UNIX "unix")
2026-10-07T15:46:46.226Z pw:browser [pid=4384][err] [4384:4384:1007/154646.225968:ERROR:dbus/object_proxy.cc:572] Failed to call method: org.freedesktop.DBus.NameHasOwner: object_path= /org/freedesktop/DBus: unknown error type: 
2026-10-07T15:46:46.239Z pw:browser [pid=4384][err] [4384:4384:1007/154646.237741:ERROR:dbus/object_proxy.cc:572] Failed to call method: org.freedesktop.DBus.NameHasOwner: object_path= /org/freedesktop/DBus: unknown error type: 
2026-10-07T15:46:46.239Z pw:browser [pid=4384][err] [4384:4384:1007/154646.237790:ERROR:dbus/object_proxy.cc:572] Failed to call method: org.freedesktop.DBus.Properties.GetAll: object_path= /org/freedesktop/UPower/devices/DisplayDevice: org.freedesktop.DBus.Error.ServiceUnknown: The name org.freedesktop.UPower was not provided by any .service files
2026-10-07T15:46:46.239Z pw:browser [pid=4384][err] [4384:4398:1007/154646.238604:ERROR:dbus/bus.cc:405] Failed to connect to the bus: Could not parse server address: Unknown address type (examples of valid types are "tcp" and on UNIX "unix")
2026-10-07T15:46:46.248Z pw:browser [pid=4384][err] [4384:4384:1007/154646.245878:ERROR:dbus/object_proxy.cc:572] Failed to call method: org.freedesktop.DBus.NameHasOwner: object_path= /org/freedesktop/DBus: unknown error type: 
2026-10-07T15:46:46.248Z pw:browser [pid=4384][err] [4384:4398:1007/154646.245932:ERROR:dbus/bus.cc:405] Failed to connect to the bus: Could not parse server address: Unknown address type (examples of valid types are "tcp" and on UNIX "unix")
2026-10-07T15:46:46.258Z pw:browser [pid=4384][err] [4384:4384:1007/154646.256097:ERROR:dbus/object_proxy.cc:572] Failed to call method: org.freedesktop.DBus.NameHasOwner: object_path= /org/freedesktop/DBus: unknown error type: 
2026-10-07T15:46:50.447Z pw:browser [pid=4384][err] [4384:4399:1007/154650.447160:ERROR:google_apis/gcm/engine/registration_request.cc:291] Registration response error message: DEPRECATED_ENDPOINT
2026-10-07T15:47:16.642Z pw:browser [pid=4384][err] [4384:4399:1007/154716.642634:ERROR:google_apis/gcm/engine/registration_request.cc:291] Registration response error message: DEPRECATED_ENDPOINT
2026-10-07T15:47:48.598Z pw:browser [pid=4384] <gracefully close start>
2026-10-07T15:47:48.676Z pw:browser [pid=4384] <process did exit: exitCode=0, signal=null>
2026-10-07T15:47:48.676Z pw:browser [pid=4384] starting temporary directories cleanup
2026-10-07T15:47:48.678Z pw:browser [pid=4384] finished temporary directories cleanup
2026-10-07T15:47:48.678Z pw:browser [pid=4384] <gracefully close end>
