2026-10-05T13:55:10.001Z pw:browser <launching> /home/runner/.cache/ms-playwright/chromium-1243/chrome-linux64/chrome --disable-field-trial-config --disable-background-networking --disable-background-timer-throttling --disable-backgrounding-occluded-windows --disable-back-forward-cache --disable-breakpad --disable-client-side-phishing-detection --disable-component-extensions-with-background-pages --disable-component-update --no-default-browser-check --disable-default-apps --disable-dev-shm-usage --disable-edgeupdater --disable-extensions --disable-features=AvoidUnnecessaryBeforeUnloadCheckSync,DestroyProfileOnBrowserClose,DialMediaRouteProvider,GlobalMediaControls,HttpsUpgrades,LensOverlay,MediaRouter,PaintHolding,ThirdPartyStoragePartitioning,BlockOriginHeaderModificationOnRedirect,Translate,AutoDeElevate,OptimizationHints,msForceBrowserSignIn,msEdgeUpdateLaunchServicesPreferredVersion --enable-features=CDPScreenshotNewSurface --allow-pre-commit-input --disable-hang-monitor --disable-ipc-flooding-protection --disable-popup-blocking --disable-prompt-on-repost --disable-renderer-backgrounding --disable-updater-scheduler --force-color-profile=srgb --metrics-recording-only --no-first-run --password-store=basic --use-mock-keychain --no-service-autorun --export-tagged-pdf --disable-search-engine-choice-screen --unsafely-disable-devtools-self-xss-warnings --edge-skip-compat-layer-relaunch --disable-infobars --disable-search-engine-choice-screen --disable-sync --enable-unsafe-swiftshader --headless --hide-scrollbars --mute-audio --blink-settings=primaryHoverType=2,availableHoverTypes=2,primaryPointerType=4,availablePointerTypes=4 --no-sandbox --use-gl=angle --use-angle=swiftshader --enable-unsafe-swiftshader --user-data-dir=/home/runner/work/projects-monorepo/projects-monorepo/apps/shot-studio/test-results/maximum/profile --remote-debugging-pipe about:blank
2026-10-05T13:55:10.005Z pw:browser <launched> pid=4408
2026-10-05T13:55:10.134Z pw:browser [pid=4408][err] [4408:4422:1005/135510.133351:ERROR:dbus/bus.cc:405] Failed to connect to the bus: Could not parse server address: Unknown address type (examples of valid types are "tcp" and on UNIX "unix")
2026-10-05T13:55:10.137Z pw:browser [pid=4408][err] [4408:4422:1005/135510.134973:ERROR:dbus/bus.cc:405] Failed to connect to the bus: Could not parse server address: Unknown address type (examples of valid types are "tcp" and on UNIX "unix")
2026-10-05T13:55:10.304Z pw:browser [pid=4408][err] [4408:4422:1005/135510.304587:ERROR:dbus/bus.cc:405] Failed to connect to the bus: Could not parse server address: Unknown address type (examples of valid types are "tcp" and on UNIX "unix")
2026-10-05T13:55:10.390Z pw:browser [pid=4408][err] [4408:4408:1005/135510.390193:ERROR:dbus/object_proxy.cc:572] Failed to call method: org.freedesktop.DBus.NameHasOwner: object_path= /org/freedesktop/DBus: unknown error type: 
2026-10-05T13:55:10.391Z pw:browser [pid=4408][err] [4408:4408:1005/135510.390872:ERROR:dbus/object_proxy.cc:572] Failed to call method: org.freedesktop.DBus.NameHasOwner: object_path= /org/freedesktop/DBus: unknown error type: 
2026-10-05T13:55:10.392Z pw:browser [pid=4408][err] [4408:4422:1005/135510.391521:ERROR:dbus/bus.cc:405] Failed to connect to the bus: Could not parse server address: Unknown address type (examples of valid types are "tcp" and on UNIX "unix")
2026-10-05T13:55:10.392Z pw:browser [pid=4408][err] [4408:4422:1005/135510.391555:ERROR:dbus/bus.cc:405] Failed to connect to the bus: Could not parse server address: Unknown address type (examples of valid types are "tcp" and on UNIX "unix")
2026-10-05T13:55:10.405Z pw:browser [pid=4408][err] [4408:4408:1005/135510.404695:ERROR:dbus/object_proxy.cc:572] Failed to call method: org.freedesktop.DBus.NameHasOwner: object_path= /org/freedesktop/DBus: unknown error type: 
2026-10-05T13:55:10.406Z pw:browser [pid=4408][err] [4408:4422:1005/135510.405779:ERROR:dbus/bus.cc:405] Failed to connect to the bus: Could not parse server address: Unknown address type (examples of valid types are "tcp" and on UNIX "unix")
2026-10-05T13:55:10.431Z pw:browser [pid=4408][err] [4408:4408:1005/135510.430228:ERROR:dbus/object_proxy.cc:572] Failed to call method: org.freedesktop.DBus.NameHasOwner: object_path= /org/freedesktop/DBus: unknown error type: 
2026-10-05T13:55:10.431Z pw:browser [pid=4408][err] [4408:4408:1005/135510.430261:ERROR:dbus/object_proxy.cc:572] Failed to call method: org.freedesktop.DBus.NameHasOwner: object_path= /org/freedesktop/DBus: unknown error type: 
2026-10-05T13:55:10.431Z pw:browser [pid=4408][err] [4408:4422:1005/135510.430310:ERROR:dbus/bus.cc:405] Failed to connect to the bus: Could not parse server address: Unknown address type (examples of valid types are "tcp" and on UNIX "unix")
2026-10-05T13:55:10.432Z pw:browser [pid=4408][err] [4408:4408:1005/135510.432224:ERROR:dbus/object_proxy.cc:572] Failed to call method: org.freedesktop.DBus.NameHasOwner: object_path= /org/freedesktop/DBus: unknown error type: 
2026-10-05T13:55:10.447Z pw:browser [pid=4408][err] [4408:4408:1005/135510.447737:ERROR:dbus/object_proxy.cc:572] Failed to call method: org.freedesktop.DBus.Properties.GetAll: object_path= /org/freedesktop/UPower/devices/DisplayDevice: org.freedesktop.DBus.Error.ServiceUnknown: The name org.freedesktop.UPower was not provided by any .service files
2026-10-05T13:55:10.453Z pw:browser [pid=4408][err] [4408:4408:1005/135510.449722:ERROR:dbus/object_proxy.cc:572] Failed to call method: org.freedesktop.DBus.NameHasOwner: object_path= /org/freedesktop/DBus: unknown error type: 
2026-10-05T13:55:10.453Z pw:browser [pid=4408][err] [4408:4422:1005/135510.452914:ERROR:dbus/bus.cc:405] Failed to connect to the bus: Could not parse server address: Unknown address type (examples of valid types are "tcp" and on UNIX "unix")
2026-10-05T13:55:10.459Z pw:browser [pid=4408][err] [4408:4408:1005/135510.457675:ERROR:dbus/object_proxy.cc:572] Failed to call method: org.freedesktop.DBus.NameHasOwner: object_path= /org/freedesktop/DBus: unknown error type: 
2026-10-05T13:55:10.459Z pw:browser [pid=4408][err] [4408:4422:1005/135510.457784:ERROR:dbus/bus.cc:405] Failed to connect to the bus: Could not parse server address: Unknown address type (examples of valid types are "tcp" and on UNIX "unix")
2026-10-05T13:55:10.466Z pw:browser [pid=4408][err] [4408:4408:1005/135510.465971:ERROR:dbus/object_proxy.cc:572] Failed to call method: org.freedesktop.DBus.NameHasOwner: object_path= /org/freedesktop/DBus: unknown error type: 
2026-10-05T13:55:14.692Z pw:browser [pid=4408][err] [4408:4425:1005/135514.691943:ERROR:google_apis/gcm/engine/registration_request.cc:291] Registration response error message: QUOTA_EXCEEDED
2026-10-05T13:55:25.901Z pw:browser [pid=4408] <gracefully close start>
2026-10-05T13:55:26.033Z pw:browser [pid=4408] <process did exit: exitCode=0, signal=null>
2026-10-05T13:55:26.034Z pw:browser [pid=4408] starting temporary directories cleanup
2026-10-05T13:55:26.040Z pw:browser [pid=4408] finished temporary directories cleanup
2026-10-05T13:55:26.040Z pw:browser [pid=4408] <gracefully close end>
2026-10-05T13:55:26.042Z pw:browser <launching> /home/runner/.cache/ms-playwright/chromium-1243/chrome-linux64/chrome --disable-field-trial-config --disable-background-networking --disable-background-timer-throttling --disable-backgrounding-occluded-windows --disable-back-forward-cache --disable-breakpad --disable-client-side-phishing-detection --disable-component-extensions-with-background-pages --disable-component-update --no-default-browser-check --disable-default-apps --disable-dev-shm-usage --disable-edgeupdater --disable-extensions --disable-features=AvoidUnnecessaryBeforeUnloadCheckSync,DestroyProfileOnBrowserClose,DialMediaRouteProvider,GlobalMediaControls,HttpsUpgrades,LensOverlay,MediaRouter,PaintHolding,ThirdPartyStoragePartitioning,BlockOriginHeaderModificationOnRedirect,Translate,AutoDeElevate,OptimizationHints,msForceBrowserSignIn,msEdgeUpdateLaunchServicesPreferredVersion --enable-features=CDPScreenshotNewSurface --allow-pre-commit-input --disable-hang-monitor --disable-ipc-flooding-protection --disable-popup-blocking --disable-prompt-on-repost --disable-renderer-backgrounding --disable-updater-scheduler --force-color-profile=srgb --metrics-recording-only --no-first-run --password-store=basic --use-mock-keychain --no-service-autorun --export-tagged-pdf --disable-search-engine-choice-screen --unsafely-disable-devtools-self-xss-warnings --edge-skip-compat-layer-relaunch --disable-infobars --disable-search-engine-choice-screen --disable-sync --enable-unsafe-swiftshader --headless --hide-scrollbars --mute-audio --blink-settings=primaryHoverType=2,availableHoverTypes=2,primaryPointerType=4,availablePointerTypes=4 --no-sandbox --use-gl=angle --use-angle=swiftshader --enable-unsafe-swiftshader --user-data-dir=/home/runner/work/projects-monorepo/projects-monorepo/apps/shot-studio/test-results/maximum/profile --remote-debugging-pipe about:blank
2026-10-05T13:55:26.047Z pw:browser <launched> pid=4571
2026-10-05T13:55:26.123Z pw:browser [pid=4571][err] [4571:4585:1005/135526.122708:ERROR:dbus/bus.cc:405] Failed to connect to the bus: Could not parse server address: Unknown address type (examples of valid types are "tcp" and on UNIX "unix")
2026-10-05T13:55:26.123Z pw:browser [pid=4571][err] [4571:4585:1005/135526.123084:ERROR:dbus/bus.cc:405] Failed to connect to the bus: Could not parse server address: Unknown address type (examples of valid types are "tcp" and on UNIX "unix")
2026-10-05T13:55:26.172Z pw:browser [pid=4571][err] [4571:4585:1005/135526.170105:ERROR:dbus/bus.cc:405] Failed to connect to the bus: Could not parse server address: Unknown address type (examples of valid types are "tcp" and on UNIX "unix")
2026-10-05T13:55:26.257Z pw:browser [pid=4571][err] [4571:4571:1005/135526.256975:ERROR:dbus/object_proxy.cc:572] Failed to call method: org.freedesktop.DBus.NameHasOwner: object_path= /org/freedesktop/DBus: unknown error type: 
2026-10-05T13:55:26.257Z pw:browser [pid=4571][err] [4571:4585:1005/135526.257366:ERROR:dbus/bus.cc:405] Failed to connect to the bus: Could not parse server address: Unknown address type (examples of valid types are "tcp" and on UNIX "unix")
2026-10-05T13:55:26.257Z pw:browser [pid=4571][err] [4571:4571:1005/135526.257501:ERROR:dbus/object_proxy.cc:572] Failed to call method: org.freedesktop.DBus.NameHasOwner: object_path= /org/freedesktop/DBus: unknown error type: 
2026-10-05T13:55:26.257Z pw:browser [pid=4571][err] [4571:4585:1005/135526.257925:ERROR:dbus/bus.cc:405] Failed to connect to the bus: Could not parse server address: Unknown address type (examples of valid types are "tcp" and on UNIX "unix")
2026-10-05T13:55:26.265Z pw:browser [pid=4571][err] [4571:4571:1005/135526.265330:ERROR:dbus/object_proxy.cc:572] Failed to call method: org.freedesktop.DBus.NameHasOwner: object_path= /org/freedesktop/DBus: unknown error type: 
2026-10-05T13:55:26.268Z pw:browser [pid=4571][err] [4571:4585:1005/135526.267395:ERROR:dbus/bus.cc:405] Failed to connect to the bus: Could not parse server address: Unknown address type (examples of valid types are "tcp" and on UNIX "unix")
2026-10-05T13:55:26.290Z pw:browser [pid=4571][err] [4571:4571:1005/135526.290333:ERROR:dbus/object_proxy.cc:572] Failed to call method: org.freedesktop.DBus.NameHasOwner: object_path= /org/freedesktop/DBus: unknown error type: 
2026-10-05T13:55:26.290Z pw:browser [pid=4571][err] [4571:4571:1005/135526.290361:ERROR:dbus/object_proxy.cc:572] Failed to call method: org.freedesktop.DBus.NameHasOwner: object_path= /org/freedesktop/DBus: unknown error type: 
2026-10-05T13:55:26.291Z pw:browser [pid=4571][err] [4571:4585:1005/135526.291234:ERROR:dbus/bus.cc:405] Failed to connect to the bus: Could not parse server address: Unknown address type (examples of valid types are "tcp" and on UNIX "unix")
2026-10-05T13:55:26.293Z pw:browser [pid=4571][err] [4571:4571:1005/135526.292992:ERROR:dbus/object_proxy.cc:572] Failed to call method: org.freedesktop.DBus.NameHasOwner: object_path= /org/freedesktop/DBus: unknown error type: 
2026-10-05T13:55:26.312Z pw:browser [pid=4571][err] [4571:4571:1005/135526.310499:ERROR:dbus/object_proxy.cc:572] Failed to call method: org.freedesktop.DBus.NameHasOwner: object_path= /org/freedesktop/DBus: unknown error type: 
2026-10-05T13:55:26.317Z pw:browser [pid=4571][err] [4571:4571:1005/135526.313494:ERROR:dbus/object_proxy.cc:572] Failed to call method: org.freedesktop.DBus.Properties.GetAll: object_path= /org/freedesktop/UPower/devices/DisplayDevice: org.freedesktop.DBus.Error.ServiceUnknown: The name org.freedesktop.UPower was not provided by any .service files
2026-10-05T13:55:26.317Z pw:browser [pid=4571][err] [4571:4585:1005/135526.313700:ERROR:dbus/bus.cc:405] Failed to connect to the bus: Could not parse server address: Unknown address type (examples of valid types are "tcp" and on UNIX "unix")
2026-10-05T13:55:26.333Z pw:browser [pid=4571][err] [4571:4571:1005/135526.333201:ERROR:dbus/object_proxy.cc:572] Failed to call method: org.freedesktop.DBus.NameHasOwner: object_path= /org/freedesktop/DBus: unknown error type: 
2026-10-05T13:55:26.334Z pw:browser [pid=4571][err] [4571:4585:1005/135526.333455:ERROR:dbus/bus.cc:405] Failed to connect to the bus: Could not parse server address: Unknown address type (examples of valid types are "tcp" and on UNIX "unix")
2026-10-05T13:55:26.362Z pw:browser [pid=4571][err] [4571:4571:1005/135526.359884:ERROR:dbus/object_proxy.cc:572] Failed to call method: org.freedesktop.DBus.NameHasOwner: object_path= /org/freedesktop/DBus: unknown error type: 
2026-10-05T13:55:27.803Z pw:browser [pid=4571][err] [1005/135527.802220:ERROR:third_party/crashpad/crashpad/util/file/file_io_posix.cc:145] open /sys/devices/system/cpu/cpu0/cpufreq/scaling_cur_freq: No such file or directory (2)
2026-10-05T13:55:27.803Z pw:browser [pid=4571][err] [1005/135527.802275:ERROR:third_party/crashpad/crashpad/util/file/file_io_posix.cc:145] open /sys/devices/system/cpu/cpu0/cpufreq/scaling_max_freq: No such file or directory (2)
Error: #sequence-save -> /home/runner/work/projects-monorepo/projects-monorepo/apps/shot-studio/test-results/maximum/trimmed-after-restart.shot-sequence: download.saveAs: Target page, context or browser has been closed; diagnostics={"pageClosed":true,"browserConnected":false,"downloadFailure":"unavailable: download.failure: Target page, context or browser has been closed"}
2026-10-05T13:55:29.302Z pw:browser [pid=4571] <process did exit: exitCode=null, signal=SIGTRAP>
2026-10-05T13:55:29.302Z pw:browser [pid=4571] starting temporary directories cleanup
2026-10-05T13:55:29.304Z pw:browser [pid=4571] finished temporary directories cleanup
