npm warn Unknown env config "http-proxy". This will stop working in the next major version of npm.

> shot-studio@0.7.0 test
> node --test tests/*.test.js

✔ starter schema3 retains both original looping performances and camera settings (2.955588ms)
✔ genuine original-key version1 and version2 migrate detached without losing camera travel (1.12139ms)
✔ legacy schemas reject new performer fields and future versions instead of stripping them (1.132917ms)
✔ canonical actor modes admit only their exact keys and retain original field bounds (4.755937ms)
✔ cue times are exact globally ordered numbers with first0 and inclusive film end (2.99041ms)
✔ exact32-cue maximum survives and a33rd cue or sparse/accessor collection rejects (0.639602ms)
✔ mode conversions retain the loop base or first cue and detached identical conversion (0.472736ms)
✔ insert places one unique cue by time, reports its index and detaches caller fields (0.576277ms)
✔ update can reorder a later cue while pinning first0 and rejecting duplicates atomically (1.600004ms)
✔ remove picks following index or final previous index without deleting first0 (0.722363ms)
✔ invalid indices/modes/loop-cue edits and invalid source films are refused without mutation (5.283343ms)
✔ film shortening rejects orphaned cues and reordering preserves their global times (1.48832ms)
✔ performer adapter uses global time across exact cuts, clamps blocking and detaches output (1.347653ms)
✔ legacy actorPose retains original four-field formulas for original and canonical loop actors (0.623958ms)
✔ paired process counters exclude lifetime CPU and do not invent CPU for process churn (1.525775ms)
✔ regressed or changed process counters are disclosed instead of becoming negative or inflated CPU (0.409863ms)
✔ malformed and oversized process snapshots are refused rather than reported as zero usage (0.823512ms)
✔ native protocol failure remains unavailable and owned session detaches (1.017877ms)
✔ finishing a diagnostic twice samples once and retires the same owned session (1.082143ms)
✔ a counter request that never settles is bounded and detached without fabricating zero CPU (1001.509042ms)
✔ a late session creation is retired when the bounded admission has already failed (1001.313172ms)
✔ finite counter values that overflow milliseconds or totals refuse a measured receipt (3.752377ms)
✔ zero-only lifetime counters disclose unavailable CPU instead of a fabricated idle export (0.413899ms)
✔ a zero-only process pair makes otherwise readable coverage incomplete (0.292331ms)
✔ unavailable CPU retains churn and regression coverage counts without numerical CPU claims (0.735562ms)
✔ oracle publishes canonical camera APIs and preserves original static migration (4.147231ms)
✔ oracle strictly refuses motion-bearing or undocumented-key v1 films (2.965904ms)
✔ oracle evaluates exact linear endpoints and hand-worked interior positions with fixed lens (0.819516ms)
✔ oracle static and identical-endpoint travel ignore progress but detach every result (0.365708ms)
✔ oracle zero relative delta permits both eye and target to translate together (0.397184ms)
✔ oracle valid endpoints cannot hide an eye-target collision in the middle (1.846957ms)
✔ oracle horizontal midpoint singularity rejects even with safe full 3D distance (0.284418ms)
✔ oracle XYZ and XZ must be minimized at their own different times (0.385447ms)
✔ oracle an off-center horizontal minimum catches paths that endpoint/midpoint sampling misses (0.444133ms)
✔ oracle XYZ clearance can fail while horizontal clearance stays above its limit (0.296296ms)
✔ oracle direct inclusive thresholds reject represented values just below each bound (0.403674ms)
✔ oracle clamped endpoint minima and convex coordinate/floor limits remain enforced (0.410474ms)
✔ oracle standalone camera requires complete canonical v2 shape and validates the whole path (0.633432ms)
✔ oracle all public time APIs reject coercion and nonfinite time, even for static cameras (0.648093ms)
✔ oracle exact cuts select next Start, while exact final clamp returns authored End (1.262597ms)
✔ oracle cumulative fractional cut 1.1+1.2 belongs exactly to shot three (1.837453ms)
✔ oracle frame and camera objects detach caller input while shotAt keeps its reference contract (1.739179ms)
✔ oracle canonical travel honors 20-shot/60-second bounds and exact UTF8 backup admission (1.241086ms)
✔ headset camera uses world position and normalized negative Z forward (2.418829ms)
✔ missing, nonfinite, vertical and out-of-bounds tracking cannot make a camera (0.675885ms)
✔ a captured camera retains shot metadata, persists as a snapshot and is reversible (0.78794ms)
✔ an End pose preserves Start and lens metadata through complete candidate validation (0.926213ms)
✔ valid standalone headset poses can still be rejected for a singular intermediate travel path (0.598531ms)
✔ queue observer measures the real once-listener boundary and preserves callback/argument behavior (1.925283ms)
✔ queue observer remains bounded, removes only its own listeners, and restores methods on retirement (1.109172ms)
✔ native encode errors are unchanged and retirement respects a later method owner (0.651298ms)
✔ failed original listener registration removes the owned probe and preserves the native error (0.52977ms)
✔ a disconnected download diagnostic preserves the original save failure (1.99167ms)
✔ successful download saving does not ask the browser for failure diagnostics (0.250879ms)
✔ invalid and empty drafts retain exact bytes through blocked automatic saves (2.137504ms)
✔ unavailable storage reads block overwrites even if later writes would succeed (1.137113ms)
✔ explicit replacement validates and changes protection only after an atomic successful write (0.78833ms)
✔ valid drafts reopen normalized snapshots and normal saves preserve failures (1.25079ms)
✔ genuine v1 draft migrates only in memory until a successful canonical v3 write (0.872924ms)
✔ motion-bearing v1 and unsupported drafts keep exact recovery bytes until successful replacement (0.812455ms)
✔ unchanged pinned Mediabunny mediabunny.min.mjs retains its independently recorded bytes (5.918901ms)
✔ unchanged pinned Mediabunny LICENSE retains its independently recorded bytes (5.789371ms)
✔ unchanged pinned Mediabunny source.tar.gz retains its independently recorded bytes (3.103768ms)
✔ an unresponsive renderer cannot hang first-failure diagnostics (16.806987ms)
✔ diagnostic rejection is retained without throwing over the original failure (0.674843ms)
✔ bounded snapshots keep the latest failure and stop retires pending observations (1.070145ms)
✔ a fractional film has a complete finite30Hz timestamp schedule with a shortened final frame (2.123285ms)
✔ the maximum minute has1800frames with no missing or duplicate timestamp and no wall-clock dependency (1.782463ms)
✔ an exact30Hz cut does not create a duplicate terminal frame (1.60984ms)
✔ invalid duration and frame indices refuse before producing an encoder sample (0.40116ms)
✔ stereo PCM preserves original signed channel values and gain in a bounded planar block (12.606484ms)
✔ source trim and sequence placement exclude neighboring original samples and retain silence (3.381277ms)
✔ the maximum stereo minute yields all2880000frames without losing the last original PCM sample (132.196019ms)
✔ microsecond rounding at a30Hz boundary cannot create a zero-duration encoder frame (0.415421ms)
✔ rounded-up frame boundaries end without an extra zero-duration sample (0.314883ms)
✔ cancellation during a genuine original-byte read prevents late PCM publication (5.808299ms)
✔ an original-byte read completing at its deadline refuses ahead of the delayed timer (1.052018ms)
✔ 44.1kHz source values are linearly resampled onto exact48kHz encoder frames (0.834337ms)
✔ a source beyond the sequence or zero gain produces a complete silent input timeline (1.13432ms)
✔ PCM preparation rejects forged assets/plans and preaborted work (0.759448ms)
✔ fractional sequence placement preserves the source phase without leaking pre-trim samples (0.867477ms)
✔ complete expected timestamps accept out-of-order native packet delivery (1.517374ms)
✔ a missing native output frame refuses publication (0.637979ms)
✔ a duplicate native output frame refuses even if every expected frame exists (0.315034ms)
✔ unexpected native timestamps refuse without throwing in the callback (0.493957ms)
✔ maximum accounting accepts all1800 unique authored times and rejects oversized plans (3.700176ms)
✔ retired accounting ignores late callbacks and cannot verify a retired export (0.273793ms)
✔ invalid authored plans refuse before native output observation (0.488749ms)
✔ scene history snapshots isolate input/output and undo/redo exact edits (2.144317ms)
✔ invalid and identical edits do not consume history or discard redo (0.734301ms)
✔ new edit after undo clears redo and history retains only 30 previous states (3.523817ms)
✔ shot moves preserve camera/content and are reversible with whole-scene history (2.764329ms)
✔ motion arrays survive history, reordering and portable snapshots without aliases (0.747661ms)
✔ invalid whole-path edits preserve the history cursor and no-op redo (0.89681ms)
✔ VR cancelled during support probing never requests a session (2.816816ms)
✔ a session accepted after cancellation is ended without setting up graphics (0.873516ms)
✔ cancelling async graphics setup ends VR immediately and schedules no views (0.932011ms)
✔ controller squeeze captures tracked headset camera and ignores ended sessions (2.552366ms)
✔ unavailable WebXR rejects before requesting any session (0.570059ms)
✔ XR setup failure ends the accepted session and restores desktop once (0.586423ms)
✔ an XR session ended during async setup never returns an active session (2.123535ms)
✔ tracked VR views animate performers and show controller floor placement (1.01877ms)
✔ native event buckets retain independent wall and available thread time without inventing missing CPU (2.399312ms)
✔ only known native media GPU complete events contribute; unknown payloads and invalid durations never leak (0.374071ms)
✔ native trace loss or event capacity marks the observation partial instead of silently declaring complete coverage (43.87445ms)
✔ finite native values whose totals overflow refuse a measured receipt (0.354482ms)
✔ owned protocol trace ends once and sanitizes native events before detaching (1.133999ms)
✔ refused trace admission cannot end another owner trace or expose provider errors (0.43457ms)
✔ independent positive native thread clocks are retained even above event wall time (0.250609ms)
✔ permanently stalled start retires its owned session and listeners without ending another trace (1000.938065ms)
✔ late session admission is detached after the unavailable receipt (1001.330493ms)
✔ completion timeout retires once and repeat finish preserves the unavailable result (1001.451764ms)
✔ buffer fullness discloses partial coverage and malformed batches refuse measured results (0.803232ms)
✔ failed end and detach do not expose errors or prevent observer retirement (0.37315ms)
✔ late start settlement after retirement never ends a trace or detaches twice (2002.847154ms)
✔ permanently stalled end and detach remain bounded and retire listeners (2002.502783ms)
✔ starter film has two performers, a bounded shot list and isolated copies (2.60892ms)
✔ exact cuts and final frame choose the correct shot without overshoot (0.327001ms)
✔ invalid input is rejected without mutation or coercion (1.393151ms)
✔ imports reject oversized, malformed and unknown-schema backups (0.568397ms)
✔ pose is deterministic, bounded and changes for authored wave/walk (0.755172ms)
✔ camera view and perspective project the target to the image center (0.4343ms)
✔ ground selection rejects parallel, backwards and out-of-set rays (0.372659ms)
✔ independent blocking oracle: arrival, hold, wave and departure follow literal marks (2.22213ms)
✔ independent blocking oracle: actions and visibility step exactly, never interpolate (0.303808ms)
✔ independent blocking oracle: each cue resets limb phase while root motion stays purely linear (0.263618ms)
✔ independent blocking oracle: finite times clamp at film ends and detached outputs cannot alter cues (2.742988ms)
✔ independent loop oracle: original global sine motion continues outside authored film (0.236508ms)
✔ independent admission oracle: malformed full cues reject without coercion or mutation (1.584743ms)
✔ independent migration oracle: genuine original-key v1 and v2 preserve legacy loops and complete cameras (1.189361ms)
✔ independent migration oracle: motion-bearing legacy, future and mixed actor shapes fail closed (0.710826ms)
✔ independent global-time oracle: exact fractional camera cuts do not reset performer cues (0.735463ms)
✔ independent mode conversion oracle: base position retained, scheduled visibility/cues explicitly removed (0.551272ms)
✔ independent cue-operation oracle: insertion/retiming/removal return exact chronological selection (1.668796ms)
✔ independent cue-operation oracle: invalid operations leave the caller untouched (0.501438ms)
✔ independent bounds oracle:32 cues accepted,33 rejected and shorter film cannot silently clip (0.403744ms)
✔ independent history oracle: cue edits undo/redo as one state and failed duration leaves cursor intact (2.552647ms)
✔ canonical loop preserves the old root and limb formulas beyond film end (2.987347ms)
✔ blocking interpolates only root position and uses left-cue action/visibility (0.516971ms)
✔ exact cue boundaries reset limb phase, including stationary holds and visibility steps (0.401962ms)
✔ blocking negative and after-end times clamp; final action continues to film end (0.267123ms)
✔ one cue and a final cue exactly at duration are both valid (0.279011ms)
✔ evaluation validates all cues, even unused future cues, before returning (0.484233ms)
✔ film time and duration are finite strict numbers; duration is positive and at most60 (0.352199ms)
✔ canonical modes require exact shapes and retain existing performer bounds (0.481418ms)
✔ cue shape, strict increasing time, first zero and boolean visibility are admitted exactly (6.612062ms)
✔ 32 dense cues are admitted;33, sparse, accessor and extra array properties are rejected without getter calls (0.718587ms)
✔ output is detached and evaluation does not mutate frozen canonical actor data (0.362799ms)
✔ finite extreme loop time fails closed on arithmetic overflow, while blocking remains bounded (1.345961ms)
✔ renderer evaluates global blocking time, omits hidden actor boxes and preserves stage/control (3.433974ms)
✔ renderer does not reset performer phase at camera cuts and keeps XR loop motion after film end (0.969747ms)
✔ independently framed complete metadata imports literally without producer writer (3.148514ms)
✔ fatal UTF8 duplicate keys nonfinite depth and wrong schema refuse complete import (7.408855ms)
✔ header total and per-part admission rejects trailing/truncated/oversized before native reads (8.225096ms)
✔ raw metadata exact324KiB admitted and +1 refused without changing canonical result (16.900164ms)
✔ exact original stereo WAV bytes and independently hashed descriptor roundtrip (16.583117ms)
✔ pre-abort and cancel during real header read cannot publish partial bundles (1.609459ms)
✔ legacy JSON remains independently bounded and yields no invented soundtrack (0.493206ms)
✔ prepare is silent; same clock schedules source crop/gain and absolute preview time (22.91662ms)
✔ capture routes only the destination and closes idempotently through actual drain (11.549389ms)
✔ cancel while resume pending holds preparation until late native settlement and starts nothing (8.947139ms)
✔ wrong plan/preabort reject before context admission; invalid start never schedules (6.476312ms)
✔ context state failure retires audio instead of substituting another clock (6.229699ms)
✔ successful native resume delivered beyond setup deadline cannot publish a session (7.613626ms)
✔ capture keeps a zero signal connected from the shared origin through trailing silence without another PCM buffer (10.585946ms)
✔ capture retains its entire silent timeline for a source beyond the sequence (10.964238ms)
✔ capture retains its entire silent timeline for zero gain (7.656398ms)
✔ preview does not create or depend on a constant source (4.230452ms)
✔ active cancellation immediately stops the capture silence and waits for the owned context close (3.760084ms)
✔ native capture silence start failure retires the node, stream and context without publishing playback (5.228175ms)
✔ original mono/stereo PCM framing, fmt18 and padded ancillary chunks retain literal bytes (9.099703ms)
✔ RIFF framing/format/duplicate/padding/count failures are atomic (1.677329ms)
✔ integer frame duration and exact12MiB container cap inclusive, plus one refused (25.404741ms)
✔ admission captures native bytes, preserves subarray samples, and preabort refuses (0.939653ms)
✔ literal sample-frame crop maps once across sequence time without looping/stretching (4.045645ms)
✔ whole settings and matching asset admission rejects invalid crop/options atomically (1.288667ms)
✔ proven absence has no startup writes and only accepted load permits complete save (23.989168ms)
✔ present undefined refuses without legacy fallback or invented raw recovery (1.298792ms)
✔ legacy migration is memory-only and promotion preserves exact pretty original bytes (1.631031ms)
✔ save captures detached input and waits actual transaction complete (1.770596ms)
✔ full byte CAS refuses same revision foreign archive before put (3.534302ms)
✔ third writer invalidates freshly reviewed replacement with no blind replay (1.913937ms)
✔ changed legacy restores IDB memory protected; deliberate replacement updates baseline only (1.898665ms)
✔ abort promptly rejects but native slot and close wait for actual rollback (1.295217ms)
✔ withheld completion after actual commit is not rollback or accepted authority (2.730319ms)
✔ protection revokes old receipt and timeout retains late native open until close drains (1.496163ms)
✔ post-complete legacy race protects an already durable new row without deleting it (1.272513ms)
✔ semantically identical reordered archive still conflicts by exact saved bytes (1.374243ms)
✔ unknown or oversized opaque rows never authorize blind replacement or consult legacy (27.957118ms)
✔ bounded corrupt archive can be recovered exactly and replaced only after fresh review (1.221759ms)
✔ invalid candidate does not discard accepted authority or open a native transaction (0.865814ms)
✔ failed native put protects without advancing receipt and actual rollback retains old row (5.732942ms)
✔ forged and cloned receipts grant no authority; newer read retires older receipt (1.084667ms)
✔ cancelled read cannot mint accepted authority after actual transaction terminal (0.645921ms)
✔ document wraps unchanged original source clocks and detached literal UTF16 metadata (3.66173ms)
✔ legacy rich1/2 and original remote1 migrate only inside detached wrapper (2.113901ms)
✔ strict new metadata never invokes accessors or accepts malformed envelopes (1.825176ms)
✔ history no-op preserves Redo; valid replacement and removal keep old source graphs independent (1.369245ms)
✔ ordinary 30-prior history eviction and invalid edits preserve exact cursor (12.142742ms)
✔ complete silent archive preserves exact schema3 source values and deterministic bytes (3.602802ms)
✔ real admitted PCM is shared through trim/remove/Undo; caller-created assets cannot forge admission (8.050379ms)
✔ range/frame/gain/label admission refuses atomically and retains inaudible metadata (3.759564ms)
✔ history admits exact64MiB unique WAV reachability and refuses the next unique asset atomically without silent eviction (163.268061ms)
✔ same exact WAV deduplicates across independently admitted assets and normal eviction releases old assets (12.668616ms)
✔ moving an unchanged sixty-second fractional cut remains admitted and reversible (6.987134ms)
✔ duration admission is unchanged through every adjacent move and arbitrary clip order (17.98164ms)
✔ accurate fractional totals preserve smaller values and refuse an actual represented excess (1.950821ms)
✔ independent grouped 3.1/2.9 oracle: both orders have exact sixty and final authored endpoints (0.84239ms)
✔ sequence draft has a separate protected store (0.711898ms)
✔ valid startup reads do not write; absent draft permits first atomic save (1.169501ms)
✔ corrupt startup exact raw survives ordinary saves and failed explicit replacement (0.47542ms)
✔ failed read blocks automatic save without pretending raw recovery is available (0.340521ms)
✔ stale tab refuses to replace another tab’s sequence; explicit replacement requires current review (0.449091ms)
✔ successful explicit replacement enables later writes; invalid candidates never write (0.29225ms)
✔ current separate domain, prepared clock and store history APIs are callable (0.88318ms)
✔ empty canonical sequence is valid, detached and cannot be rendered (1.805017ms)
✔ captured source preserves the complete source film independent of all later edits (1.803034ms)
✔ later source shot starts at original 3s; camera and action phase use source time (3.2886ms)
✔ repeat resets original shot clock and exact hard cut selects the next source (1.731448ms)
✔ fractional cut and source clocks use independently accumulated durations (1.137174ms)
✔ prepared sequence frames freeze detached films and cameras without changing durable snapshots (1.461271ms)
✔ four sources admitted, fifth and duplicate id rejected atomically (1.785468ms)
✔ twenty clips and exact sixty seconds admitted; quotas refuse without mutation (3.561952ms)
✔ stable-ID move and remove preserve sources and reject referenced source removal (3.240569ms)
✔ current parser rejects films as sequences, future versions and extra keys (2.070833ms)
✔ source and clip shapes, complete schema3 snapshots, indices and references are strict (1.77282ms)
✔ bounded import and both prepared time APIs reject coercion and nonfinite values (1.620305ms)
✔ bounded separate history preserves redo after invalid or identical edits and detaches callers (5.788149ms)
✔ published v1 migrates complete films and deterministic clip identities with literal source clocks (0.906354ms)
✔ published v1 original byte ceiling and source name limit remain admitted without mutation (1.924092ms)
✔ published v1 disk text is retained across read-only migration then an explicit canonical3 save (1.268527ms)
✔ independent sequence oracle: exact limits and legal empty editable document (2.306695ms)
✔ independent prefix oracle: reordered/repeated clips retain original source starts and complete films (2.523364ms)
✔ independent camera oracle: selected local start/mid/end never takes the following source camera (0.920324ms)
✔ independent actor clock oracle: source-global cues and full source duration survive destination rearrangement (1.646353ms)
✔ independent looping oracle: different cast, light and original nonzero phase belong to selected source (0.397435ms)
✔ independent repeat oracle: same source frame repeats without accumulating destination phase (0.817774ms)
✔ independent fractional-cut oracle: exact represented prefixes select next local zero and final authored endpoint (0.443814ms)
✔ independent clamping oracle: finite times clamp, nonfinite times and bad indices refuse (1.001153ms)
✔ independent immutable snapshot oracle: subsequent live edits and returned cameras cannot alter preparation (0.715884ms)
✔ independent edit oracle: reorder/repeat/remove and labels preserve source snapshots and caller (3.333937ms)
✔ independent source removal oracle: unreferenced retained scenes need deliberate removal, referenced refuse (1.197973ms)
✔ independent quota oracle: four sources/twenty clips/exact sixty are legal and overage refuses atomically (3.606008ms)
✔ independent exact file bound oracle: legal UTF8 whitespace padding reaches 320 KiB, plus one refuses (1.4677ms)
✔ independent legacy migration oracle: original name-form v1 gains stable clip identities without changing complete sources (1.956069ms)
✔ independent legacy migration oracle: in-session rich v1 keeps identities/labels and migrates once to canonical v3 (1.726542ms)
✔ independent legacy label oracle: invalid derived Unicode uses deterministic display fallback, exact source stays intact (0.811465ms)
✔ independent strict origin oracle: embedded legacy films and recovery/future kinds never become sequences (0.437745ms)
✔ independent plain-data oracle: malformed references/shapes/Unicode reject with no getter execution (1.15467ms)
✔ independent operation atomicity oracle: invalid edits preserve exact input and every full source cue (2.61622ms)
✔ independent original stereo48k and mono44.1k PCM extents are exact with no decoder or resampling (17.681334ms)
✔ RIFF ancillary padding and fmt18zero extension retain exact offsets while malformed framing fails (13.854872ms)
✔ original byte SHA and private asset brand prevent descriptor forgery, retaining immutable Blob bytes (18.302108ms)
✔ literal soundtrack frame span and sequence clock crop use no clip retiming or normalization (12.538133ms)
✔ document operations detach complete films and preserve legacy film Unicode while bounding new labels (14.171468ms)
✔ strict complete bundle refuses mismatched descriptors, absent/extra assets and partial metadata atomically (10.1982ms)
✔ independently framed complete archive decodes literal metadata and byte-exact PCM and re-encodes no descriptor-only loss (17.287905ms)
✔ archive wrong length/trailing bytes/tampered audio/UTF8 and mismatched empty assets refuse before publication (18.431798ms)
✔ whole-bundle history preserves audio identity, exact undo/redo, no-op redo and explicit clear (12.785177ms)
✔ actual12MiB container cap and64MiB unique audio history budget reject atomically then reclaim truncated redo (213.880229ms)
✔ absent sequence is proven empty without creating or accessing any other draft (5.407389ms)
✔ valid pretty saved sequence loads complete detached sources without an implicit rewrite (0.990879ms)
✔ malformed, unsupported, overbound and invalid-source records stay byte-exact and protected (0.704827ms)
✔ failed or non-text storage reads cannot authorize an automatic overwrite or fake recovery (0.519755ms)
✔ explicit replacement admits before any write and clears protection only after successful setItem (4.510048ms)
✔ ordinary failed saves preserve actual prior data and the caller's in-memory work (0.57782ms)
✔ replacement after unreadable startup first observes storage and requires another deliberate action (0.786387ms)
✔ known recovery envelope retains literal raw Unicode, line endings and malformed text without reads or writes (0.233213ms)
✔ recovery caps actual UTF8 raw bytes at 1MiB and escaped envelope bytes at 2MiB (24.400984ms)
✔ history snapshots and every returned document isolate source films, camera paths, cues and ordering (1.3315ms)
✔ invalid and identical commits retain redo and a new admitted branch replaces it atomically (1.035965ms)
✔ history retains 30 prior snapshots and moves their exact existing states through undo/redo (3.542394ms)
✔ two stores refuse stale ordinary writes and expose exact foreign bytes for review (1.245964ms)
✔ explicit replacement refuses newer foreign bytes before accepting a reviewed replacement (0.418526ms)
✔ foreign deletion is protected proven absence without a fabricated recovery download (0.524992ms)
✔ invalid candidate cannot change observed foreign receipts or recovery authority (0.341673ms)
✔ failed replacement retains its receipt and checks foreign changes before retry (0.384516ms)
✔ new read failure protects memory and invalidates older receipts until fresh review (0.506626ms)
✔ remote name-form schema1 loads as detached schema3 without rewriting actual saved bytes (1.089984ms)
✔ ordinary save read failure protects the prior working document without touching disk (1.146828ms)
✔ failed ordinary write does not advance expected bytes and can be retried against untouched storage (0.627543ms)
✔ oracle trimmed camera uses original shot local time and preserves complete source bytes (5.12987ms)
✔ oracle original performer phase and visibility survive trimming and repetition (2.831738ms)
✔ oracle explicit endpoint preserves literal Out despite subtraction/addition ULP drift (1.048053ms)
✔ oracle fractional source prefixes and exact destination cuts keep clocks distinct (0.89674ms)
✔ oracle literal schema2 and both schema1 forms migrate full shots without source mutation (3.177416ms)
✔ oracle exact represented minimum and invalid ranges reject atomically without rounding (5.464353ms)
✔ oracle compensated60-second span quota is permutation invariant and refuses represented excess (2.951284ms)
✔ oracle range mutation reset repeat and no-op history preserve source and redo (2.902592ms)
✔ oracle strict canonical fields and getters are refused without running getters (1.239154ms)
✔ oracle old raw draft is untouched on load and foreign raw text remains recoverable (1.19632ms)
✔ oracle exact raw file budgets retain old300KiB and current320KiB boundaries (9.463358ms)
✔ existing schema2 whole clips migrate to detached canonical3 full ranges without changing source films (3.335219ms)
✔ both strict schema1 forms migrate ranges while preserving source text and deterministic display fallback (0.902799ms)
✔ old-version range fields and future or mixed shapes refuse rather than silently losing a trim (3.046394ms)
✔ trimmed camera follows the middle of original travel and performer time retains the original source prefix (1.578824ms)
✔ explicit endpoints preserve Out exactly when in plus represented span does not round back to Out (0.698739ms)
✔ fractional trimmed cuts use ordered prefixes and explicit selected End differs from the next clip In (0.907125ms)
✔ minimum and source bounds use represented numbers with no rounding epsilon or clamping (3.052954ms)
✔ range reset and repeat/reorder/rename preserve unrelated ranges, full sources and original inputs (1.10727ms)
✔ twenty trimmed clips fit exact sixty; one extra clip, actual excess and reset over quota refuse atomically (7.878105ms)
✔ range validation occurs before history changes; identical and refused edits retain the redo branch (0.85629ms)
✔ prepared trim snapshot is frozen and detached from later range/source edits (0.354852ms)
✔ legacy draft migrates in memory only, while raw input byte limits and protected writes remain exact (1.018018ms)
✔ new sequence is empty and detached; empty evaluation explains how to add a clip (3.759343ms)
✔ admission retains exact complete source films, labels, cues and unselected shots without aliases (1.901909ms)
✔ sequence records are exact data shapes with no sparse/inherited/accessor fields (3.447403ms)
✔ new text is literal well-formed Unicode with UTF16 limits and no controls (0.8495ms)
✔ IDs, references, indices, duplicate identity and schema3 embedded admission are strict (2.967708ms)
✔ source add/rename/remove are detached and referenced removal refuses atomically (3.214ms)
✔ clip add/repeat/rename/move/remove preserve sources and unrelated ordering (2.035595ms)
✔ four sources and twenty clips at exactly60 seconds fit; plus-one count/time refuse (3.701998ms)
✔ sequence imports admit actual320KiB input and reject one extra byte without dropping values (1.018479ms)
✔ prepared original source clock repeats and clip endpoints keep the selected shot camera (1.117284ms)
✔ ordered fractional prefixes pick exact next cuts and exact final authored endpoint (0.575798ms)
✔ prepared snapshot, metadata and camera are frozen and input edits cannot change frames (0.671849ms)
✔ published remote schema1 migrates exact source names and repeated shot order to deterministic rich schema3 (0.646552ms)
✔ our historical schema1 richshape preserves every exact ID label and film while migrating full ranges (0.490081ms)
✔ mixed legacy shapes and remote v1-only fields in canonical3 cannot be silently guessed away (1.099288ms)
✔ source labels80 are exact but clip labels remain40 through edits and new canonical backups (0.559944ms)
✔ identifiable remote name-form v1 has its original300KiB rawfile limit and canonical3 keeps320KiB (1.882531ms)
✔ remote generated clip labels use bounded well-formed fallback without changing original shot names (0.82891ms)
✔ duration quota is order-independent at60 while chronological fractional cuts remain ordered (1.75962ms)
✔ stage observers preserve receiver, native promise identity and errors (1.910502ms)
✔ rejected native promises stay rejected, snapshots detach, and observation storage stays fixed (4.786204ms)
✔ sink write timing preserves the exact sink, chunk and native write result then restores it (0.372378ms)
✔ actual framed backup preserves exact recording bytes/film while import forces unverified provenance and no local ID (9.001087ms)
✔ SHA256 is real and bounded, encoder never publishes a mismatched pair (19.660477ms)
✔ all truncations, exact EOF lengths, magic/version and size bounds fail closed (10.960367ms)
✔ strict UTF8/duplicate JSON/depth/unknown fields and Unicode must reject before installing media (2.005232ms)
✔ cancellation retires late genuine Blob reads without rewriting the source or publishing results (0.362163ms)
✔ exact80KiB manifest accepts legal whitespace;plus1 and excess depth reject (7.954377ms)
✔ genuine exact32MiB SHA/archive bytes roundtrip;synthetic payload is not claimed playable (289.904363ms)
✔ Abort rejects promptly while real completed Blob bytes are delayed, and late delivery stays retired (3.040666ms)
✔ only proven absence reads empty; present undefined is protected corruption (10.167835ms)
✔ save captures detached metadata and resolves only after transaction completion (9.84505ms)
✔ a stale read-modify-write refuses typed conflict without overwriting another tab (0.854949ms)
✔ corrupt existing state blocks save; explicit repaired read can retry without reset (0.928487ms)
✔ invalid revision or mismatched blob hash is rejected before write transaction (1.87563ms)
✔ read verifies stored media hash after commit and preserves mismatched raw bytes (2.062075ms)
✔ abort after put request succeeds keeps previous row and rejects publication (4.451923ms)
✔ close retires pending open and closes its late connection without creating a transaction (1.416115ms)
✔ open and transaction stalls time out and late callbacks cannot publish (2.001165ms)
✔ version change aborts the owning transaction and closes its connection (0.556539ms)
✔ a native upgrade delivered after cancellation is aborted, never creating a partial database (1.042925ms)
✔ CAS rereads current state after integrity preflight rather than overwriting a newer revision (4.179472ms)
✔ boundedWebM header and controlled firstframe admit exact shape even with Infinity duration (2.997461ms)
✔ invalidbytes MIME signature DocType and truncated or overdeep header reject before nativeURL (32.613351ms)
✔ unknown bounded headerleaf skips without searching its payload for a fake DocType (2.857896ms)
✔ actualdimensions and decodeerrors refuse and always releaseURL and native listeners (4.02957ms)
✔ preabort and abortduring nativeprobe reject without latepublication and reclaim every resource (1.130303ms)
✔ probe deadline owns the attempt, freesURL, and ignores all later decoded events (0.710956ms)
✔ exact4KiB header and64 elements admit, while each next boundary refuses (2.435816ms)
✔ aborted boundedheader read cannot create a late nativeURL (1.113278ms)
✔ metadata captures exact independent schema3 film and name without changing title (3.01052ms)
✔ metadata admits exact bounds but rejects invalid Unicode/types/extra keys before getter execution (1.521239ms)
✔ complete20-shot64-cue film is admitted without claiming an unreachable exact64KiB fixture (2.034614ms)
✔ four unique32MiB structural pairs charge128MiB even when native immutable Blob bytes are shared (20.862176ms)
✔ library requires exact dense bounded unique pairs and safe revisions; detached metadata and immutable Blob (1.27699ms)
✔ authored video times survive a scheduling stall with all native samples closed (24.611234ms)
✔ abort during backpressure drains the encoder before refusing all late publication (10.996295ms)
✔ exact byte limit admits and one more byte refuses before retaining output (0.780349ms)
✔ invalid durations and byte limits refuse before probing or drawing (0.300593ms)
✔ unsupported native format fails before drawing or constructing a muxer (0.218021ms)
✔ draw errors close owned encoders and preserve the original error (0.275025ms)
✔ an abort inside drawing creates no late video sample (0.340932ms)
✔ bounded sink patches earlier container metadata without changing file length (0.294503ms)
✔ absolute deadline crossing inside draw refuses native sample construction (0.906634ms)
✔ already aborted work performs no probe or muxer admission (0.348773ms)
✔ a write after retirement checks ownership before reading payload fields (0.143661ms)
✔ the driver interleaves original audio and video on the shared authored origin (12.916351ms)
✔ cancellation drains late native encoder initialization before releasing output ownership (8.234129ms)
✔ failed audiovisual finalization still drains the sibling native flush (42.80998ms)
✔ cancellation keeps ownership until the native finalization flush drains (41.091919ms)
✔ canonical starter uses explicit v3 performers and static shots without changing authored images (2.048845ms)
✔ genuine original-key v1 imports migrate detached static scenes without mutating source (0.566043ms)
✔ legacy migration rejects unknown fields and any disguised motion instead of stripping them (1.291291ms)
✔ v2 mode-specific keys and dense ordinary finite vectors are strict (0.935367ms)
✔ translation, pan, dolly and constant-relative paths remain valid without endpoint aliasing (0.471443ms)
✔ valid endpoints cannot conceal a coincident XYZ midpoint (0.913835ms)
✔ horizontal clearance has its own minimum even when the XYZ minimum is safe elsewhere (0.250429ms)
✔ analytic validation catches an off-center near-collision that endpoint/midpoint samples miss (0.212303ms)
✔ represented exact XYZ/XZ thresholds are inclusive without epsilon widening (0.50285ms)
✔ camera evaluation has exact detached authored endpoints, interior positions and fixed lens (0.549479ms)
✔ camera evaluation admits only canonical v2 shots and validates the whole path before sampling (0.212863ms)
✔ time APIs reject coercion and nonfinite values instead of selecting arbitrary frames (0.669876ms)
✔ cumulative fractional cuts select the next shot exactly, with exact final endpoint clamping (0.726349ms)
ℹ tests 387
ℹ suites 0
ℹ pass 387
ℹ fail 0
ℹ cancelled 0
ℹ skipped 0
ℹ todo 0
ℹ duration_ms 7355.774428
