✔ native event buckets retain independent wall and available thread time without inventing missing CPU (1.913325ms)
✔ only known native media GPU complete events contribute; unknown payloads and invalid durations never leak (0.260383ms)
✔ native trace loss or event capacity marks the observation partial instead of silently declaring complete coverage (34.420386ms)
✔ finite native values whose totals overflow refuse a measured receipt (0.458064ms)
✔ owned protocol trace ends once and sanitizes native events before detaching (1.051978ms)
✔ refused trace admission cannot end another owner trace or expose provider errors (0.474067ms)
✖ independent positive native thread clocks are retained even above event wall time (0.787058ms)
✖ permanently stalled start retires its owned session and listeners without ending another trace (1001.19995ms)
ℹ tests 8
ℹ suites 0
ℹ pass 6
ℹ fail 2
ℹ cancelled 0
ℹ skipped 0
ℹ todo 0
ℹ duration_ms 1123.285886

✖ failing tests:

test at apps/shot-studio/tests/media-trace-diagnostics.test.js:32:1
✖ independent positive native thread clocks are retained even above event wall time (0.787058ms)
  AssertionError [ERR_ASSERTION]: Expected values to be strictly equal:
  
  null !== 0.012
  
      at TestContext.<anonymous> (file:///workspace/scratch/dea0b0842cca/projects-monorepo/apps/shot-studio/tests/media-trace-diagnostics.test.js:33:146)
      at Test.runInAsyncScope (node:async_hooks:227:14)
      at Test.run (node:internal/test_runner/test:1382:25)
      at Test.processPendingSubtests (node:internal/test_runner/test:960:18)
      at Test.postRun (node:internal/test_runner/test:1522:19)
      at Test.run (node:internal/test_runner/test:1447:12)
      at async Test.processPendingSubtests (node:internal/test_runner/test:960:7) {
    generatedMessage: true,
    code: 'ERR_ASSERTION',
    actual: null,
    expected: 0.012,
    operator: 'strictEqual',
    diff: 'simple'
  }

test at apps/shot-studio/tests/media-trace-diagnostics.test.js:35:1
✖ permanently stalled start retires its owned session and listeners without ending another trace (1001.19995ms)
  AssertionError [ERR_ASSERTION]: Expected values to be strictly equal:
  
  0 !== 1
  
      at TestContext.<anonymous> (file:///workspace/scratch/dea0b0842cca/projects-monorepo/apps/shot-studio/tests/media-trace-diagnostics.test.js:37:148)
      at async Test.run (node:internal/test_runner/test:1389:7)
      at async Test.processPendingSubtests (node:internal/test_runner/test:960:7) {
    generatedMessage: true,
    code: 'ERR_ASSERTION',
    actual: 0,
    expected: 1,
    operator: 'strictEqual',
    diff: 'simple'
  }
